stdout Note: No compatibility mode selected!
stdout Circuit: u21 source headroom; hypothetical reservoir sensitivity c20000_f50_line1.1_lamp5
stdout Doing analysis at TEMP = 27.000000 and TNOM = 27.000000
stdout Using SPARSE 1.3 as Direct Linear Solver
stdout Initial Transient Solution
stdout --------------------------
stdout Node                                   Voltage
stdout ----                                   -------
stdout secp                              -3.99689e-16
stdout secn                              -3.99689e-16
stdout acp                               -3.99689e-16
stdout acn                               -3.99689e-16
stdout vinf                              -7.98254e-16
stdout stored                            -7.98254e-16
stdout vsecondary#branch                  8.07794e-28
 Reference value :  1.44591e-01
 Reference value :  4.53831e-01
stdout No. of Data Rows : 50027
stdout sim_end = 5.000000e-01
stdout raw_min             =  1.57515e+01 at=  4.02931e-01
stdout raw_max             =  1.77287e+01 at=  4.85641e-01
stdout raw_mean            =  1.67195e+01 from=  4.00000e-01 to=  5.00000e-01
stdout secondary_rms       =  7.19267e+00 from=  4.00000e-01 to=  5.00000e-01
stderr no such vector as 'i(creservoir)'
stderr meas tran capacitor_rms rms i(creservoir) from=400m to=500m failed!
stdout diode_peak          =  1.65069e+01 at=  4.64621e-01
stdout inrush_peak         =  5.35480e+01 at=  3.36106e-03
