stdout Note: No compatibility mode selected!
stdout Circuit: u21 source headroom; hypothetical reservoir sensitivity c20000_f50_line1_lamp2.5
stdout Doing analysis at TEMP = 27.000000 and TNOM = 27.000000
stdout Using SPARSE 1.3 as Direct Linear Solver
stdout Initial Transient Solution
stdout --------------------------
stdout Node                                   Voltage
stdout ----                                   -------
stdout secp                                3.4451e-19
stdout secn                                3.4451e-19
stdout acp                                 3.4451e-19
stdout acn                                 3.4451e-19
stdout vinf                              -4.39781e-21
stdout stored                            -4.39781e-21
stdout vsecondary#branch                 -6.31166e-30
 Reference value :  1.08124e-01
 Reference value :  4.18634e-01
stdout No. of Data Rows : 50026
stdout sim_end = 5.000000e-01
stdout raw_min             =  1.25137e+01 at=  4.92484e-01
stdout raw_max             =  1.52550e+01 at=  4.85764e-01
stdout raw_mean            =  1.38981e+01 from=  4.00000e-01 to=  5.00000e-01
stdout secondary_rms       =  1.04113e+01 from=  4.00000e-01 to=  5.00000e-01
stderr no such vector as 'i(creservoir)'
stderr meas tran capacitor_rms rms i(creservoir) from=400m to=500m failed!
stdout diode_peak          =  2.17266e+01 at=  4.84494e-01
stdout inrush_peak         =  4.94149e+01 at=  3.42433e-03
