stdout Note: No compatibility mode selected!
stdout Circuit: u21 source headroom; hypothetical reservoir sensitivity c30000_f50_line0.9_lamp2.5
stdout Doing analysis at TEMP = 27.000000 and TNOM = 27.000000
stdout Using SPARSE 1.3 as Direct Linear Solver
stdout Initial Transient Solution
stdout --------------------------
stdout Node                                   Voltage
stdout ----                                   -------
stdout secp                                3.4451e-19
stdout secn                                3.4451e-19
stdout acp                                 3.4451e-19
stdout acn                                 3.4451e-19
stdout vinf                              -4.39781e-21
stdout stored                            -4.39781e-21
stdout vsecondary#branch                 -6.31166e-30
 Reference value :  2.48205e-01
stdout No. of Data Rows : 50025
stdout sim_end = 5.000000e-01
stdout raw_min             =  1.14993e+01 at=  4.02565e-01
stdout raw_max             =  1.34185e+01 at=  4.95675e-01
stdout raw_mean            =  1.24354e+01 from=  4.00000e-01 to=  5.00000e-01
stdout secondary_rms       =  9.57090e+00 from=  4.00000e-01 to=  5.00000e-01
stderr no such vector as 'i(creservoir)'
stderr meas tran capacitor_rms rms i(creservoir) from=400m to=500m failed!
stdout diode_peak          =  1.99449e+01 at=  4.84655e-01
stdout inrush_peak         =  5.24349e+01 at=  3.75451e-03
