stdout Note: No compatibility mode selected!
stdout Circuit: u21 source headroom; hypothetical reservoir sensitivity c30000_f60_line1_lamp2.5
stdout Doing analysis at TEMP = 27.000000 and TNOM = 27.000000
stdout Using SPARSE 1.3 as Direct Linear Solver
stdout Initial Transient Solution
stdout --------------------------
stdout Node                                   Voltage
stdout ----                                   -------
stdout secp                                3.4451e-19
stdout secn                                3.4451e-19
stdout acp                                 3.4451e-19
stdout acn                                 3.4451e-19
stdout vinf                              -4.39781e-21
stdout stored                            -4.39781e-21
stdout vsecondary#branch                 -6.31166e-30
 Reference value :  1.82945e-01
 Reference value :  4.88875e-01
stdout No. of Data Rows : 50028
stdout sim_end = 5.000000e-01
stdout raw_min             =  1.30771e+01 at=  4.93845e-01
stdout raw_max             =  1.49795e+01 at=  4.29675e-01
stdout raw_mean            =  1.39814e+01 from=  4.00000e-01 to=  5.00000e-01
stdout secondary_rms       =  1.04935e+01 from=  4.00000e-01 to=  5.00000e-01
stderr no such vector as 'i(creservoir)'
stderr meas tran capacitor_rms rms i(creservoir) from=400m to=500m failed!
stdout diode_peak          =  2.19535e+01 at=  4.37265e-01
stdout inrush_peak         =  6.24634e+01 at=  3.24490e-03
