stdout Note: No compatibility mode selected!
stdout Circuit: u21 source headroom; hypothetical reservoir sensitivity c40000_f60_line1.1_lamp5
stdout Doing analysis at TEMP = 27.000000 and TNOM = 27.000000
stdout Using SPARSE 1.3 as Direct Linear Solver
stdout Initial Transient Solution
stdout --------------------------
stdout Node                                   Voltage
stdout ----                                   -------
stdout secp                              -3.99689e-16
stdout secn                              -3.99689e-16
stdout acp                               -3.99689e-16
stdout acn                               -3.99689e-16
stdout vinf                              -7.98254e-16
stdout stored                            -7.98254e-16
stdout vsecondary#branch                  8.07794e-28
 Reference value :  2.52952e-01
stdout No. of Data Rows : 50029
stdout sim_end = 5.000000e-01
stdout raw_min             =  1.62686e+01 at=  4.02542e-01
stdout raw_max             =  1.74963e+01 at=  4.96162e-01
stdout raw_mean            =  1.67839e+01 from=  4.00000e-01 to=  5.00000e-01
stdout secondary_rms       =  7.22999e+00 from=  4.00000e-01 to=  5.00000e-01
stderr no such vector as 'i(creservoir)'
stderr meas tran capacitor_rms rms i(creservoir) from=400m to=500m failed!
stdout diode_peak          =  1.66202e+01 at=  4.20702e-01
stdout inrush_peak         =  7.46467e+01 at=  3.39178e-03
