stdout Note: No compatibility mode selected!
stdout Circuit: u21 source headroom; hypothetical reservoir sensitivity c40000_f60_line1_lamp2.5
stdout Doing analysis at TEMP = 27.000000 and TNOM = 27.000000
stdout Using SPARSE 1.3 as Direct Linear Solver
stdout Initial Transient Solution
stdout --------------------------
stdout Node                                   Voltage
stdout ----                                   -------
stdout secp                                3.4451e-19
stdout secn                                3.4451e-19
stdout acp                                 3.4451e-19
stdout acn                                 3.4451e-19
stdout vinf                              -4.39781e-21
stdout stored                            -4.39781e-21
stdout vsecondary#branch                 -6.31166e-30
 Reference value :  2.53345e-01
stdout No. of Data Rows : 50028
stdout sim_end = 5.000000e-01
stdout raw_min             =  1.32438e+01 at=  4.10545e-01
stdout raw_max             =  1.49061e+01 at=  4.71255e-01
stdout raw_mean            =  1.39982e+01 from=  4.00000e-01 to=  5.00000e-01
stdout secondary_rms       =  1.05099e+01 from=  4.00000e-01 to=  5.00000e-01
stderr no such vector as 'i(creservoir)'
stderr meas tran capacitor_rms rms i(creservoir) from=400m to=500m failed!
stdout diode_peak          =  2.19988e+01 at=  4.70655e-01
stdout inrush_peak         =  6.82224e+01 at=  3.40486e-03
