stdout Note: No compatibility mode selected!
stdout Circuit: u21 source headroom; hypothetical reservoir sensitivity c40000_f60_line0.9_lamp2.5
stdout Doing analysis at TEMP = 27.000000 and TNOM = 27.000000
stdout Using SPARSE 1.3 as Direct Linear Solver
stdout Initial Transient Solution
stdout --------------------------
stdout Node                                   Voltage
stdout ----                                   -------
stdout secp                                3.4451e-19
stdout secn                                3.4451e-19
stdout acp                                 3.4451e-19
stdout acn                                 3.4451e-19
stdout vinf                              -4.39781e-21
stdout stored                            -4.39781e-21
stdout vsecondary#branch                 -6.31166e-30
 Reference value :  2.03132e-02
 Reference value :  3.25163e-01
stdout No. of Data Rows : 50027
stdout sim_end = 5.000000e-01
stdout raw_min             =  1.17766e+01 at=  4.02193e-01
stdout raw_max             =  1.32916e+01 at=  4.29593e-01
stdout raw_mean            =  1.24660e+01 from=  4.00000e-01 to=  5.00000e-01
stdout secondary_rms       =  9.60018e+00 from=  4.00000e-01 to=  5.00000e-01
stderr no such vector as 'i(creservoir)'
stderr meas tran capacitor_rms rms i(creservoir) from=400m to=500m failed!
stdout diode_peak          =  2.00263e+01 at=  4.70653e-01
stdout inrush_peak         =  6.10719e+01 at=  3.41319e-03
