stdout Note: No compatibility mode selected!
stdout Circuit: bridge loss sensitivity: br1 stps20m100st to220 with individual boyd 577202b00000g sinks. other low-voltage bridges stps20m100sg d2pak. 50 c ambient. electrical winding/load assumptions remain to be measured. d2pak lumped temperatures are screening estimates; geometry thermal_mesh.py is the separate layout assessment.
stdout Doing analysis at TEMP = 27.000000 and TNOM = 27.000000
stdout Using SPARSE 1.3 as Direct Linear Solver
stdout Operating point simulation skipped by 'uic',
stdout now using transient initial conditions.
 Reference value :  2.00000e-07
 Reference value :  8.39770e-02
 Reference value :  1.65657e-01
 Reference value :  2.47738e-01
stdout No. of Data Rows : 15051
stdout iavg_18a            =  5.86024e+00 from=  2.40000e-01 to=  3.00000e-01
stdout irms_18a            =  1.01484e+01 from=  2.40000e-01 to=  3.00000e-01
stdout pin_18a             =  8.43507e+01 from=  2.40000e-01 to=  3.00000e-01
stdout pout_18a            =  7.48433e+01 from=  2.40000e-01 to=  3.00000e-01
stdout vdc_18a             =  1.27470e+01 from=  2.40000e-01 to=  3.00000e-01
stdout pmodel_18a = 9.507340e+00
stdout pd_18a = 1.698459e+00
stdout pds_18a = 6.793837e+00
stdout rthreq_18a = 3.532613e+01
stdout tj_18a = 1.080215e+02
stdout iavg_18b            =  3.00060e+00 from=  2.40000e-01 to=  3.00000e-01
stdout irms_18b            =  5.81495e+00 from=  2.40000e-01 to=  3.00000e-01
stdout pin_18b             =  4.59597e+01 from=  2.40000e-01 to=  3.00000e-01
stdout pout_18b            =  4.18532e+01 from=  2.40000e-01 to=  3.00000e-01
stdout vdc_18b             =  1.39483e+01 from=  2.40000e-01 to=  3.00000e-01
stdout pmodel_18b = 4.106500e+00
stdout pd_18b = 7.864071e-01
stdout pds_18b = 3.145628e+00
stdout rthreq_18b = 7.629637e+01
stdout tj_18b = 7.865340e+01
stdout iavg_18c            =  8.00159e+00 from=  2.40000e-01 to=  3.00000e-01
stdout irms_18c            =  1.31621e+01 from=  2.40000e-01 to=  3.00000e-01
stdout pin_18c             =  1.10397e+02 from=  2.40000e-01 to=  3.00000e-01
stdout pout_18c            =  9.61372e+01 from=  2.40000e-01 to=  3.00000e-01
stdout vdc_18c             =  1.20148e+01 from=  2.40000e-01 to=  3.00000e-01
stdout pmodel_18c = 1.425959e+01
stdout pd_18c = 2.462594e+00
stdout pds_18c = 9.850374e+00
stdout rthreq_18c = 2.436456e+01
stdout tj_18c = 1.326266e+02
stdout iavg_20a            =  2.50050e+00 from=  2.40000e-01 to=  3.00000e-01
stdout irms_20a            =  5.12103e+00 from=  2.40000e-01 to=  3.00000e-01
stdout pin_20a             =  4.68011e+01 from=  2.40000e-01 to=  3.00000e-01
stdout pout_20a            =  4.34600e+01 from=  2.40000e-01 to=  3.00000e-01
stdout vdc_20a             =  1.73806e+01 from=  2.40000e-01 to=  3.00000e-01
stdout pmodel_20a = 3.341040e+00
stdout pd_20a = 6.467459e-01
stdout pds_20a = 2.586984e+00
stdout rthreq_20a = 9.277213e+01
stdout tj_20a = 7.328285e+01
stdout iavg_20b            =  5.00100e+00 from=  2.40000e-01 to=  3.00000e-01
stdout irms_20b            =  9.09991e+00 from=  2.40000e-01 to=  3.00000e-01
stdout pin_20b             =  8.84015e+01 from=  2.40000e-01 to=  3.00000e-01
stdout pout_20b            =  8.04898e+01 from=  2.40000e-01 to=  3.00000e-01
stdout vdc_20b             =  1.60948e+01 from=  2.40000e-01 to=  3.00000e-01
stdout pmodel_20b = 7.911710e+00
stdout pd_20b = 1.427069e+00
stdout pds_20b = 5.708274e+00
stdout rthreq_20b = 4.204423e+01
stdout tj_20b = 1.013745e+02
stdout iavg_50a            =  3.00799e+00 from=  2.40000e-01 to=  3.00000e-01
stdout irms_50a            =  5.05120e+00 from=  2.40000e-01 to=  3.00000e-01
stdout pin_50a             =  1.57112e+02 from=  2.40000e-01 to=  3.00000e-01
stdout pout_50a            =  1.48523e+02 from=  2.40000e-01 to=  3.00000e-01
stdout vdc_50a             =  4.93761e+01 from=  2.40000e-01 to=  3.00000e-01
stdout pmodel_50a = 8.588900e+00
stdout pds_50a = 5.680284e+00
stdout tj_50a = 1.170273e+02
stdout iavg_50b            =  7.00834e+00 from=  2.40000e-01 to=  3.00000e-01
stdout irms_50b            =  1.01796e+01 from=  2.40000e-01 to=  3.00000e-01
stdout pin_50b             =  2.96657e+02 from=  2.40000e-01 to=  3.00000e-01
stdout pout_50b            =  2.71840e+02 from=  2.40000e-01 to=  3.00000e-01
stdout vdc_50b             =  3.87880e+01 from=  2.40000e-01 to=  3.00000e-01
stdout pmodel_50b = 2.481700e+01
stdout pds_50b = 1.473660e+01
stdout tj_50b = 2.238919e+02
stdout iavg_5a             =  1.95245e+00 from=  2.40000e-01 to=  3.00000e-01
stdout irms_5a             =  3.76338e+00 from=  2.40000e-01 to=  3.00000e-01
stdout pin_5a              =  2.00735e+01 from=  2.40000e-01 to=  3.00000e-01
stdout pout_5a             =  1.77341e+01 from=  2.40000e-01 to=  3.00000e-01
stdout vdc_5a              =  9.10269e+00 from=  2.40000e-01 to=  3.00000e-01
stdout pmodel_5a = 2.339450e+00
stdout pd_5a = 4.772131e-01
stdout pds_5a = 1.908853e+00
stdout rthreq_5a = 1.257300e+02
stdout tj_5a = 6.956574e+01
stdout iavg_5b             =  1.52259e+00 from=  2.40000e-01 to=  3.00000e-01
stdout irms_5b             =  3.05488e+00 from=  2.40000e-01 to=  3.00000e-01
stdout pin_5b              =  1.59404e+01 from=  2.40000e-01 to=  3.00000e-01
stdout pout_5b             =  1.41924e+01 from=  2.40000e-01 to=  3.00000e-01
stdout vdc_5b              =  9.33349e+00 from=  2.40000e-01 to=  3.00000e-01
stdout pmodel_5b = 1.748020e+00
stdout pd_5b = 3.646126e-01
stdout pds_5b = 1.458450e+00
stdout rthreq_5b = 1.645582e+02
stdout tj_5b = 6.494912e+01
stdout iavg_12a            =  2.50050e+00 from=  2.40000e-01 to=  3.00000e-01
stdout irms_12a            =  3.94582e+00 from=  2.40000e-01 to=  3.00000e-01
stdout pin_12a             =  2.95424e+01 from=  2.40000e-01 to=  3.00000e-01
stdout pout_12a            =  2.66596e+01 from=  2.40000e-01 to=  3.00000e-01
stdout vdc_12a             =  1.06617e+01 from=  2.40000e-01 to=  3.00000e-01
stdout pmodel_12a = 2.882800e+00
stdout pd_12a = 5.998615e-01
stdout pds_12a = 2.399446e+00
stdout rthreq_12a = 1.000231e+02
stdout tj_12a = 7.459432e+01
stdout iavg_12b            =  3.00060e+00 from=  2.40000e-01 to=  3.00000e-01
stdout irms_12b            =  4.59063e+00 from=  2.40000e-01 to=  3.00000e-01
stdout pin_12b             =  3.38858e+01 from=  2.40000e-01 to=  3.00000e-01
stdout pout_12b            =  3.03197e+01 from=  2.40000e-01 to=  3.00000e-01
stdout vdc_12b             =  1.01046e+01 from=  2.40000e-01 to=  3.00000e-01
stdout pmodel_12b = 3.566020e+00
stdout pd_12b = 7.303520e-01
stdout pds_12b = 2.921408e+00
stdout rthreq_12b = 8.215216e+01
stdout tj_12b = 7.994443e+01
