stdout Note: No compatibility mode selected!
stdout Circuit: bridge loss sensitivity: br1 stps20m100st to220 with individual boyd 577202b00000g sinks. other low-voltage bridges stps20m100sg d2pak. 50 c ambient. electrical winding/load assumptions remain to be measured. d2pak lumped temperatures are screening estimates; geometry thermal_mesh.py is the separate layout assessment.
stdout Doing analysis at TEMP = 27.000000 and TNOM = 27.000000
stdout Using SPARSE 1.3 as Direct Linear Solver
stdout Operating point simulation skipped by 'uic',
stdout now using transient initial conditions.
 Reference value :  3.68096e-02
 Reference value :  1.18059e-01
 Reference value :  1.97124e-01
 Reference value :  2.76467e-01
stdout No. of Data Rows : 15065
stdout iavg_18a            =  6.98708e+00 from=  2.40000e-01 to=  3.00000e-01
stdout irms_18a            =  1.21709e+01 from=  2.40000e-01 to=  3.00000e-01
stdout pin_18a             =  1.23257e+02 from=  2.40000e-01 to=  3.00000e-01
stdout pout_18a            =  1.10928e+02 from=  2.40000e-01 to=  3.00000e-01
stdout vdc_18a             =  1.58510e+01 from=  2.40000e-01 to=  3.00000e-01
stdout pmodel_18a = 1.232840e+01
stdout pd_18a = 2.136526e+00
stdout pds_18a = 8.546103e+00
stdout rthreq_18a = 2.808298e+01
stdout tj_18a = 1.221272e+02
stdout iavg_18b            =  3.00009e+00 from=  2.40000e-01 to=  3.00000e-01
stdout irms_18b            =  6.02172e+00 from=  2.40000e-01 to=  3.00000e-01
stdout pin_18b             =  5.69092e+01 from=  2.40000e-01 to=  3.00000e-01
stdout pout_18b            =  5.27028e+01 from=  2.40000e-01 to=  3.00000e-01
stdout vdc_18b             =  1.75671e+01 from=  2.40000e-01 to=  3.00000e-01
stdout pmodel_18b = 4.206370e+00
stdout pd_18b = 7.970682e-01
stdout pds_18b = 3.188273e+00
stdout rthreq_18b = 7.527586e+01
stdout tj_18b = 7.899669e+01
stdout iavg_18c            =  8.00024e+00 from=  2.40000e-01 to=  3.00000e-01
stdout irms_18c            =  1.36360e+01 from=  2.40000e-01 to=  3.00000e-01
stdout pin_18c             =  1.38768e+02 from=  2.40000e-01 to=  3.00000e-01
stdout pout_18c            =  1.24017e+02 from=  2.40000e-01 to=  3.00000e-01
stdout vdc_18c             =  1.55017e+01 from=  2.40000e-01 to=  3.00000e-01
stdout pmodel_18c = 1.475040e+01
stdout pd_18c = 2.518184e+00
stdout pds_18c = 1.007274e+01
stdout rthreq_18c = 2.382669e+01
stdout tj_18c = 1.344166e+02
stdout iavg_20a            =  2.50008e+00 from=  2.40000e-01 to=  3.00000e-01
stdout irms_20a            =  5.30690e+00 from=  2.40000e-01 to=  3.00000e-01
stdout pin_20a             =  5.78460e+01 from=  2.40000e-01 to=  3.00000e-01
stdout pout_20a            =  5.44252e+01 from=  2.40000e-01 to=  3.00000e-01
stdout vdc_20a             =  2.17694e+01 from=  2.40000e-01 to=  3.00000e-01
stdout pmodel_20a = 3.420790e+00
stdout pd_20a = 6.551840e-01
stdout pds_20a = 2.620736e+00
stdout rthreq_20a = 9.157733e+01
stdout tj_20a = 7.358662e+01
stdout iavg_20b            =  5.00015e+00 from=  2.40000e-01 to=  3.00000e-01
stdout irms_20b            =  9.43645e+00 from=  2.40000e-01 to=  3.00000e-01
stdout pin_20b             =  1.10178e+02 from=  2.40000e-01 to=  3.00000e-01
stdout pout_20b            =  1.02021e+02 from=  2.40000e-01 to=  3.00000e-01
stdout vdc_20b             =  2.04036e+01 from=  2.40000e-01 to=  3.00000e-01
stdout pmodel_20b = 8.157300e+00
stdout pd_20b = 1.454337e+00
stdout pds_20b = 5.817347e+00
stdout rthreq_20b = 4.125592e+01
stdout tj_20b = 1.023561e+02
stdout iavg_50a            =  3.00984e+00 from=  2.40000e-01 to=  3.00000e-01
stdout irms_50a            =  5.23107e+00 from=  2.40000e-01 to=  3.00000e-01
stdout pin_50a             =  1.98139e+02 from=  2.40000e-01 to=  3.00000e-01
stdout pout_50a            =  1.89390e+02 from=  2.40000e-01 to=  3.00000e-01
stdout vdc_50a             =  6.29233e+01 from=  2.40000e-01 to=  3.00000e-01
stdout pmodel_50a = 8.749600e+00
stdout pds_50a = 5.746124e+00
stdout tj_50a = 1.178043e+02
stdout iavg_50b            =  7.00942e+00 from=  2.40000e-01 to=  3.00000e-01
stdout irms_50b            =  1.05456e+01 from=  2.40000e-01 to=  3.00000e-01
stdout pin_50b             =  3.87052e+02 from=  2.40000e-01 to=  3.00000e-01
stdout pout_50b            =  3.61483e+02 from=  2.40000e-01 to=  3.00000e-01
stdout vdc_50b             =  5.15709e+01 from=  2.40000e-01 to=  3.00000e-01
stdout pmodel_50b = 2.556920e+01
stdout pds_50b = 1.499622e+01
stdout tj_50b = 2.269553e+02
stdout iavg_5a             =  1.50347e+00 from=  2.40000e-01 to=  3.00000e-01
stdout irms_5a             =  3.13332e+00 from=  2.40000e-01 to=  3.00000e-01
stdout pin_5a              =  1.94843e+01 from=  2.40000e-01 to=  3.00000e-01
stdout pout_5a             =  1.77311e+01 from=  2.40000e-01 to=  3.00000e-01
stdout vdc_5a              =  1.18033e+01 from=  2.40000e-01 to=  3.00000e-01
stdout pmodel_5a = 1.753180e+00
stdout pd_5a = 3.626860e-01
stdout pds_5a = 1.450744e+00
stdout rthreq_5a = 1.654324e+02
stdout tj_5a = 6.487013e+01
stdout iavg_5b             =  1.18274e+00 from=  2.40000e-01 to=  3.00000e-01
stdout irms_5b             =  2.56074e+00 from=  2.40000e-01 to=  3.00000e-01
stdout pin_5b              =  1.55161e+01 from=  2.40000e-01 to=  3.00000e-01
stdout pout_5b             =  1.41900e+01 from=  2.40000e-01 to=  3.00000e-01
stdout vdc_5b              =  1.20038e+01 from=  2.40000e-01 to=  3.00000e-01
stdout pmodel_5b = 1.326140e+00
stdout pd_5b = 2.801856e-01
stdout pds_5b = 1.120742e+00
stdout rthreq_5b = 2.141438e+02
stdout tj_5b = 6.148761e+01
stdout iavg_12a            =  2.50008e+00 from=  2.40000e-01 to=  3.00000e-01
stdout irms_12a            =  4.08613e+00 from=  2.40000e-01 to=  3.00000e-01
stdout pin_12a             =  3.76409e+01 from=  2.40000e-01 to=  3.00000e-01
stdout pout_12a            =  3.47080e+01 from=  2.40000e-01 to=  3.00000e-01
stdout vdc_12a             =  1.38828e+01 from=  2.40000e-01 to=  3.00000e-01
stdout pmodel_12a = 2.932880e+00
stdout pd_12a = 6.047304e-01
stdout pds_12a = 2.418922e+00
stdout rthreq_12a = 9.921777e+01
stdout tj_12a = 7.479395e+01
stdout iavg_12b            =  3.00009e+00 from=  2.40000e-01 to=  3.00000e-01
stdout irms_12b            =  4.75443e+00 from=  2.40000e-01 to=  3.00000e-01
stdout pin_12b             =  4.34908e+01 from=  2.40000e-01 to=  3.00000e-01
stdout pout_12b            =  3.98582e+01 from=  2.40000e-01 to=  3.00000e-01
stdout vdc_12b             =  1.32857e+01 from=  2.40000e-01 to=  3.00000e-01
stdout pmodel_12b = 3.632640e+00
stdout pd_12b = 7.369793e-01
stdout pds_12b = 2.947917e+00
stdout rthreq_12b = 8.141341e+01
stdout tj_12b = 8.021615e+01
