stdout Note: No compatibility mode selected!
stdout Circuit: bridge loss sensitivity: br1 stps20m100st to220 with individual boyd 577202b00000g sinks. other low-voltage bridges stps20m100sg d2pak. 50 c ambient. electrical winding/load assumptions remain to be measured. d2pak lumped temperatures are screening estimates; geometry thermal_mesh.py is the separate layout assessment.
stdout Doing analysis at TEMP = 27.000000 and TNOM = 27.000000
stdout Using SPARSE 1.3 as Direct Linear Solver
stdout Operating point simulation skipped by 'uic',
stdout now using transient initial conditions.
 Reference value :  5.13260e-02
 Reference value :  1.30705e-01
 Reference value :  2.10294e-01
 Reference value :  2.89616e-01
stdout No. of Data Rows : 15063
stdout iavg_18a            =  6.44687e+00 from=  2.50000e-01 to=  3.00000e-01
stdout irms_18a            =  1.12154e+01 from=  2.50000e-01 to=  3.00000e-01
stdout pin_18a             =  1.03436e+02 from=  2.50000e-01 to=  3.00000e-01
stdout pout_18a            =  9.24864e+01 from=  2.50000e-01 to=  3.00000e-01
stdout vdc_18a             =  1.43302e+01 from=  2.50000e-01 to=  3.00000e-01
stdout pmodel_18a = 1.094957e+01
stdout pd_18a = 1.923419e+00
stdout pds_18a = 7.693674e+00
stdout rthreq_18a = 3.119446e+01
stdout tj_18a = 1.152652e+02
stdout iavg_18b            =  3.00004e+00 from=  2.50000e-01 to=  3.00000e-01
stdout irms_18b            =  5.92753e+00 from=  2.50000e-01 to=  3.00000e-01
stdout pin_18b             =  5.14712e+01 from=  2.50000e-01 to=  3.00000e-01
stdout pout_18b            =  4.73110e+01 from=  2.50000e-01 to=  3.00000e-01
stdout vdc_18b             =  1.57701e+01 from=  2.50000e-01 to=  3.00000e-01
stdout pmodel_18b = 4.160170e+00
stdout pd_18b = 7.921053e-01
stdout pds_18b = 3.168421e+00
stdout rthreq_18b = 7.574750e+01
stdout tj_18b = 7.883688e+01
stdout iavg_18c            =  8.00010e+00 from=  2.50000e-01 to=  3.00000e-01
stdout irms_18c            =  1.34316e+01 from=  2.50000e-01 to=  3.00000e-01
stdout pin_18c             =  1.24889e+02 from=  2.50000e-01 to=  3.00000e-01
stdout pout_18c            =  1.10354e+02 from=  2.50000e-01 to=  3.00000e-01
stdout vdc_18c             =  1.37940e+01 from=  2.50000e-01 to=  3.00000e-01
stdout pmodel_18c = 1.453570e+01
stdout pd_18c = 2.493818e+00
stdout pds_18c = 9.975273e+00
stdout rthreq_18c = 2.405949e+01
stdout tj_18c = 1.336320e+02
stdout iavg_20a            =  2.50003e+00 from=  2.50000e-01 to=  3.00000e-01
stdout irms_20a            =  5.23069e+00 from=  2.50000e-01 to=  3.00000e-01
stdout pin_20a             =  5.24341e+01 from=  2.50000e-01 to=  3.00000e-01
stdout pout_20a            =  4.90465e+01 from=  2.50000e-01 to=  3.00000e-01
stdout vdc_20a             =  1.96183e+01 from=  2.50000e-01 to=  3.00000e-01
stdout pmodel_20a = 3.387600e+00
stdout pd_20a = 6.516419e-01
stdout pds_20a = 2.606568e+00
stdout rthreq_20a = 9.207511e+01
stdout tj_20a = 7.345911e+01
stdout iavg_20b            =  5.00007e+00 from=  2.50000e-01 to=  3.00000e-01
stdout irms_20b            =  9.31280e+00 from=  2.50000e-01 to=  3.00000e-01
stdout pin_20b             =  9.97689e+01 from=  2.50000e-01 to=  3.00000e-01
stdout pout_20b            =  9.17031e+01 from=  2.50000e-01 to=  3.00000e-01
stdout vdc_20b             =  1.83404e+01 from=  2.50000e-01 to=  3.00000e-01
stdout pmodel_20b = 8.065770e+00
stdout pd_20b = 1.444119e+00
stdout pds_20b = 5.776474e+00
stdout rthreq_20b = 4.154784e+01
stdout tj_20b = 1.019883e+02
stdout iavg_50a            =  3.00993e+00 from=  2.50000e-01 to=  3.00000e-01
stdout irms_50a            =  5.14677e+00 from=  2.50000e-01 to=  3.00000e-01
stdout pin_50a             =  1.77664e+02 from=  2.50000e-01 to=  3.00000e-01
stdout pout_50a            =  1.69062e+02 from=  2.50000e-01 to=  3.00000e-01
stdout vdc_50a             =  5.61681e+01 from=  2.50000e-01 to=  3.00000e-01
stdout pmodel_50a = 8.601900e+00
stdout pds_50a = 5.716530e+00
stdout tj_50a = 1.174550e+02
stdout iavg_50b            =  7.00905e+00 from=  2.50000e-01 to=  3.00000e-01
stdout irms_50b            =  1.03775e+01 from=  2.50000e-01 to=  3.00000e-01
stdout pin_50b             =  3.42134e+02 from=  2.50000e-01 to=  3.00000e-01
stdout pout_50b            =  3.16951e+02 from=  2.50000e-01 to=  3.00000e-01
stdout vdc_50b             =  4.52202e+01 from=  2.50000e-01 to=  3.00000e-01
stdout pmodel_50b = 2.518270e+01
stdout pds_50b = 1.487601e+01
stdout tj_50b = 2.255369e+02
stdout iavg_5a             =  1.69152e+00 from=  2.50000e-01 to=  3.00000e-01
stdout irms_5a             =  3.40877e+00 from=  2.50000e-01 to=  3.00000e-01
stdout pin_5a              =  1.97288e+01 from=  2.50000e-01 to=  3.00000e-01
stdout pout_5a             =  1.77308e+01 from=  2.50000e-01 to=  3.00000e-01
stdout vdc_5a              =  1.04916e+01 from=  2.50000e-01 to=  3.00000e-01
stdout pmodel_5a = 1.998050e+00
stdout pd_5a = 4.105741e-01
stdout pds_5a = 1.642296e+00
stdout rthreq_5a = 1.461368e+02
stdout tj_5a = 6.683354e+01
stdout iavg_5b             =  1.32712e+00 from=  2.50000e-01 to=  3.00000e-01
stdout irms_5b             =  2.77944e+00 from=  2.50000e-01 to=  3.00000e-01
stdout pin_5b              =  1.56947e+01 from=  2.50000e-01 to=  3.00000e-01
stdout pout_5b             =  1.41897e+01 from=  2.50000e-01 to=  3.00000e-01
stdout vdc_5b              =  1.06981e+01 from=  2.50000e-01 to=  3.00000e-01
stdout pmodel_5b = 1.504950e+00
stdout pd_5b = 3.160040e-01
stdout pds_5b = 1.264016e+00
stdout rthreq_5b = 1.898710e+02
stdout tj_5b = 6.295616e+01
stdout iavg_12a            =  2.50003e+00 from=  2.50000e-01 to=  3.00000e-01
stdout irms_12a            =  4.02112e+00 from=  2.50000e-01 to=  3.00000e-01
stdout pin_12a             =  3.36097e+01 from=  2.50000e-01 to=  3.00000e-01
stdout pout_12a            =  3.07004e+01 from=  2.50000e-01 to=  3.00000e-01
stdout vdc_12a             =  1.22800e+01 from=  2.50000e-01 to=  3.00000e-01
stdout pmodel_12a = 2.909270e+00
stdout pd_12a = 6.024023e-01
stdout pds_12a = 2.409609e+00
stdout rthreq_12a = 9.960121e+01
stdout tj_12a = 7.469849e+01
stdout iavg_12b            =  3.00004e+00 from=  2.50000e-01 to=  3.00000e-01
stdout irms_12b            =  4.67889e+00 from=  2.50000e-01 to=  3.00000e-01
stdout pin_12b             =  3.87149e+01 from=  2.50000e-01 to=  3.00000e-01
stdout pout_12b            =  3.51135e+01 from=  2.50000e-01 to=  3.00000e-01
stdout vdc_12b             =  1.17043e+01 from=  2.50000e-01 to=  3.00000e-01
stdout pmodel_12b = 3.601400e+00
stdout pd_12b = 7.338332e-01
stdout pds_12b = 2.935333e+00
stdout rthreq_12b = 8.176245e+01
stdout tj_12b = 8.008716e+01
