stdout Note: No compatibility mode selected!
stdout Circuit: bridge loss sensitivity: br1 stps20m100st to220 with individual boyd 577202b00000g sinks. other low-voltage bridges stps20m100sg d2pak. 50 c ambient. electrical winding/load assumptions remain to be measured. d2pak lumped temperatures are screening estimates; geometry thermal_mesh.py is the separate layout assessment.
stdout Doing analysis at TEMP = 27.000000 and TNOM = 27.000000
stdout Using SPARSE 1.3 as Direct Linear Solver
stdout Operating point simulation skipped by 'uic',
stdout now using transient initial conditions.
 Reference value :  4.79863e-02
 Reference value :  1.25300e-01
 Reference value :  2.02248e-01
 Reference value :  2.79222e-01
stdout No. of Data Rows : 15081
stdout iavg_18a            =  5.87764e+00 from=  2.50000e-01 to=  3.00000e-01
stdout irms_18a            =  1.01923e+01 from=  2.50000e-01 to=  3.00000e-01
stdout pin_18a             =  8.47544e+01 from=  2.50000e-01 to=  3.00000e-01
stdout pout_18a            =  7.51955e+01 from=  2.50000e-01 to=  3.00000e-01
stdout vdc_18a             =  1.27765e+01 from=  2.50000e-01 to=  3.00000e-01
stdout pmodel_18a = 9.558880e+00
stdout pd_18a = 1.706081e+00
stdout pds_18a = 6.824324e+00
stdout rthreq_18a = 3.516832e+01
stdout tj_18a = 1.082669e+02
stdout iavg_18b            =  3.00066e+00 from=  2.50000e-01 to=  3.00000e-01
stdout irms_18b            =  5.82003e+00 from=  2.50000e-01 to=  3.00000e-01
stdout pin_18b             =  4.60080e+01 from=  2.50000e-01 to=  3.00000e-01
stdout pout_18b            =  4.18990e+01 from=  2.50000e-01 to=  3.00000e-01
stdout vdc_18b             =  1.39632e+01 from=  2.50000e-01 to=  3.00000e-01
stdout pmodel_18b = 4.109060e+00
stdout pd_18b = 7.866815e-01
stdout pds_18b = 3.146726e+00
stdout rthreq_18b = 7.626975e+01
stdout tj_18b = 7.866223e+01
stdout iavg_18c            =  8.00177e+00 from=  2.50000e-01 to=  3.00000e-01
stdout irms_18c            =  1.31858e+01 from=  2.50000e-01 to=  3.00000e-01
stdout pin_18c             =  1.10744e+02 from=  2.50000e-01 to=  3.00000e-01
stdout pout_18c            =  9.64598e+01 from=  2.50000e-01 to=  3.00000e-01
stdout vdc_18c             =  1.20548e+01 from=  2.50000e-01 to=  3.00000e-01
stdout pmodel_18c = 1.428439e+01
stdout pd_18c = 2.465381e+00
stdout pds_18c = 9.861525e+00
stdout rthreq_18c = 2.433701e+01
stdout tj_18c = 1.327164e+02
stdout iavg_20a            =  2.50055e+00 from=  2.50000e-01 to=  3.00000e-01
stdout irms_20a            =  5.13447e+00 from=  2.50000e-01 to=  3.00000e-01
stdout pin_20a             =  4.69228e+01 from=  2.50000e-01 to=  3.00000e-01
stdout pout_20a            =  4.35758e+01 from=  2.50000e-01 to=  3.00000e-01
stdout vdc_20a             =  1.74265e+01 from=  2.50000e-01 to=  3.00000e-01
stdout pmodel_20a = 3.346910e+00
stdout pd_20a = 6.473640e-01
stdout pds_20a = 2.589456e+00
stdout rthreq_20a = 9.268356e+01
stdout tj_20a = 7.330510e+01
stdout iavg_20b            =  5.00111e+00 from=  2.50000e-01 to=  3.00000e-01
stdout irms_20b            =  9.13927e+00 from=  2.50000e-01 to=  3.00000e-01
stdout pin_20b             =  8.89048e+01 from=  2.50000e-01 to=  3.00000e-01
stdout pout_20b            =  8.09643e+01 from=  2.50000e-01 to=  3.00000e-01
stdout vdc_20b             =  1.61893e+01 from=  2.50000e-01 to=  3.00000e-01
stdout pmodel_20b = 7.940560e+00
stdout pd_20b = 1.430251e+00
stdout pds_20b = 5.721002e+00
stdout rthreq_20b = 4.195069e+01
stdout tj_20b = 1.014890e+02
stdout iavg_50a            =  3.00945e+00 from=  2.50000e-01 to=  3.00000e-01
stdout irms_50a            =  5.05321e+00 from=  2.50000e-01 to=  3.00000e-01
stdout pin_50a             =  1.57223e+02 from=  2.50000e-01 to=  3.00000e-01
stdout pout_50a            =  1.48700e+02 from=  2.50000e-01 to=  3.00000e-01
stdout vdc_50a             =  4.94109e+01 from=  2.50000e-01 to=  3.00000e-01
stdout pmodel_50a = 8.523000e+00
stdout pds_50a = 5.683301e+00
stdout tj_50a = 1.170630e+02
stdout iavg_50b            =  7.00820e+00 from=  2.50000e-01 to=  3.00000e-01
stdout irms_50b            =  1.01871e+01 from=  2.50000e-01 to=  3.00000e-01
stdout pin_50b             =  2.97159e+02 from=  2.50000e-01 to=  3.00000e-01
stdout pout_50b            =  2.72313e+02 from=  2.50000e-01 to=  3.00000e-01
stdout vdc_50b             =  3.88564e+01 from=  2.50000e-01 to=  3.00000e-01
stdout pmodel_50b = 2.484550e+01
stdout pds_50b = 1.474154e+01
stdout tj_50b = 2.239502e+02
stdout iavg_5a             =  1.94370e+00 from=  2.50000e-01 to=  3.00000e-01
stdout irms_5a             =  3.75910e+00 from=  2.50000e-01 to=  3.00000e-01
stdout pin_5a              =  2.00649e+01 from=  2.50000e-01 to=  3.00000e-01
stdout pout_5a             =  1.77345e+01 from=  2.50000e-01 to=  3.00000e-01
stdout vdc_5a              =  9.13764e+00 from=  2.50000e-01 to=  3.00000e-01
stdout pmodel_5a = 2.330420e+00
stdout pd_5a = 4.752125e-01
stdout pds_5a = 1.900850e+00
stdout rthreq_5a = 1.262593e+02
stdout tj_5a = 6.948371e+01
stdout iavg_5b             =  1.51768e+00 from=  2.50000e-01 to=  3.00000e-01
stdout irms_5b             =  3.05357e+00 from=  2.50000e-01 to=  3.00000e-01
stdout pin_5b              =  1.59361e+01 from=  2.50000e-01 to=  3.00000e-01
stdout pout_5b             =  1.41927e+01 from=  2.50000e-01 to=  3.00000e-01
stdout vdc_5b              =  9.36006e+00 from=  2.50000e-01 to=  3.00000e-01
stdout pmodel_5b = 1.743430e+00
stdout pd_5b = 3.635336e-01
stdout pds_5b = 1.454134e+00
stdout rthreq_5b = 1.650467e+02
stdout tj_5b = 6.490488e+01
stdout iavg_12a            =  2.50055e+00 from=  2.50000e-01 to=  3.00000e-01
stdout irms_12a            =  3.94809e+00 from=  2.50000e-01 to=  3.00000e-01
stdout pin_12a             =  2.95758e+01 from=  2.50000e-01 to=  3.00000e-01
stdout pout_12a            =  2.66921e+01 from=  2.50000e-01 to=  3.00000e-01
stdout vdc_12a             =  1.06745e+01 from=  2.50000e-01 to=  3.00000e-01
stdout pmodel_12a = 2.883690e+00
stdout pd_12a = 5.999523e-01
stdout pds_12a = 2.399809e+00
stdout rthreq_12a = 1.000080e+02
stdout tj_12a = 7.459804e+01
stdout iavg_12b            =  3.00066e+00 from=  2.50000e-01 to=  3.00000e-01
stdout irms_12b            =  4.59364e+00 from=  2.50000e-01 to=  3.00000e-01
stdout pin_12b             =  3.39322e+01 from=  2.50000e-01 to=  3.00000e-01
stdout pout_12b            =  3.03648e+01 from=  2.50000e-01 to=  3.00000e-01
stdout vdc_12b             =  1.01194e+01 from=  2.50000e-01 to=  3.00000e-01
stdout pmodel_12b = 3.567340e+00
stdout pd_12b = 7.304879e-01
stdout pds_12b = 2.921952e+00
stdout rthreq_12b = 8.213688e+01
stdout tj_12b = 7.995001e+01
