stdout Note: No compatibility mode selected!
stdout Circuit: bridge loss sensitivity: br1 stps20m100st to220 with individual boyd 577202b00000g sinks. other low-voltage bridges stps20m100sg d2pak. 50 c ambient. electrical winding/load assumptions remain to be measured. d2pak lumped temperatures are screening estimates; geometry thermal_mesh.py is the separate layout assessment.
stdout Doing analysis at TEMP = 27.000000 and TNOM = 27.000000
stdout Using KLU as Direct Linear Solver
stdout Operating point simulation skipped by 'uic',
stdout now using transient initial conditions.
 Reference value :  2.35866e-03
 Reference value :  5.17366e-03
 Reference value :  7.92866e-03
 Reference value :  1.07777e-02
 Reference value :  1.36167e-02
 Reference value :  1.64697e-02
 Reference value :  1.92757e-02
 Reference value :  2.20397e-02
 Reference value :  2.48837e-02
 Reference value :  2.77617e-02
 Reference value :  3.05247e-02
 Reference value :  3.21807e-02
 Reference value :  3.38167e-02
 Reference value :  3.54487e-02
 Reference value :  3.70857e-02
 Reference value :  3.86697e-02
 Reference value :  4.02207e-02
 Reference value :  4.18227e-02
 Reference value :  4.32967e-02
 Reference value :  4.47647e-02
 Reference value :  4.62617e-02
 Reference value :  4.77247e-02
 Reference value :  4.91947e-02
stdout No. of Data Rows : 50017
stdout sim_end = 5.000000e-02
stdout peak_5a             =  2.18101e+02 at=  1.00000e-08
stdout i2t_5a              =  1.60568e+01 from=  1.00000e-08 to=  5.00000e-02
stdout peak_20a            =  4.03255e+02 at=  1.00000e-08
stdout i2t_20a             =  5.18117e+01 from=  1.00000e-08 to=  5.00000e-02
stdout peak_12b            =  7.06539e+01 at=  1.00000e-08
stdout i2t_12b             =  6.21788e+00 from=  1.00000e-08 to=  5.00000e-02
stdout legpeak_5a_a        =  1.33633e+02 at=  1.08392e-08
stdout legi2t_5a_a         =  5.98815e+00 from=  1.00000e-08 to=  5.00000e-02
stdout legpeak_5a_b        =  8.44522e+01 at=  1.08392e-08
stdout legi2t_5a_b         =  2.17121e+00 from=  1.00000e-08 to=  5.00000e-02
stdout legpeak_20a_a       =  2.44752e+02 at=  1.08392e-08
stdout legi2t_20a_a        =  1.91763e+01 from=  1.00000e-08 to=  5.00000e-02
stdout legpeak_20a_b       =  1.58471e+02 at=  1.08392e-08
stdout legi2t_20a_b        =  7.69218e+00 from=  1.00000e-08 to=  5.00000e-02
stdout legpeak_12b_a       =  4.50158e+01 at=  1.08392e-08
stdout legi2t_12b_a        =  2.21674e+00 from=  1.00000e-08 to=  5.00000e-02
stdout legpeak_12b_b       =  2.56361e+01 at=  1.08392e-08
stdout legi2t_12b_b        =  6.12358e-01 from=  1.00000e-08 to=  5.00000e-02
