stdout Note: No compatibility mode selected!
stdout Circuit: bridge loss sensitivity: br1 stps20m100st to220 with individual boyd 577202b00000g sinks. other low-voltage bridges stps20m100sg d2pak. 50 c ambient. electrical winding/load assumptions remain to be measured. d2pak lumped temperatures are screening estimates; geometry thermal_mesh.py is the separate layout assessment.
stdout Doing analysis at TEMP = 27.000000 and TNOM = 27.000000
stdout Using KLU as Direct Linear Solver
stdout Operating point simulation skipped by 'uic',
stdout now using transient initial conditions.
 Reference value :  1.20171e-03
 Reference value :  3.93571e-03
 Reference value :  6.82371e-03
 Reference value :  9.66971e-03
 Reference value :  1.25817e-02
 Reference value :  1.54497e-02
 Reference value :  1.83247e-02
 Reference value :  2.11397e-02
 Reference value :  2.38597e-02
 Reference value :  2.66717e-02
 Reference value :  2.91837e-02
 Reference value :  3.18057e-02
 Reference value :  3.44627e-02
 Reference value :  3.72197e-02
 Reference value :  3.99837e-02
 Reference value :  4.27327e-02
 Reference value :  4.54757e-02
 Reference value :  4.82577e-02
stdout No. of Data Rows : 50012
stdout sim_end = 5.000000e-02
stdout peak_5a             =  4.06827e+01 at=  1.92971e-03
stdout i2t_5a              =  5.30871e+00 from=  1.00000e-08 to=  5.00000e-02
stdout peak_20a            =  7.36177e+01 at=  1.85071e-03
stdout i2t_20a             =  1.52744e+01 from=  1.00000e-08 to=  5.00000e-02
stdout peak_12b            =  3.49748e+01 at=  3.30071e-03
stdout i2t_12b             =  4.71693e+00 from=  1.00000e-08 to=  5.00000e-02
stdout legpeak_5a_a        =  2.68783e+01 at=  1.92971e-03
stdout legi2t_5a_a         =  2.32171e+00 from=  1.00000e-08 to=  5.00000e-02
stdout legpeak_5a_b        =  1.38043e+01 at=  1.92971e-03
stdout legi2t_5a_b         =  5.32696e-01 from=  1.00000e-08 to=  5.00000e-02
stdout legpeak_20a_a       =  4.68042e+01 at=  1.85071e-03
stdout legi2t_20a_a        =  6.32574e+00 from=  1.00000e-08 to=  5.00000e-02
stdout legpeak_20a_b       =  2.68135e+01 at=  1.85071e-03
stdout legi2t_20a_b        =  1.93855e+00 from=  1.00000e-08 to=  5.00000e-02
stdout legpeak_12b_a       =  2.33974e+01 at=  3.30071e-03
stdout legi2t_12b_a        =  2.08970e+00 from=  1.00000e-08 to=  5.00000e-02
stdout legpeak_12b_b       =  1.15773e+01 at=  3.30071e-03
stdout legi2t_12b_b        =  4.51668e-01 from=  1.00000e-08 to=  5.00000e-02
