stdout Note: gnd in a subcircuit is not set to 0 automatically
stdout Note: Compatibility modes selected: ps
stdout Circuit: ti tps54360 transient model, 5v actual compensation, vin=15.34
stdout Reducing trtol to 1 for xspice 'A' devices
stdout Doing analysis at TEMP = 27.000000 and TNOM = 27.000000
stdout Using SPARSE 1.3 as Direct Linear Solver
stdout Initial Transient Solution
stdout --------------------------
stdout Node                                   Voltage
stdout ----                                   -------
stdout vin                                          0
stdout vinf                              -1.92135e-08
stdout vout                              -7.22492e-12
stdout reverse                           -7.22492e-12
stdout xu.set0                                      0
stdout xu.u6_n16588693                           0.86
stdout xu.x_u6_u134.yint                            1
stdout xu.x_u6_u134.e_abmgate_int1                  1
stdout xu.u6_n16564386                              0
stdout xu.sdwn                                      1
stdout xu.u6_n16543632                              1
stdout xu.u6_n16489275                    1.14396e-60
stdout xu.x_u6_u603.x1.yint1                        0
stdout xu.x_u6_u603.x1.e_abmgate1_int1               0
stdout xu.sysclk                                    0
stdout xu.x_u6_u603.x1.yint2                        0
stdout xu.x_u6_u603.x1.yint3                        1
stdout xu.x_u6_u603.x1.e_abmgate2_int1               1
stdout xu.x_u6_u603.clkdel                          1
stdout xu.x_u6_u603.x2.yint                         0
stdout xu.x_u6_u603.x2.e_abmgate_int1               0
stdout xu.x_u6_u603.clkint                          0
stdout xu.x_u6_u603.qint                            0
stdout xu.x_u6_u603.gq_int1                        -1
stdout xu.u6_pwm                                    0
stdout xu.set1                                      1
stdout xu.x_u6_u603.my5                             1
stdout xu.x_u6_u603.qqq                             0
stdout xu.x_u6_u603.x3.yint1                        0
stdout xu.x_u6_u603.x3.e_abmgate1_int1               0
stdout xu.x_u6_u603.x3.yint2                        0
stdout xu.x_u6_u603.x3.yint3                        0
stdout xu.x_u6_u603.x3.e_abmgate2_int1               0
stdout xu.x_u6_u603.qqqd1                           0
stdout xu.pwm_clk                                   0
stdout xu.x_u6_u603.qbr                             1
stdout xu.x_u6_u603.eqb_int1                        1
stdout xu.n16528816                                 1
stdout xu.u6_n16489469                    3.43757e-12
stdout xu.e_u6_abm148_int1                3.43757e-12
stdout xu.u6_vrampin                      3.43757e-06
stdout xu.u6_n16502082                      -1.22e-06
stdout xu.e_u6_abm163_int1                  -1.22e-06
stdout xu.u6_n16488977                    2.49722e-06
stdout xu.u6_vramp                        3.43757e-12
stdout xu.u6_iswf                                -0.1
stdout xu.e_u6_abm152_int1                       -0.1
stdout xu.isw                            -1.92065e-15
stdout xu.u6_n16489395                              0
stdout xu.u6_n165858563                         0.024
stdout xu.x_u6_u602.yint                            0
stdout xu.x_u6_u602.e_abmgate_int1                  0
stdout xu.u6_n16575036                              0
stdout xu.boot_uvlo                                 0
stdout xu.u6_ovtp                                   1
stdout xu.u6_n16531938                      -0.111508
stdout xu.e_u6_abm165_int1                  -0.111508
stdout xu.u6_ictrl                          -0.111508
stdout xu.e_u6_abm164_int1                2.49722e-06
stdout comp                                  0.594386
stdout xu.g_u6_abmi4_int1                -0.000343757
stdout xu.if2ia                           0.000343757
stdout xu.e_u6_abm151_int1                          0
stdout xu.pwm_final                                 0
stdout xu.x_u6_u599.yint1                           0
stdout xu.x_u6_u599.e_abmgate1_int1                 0
stdout xu.x_u6_u599.yint2                           0
stdout xu.x_u6_u599.yint3                           1
stdout xu.x_u6_u599.e_abmgate2_int1                 1
stdout xu.u6_n16489527                              1
stdout xu.x_u6_u600.yint                            0
stdout xu.x_u6_u600.e_abm_int1                      0
stdout xu.x_u6_u598.yint                            0
stdout xu.x_u6_u598.e_abmgate_int1                  0
stdout xu.x_u6_u604.inp1                        0.436
stdout xu.x_u6_u604.inm1                       -0.424
stdout xu.vsenseint                      -1.13226e-12
stdout xu.x_u6_u604.inm2                       -0.436
stdout xu.x_u6_u604.ehys_int1                  -0.012
stdout xu.x_u6_u604.1                               1
stdout xu.x_u6_u604.eout_int1                       1
stdout xu.u3_n16489962                              1
stdout xu.u3_n16638112                   -1.13226e-12
stdout rt                                    0.999996
stdout xu.u3_n16667294                   2.09934e-140
stdout xu.u3_n16667366                   1.24615e-122
stdout xu.u3_n166379101                           0.6
stdout xu.u3_n16638088                            0.6
stdout xu.u3_n16490102                              5
stdout xu.u3_ramp                         5.07254e-05
stdout xu.u3_n16650384                    5.07254e-05
stdout xu.i_rt                            4.16675e-06
stdout xu.u3_n16523619                              1
stdout xu.e_u3_abm164_int1               -1.13226e-12
stdout fb                                -1.13226e-12
stdout xu.x_u3_u6.yint                              1
stdout xu.x_u3_u6.e_abm_int1                        1
stdout xu.u3_n16637796                            0.4
stdout xu.u3_out2                                   1
stdout xu.fsw                             0.000405803
stdout xu.e_u3_abm1_int1                  0.000405803
stdout xu.u3_n16505459                              1
stdout xu.x_u3_u131.yint                            0
stdout xu.x_u3_u131.e_abm_int1                      0
stdout xu.u3_sysclk1                                0
stdout xu.x_u3_u7.yint                              1
stdout xu.x_u3_u7.e_abm_int1                        1
stdout xu.u3_out3                                   1
stdout xu.x_u3_u138.yint                            0
stdout xu.x_u3_u138.e_abmgate_int1                  0
stdout xu.x_u3_u135.yint1                           0
stdout xu.x_u3_u135.e_abmgate1_int1                 0
stdout xu.x_u3_u135.yint2                           0
stdout xu.x_u3_u135.yint3                           0
stdout xu.x_u3_u135.e_abmgate2_int1                 0
stdout xu.u3_n16517387                              0
stdout xu.u3_n16676060                    0.000343757
stdout xu.e_u3_abm166_int1                0.000343757
stdout xu.u3_out1                                   1
stdout xu.u3_n16668029                            0.2
stdout xu.x_u3_u134.yint                            1
stdout xu.x_u3_u134.e_abmgate_int1                  1
stdout xu.u3_n16517226                              1
stdout xu.e_u3_abm165_int1                5.07254e-05
stdout xu.u3_n166679551                           0.2
stdout xu.e_u3_abm7_int1                          0.2
stdout xu.u3_n166378601                           0.4
stdout xu.x_u3_u136.yint                            0
stdout xu.x_u3_u136.e_abmgate_int1                  0
stdout xu.u3_n16667326                              1
stdout xu.x_u3_u8.yint                              1
stdout xu.x_u3_u8.e_abm_int1                        1
stdout xu.e_u3_abm4_int1                          0.4
stdout xu.x_u3_u137.yint1                           0
stdout xu.x_u3_u137.e_abmgate1_int1                 0
stdout xu.x_u3_u137.yint2                           0
stdout xu.x_u3_u137.yint3                           1
stdout xu.x_u3_u137.e_abmgate2_int1                 1
stdout xu.e_u3_abm6_int1                          0.6
stdout xu.x_u8_u606.yint                            0
stdout xu.x_u8_u606.e_abmgate_int1                  0
stdout xu.u8_sdwn_n                                 0
stdout xu.x_u8_u613.yint                            0
stdout xu.x_u8_u613.e_abmgate_int1                  0
stdout xu.u8_n7365280                               0
stdout xu.u8_n73698801                              6
stdout xu.u8_n7345383                               6
stdout xu.u8_n7274256                               0
stdout xu.x_u8_u608.yint                            0
stdout xu.x_u8_u608.e_abmgate_int1                  0
stdout xu.u8_hdrvin                                 0
stdout xu.u8_n7342498                               0
stdout xu.u8_n7274022                               0
stdout xu.x_u8_u602.yint                            1
stdout xu.x_u8_u602.e_abmgate_int1                  1
stdout xu.u8_out                                    0
stdout xu.u8_boot_on                                1
stdout xu.x_u8_u607.yint                            0
stdout xu.x_u8_u607.e_abmgate_int1                  0
stdout xu.u8_ldrv                                   1
stdout xu.enab                                      0
stdout xu.u8_boot_sw_on                             0
stdout xu.x_u8_u612.yint1                           1
stdout xu.x_u8_u612.e_abmgate1_int1                 1
stdout xu.u8_n7274198                               1
stdout xu.x_u8_u612.yint2                           1
stdout xu.x_u8_u612.yint3                           1
stdout xu.x_u8_u612.e_abmgate2_int1                 1
stdout xu.u8_n7343256                               1
stdout xu.x_u8_u609.yint                            1
stdout xu.x_u8_u609.e_abmgate_int1                  1
stdout xu.u8_n7274032                               1
stdout xu.u8_n7273984                    -1.92135e-08
stdout xu.e_u8_abm2_int1                            6
stdout boot                              -2.40131e-11
stdout xu.x_u8_u610.yint                            1
stdout xu.x_u8_u610.e_abmgate_int1                  1
stdout xu.x_u8_u604.yint                            0
stdout xu.x_u8_u604.e_abmgate_int1                  0
stdout xu.u8_n7347010                    -1.67882e-11
stdout xu.e_u8_abm169_int1               -1.67882e-11
stdout sw                                -7.22495e-12
stdout xu.x_u8_u611.yint1                           0
stdout xu.x_u8_u611.e_abmgate1_int1                 0
stdout xu.x_u8_u611.yint2                           0
stdout xu.x_u8_u611.yint3                           0
stdout xu.x_u8_u611.e_abmgate2_int1                 0
stdout xu.hdrv                           -7.22497e-12
stdout xu.x_u8_u605.yint                            1
stdout xu.x_u8_u605.e_abmgate_int1                  1
stdout xu.e_u8_abm167_int1                          0
stdout xu.x_u8_u5.yint                              0
stdout xu.x_u8_u5.e_abm_int1                        0
stdout xu.u5_n16512904                          7e-05
stdout xu.ocb                                       0
stdout xu.g_u5_abm2i1_int1                -2.6488e-06
stdout xu.vref_gm                             -0.0344
stdout xu.u5_vgm                              7.7e-05
stdout xu.u5_n16513008                              2
stdout xu.u5_n16513064                        7.7e-05
stdout xu.e_u5_abm177_int1                    7.7e-05
stdout xu.x_u5_u603.yint                            0
stdout xu.x_u5_u603.e_abmgate_int1                  0
stdout xu.u5_n16513124                              0
stdout xu.u5_n16512948                          7e-05
stdout xu.u5_n16513186                              0
stdout xu.e_u5_abm8_int1                            0
stdout xu.u5_n16513014                            0.6
stdout xu.x_u5_u614.yint                            0
stdout xu.x_u5_u614.e_abmgate_int1                  0
stdout xu.u5_n16513160                              0
stdout xu.e_u5_abm171_int1                      7e-05
stdout xu.ss_tr                                     0
stdout xu.x_u11_u604.yint                           1
stdout xu.x_u11_u604.e_abmgate_int1                 1
stdout xu.u11_n16496294                             1
stdout xu.ss_disch                                  0
stdout xu.e_u11_abm173_int1                         0
stdout xu.u11_n6045136                              0
stdout xu.x_u11_u601.yint                           1
stdout xu.x_u11_u601.e_abmgate_int1                 1
stdout xu.u11_uvlo                                  1
stdout xu.x_u11_u603.yint                           0
stdout xu.x_u11_u603.e_abmgate_int1                 0
stdout xu.u11_n6045130                              0
stdout xu.u11_n6045018                            4.3
stdout xu.x_u11_u602.yint                           1
stdout xu.x_u11_u602.e_abm_int1                     1
stdout en                                   0.0282339
stdout xu.u1_n7335522                               0
stdout xu.e_u1_abm173_int1                          0
stdout xu.u1_n7335540                               0
stdout xu.e_u1_abm1_int1                            0
stdout xu.g_u1_abmii1_int1                    1.2e-06
stdout xu.u7_indelayed2                    1.0379e-57
stdout xu.u7_n16490100                              1
stdout xu.u7_n16489586                              1
stdout xu.x_u7_u6.yint                              0
stdout xu.x_u7_u6.e_abmgate_int1                    0
stdout xu.u7_or2out2                                0
stdout xu.u7_or2out1                                0
stdout xu.u7_n16489522                              0
stdout xu.u7_indelayed1                   4.65239e-57
stdout xu.x_u7_u826.yint1                           0
stdout xu.x_u7_u826.e_abmgate1_int1                 0
stdout xu.x_u7_u826.yint2                           0
stdout xu.x_u7_u826.yint3                           1
stdout xu.x_u7_u826.e_abmgate2_int1                 1
stdout xu.u7_n16509390                              1
stdout xu.x_u7_u825.yint                            0
stdout xu.x_u7_u825.e_abmgate_int1                  0
stdout xu.u7_n16509288                              0
stdout xu.e_u7_abm13_int1                           1
stdout xu.x_u7_u823.yint                            0
stdout xu.x_u7_u823.e_abmgate_int1                  0
stdout xu.u7_n16497188                              1
stdout xu.x_u7_u827.yint                            0
stdout xu.x_u7_u827.e_abmgate_int1                  0
stdout xu.x_u7_u822.yint1                           0
stdout xu.x_u7_u822.e_abmgate1_int1                 0
stdout xu.x_u7_u822.yint2                           0
stdout xu.x_u7_u822.yint3                           1
stdout xu.x_u7_u822.e_abmgate2_int1                 1
stdout xu.x_u7_u824.yint                            0
stdout xu.x_u7_u824.e_abmgate_int1                  0
stdout xu.u4_n7398284                         -0.0344
stdout xu.e_u4_abm178_int1                    -0.0344
stdout xu.u4_n7404432                         -0.0344
stdout xu.u4_n7398466                               0
stdout xu.e_u4_abm180_int1                          0
stdout xu.u4_n7397990                             1.7
stdout xu.g_u4_abmii1_int1                          0
stdout xu.u4_n16518371                              0
stdout xu.u4_n7404426                         -0.0344
stdout xu.x_u4_u1.yint                              0
stdout xu.x_u4_u1.e_abmgate_int1                    0
stdout xu.u4_n7398492                               0
stdout xu.e_u4_abm179_int1                    -0.0344
stdout xu.u4_n7398290                         -0.0344
stdout xu.g_u4_abmi5_int1                           0
stdout xu.e_u4_abm174_int1                    -0.0344
stdout cc                                    0.594386
stdout linductor                         -7.22495e-12
stdout c1                                           0
stdout c2                                           0
stdout b.xu.be_u4_abm174#branch                     0
stdout b.xu.bg_u4_abmi5#branch                      0
stdout b.xu.be_u4_abm179#branch                     0
stdout b.xu.x_u4_u1.be_abmgate#branch               0
stdout b.xu.bg_u4_abmii1#branch                     0
stdout b.xu.be_u4_abm180#branch                     0
stdout b.xu.be_u4_abm178#branch                     0
stdout b.xu.x_u7_u824.be_abmgate#branch               0
stdout b.xu.x_u7_u822.be_abmgate2#branch               0
stdout b.xu.x_u7_u822.be_abmgate1#branch               0
stdout b.xu.x_u7_u827.be_abmgate#branch               0
stdout b.xu.x_u7_u823.be_abmgate#branch               0
stdout b.xu.be_u7_abm13#branch                      0
stdout b.xu.x_u7_u825.be_abmgate#branch               0
stdout b.xu.x_u7_u826.be_abmgate2#branch               0
stdout b.xu.x_u7_u826.be_abmgate1#branch               0
stdout b.xu.x_u7_u6.be_abmgate#branch               0
stdout b.xu.bg_u1_abmii1#branch                     0
stdout b.xu.be_u1_abm1#branch                       0
stdout b.xu.be_u1_abm173#branch                     0
stdout b.xu.x_u11_u602.be_abm#branch                0
stdout b.xu.x_u11_u603.be_abmgate#branch               0
stdout b.xu.x_u11_u601.be_abmgate#branch               0
stdout b.xu.be_u11_abm173#branch                    0
stdout b.xu.x_u11_u604.be_abmgate#branch               0
stdout b.xu.be_u5_abm171#branch                     0
stdout b.xu.x_u5_u614.be_abmgate#branch               0
stdout b.xu.be_u5_abm8#branch                       0
stdout b.xu.x_u5_u603.be_abmgate#branch               0
stdout b.xu.be_u5_abm177#branch                     0
stdout b.xu.bg_u5_abm2i1#branch                     0
stdout b.xu.x_u8_u5.be_abm#branch                   0
stdout b.xu.be_u8_abm167#branch                     0
stdout b.xu.x_u8_u605.be_abmgate#branch               0
stdout b.xu.x_u8_u611.be_abmgate2#branch               0
stdout b.xu.x_u8_u611.be_abmgate1#branch               0
stdout b.xu.be_u8_abm169#branch                     0
stdout b.xu.x_u8_u604.be_abmgate#branch               0
stdout b.xu.x_u8_u610.be_abmgate#branch               0
stdout b.xu.be_u8_abm2#branch                       0
stdout b.xu.x_u8_u609.be_abmgate#branch               0
stdout b.xu.x_u8_u612.be_abmgate2#branch               0
stdout b.xu.x_u8_u612.be_abmgate1#branch               0
stdout b.xu.x_u8_u607.be_abmgate#branch               0
stdout b.xu.x_u8_u602.be_abmgate#branch               0
stdout b.xu.x_u8_u608.be_abmgate#branch               0
stdout b.xu.x_u8_u613.be_abmgate#branch               0
stdout b.xu.x_u8_u606.be_abmgate#branch               0
stdout b.xu.be_u3_abm6#branch                       0
stdout b.xu.x_u3_u137.be_abmgate2#branch               0
stdout b.xu.x_u3_u137.be_abmgate1#branch               0
stdout b.xu.be_u3_abm4#branch                       0
stdout b.xu.x_u3_u8.be_abm#branch                   0
stdout b.xu.x_u3_u136.be_abmgate#branch               0
stdout b.xu.be_u3_abm7#branch                       0
stdout b.xu.be_u3_abm165#branch                     0
stdout v.xu.v_u3_v44#branch              -4.16675e-06
stdout b.xu.x_u3_u134.be_abmgate#branch               0
stdout b.xu.be_u3_abm166#branch                     0
stdout b.xu.x_u3_u135.be_abmgate2#branch               0
stdout b.xu.x_u3_u135.be_abmgate1#branch               0
stdout b.xu.x_u3_u138.be_abmgate#branch               0
stdout b.xu.x_u3_u7.be_abm#branch                   0
stdout b.xu.x_u3_u131.be_abm#branch                 0
stdout b.xu.be_u3_abm1#branch                       0
stdout b.xu.x_u3_u6.be_abm#branch                   0
stdout b.xu.be_u3_abm164#branch                     0
stdout b.xu.x_u6_u604.beout#branch                  0
stdout b.xu.x_u6_u604.behys#branch                  0
stdout b.xu.x_u6_u598.be_abmgate#branch               0
stdout b.xu.x_u6_u600.be_abm#branch                 0
stdout b.xu.x_u6_u599.be_abmgate2#branch               0
stdout b.xu.x_u6_u599.be_abmgate1#branch               0
stdout b.xu.be_u6_abm151#branch                     0
stdout b.xu.bg_u6_abmi4#branch                      0
stdout b.xu.be_u6_abm164#branch                     0
stdout b.xu.be_u6_abm165#branch                     0
stdout b.xu.x_u6_u602.be_abmgate#branch               0
stdout b.xu.be_u6_abm152#branch                     0
stdout b.xu.be_u6_abm163#branch                     0
stdout b.xu.be_u6_abm148#branch                     0
stdout b.xu.x_u6_u603.beqb#branch                   0
stdout b.xu.x_u6_u603.x3.be_abmgate2#branch               0
stdout b.xu.x_u6_u603.x3.be_abmgate1#branch               0
stdout b.xu.x_u6_u603.bgq#branch                    0
stdout b.xu.x_u6_u603.x2.be_abmgate#branch               0
stdout b.xu.x_u6_u603.x1.be_abmgate2#branch               0
stdout b.xu.x_u6_u603.x1.be_abmgate1#branch               0
stdout b.xu.x_u6_u134.be_abmgate#branch               0
stdout h.xu.x_u8_h1.h_u8_h1#branch                  0
stdout v.xu.x_u8_h1.vh_u8_h1#branch      -1.92065e-15
stdout h.xu.x_u3_h1.h_u3_h1#branch        -8.3335e-06
stdout v.xu.x_u3_h1.vh_u3_h1#branch      -4.16675e-06
stdout l1#branch                         -1.40537e-15
stdout e.xu.e_u4_abm174#branch                      0
stdout e.xu.e_u4_abm179#branch                      0
stdout e.xu.x_u4_u1.e_abmgate#branch                0
stdout e.xu.e_u4_abm180#branch                      0
stdout e.xu.e_u4_abm178#branch                      0
stdout e.xu.x_u7_u824.e_abmgate#branch               0
stdout e.xu.x_u7_u822.e_abmgate2#branch               0
stdout e.xu.x_u7_u822.e_abmgate1#branch               0
stdout e.xu.x_u7_u827.e_abmgate#branch               0
stdout e.xu.x_u7_u823.e_abmgate#branch               0
stdout e.xu.e_u7_abm13#branch                       0
stdout e.xu.x_u7_u825.e_abmgate#branch               0
stdout e.xu.x_u7_u826.e_abmgate2#branch               0
stdout e.xu.x_u7_u826.e_abmgate1#branch               0
stdout e.xu.x_u7_u6.e_abmgate#branch                0
stdout e.xu.e_u1_abm1#branch                        0
stdout e.xu.e_u1_abm173#branch            3.37411e-10
stdout e.xu.x_u11_u602.e_abm#branch                 0
stdout e.xu.x_u11_u603.e_abmgate#branch               0
stdout e.xu.x_u11_u601.e_abmgate#branch               0
stdout e.xu.e_u11_abm173#branch                     0
stdout e.xu.x_u11_u604.e_abmgate#branch               0
stdout e.xu.e_u5_abm171#branch                      0
stdout e.xu.x_u5_u614.e_abmgate#branch               0
stdout e.xu.e_u5_abm8#branch                        0
stdout e.xu.x_u5_u603.e_abmgate#branch               0
stdout e.xu.e_u5_abm177#branch                      0
stdout e.xu.x_u8_u5.e_abm#branch                    0
stdout e.xu.e_u8_abm167#branch                      0
stdout e.xu.x_u8_u605.e_abmgate#branch               0
stdout e.xu.x_u8_u611.e_abmgate2#branch               0
stdout e.xu.x_u8_u611.e_abmgate1#branch               0
stdout e.xu.e_u8_abm169#branch                      0
stdout e.xu.x_u8_u604.e_abmgate#branch               0
stdout e.xu.x_u8_u610.e_abmgate#branch               0
stdout e.xu.e_u8_abm2#branch                        0
stdout e.xu.x_u8_u609.e_abmgate#branch      -1.001e-09
stdout e.xu.x_u8_u612.e_abmgate2#branch               0
stdout e.xu.x_u8_u612.e_abmgate1#branch               0
stdout e.xu.x_u8_u607.e_abmgate#branch               0
stdout e.xu.x_u8_u602.e_abmgate#branch               0
stdout e.xu.x_u8_u608.e_abmgate#branch               0
stdout e.xu.x_u8_u613.e_abmgate#branch               0
stdout e.xu.x_u8_u606.e_abmgate#branch               0
stdout e.xu.e_u3_abm6#branch                        0
stdout e.xu.x_u3_u137.e_abmgate2#branch               0
stdout e.xu.x_u3_u137.e_abmgate1#branch               0
stdout e.xu.e_u3_abm4#branch                        0
stdout e.xu.x_u3_u8.e_abm#branch                    0
stdout e.xu.x_u3_u136.e_abmgate#branch    2.09934e-140
stdout e.xu.e_u3_abm7#branch                        0
stdout e.xu.e_u3_abm165#branch                      0
stdout e.xu.x_u3_u134.e_abmgate#branch      -1.001e-09
stdout e.xu.e_u3_abm166#branch                      0
stdout e.xu.x_u3_u135.e_abmgate2#branch               0
stdout e.xu.x_u3_u135.e_abmgate1#branch               0
stdout e.xu.x_u3_u138.e_abmgate#branch               0
stdout e.xu.x_u3_u7.e_abm#branch                    0
stdout e.xu.x_u3_u131.e_abm#branch                  0
stdout e.xu.e_u3_abm1#branch                        0
stdout e.xu.x_u3_u6.e_abm#branch                    0
stdout e.xu.e_u3_abm164#branch                      0
stdout e.xu.x_u6_u604.eout#branch                   0
stdout e.xu.x_u6_u604.ehys#branch            4.36e-05
stdout e.xu.x_u6_u604.ein#branch            -4.36e-05
stdout e.xu.x_u6_u598.e_abmgate#branch               0
stdout e.xu.x_u6_u600.e_abm#branch                  0
stdout e.xu.x_u6_u599.e_abmgate2#branch               0
stdout e.xu.x_u6_u599.e_abmgate1#branch               0
stdout e.xu.e_u6_abm151#branch           -6.32869e-77
stdout e.xu.e_u6_abm164#branch                      0
stdout e.xu.e_u6_abm165#branch                      0
stdout e.xu.x_u6_u602.e_abmgate#branch               0
stdout e.xu.e_u6_abm152#branch                      0
stdout e.xu.e_u6_abm163#branch                      0
stdout e.xu.e_u6_abm148#branch                      0
stdout e.xu.x_u6_u603.eqb#branch                    0
stdout e.xu.x_u6_u603.x3.e_abmgate2#branch               0
stdout e.xu.x_u6_u603.x3.e_abmgate1#branch               0
stdout e.xu.x_u6_u603.eq#branch                     0
stdout e.xu.x_u6_u603.x2.e_abmgate#branch               0
stdout e.xu.x_u6_u603.x1.e_abmgate2#branch               0
stdout e.xu.x_u6_u603.x1.e_abmgate1#branch               0
stdout e.xu.x_u6_u134.e_abmgate#branch      -1.001e-09
stdout v.xu.v_u4_v70#branch                -1.701e-12
stdout v.xu.v_u11_v64#branch                        0
stdout v.xu.v_u5_v5#branch                -2.6696e-06
stdout v.xu.v_u5_v6#branch               -1.40661e-12
stdout v.xu.v_u3_v45#branch              -5.07254e-05
stdout v.xu.v_u3_v46#branch                         0
stdout v.xu.v_v46#branch                            0
stdout v.xu.v_u6_v2#branch                          0
stdout v.xu.x_u6_u603.v1#branch            -1.001e-12
stdout v.xu.v_u6_v1#branch                          0
stdout v.xu.v_v47#branch                            0
stdout vreverse#branch                     1.4144e-12
stdout vin#branch                        -9.60673e-07
 Reference value :  6.07310e-05
 Reference value :  1.73965e-04
 Reference value :  2.23442e-04
 Reference value :  2.50931e-04
 Reference value :  3.08381e-04
 Reference value :  3.47079e-04
 Reference value :  3.85688e-04
 Reference value :  4.24120e-04
 Reference value :  4.63229e-04
 Reference value :  5.01823e-04
 Reference value :  5.51775e-04
 Reference value :  5.93139e-04
 Reference value :  6.30434e-04
 Reference value :  6.63246e-04
 Reference value :  7.08531e-04
 Reference value :  7.51677e-04
 Reference value :  7.90450e-04
 Reference value :  8.11350e-04
 Reference value :  8.49731e-04
 Reference value :  8.88674e-04
 Reference value :  9.27404e-04
 Reference value :  9.65989e-04
 Reference value :  1.00462e-03
 Reference value :  1.04461e-03
 Reference value :  1.08941e-03
 Reference value :  1.13745e-03
 Reference value :  1.15870e-03
 Reference value :  1.18660e-03
 Reference value :  1.20725e-03
 Reference value :  1.23508e-03
 Reference value :  1.25572e-03
 Reference value :  1.28358e-03
 Reference value :  1.30439e-03
 Reference value :  1.32374e-03
 Reference value :  1.34315e-03
 Reference value :  1.37083e-03
 Reference value :  1.39004e-03
 Reference value :  1.40115e-03
 Reference value :  1.42861e-03
 Reference value :  1.44790e-03
 Reference value :  1.46870e-03
 Reference value :  1.49606e-03
 Reference value :  1.51556e-03
 Reference value :  1.53649e-03
 Reference value :  1.56408e-03
 Reference value :  1.58508e-03
 Reference value :  1.60454e-03
 Reference value :  1.63201e-03
 Reference value :  1.65156e-03
 Reference value :  1.67247e-03
 Reference value :  1.69976e-03
 Reference value :  1.72096e-03
 Reference value :  1.74818e-03
 Reference value :  1.76770e-03
 Reference value :  1.78865e-03
 Reference value :  1.80231e-03
 Reference value :  1.81678e-03
 Reference value :  1.82749e-03
 Reference value :  1.84105e-03
 Reference value :  1.85111e-03
 Reference value :  1.86528e-03
 Reference value :  1.87525e-03
 Reference value :  1.88710e-03
 Reference value :  1.89928e-03
 Reference value :  1.91379e-03
 Reference value :  1.92457e-03
 Reference value :  1.93816e-03
 Reference value :  1.94803e-03
 Reference value :  1.96243e-03
 Reference value :  1.97323e-03
 Reference value :  1.98678e-03
 Reference value :  1.99755e-03
 Reference value :  2.01099e-03
 Reference value :  2.02180e-03
 Reference value :  2.03529e-03
 Reference value :  2.04514e-03
 Reference value :  2.05954e-03
 Reference value :  2.06931e-03
 Reference value :  2.08015e-03
 Reference value :  2.09363e-03
 Reference value :  2.10452e-03
 Reference value :  2.11807e-03
 Reference value :  2.13025e-03
 Reference value :  2.14227e-03
 Reference value :  2.15487e-03
 Reference value :  2.16654e-03
 Reference value :  2.17751e-03
 Reference value :  2.19081e-03
 Reference value :  2.20165e-03
 Reference value :  2.21507e-03
 Reference value :  2.22604e-03
 Reference value :  2.23945e-03
 Reference value :  2.25039e-03
 Reference value :  2.26362e-03
 Reference value :  2.27449e-03
 Reference value :  2.28776e-03
 Reference value :  2.29874e-03
 Reference value :  2.31207e-03
 Reference value :  2.32302e-03
 Reference value :  2.33630e-03
 Reference value :  2.34724e-03
 Reference value :  2.36052e-03
 Reference value :  2.37152e-03
 Reference value :  2.38472e-03
 Reference value :  2.39577e-03
 Reference value :  2.40909e-03
 Reference value :  2.42369e-03
 Reference value :  2.43829e-03
 Reference value :  2.45106e-03
 Reference value :  2.45847e-03
 Reference value :  2.46407e-03
 Reference value :  2.47077e-03
 Reference value :  2.47813e-03
 Reference value :  2.48372e-03
 Reference value :  2.49040e-03
 Reference value :  2.49779e-03
 Reference value :  2.50584e-03
 Reference value :  2.51258e-03
 Reference value :  2.51988e-03
 Reference value :  2.52544e-03
 Reference value :  2.53214e-03
 Reference value :  2.53775e-03
 Reference value :  2.54436e-03
 Reference value :  2.55170e-03
 Reference value :  2.55908e-03
 Reference value :  2.56468e-03
 Reference value :  2.57134e-03
 Reference value :  2.57695e-03
 Reference value :  2.58371e-03
 Reference value :  2.59089e-03
 Reference value :  2.59825e-03
 Reference value :  2.60387e-03
 Reference value :  2.61058e-03
 Reference value :  2.61792e-03
 Reference value :  2.62284e-03
 Reference value :  2.63012e-03
 Reference value :  2.63517e-03
 Reference value :  2.64091e-03
 Reference value :  2.64744e-03
 Reference value :  2.65472e-03
 Reference value :  2.66034e-03
 Reference value :  2.66697e-03
 Reference value :  2.67188e-03
 Reference value :  2.67748e-03
 Reference value :  2.68241e-03
 Reference value :  2.68906e-03
 Reference value :  2.69472e-03
 Reference value :  2.70131e-03
 Reference value :  2.70629e-03
 Reference value :  2.71349e-03
 Reference value :  2.71842e-03
 Reference value :  2.72407e-03
 Reference value :  2.73061e-03
 Reference value :  2.73551e-03
 Reference value :  2.74048e-03
 Reference value :  2.74630e-03
 Reference value :  2.75265e-03
 Reference value :  2.75827e-03
 Reference value :  2.76486e-03
 Reference value :  2.77045e-03
 Reference value :  2.77706e-03
 Reference value :  2.78441e-03
 Reference value :  2.79000e-03
 Reference value :  2.79654e-03
 Reference value :  2.80386e-03
 Reference value :  2.80885e-03
 Reference value :  2.81607e-03
 Reference value :  2.82103e-03
 Reference value :  2.82830e-03
 Reference value :  2.83395e-03
 Reference value :  2.84053e-03
 Reference value :  2.84616e-03
 Reference value :  2.85274e-03
 Reference value :  2.85838e-03
 Reference value :  2.86501e-03
 Reference value :  2.87069e-03
 Reference value :  2.87732e-03
 Reference value :  2.88287e-03
 Reference value :  2.88948e-03
 Reference value :  2.89530e-03
 Reference value :  2.90239e-03
 Reference value :  2.90892e-03
 Reference value :  2.91386e-03
 Reference value :  2.92114e-03
 Reference value :  2.92610e-03
 Reference value :  2.93176e-03
 Reference value :  2.93835e-03
 Reference value :  2.94330e-03
 Reference value :  2.94893e-03
 Reference value :  2.95392e-03
 Reference value :  2.96065e-03
 Reference value :  2.96776e-03
 Reference value :  2.97268e-03
 Reference value :  2.97760e-03
 Reference value :  2.98257e-03
 Reference value :  2.98811e-03
 Reference value :  2.99311e-03
 Reference value :  2.99966e-03
 Reference value :  3.00459e-03
 Reference value :  3.00958e-03
 Reference value :  3.01517e-03
 Reference value :  3.02012e-03
 Reference value :  3.02503e-03
 Reference value :  3.03157e-03
 Reference value :  3.03653e-03
 Reference value :  3.04225e-03
 Reference value :  3.04718e-03
 Reference value :  3.05209e-03
 Reference value :  3.05700e-03
 Reference value :  3.06193e-03
 Reference value :  3.06844e-03
 Reference value :  3.07335e-03
 Reference value :  3.07827e-03
 Reference value :  3.08317e-03
 Reference value :  3.08807e-03
 Reference value :  3.09298e-03
 Reference value :  3.09790e-03
 Reference value :  3.10283e-03
 Reference value :  3.10775e-03
 Reference value :  3.11266e-03
 Reference value :  3.11757e-03
 Reference value :  3.12247e-03
 Reference value :  3.12739e-03
 Reference value :  3.13300e-03
 Reference value :  3.13796e-03
 Reference value :  3.14297e-03
 Reference value :  3.14942e-03
 Reference value :  3.15433e-03
 Reference value :  3.15926e-03
 Reference value :  3.16419e-03
 Reference value :  3.16909e-03
 Reference value :  3.17407e-03
 Reference value :  3.17967e-03
 Reference value :  3.18617e-03
 Reference value :  3.19112e-03
 Reference value :  3.19602e-03
 Reference value :  3.20163e-03
 Reference value :  3.20586e-03
 Reference value :  3.21154e-03
 Reference value :  3.21642e-03
 Reference value :  3.22133e-03
 Reference value :  3.22782e-03
 Reference value :  3.23115e-03
 Reference value :  3.23604e-03
 Reference value :  3.24095e-03
 Reference value :  3.24583e-03
 Reference value :  3.25075e-03
 Reference value :  3.25564e-03
 Reference value :  3.26059e-03
 Reference value :  3.26557e-03
 Reference value :  3.27042e-03
 Reference value :  3.27551e-03
 Reference value :  3.28181e-03
 Reference value :  3.28669e-03
 Reference value :  3.29165e-03
 Reference value :  3.29654e-03
 Reference value :  3.30144e-03
 Reference value :  3.30636e-03
 Reference value :  3.31129e-03
 Reference value :  3.31619e-03
 Reference value :  3.32111e-03
 Reference value :  3.32601e-03
 Reference value :  3.33168e-03
 Reference value :  3.33584e-03
 Reference value :  3.34145e-03
 Reference value :  3.34639e-03
 Reference value :  3.35126e-03
 Reference value :  3.35618e-03
 Reference value :  3.36110e-03
 Reference value :  3.36757e-03
 Reference value :  3.37248e-03
 Reference value :  3.37741e-03
 Reference value :  3.38232e-03
 Reference value :  3.38717e-03
 Reference value :  3.39288e-03
 Reference value :  3.39783e-03
 Reference value :  3.40275e-03
 Reference value :  3.40765e-03
 Reference value :  3.41261e-03
 Reference value :  3.41779e-03
 Reference value :  3.42400e-03
 Reference value :  3.42912e-03
 Reference value :  3.43462e-03
 Reference value :  3.43882e-03
 Reference value :  3.44434e-03
 Reference value :  3.44939e-03
 Reference value :  3.45431e-03
 Reference value :  3.45919e-03
 Reference value :  3.46569e-03
 Reference value :  3.47061e-03
 Reference value :  3.47553e-03
 Reference value :  3.48045e-03
 Reference value :  3.48563e-03
 Reference value :  3.49095e-03
 Reference value :  3.49593e-03
 Reference value :  3.50003e-03
 Reference value :  3.50491e-03
 Reference value :  3.50983e-03
 Reference value :  3.51476e-03
 Reference value :  3.51965e-03
 Reference value :  3.52460e-03
 Reference value :  3.53182e-03
 Reference value :  3.53682e-03
 Reference value :  3.54174e-03
 Reference value :  3.54664e-03
 Reference value :  3.55156e-03
 Reference value :  3.55727e-03
 Reference value :  3.56304e-03
 Reference value :  3.56870e-03
 Reference value :  3.57446e-03
 Reference value :  3.58088e-03
 Reference value :  3.58588e-03
 Reference value :  3.59079e-03
 Reference value :  3.59570e-03
 Reference value :  3.60147e-03
 Reference value :  3.60635e-03
 Reference value :  3.61279e-03
 Reference value :  3.61772e-03
 Reference value :  3.62277e-03
 Reference value :  3.62840e-03
 Reference value :  3.63477e-03
 Reference value :  3.63973e-03
 Reference value :  3.64550e-03
 Reference value :  3.65203e-03
 Reference value :  3.65779e-03
 Reference value :  3.66268e-03
 Reference value :  3.66918e-03
 Reference value :  3.67410e-03
 Reference value :  3.67908e-03
 Reference value :  3.68616e-03
 Reference value :  3.69129e-03
 Reference value :  3.69702e-03
 Reference value :  3.70213e-03
 Reference value :  3.70845e-03
 Reference value :  3.71338e-03
 Reference value :  3.72065e-03
 Reference value :  3.72648e-03
 Reference value :  3.73291e-03
 Reference value :  3.73788e-03
 Reference value :  3.74277e-03
 Reference value :  3.74769e-03
 Reference value :  3.75261e-03
 Reference value :  3.75754e-03
 Reference value :  3.76325e-03
 Reference value :  3.76819e-03
 Reference value :  3.77311e-03
 Reference value :  3.77804e-03
 Reference value :  3.78451e-03
 Reference value :  3.79025e-03
 Reference value :  3.79515e-03
 Reference value :  3.80008e-03
 Reference value :  3.80498e-03
 Reference value :  3.81142e-03
 Reference value :  3.81634e-03
 Reference value :  3.82208e-03
 Reference value :  3.82699e-03
 Reference value :  3.83347e-03
 Reference value :  3.83838e-03
 Reference value :  3.84331e-03
 Reference value :  3.84822e-03
 Reference value :  3.85510e-03
 Reference value :  3.86122e-03
 Reference value :  3.86779e-03
 Reference value :  3.87303e-03
 Reference value :  3.87849e-03
 Reference value :  3.88495e-03
 Reference value :  3.89073e-03
 Reference value :  3.89721e-03
 Reference value :  3.90296e-03
 Reference value :  3.90789e-03
 Reference value :  3.91437e-03
 Reference value :  3.91931e-03
 Reference value :  3.92501e-03
 Reference value :  3.93148e-03
 Reference value :  3.93640e-03
 Reference value :  3.94131e-03
 Reference value :  3.94670e-03
 Reference value :  3.95191e-03
 Reference value :  3.95687e-03
 Reference value :  3.96327e-03
 Reference value :  3.96828e-03
 Reference value :  3.97558e-03
 Reference value :  3.98058e-03
 Reference value :  3.98626e-03
 Reference value :  3.99272e-03
 Reference value :  3.99762e-03
 Reference value :  4.00339e-03
 Reference value :  4.00846e-03
 Reference value :  4.01478e-03
 Reference value :  4.01970e-03
 Reference value :  4.02467e-03
 Reference value :  4.03064e-03
 Reference value :  4.03577e-03
 Reference value :  4.04173e-03
 Reference value :  4.04796e-03
 Reference value :  4.05391e-03
 Reference value :  4.05884e-03
 Reference value :  4.06383e-03
 Reference value :  4.07049e-03
 Reference value :  4.07594e-03
 Reference value :  4.20109e-03
 Reference value :  4.41840e-03
 Reference value :  4.70290e-03
 Reference value :  4.98730e-03
 Reference value :  5.03964e-03
 Reference value :  5.05326e-03
 Reference value :  5.06454e-03
 Reference value :  5.07655e-03
 Reference value :  5.08690e-03
 Reference value :  5.11135e-03
 Reference value :  5.14528e-03
 Reference value :  5.17450e-03
 Reference value :  5.20849e-03
 Reference value :  5.22731e-03
 Reference value :  5.23770e-03
 Reference value :  5.24744e-03
 Reference value :  5.25722e-03
 Reference value :  5.26692e-03
 Reference value :  5.27670e-03
 Reference value :  5.28630e-03
 Reference value :  5.29618e-03
 Reference value :  5.30593e-03
 Reference value :  5.31564e-03
 Reference value :  5.32537e-03
 Reference value :  5.33501e-03
 Reference value :  5.34630e-03
 Reference value :  5.35505e-03
 Reference value :  5.36882e-03
 Reference value :  5.37854e-03
 Reference value :  5.38843e-03
 Reference value :  5.39818e-03
 Reference value :  5.40795e-03
 Reference value :  5.42029e-03
 Reference value :  5.43190e-03
 Reference value :  5.44165e-03
 Reference value :  5.45176e-03
 Reference value :  5.46543e-03
 Reference value :  5.47566e-03
 Reference value :  5.48543e-03
 Reference value :  5.49942e-03
 Reference value :  5.52291e-03
 Reference value :  5.54438e-03
 Reference value :  5.56386e-03
 Reference value :  5.58323e-03
 Reference value :  5.60335e-03
 Reference value :  5.62268e-03
 Reference value :  5.64712e-03
 Reference value :  5.66892e-03
 Reference value :  5.68938e-03
 Reference value :  5.70848e-03
 Reference value :  5.72812e-03
 Reference value :  5.74850e-03
 Reference value :  5.77632e-03
 Reference value :  5.79757e-03
 Reference value :  5.82578e-03
 Reference value :  5.85338e-03
 Reference value :  5.87266e-03
 Reference value :  5.89194e-03
 Reference value :  5.92081e-03
 Reference value :  5.94022e-03
 Reference value :  5.96926e-03
 Reference value :  5.99016e-03
 Reference value :  6.00971e-03
 Reference value :  6.03692e-03
 Reference value :  6.05794e-03
 Reference value :  6.08543e-03
 Reference value :  6.10473e-03
 Reference value :  6.12588e-03
 Reference value :  6.15321e-03
 Reference value :  6.17484e-03
 Reference value :  6.19807e-03
 Reference value :  6.21260e-03
 Reference value :  6.22328e-03
 Reference value :  6.23689e-03
 Reference value :  6.25148e-03
 Reference value :  6.26545e-03
 Reference value :  6.27671e-03
 Reference value :  6.29132e-03
 Reference value :  6.30511e-03
 Reference value :  6.31952e-03
 Reference value :  6.33050e-03
 Reference value :  6.34481e-03
 Reference value :  6.35846e-03
 Reference value :  6.37054e-03
 Reference value :  6.38378e-03
 Reference value :  6.39734e-03
 Reference value :  6.41189e-03
 Reference value :  6.42273e-03
 Reference value :  6.43718e-03
 Reference value :  6.45084e-03
 Reference value :  6.46165e-03
 Reference value :  6.47507e-03
 Reference value :  6.48960e-03
 Reference value :  6.50072e-03
 Reference value :  6.51396e-03
 Reference value :  6.52472e-03
 Reference value :  6.53456e-03
 Reference value :  6.54553e-03
 Reference value :  6.55783e-03
 Reference value :  6.56756e-03
 Reference value :  6.57738e-03
 Reference value :  6.58707e-03
 Reference value :  6.59785e-03
 Reference value :  6.60760e-03
 Reference value :  6.62090e-03
 Reference value :  6.63083e-03
 Reference value :  6.64069e-03
 Reference value :  6.65513e-03
 Reference value :  6.66598e-03
 Reference value :  6.67591e-03
 Reference value :  6.68919e-03
 Reference value :  6.69891e-03
 Reference value :  6.70984e-03
 Reference value :  6.71969e-03
 Reference value :  6.73304e-03
 Reference value :  6.74272e-03
 Reference value :  6.75360e-03
 Reference value :  6.76331e-03
 Reference value :  6.77368e-03
 Reference value :  6.78656e-03
 Reference value :  6.79631e-03
 Reference value :  6.80628e-03
 Reference value :  6.81698e-03
 Reference value :  6.83034e-03
 Reference value :  6.84000e-03
 Reference value :  6.85094e-03
 Reference value :  6.86431e-03
 Reference value :  6.87402e-03
 Reference value :  6.88492e-03
 Reference value :  6.89822e-03
 Reference value :  6.90792e-03
 Reference value :  6.91884e-03
 Reference value :  6.93226e-03
 Reference value :  6.94331e-03
 Reference value :  6.95662e-03
 Reference value :  6.96762e-03
 Reference value :  6.98085e-03
 Reference value :  6.99182e-03
 Reference value :  7.00512e-03
 Reference value :  7.01957e-03
 Reference value :  7.03057e-03
 Reference value :  7.04382e-03
 Reference value :  7.05835e-03
 Reference value :  7.06932e-03
 Reference value :  7.07614e-03
 Reference value :  7.08173e-03
 Reference value :  7.08909e-03
 Reference value :  7.09579e-03
 Reference value :  7.10137e-03
 Reference value :  7.10812e-03
 Reference value :  7.11537e-03
 Reference value :  7.12099e-03
 Reference value :  7.12766e-03
 Reference value :  7.13320e-03
 Reference value :  7.13987e-03
 Reference value :  7.14569e-03
 Reference value :  7.15284e-03
 Reference value :  7.15953e-03
 Reference value :  7.16684e-03
 Reference value :  7.17245e-03
 Reference value :  7.17909e-03
 Reference value :  7.18643e-03
 Reference value :  7.19380e-03
 Reference value :  7.19943e-03
 Reference value :  7.20611e-03
 Reference value :  7.21171e-03
 Reference value :  7.21834e-03
 Reference value :  7.22329e-03
 Reference value :  7.22890e-03
 Reference value :  7.23619e-03
 Reference value :  7.24292e-03
 Reference value :  7.24854e-03
 Reference value :  7.25517e-03
 Reference value :  7.26010e-03
 Reference value :  7.26500e-03
 Reference value :  7.26991e-03
 Reference value :  7.27547e-03
 Reference value :  7.28213e-03
 Reference value :  7.28712e-03
 Reference value :  7.29438e-03
 Reference value :  7.29932e-03
 Reference value :  7.30492e-03
 Reference value :  7.31160e-03
 Reference value :  7.31892e-03
 Reference value :  7.32460e-03
 Reference value :  7.33198e-03
 Reference value :  7.33858e-03
 Reference value :  7.34419e-03
 Reference value :  7.35078e-03
 Reference value :  7.35630e-03
 Reference value :  7.36126e-03
 Reference value :  7.36783e-03
 Reference value :  7.37350e-03
 Reference value :  7.38015e-03
 Reference value :  7.38577e-03
 Reference value :  7.39237e-03
 Reference value :  7.39803e-03
 Reference value :  7.40463e-03
 Reference value :  7.40958e-03
 Reference value :  7.41678e-03
 Reference value :  7.42181e-03
 Reference value :  7.42681e-03
 Reference value :  7.43401e-03
 Reference value :  7.43971e-03
 Reference value :  7.44631e-03
 Reference value :  7.45121e-03
 Reference value :  7.45688e-03
 Reference value :  7.46350e-03
 Reference value :  7.47078e-03
 Reference value :  7.47654e-03
 Reference value :  7.48316e-03
 Reference value :  7.48819e-03
 Reference value :  7.49542e-03
 Reference value :  7.50276e-03
 Reference value :  7.50844e-03
 Reference value :  7.51503e-03
 Reference value :  7.52235e-03
 Reference value :  7.52967e-03
 Reference value :  7.53697e-03
 Reference value :  7.54277e-03
 Reference value :  7.55008e-03
 Reference value :  7.55732e-03
 Reference value :  7.56465e-03
 Reference value :  7.57142e-03
 Reference value :  7.57705e-03
 Reference value :  7.58364e-03
 Reference value :  7.58943e-03
 Reference value :  7.59661e-03
 Reference value :  7.60320e-03
 Reference value :  7.60897e-03
 Reference value :  7.61558e-03
 Reference value :  7.62265e-03
 Reference value :  7.62792e-03
 Reference value :  7.63515e-03
 Reference value :  7.64079e-03
 Reference value :  7.64734e-03
 Reference value :  7.65229e-03
 Reference value :  7.65799e-03
 Reference value :  7.66457e-03
 Reference value :  7.66950e-03
 Reference value :  7.67685e-03
 Reference value :  7.68252e-03
 Reference value :  7.69005e-03
 Reference value :  7.69715e-03
 Reference value :  7.70375e-03
 Reference value :  7.70943e-03
 Reference value :  7.71675e-03
 Reference value :  7.72334e-03
 Reference value :  7.72905e-03
 Reference value :  7.73559e-03
 Reference value :  7.74192e-03
 Reference value :  7.74786e-03
 Reference value :  7.75502e-03
 Reference value :  7.76025e-03
 Reference value :  7.76748e-03
 Reference value :  7.77321e-03
 Reference value :  7.77977e-03
 Reference value :  7.78470e-03
 Reference value :  7.78963e-03
 Reference value :  7.79527e-03
 Reference value :  7.80188e-03
 Reference value :  7.80681e-03
 Reference value :  7.81176e-03
 Reference value :  7.81682e-03
 Reference value :  7.82388e-03
 Reference value :  7.82971e-03
 Reference value :  7.83630e-03
 Reference value :  7.84122e-03
 Reference value :  7.84693e-03
 Reference value :  7.85351e-03
 Reference value :  7.85841e-03
 Reference value :  7.86575e-03
 Reference value :  7.87311e-03
 Reference value :  7.88036e-03
 Reference value :  7.88539e-03
 Reference value :  7.89109e-03
 Reference value :  7.89779e-03
 Reference value :  7.90501e-03
 Reference value :  7.91230e-03
 Reference value :  7.91964e-03
 Reference value :  7.92534e-03
 Reference value :  7.93426e-03
 Reference value :  7.94006e-03
 Reference value :  7.94656e-03
 Reference value :  7.95229e-03
 Reference value :  7.95887e-03
 Reference value :  7.96456e-03
 Reference value :  7.97113e-03
 Reference value :  7.97686e-03
 Reference value :  7.98344e-03
 Reference value :  7.99076e-03
 Reference value :  7.99648e-03
 Reference value :  8.00383e-03
 Reference value :  8.00889e-03
 Reference value :  8.01534e-03
 Reference value :  8.02261e-03
 Reference value :  8.02771e-03
 Reference value :  8.03492e-03
 Reference value :  8.04224e-03
 Reference value :  8.04962e-03
 Reference value :  8.05691e-03
 Reference value :  8.06421e-03
 Reference value :  8.07153e-03
 Reference value :  8.07891e-03
 Reference value :  8.08620e-03
 Reference value :  8.09115e-03
 Reference value :  8.09689e-03
 Reference value :  8.10331e-03
 Reference value :  8.10828e-03
 Reference value :  8.11400e-03
 Reference value :  8.12054e-03
 Reference value :  8.12630e-03
 Reference value :  8.13281e-03
 Reference value :  8.13774e-03
 Reference value :  8.14349e-03
 Reference value :  8.15001e-03
 Reference value :  8.15572e-03
 Reference value :  8.16222e-03
 Reference value :  8.16710e-03
 Reference value :  8.17289e-03
 Reference value :  8.17937e-03
 Reference value :  8.18508e-03
 Reference value :  8.19158e-03
 Reference value :  8.19730e-03
 Reference value :  8.20383e-03
 Reference value :  8.20877e-03
 Reference value :  8.21450e-03
 Reference value :  8.22098e-03
 Reference value :  8.22591e-03
 Reference value :  8.23167e-03
 Reference value :  8.23816e-03
 Reference value :  8.24309e-03
 Reference value :  8.24871e-03
 Reference value :  8.25374e-03
 Reference value :  8.25898e-03
 Reference value :  8.26512e-03
 Reference value :  8.27002e-03
 Reference value :  8.27575e-03
 Reference value :  8.28225e-03
 Reference value :  8.28720e-03
 Reference value :  8.29214e-03
 Reference value :  8.29705e-03
 Reference value :  8.30435e-03
 Reference value :  8.30938e-03
 Reference value :  8.31494e-03
 Reference value :  8.32147e-03
 Reference value :  8.32725e-03
 Reference value :  8.33374e-03
 Reference value :  8.33946e-03
 Reference value :  8.34589e-03
 Reference value :  8.35086e-03
 Reference value :  8.35574e-03
 Reference value :  8.36067e-03
 Reference value :  8.36638e-03
 Reference value :  8.37285e-03
 Reference value :  8.37780e-03
 Reference value :  8.38516e-03
 Reference value :  8.39094e-03
 Reference value :  8.39746e-03
 Reference value :  8.40324e-03
 Reference value :  8.41004e-03
 Reference value :  8.41550e-03
 Reference value :  8.42195e-03
 Reference value :  8.42696e-03
 Reference value :  8.43425e-03
 Reference value :  8.44005e-03
 Reference value :  8.44653e-03
 Reference value :  8.45389e-03
 Reference value :  8.46127e-03
 Reference value :  8.46704e-03
 Reference value :  8.47443e-03
 Reference value :  8.48095e-03
 Reference value :  8.48830e-03
 Reference value :  8.49411e-03
 Reference value :  8.50150e-03
 Reference value :  8.50884e-03
 Reference value :  8.51538e-03
 Reference value :  8.52117e-03
 Reference value :  8.52764e-03
 Reference value :  8.53502e-03
 Reference value :  8.54081e-03
 Reference value :  8.54810e-03
 Reference value :  8.55464e-03
 Reference value :  8.56040e-03
 Reference value :  8.56688e-03
 Reference value :  8.57269e-03
 Reference value :  8.58003e-03
 Reference value :  8.58660e-03
 Reference value :  8.59389e-03
 Reference value :  8.59965e-03
 Reference value :  8.60689e-03
 Reference value :  8.61424e-03
 Reference value :  8.62083e-03
 Reference value :  8.62814e-03
 Reference value :  8.63503e-03
 Reference value :  8.64125e-03
 Reference value :  8.64860e-03
 Reference value :  8.65592e-03
 Reference value :  8.66319e-03
 Reference value :  8.66999e-03
 Reference value :  8.67709e-03
 Reference value :  8.68445e-03
 Reference value :  8.69259e-03
 Reference value :  8.69915e-03
 Reference value :  8.70611e-03
 Reference value :  8.71376e-03
 Reference value :  8.72108e-03
 Reference value :  8.72611e-03
 Reference value :  8.73340e-03
 Reference value :  8.73837e-03
 Reference value :  8.74562e-03
 Reference value :  8.75052e-03
 Reference value :  8.75627e-03
 Reference value :  8.76357e-03
 Reference value :  8.76966e-03
 Reference value :  8.77493e-03
 Reference value :  8.77990e-03
 Reference value :  8.78717e-03
 Reference value :  8.79208e-03
 Reference value :  8.79783e-03
 Reference value :  8.80420e-03
 Reference value :  8.80920e-03
 Reference value :  8.81654e-03
 Reference value :  8.82379e-03
 Reference value :  8.82962e-03
 Reference value :  8.83614e-03
 Reference value :  8.84191e-03
 Reference value :  8.84921e-03
 Reference value :  8.85574e-03
 Reference value :  8.86310e-03
 Reference value :  8.86912e-03
 Reference value :  8.87538e-03
 Reference value :  8.88270e-03
 Reference value :  8.88847e-03
 Reference value :  8.89496e-03
 Reference value :  8.90076e-03
 Reference value :  8.90727e-03
 Reference value :  8.91459e-03
 Reference value :  8.92035e-03
 Reference value :  8.92688e-03
 Reference value :  8.93428e-03
 Reference value :  8.94235e-03
 Reference value :  8.94890e-03
 Reference value :  8.95466e-03
 Reference value :  8.96117e-03
 Reference value :  8.96696e-03
 Reference value :  8.97344e-03
 Reference value :  8.98077e-03
 Reference value :  8.98655e-03
 Reference value :  8.99391e-03
 Reference value :  9.00121e-03
 Reference value :  9.00772e-03
 Reference value :  9.01504e-03
 Reference value :  9.02077e-03
 Reference value :  9.02728e-03
 Reference value :  9.03325e-03
 Reference value :  9.04032e-03
 Reference value :  9.04765e-03
 Reference value :  9.05418e-03
 Reference value :  9.05912e-03
 Reference value :  9.06485e-03
 Reference value :  9.07133e-03
 Reference value :  9.07864e-03
 Reference value :  9.08437e-03
 Reference value :  9.09088e-03
 Reference value :  9.09811e-03
 Reference value :  9.10322e-03
 Reference value :  9.11044e-03
 Reference value :  9.11620e-03
 Reference value :  9.12270e-03
 Reference value :  9.12849e-03
 Reference value :  9.13582e-03
 Reference value :  9.14232e-03
 Reference value :  9.14924e-03
 Reference value :  9.15538e-03
 Reference value :  9.16185e-03
 Reference value :  9.16914e-03
 Reference value :  9.17407e-03
 Reference value :  9.17902e-03
 Reference value :  9.18472e-03
 Reference value :  9.19119e-03
 Reference value :  9.19618e-03
 Reference value :  9.20344e-03
 Reference value :  9.20837e-03
 Reference value :  9.21330e-03
 Reference value :  9.21902e-03
 Reference value :  9.22548e-03
 Reference value :  9.23041e-03
 Reference value :  9.23532e-03
 Reference value :  9.24104e-03
 Reference value :  9.24755e-03
 Reference value :  9.25331e-03
 Reference value :  9.25984e-03
 Reference value :  9.26714e-03
 Reference value :  9.27215e-03
 Reference value :  9.27942e-03
 Reference value :  9.28474e-03
 Reference value :  9.29169e-03
 Reference value :  9.29901e-03
 Reference value :  9.30476e-03
 Reference value :  9.31128e-03
 Reference value :  9.31825e-03
 Reference value :  9.32438e-03
 Reference value :  9.33126e-03
 Reference value :  9.33825e-03
 Reference value :  9.34556e-03
 Reference value :  9.35132e-03
 Reference value :  9.35783e-03
 Reference value :  9.36361e-03
 Reference value :  9.37096e-03
 Reference value :  9.37746e-03
 Reference value :  9.38475e-03
 Reference value :  9.39208e-03
 Reference value :  9.39905e-03
 Reference value :  9.40448e-03
 Reference value :  9.41172e-03
 Reference value :  9.41746e-03
 Reference value :  9.42396e-03
 Reference value :  9.42899e-03
 Reference value :  9.43623e-03
 Reference value :  9.44203e-03
 Reference value :  9.44852e-03
 Reference value :  9.45586e-03
 Reference value :  9.46163e-03
 Reference value :  9.46813e-03
 Reference value :  9.47392e-03
 Reference value :  9.48126e-03
 Reference value :  9.48860e-03
 Reference value :  9.49510e-03
 Reference value :  9.50242e-03
 Reference value :  9.50741e-03
 Reference value :  9.51466e-03
 Reference value :  9.52041e-03
 Reference value :  9.52688e-03
 Reference value :  9.53419e-03
 Reference value :  9.54148e-03
 Reference value :  9.54731e-03
 Reference value :  9.55381e-03
 Reference value :  9.55876e-03
 Reference value :  9.56611e-03
 Reference value :  9.57336e-03
 Reference value :  9.57839e-03
 Reference value :  9.58575e-03
 Reference value :  9.59307e-03
 Reference value :  9.60038e-03
 Reference value :  9.60616e-03
 Reference value :  9.61257e-03
 Reference value :  9.61839e-03
 Reference value :  9.62493e-03
 Reference value :  9.63073e-03
 Reference value :  9.63801e-03
 Reference value :  9.64452e-03
 Reference value :  9.65028e-03
 Reference value :  9.65678e-03
 Reference value :  9.66404e-03
 Reference value :  9.67144e-03
 Reference value :  9.67882e-03
 Reference value :  9.68461e-03
 Reference value :  9.69188e-03
 Reference value :  9.69838e-03
 Reference value :  9.70415e-03
 Reference value :  9.71065e-03
 Reference value :  9.71643e-03
 Reference value :  9.72294e-03
 Reference value :  9.73031e-03
 Reference value :  9.73611e-03
 Reference value :  9.74259e-03
 Reference value :  9.74754e-03
 Reference value :  9.75484e-03
 Reference value :  9.75985e-03
 Reference value :  9.76551e-03
 Reference value :  9.77200e-03
 Reference value :  9.77699e-03
 Reference value :  9.78267e-03
 Reference value :  9.78919e-03
 Reference value :  9.79412e-03
 Reference value :  9.79905e-03
 Reference value :  9.80477e-03
 Reference value :  9.80969e-03
 Reference value :  9.81617e-03
 Reference value :  9.82346e-03
 Reference value :  9.82843e-03
 Reference value :  9.83576e-03
 Reference value :  9.84078e-03
 Reference value :  9.84885e-03
 Reference value :  9.85538e-03
 Reference value :  9.86227e-03
 Reference value :  9.86845e-03
 Reference value :  9.87493e-03
 Reference value :  9.88071e-03
 Reference value :  9.88724e-03
 Reference value :  9.89456e-03
 Reference value :  9.90192e-03
 Reference value :  9.90922e-03
 Reference value :  9.91650e-03
 Reference value :  9.92237e-03
 Reference value :  9.92967e-03
 Reference value :  9.93618e-03
 Reference value :  9.94192e-03
 Reference value :  9.94852e-03
 Reference value :  9.95581e-03
 Reference value :  9.96159e-03
 Reference value :  9.96892e-03
 Reference value :  9.97545e-03
 Reference value :  9.98270e-03
 Reference value :  9.98772e-03
 Reference value :  9.99509e-03
 Reference value :  1.00024e-02
 Reference value :  1.00082e-02
 Reference value :  1.00147e-02
 Reference value :  1.00216e-02
 Reference value :  1.00277e-02
 Reference value :  1.00342e-02
 Reference value :  1.00411e-02
 Reference value :  1.00472e-02
 Reference value :  1.00538e-02
 Reference value :  1.00595e-02
 Reference value :  1.00661e-02
 Reference value :  1.00719e-02
 Reference value :  1.00784e-02
 Reference value :  1.00841e-02
 Reference value :  1.00906e-02
 Reference value :  1.00956e-02
 Reference value :  1.01025e-02
 Reference value :  1.01078e-02
 Reference value :  1.01127e-02
 Reference value :  1.01185e-02
 Reference value :  1.01250e-02
 Reference value :  1.01308e-02
 Reference value :  1.01372e-02
 Reference value :  1.01429e-02
 Reference value :  1.01495e-02
 Reference value :  1.01544e-02
 Reference value :  1.01601e-02
 Reference value :  1.01650e-02
 Reference value :  1.01702e-02
 Reference value :  1.01764e-02
 Reference value :  1.01813e-02
 Reference value :  1.01871e-02
 Reference value :  1.01920e-02
 Reference value :  1.01984e-02
 Reference value :  1.02034e-02
 Reference value :  1.02096e-02
 Reference value :  1.02140e-02
 Reference value :  1.02204e-02
 Reference value :  1.02254e-02
 Reference value :  1.02303e-02
 Reference value :  1.02361e-02
 Reference value :  1.02410e-02
 Reference value :  1.02459e-02
 Reference value :  1.02523e-02
 Reference value :  1.02573e-02
 Reference value :  1.02622e-02
 Reference value :  1.02671e-02
 Reference value :  1.02721e-02
 Reference value :  1.02778e-02
 Reference value :  1.02843e-02
 Reference value :  1.02917e-02
 Reference value :  1.02985e-02
 Reference value :  1.03039e-02
 Reference value :  1.03112e-02
 Reference value :  1.03185e-02
 Reference value :  1.03243e-02
 Reference value :  1.03308e-02
 Reference value :  1.03381e-02
 Reference value :  1.03439e-02
 Reference value :  1.03505e-02
 Reference value :  1.03562e-02
 Reference value :  1.03627e-02
 Reference value :  1.03701e-02
 Reference value :  1.03750e-02
 Reference value :  1.03820e-02
 Reference value :  1.03881e-02
 Reference value :  1.03946e-02
 Reference value :  1.04007e-02
 Reference value :  1.04078e-02
 Reference value :  1.04143e-02
 Reference value :  1.04201e-02
 Reference value :  1.04267e-02
 Reference value :  1.04339e-02
 Reference value :  1.04397e-02
 Reference value :  1.04462e-02
 Reference value :  1.04520e-02
 Reference value :  1.04585e-02
 Reference value :  1.04658e-02
 Reference value :  1.04731e-02
 Reference value :  1.04789e-02
 Reference value :  1.04854e-02
 Reference value :  1.04912e-02
 Reference value :  1.04977e-02
 Reference value :  1.05035e-02
 Reference value :  1.05100e-02
 Reference value :  1.05174e-02
 Reference value :  1.05232e-02
 Reference value :  1.05297e-02
 Reference value :  1.05354e-02
 Reference value :  1.05420e-02
 Reference value :  1.05477e-02
 Reference value :  1.05542e-02
 Reference value :  1.05616e-02
 Reference value :  1.05673e-02
 Reference value :  1.05738e-02
 Reference value :  1.05796e-02
 Reference value :  1.05863e-02
 Reference value :  1.05935e-02
 Reference value :  1.05992e-02
 Reference value :  1.06057e-02
 Reference value :  1.06106e-02
 Reference value :  1.06155e-02
 Reference value :  1.06228e-02
 Reference value :  1.06278e-02
 Reference value :  1.06327e-02
 Reference value :  1.06384e-02
 Reference value :  1.06434e-02
 Reference value :  1.06494e-02
 Reference value :  1.06547e-02
 Reference value :  1.06596e-02
 Reference value :  1.06646e-02
 Reference value :  1.06704e-02
 Reference value :  1.06768e-02
 Reference value :  1.06817e-02
 Reference value :  1.06874e-02
 Reference value :  1.06940e-02
 Reference value :  1.06997e-02
 Reference value :  1.07062e-02
 Reference value :  1.07131e-02
 Reference value :  1.07185e-02
 Reference value :  1.07258e-02
 Reference value :  1.07315e-02
 Reference value :  1.07380e-02
 Reference value :  1.07438e-02
 Reference value :  1.07512e-02
 Reference value :  1.07577e-02
 Reference value :  1.07650e-02
 Reference value :  1.07723e-02
 Reference value :  1.07797e-02
 Reference value :  1.07855e-02
 Reference value :  1.07929e-02
 Reference value :  1.07994e-02
 Reference value :  1.08067e-02
 Reference value :  1.08125e-02
 Reference value :  1.08190e-02
 Reference value :  1.08260e-02
 Reference value :  1.08313e-02
 Reference value :  1.08370e-02
 Reference value :  1.08436e-02
 Reference value :  1.08508e-02
 Reference value :  1.08566e-02
 Reference value :  1.08631e-02
 Reference value :  1.08689e-02
 Reference value :  1.08774e-02
 Reference value :  1.08835e-02
 Reference value :  1.08900e-02
 Reference value :  1.08958e-02
 Reference value :  1.09032e-02
 Reference value :  1.09097e-02
 Reference value :  1.09170e-02
 Reference value :  1.09228e-02
 Reference value :  1.09293e-02
 Reference value :  1.09366e-02
 Reference value :  1.09424e-02
 Reference value :  1.09489e-02
 Reference value :  1.09562e-02
 Reference value :  1.09620e-02
 Reference value :  1.09686e-02
 Reference value :  1.09759e-02
 Reference value :  1.09816e-02
 Reference value :  1.09881e-02
 Reference value :  1.09951e-02
 Reference value :  1.10012e-02
 Reference value :  1.10077e-02
 Reference value :  1.10151e-02
 Reference value :  1.10209e-02
 Reference value :  1.10275e-02
 Reference value :  1.10347e-02
 Reference value :  1.10396e-02
 Reference value :  1.10446e-02
 Reference value :  1.10502e-02
 Reference value :  1.10553e-02
 Reference value :  1.10616e-02
 Reference value :  1.10674e-02
 Reference value :  1.10738e-02
 Reference value :  1.10788e-02
 Reference value :  1.10837e-02
 Reference value :  1.10906e-02
 Reference value :  1.10959e-02
 Reference value :  1.11008e-02
 Reference value :  1.11082e-02
 Reference value :  1.11132e-02
 Reference value :  1.11204e-02
 Reference value :  1.11262e-02
 Reference value :  1.11327e-02
 Reference value :  1.11385e-02
 Reference value :  1.11458e-02
 Reference value :  1.11523e-02
 Reference value :  1.11581e-02
 Reference value :  1.11646e-02
 Reference value :  1.11719e-02
 Reference value :  1.11779e-02
 Reference value :  1.11845e-02
 Reference value :  1.11915e-02
 Reference value :  1.11972e-02
 Reference value :  1.12038e-02
 Reference value :  1.12110e-02
 Reference value :  1.12169e-02
 Reference value :  1.12242e-02
 Reference value :  1.12307e-02
 Reference value :  1.12380e-02
 Reference value :  1.12438e-02
 Reference value :  1.12503e-02
 Reference value :  1.12577e-02
 Reference value :  1.12634e-02
 Reference value :  1.12699e-02
 Reference value :  1.12773e-02
 Reference value :  1.12846e-02
 Reference value :  1.12896e-02
 Reference value :  1.12977e-02
 Reference value :  1.13042e-02
 Reference value :  1.13092e-02
 Reference value :  1.13165e-02
 Reference value :  1.13238e-02
 Reference value :  1.13296e-02
 Reference value :  1.13369e-02
 Reference value :  1.13434e-02
 Reference value :  1.13508e-02
 Reference value :  1.13566e-02
 Reference value :  1.13631e-02
 Reference value :  1.13700e-02
 Reference value :  1.13762e-02
 Reference value :  1.13832e-02
 Reference value :  1.13900e-02
 Reference value :  1.13974e-02
 Reference value :  1.14033e-02
 Reference value :  1.14097e-02
 Reference value :  1.14170e-02
 Reference value :  1.14228e-02
 Reference value :  1.14312e-02
 Reference value :  1.14373e-02
 Reference value :  1.14439e-02
 Reference value :  1.14498e-02
 Reference value :  1.14562e-02
 Reference value :  1.14636e-02
 Reference value :  1.14709e-02
 Reference value :  1.14779e-02
 Reference value :  1.14834e-02
 Reference value :  1.14906e-02
 Reference value :  1.14979e-02
 Reference value :  1.15037e-02
 Reference value :  1.15103e-02
 Reference value :  1.15177e-02
 Reference value :  1.15245e-02
 Reference value :  1.15307e-02
 Reference value :  1.15372e-02
 Reference value :  1.15430e-02
 Reference value :  1.15496e-02
 Reference value :  1.15568e-02
 Reference value :  1.15642e-02
 Reference value :  1.15701e-02
 Reference value :  1.15765e-02
 Reference value :  1.15821e-02
 Reference value :  1.15871e-02
 Reference value :  1.15920e-02
 Reference value :  1.15969e-02
 Reference value :  1.16025e-02
 Reference value :  1.16083e-02
 Reference value :  1.16140e-02
 Reference value :  1.16205e-02
 Reference value :  1.16263e-02
 Reference value :  1.16313e-02
 Reference value :  1.16385e-02
 Reference value :  1.16450e-02
 Reference value :  1.16508e-02
 Reference value :  1.16573e-02
 Reference value :  1.16646e-02
 Reference value :  1.16696e-02
 Reference value :  1.16768e-02
 Reference value :  1.16826e-02
 Reference value :  1.16899e-02
 Reference value :  1.16964e-02
 Reference value :  1.17022e-02
 Reference value :  1.17096e-02
 Reference value :  1.17160e-02
 Reference value :  1.17218e-02
 Reference value :  1.17291e-02
 Reference value :  1.17356e-02
 Reference value :  1.17430e-02
 Reference value :  1.17487e-02
 Reference value :  1.17553e-02
 Reference value :  1.17626e-02
 Reference value :  1.17683e-02
 Reference value :  1.17758e-02
 Reference value :  1.17831e-02
 Reference value :  1.17904e-02
 Reference value :  1.17969e-02
 Reference value :  1.18035e-02
 Reference value :  1.18100e-02
 Reference value :  1.18166e-02
 Reference value :  1.18238e-02
 Reference value :  1.18296e-02
 Reference value :  1.18369e-02
 Reference value :  1.18434e-02
 Reference value :  1.18492e-02
 Reference value :  1.18566e-02
 Reference value :  1.18640e-02
 Reference value :  1.18705e-02
 Reference value :  1.18778e-02
 Reference value :  1.18836e-02
 Reference value :  1.18901e-02
 Reference value :  1.18959e-02
 Reference value :  1.19024e-02
 Reference value :  1.19097e-02
 Reference value :  1.19155e-02
 Reference value :  1.19221e-02
 Reference value :  1.19293e-02
 Reference value :  1.19351e-02
 Reference value :  1.19424e-02
 Reference value :  1.19497e-02
 Reference value :  1.19563e-02
 Reference value :  1.19636e-02
 Reference value :  1.19693e-02
 Reference value :  1.19759e-02
 Reference value :  1.19832e-02
 Reference value :  1.19890e-02
 Reference value :  1.19955e-02
stdout No. of Data Rows : 1985686
stdout output_peak         =  5.14407e+00 at=  8.54834e-03
stdout output_min          =  1.50106e-06 at=  2.00095e-05
stdout recovery            =  5.10586e+00 from=  1.15000e-02 to=  1.20000e-02
stdout inductor_peak       =  5.38605e+00 at=  5.03964e-03
stdout inductor_min        =  -3.08377e+00 at=  4.18825e-03
stdout bypass_peak         =  2.12906e+01 at=  4.10025e-03
