stdout Note: No compatibility mode selected!
stdout Circuit: rom flasher channel 25; sol25
stdout Doing analysis at TEMP = 27.000000 and TNOM = 27.000000
stdout Using SPARSE 1.3 as Direct Linear Solver
stdout Initial Transient Solution
stdout --------------------------
stdout Node                                   Voltage
stdout ----                                   -------
stdout cmd                                          0
stdout a                                            0
stdout gate                                         0
stdout drain                                       30
stdout dq                                          30
stdout clamprail                                   30
stdout da                                          30
stdout feed                                        30
stdout wire                                        30
stdout lp                                          30
stdout theta                              5.38788e-20
stdout lwire#branch                       1.06024e-09
stdout vlamp#branch                       1.06024e-09
stdout vdiode#branch                       1.3145e-13
stdout vclamp#branch                     -1.06024e-09
stdout vsense#branch                      1.06002e-09
stdout vcmd#branch                                  0
 Reference value :  0.00000e+00
 Reference value :  1.65266e-01
 Reference value :  3.34806e-01
 Reference value :  5.05216e-01
 Reference value :  6.77706e-01
 Reference value :  8.48696e-01
 Reference value :  1.02124e+00
 Reference value :  1.19551e+00
 Reference value :  1.37209e+00
 Reference value :  1.54727e+00
 Reference value :  1.71778e+00
 Reference value :  1.88518e+00
 Reference value :  2.05273e+00
 Reference value :  2.22152e+00
 Reference value :  2.39090e+00
 Reference value :  2.56367e+00
 Reference value :  2.73811e+00
 Reference value :  2.91275e+00
 Reference value :  3.08591e+00
 Reference value :  3.26096e+00
 Reference value :  3.43720e+00
 Reference value :  3.61133e+00
 Reference value :  3.77782e+00
 Reference value :  3.94465e+00
 Reference value :  4.12046e+00
 Reference value :  4.29211e+00
 Reference value :  4.45889e+00
 Reference value :  4.62370e+00
 Reference value :  4.78966e+00
 Reference value :  4.95476e+00
 Reference value :  5.12297e+00
 Reference value :  5.29827e+00
 Reference value :  5.47330e+00
 Reference value :  5.64205e+00
 Reference value :  5.80645e+00
 Reference value :  5.97185e+00
 Reference value :  6.13687e+00
 Reference value :  6.31051e+00
 Reference value :  6.49541e+00
 Reference value :  6.67795e+00
 Reference value :  6.86228e+00
 Reference value :  7.04700e+00
 Reference value :  7.22834e+00
 Reference value :  7.40873e+00
 Reference value :  7.58876e+00
 Reference value :  7.77616e+00
 Reference value :  7.95891e+00
 Reference value :  8.14367e+00
 Reference value :  8.32374e+00
 Reference value :  8.51093e+00
 Reference value :  8.69160e+00
 Reference value :  8.86770e+00
 Reference value :  9.05104e+00
 Reference value :  9.22756e+00
 Reference value :  9.40987e+00
 Reference value :  9.58736e+00
 Reference value :  9.75967e+00
 Reference value :  9.93009e+00
 Reference value :  1.01127e+01
stdout No. of Data Rows : 1023637
stdout sim_end = 1.023000e+01
stdout vds_peak            =  3.08669e+01 at=  1.02000e+01
stdout vgs_peak            =  4.48784e+00 at=  1.01616e+01
stdout current_peak        =  1.57186e+01 at=  1.01617e+01
stdout current_avg         =  1.30231e-02 from=  2.00000e-01 to=  1.02000e+01
stdout diode_average       =  5.90480e-07 from=  2.00000e-01 to=  1.02000e+01
stdout power_average       =  8.06723e-04 from=  2.00000e-01 to=  1.02000e+01
stdout tj = 5.005002e+01
