stdout Note: No compatibility mode selected!
stdout Circuit: rom flasher channel 24; sol24
stdout Doing analysis at TEMP = 27.000000 and TNOM = 27.000000
stdout Using SPARSE 1.3 as Direct Linear Solver
stdout Initial Transient Solution
stdout --------------------------
stdout Node                                   Voltage
stdout ----                                   -------
stdout cmd                                          0
stdout a                                            0
stdout gate                                         0
stdout drain                                       30
stdout dq                                          30
stdout clamprail                                   30
stdout da                                          30
stdout feed                                        30
stdout wire                                        30
stdout lp                                          30
stdout theta                              2.15452e-19
stdout lwire#branch                       1.06007e-09
stdout vlamp#branch                       1.06007e-09
stdout vdiode#branch                     -4.61853e-14
stdout vclamp#branch                     -1.06007e-09
stdout vsense#branch                      1.06002e-09
stdout vcmd#branch                                  0
 Reference value :  6.56660e-02
 Reference value :  2.48859e-01
 Reference value :  4.39482e-01
 Reference value :  6.28621e-01
 Reference value :  8.18189e-01
 Reference value :  1.00004e+00
 Reference value :  1.18422e+00
 Reference value :  1.37019e+00
 Reference value :  1.56399e+00
 Reference value :  1.74292e+00
 Reference value :  1.91774e+00
 Reference value :  2.10038e+00
 Reference value :  2.28587e+00
 Reference value :  2.46224e+00
 Reference value :  2.63798e+00
 Reference value :  2.81436e+00
 Reference value :  3.00126e+00
 Reference value :  3.17745e+00
 Reference value :  3.35890e+00
 Reference value :  3.54215e+00
 Reference value :  3.72967e+00
 Reference value :  3.90595e+00
 Reference value :  4.08657e+00
 Reference value :  4.26972e+00
 Reference value :  4.46274e+00
 Reference value :  4.65523e+00
 Reference value :  4.83282e+00
 Reference value :  5.00827e+00
 Reference value :  5.18785e+00
 Reference value :  5.36211e+00
 Reference value :  5.53060e+00
 Reference value :  5.69418e+00
 Reference value :  5.86990e+00
 Reference value :  6.04574e+00
 Reference value :  6.21117e+00
 Reference value :  6.38200e+00
 Reference value :  6.55005e+00
 Reference value :  6.71598e+00
 Reference value :  6.88204e+00
 Reference value :  7.04901e+00
 Reference value :  7.21816e+00
 Reference value :  7.38574e+00
 Reference value :  7.55683e+00
 Reference value :  7.71605e+00
 Reference value :  7.87747e+00
 Reference value :  8.04538e+00
 Reference value :  8.20622e+00
 Reference value :  8.36868e+00
 Reference value :  8.53546e+00
 Reference value :  8.69547e+00
 Reference value :  8.85681e+00
 Reference value :  9.02005e+00
 Reference value :  9.19028e+00
 Reference value :  9.35756e+00
 Reference value :  9.51178e+00
 Reference value :  9.66420e+00
 Reference value :  9.83144e+00
 Reference value :  1.00024e+01
 Reference value :  1.01691e+01
stdout No. of Data Rows : 1036787
stdout sim_end = 1.023000e+01
stdout vds_peak            =  3.08513e+01 at=  5.66640e-01
stdout vgs_peak            =  4.49222e+00 at=  2.09148e+00
stdout current_peak        =  9.07805e+00 at=  1.28136e+00
stdout current_avg         =  1.25124e-01 from=  2.00000e-01 to=  1.02000e+01
stdout diode_average       =  6.57342e-06 from=  2.00000e-01 to=  1.02000e+01
stdout power_average       =  4.21357e-03 from=  2.00000e-01 to=  1.02000e+01
stdout tj = 5.026124e+01
