stdout Note: No compatibility mode selected!
stdout Circuit: rom flasher channel 23; sol23
stdout Doing analysis at TEMP = 27.000000 and TNOM = 27.000000
stdout Using SPARSE 1.3 as Direct Linear Solver
stdout Initial Transient Solution
stdout --------------------------
stdout Node                                   Voltage
stdout ----                                   -------
stdout cmd                                          0
stdout a                                            0
stdout gate                                         0
stdout drain                                       30
stdout dq                                          30
stdout clamprail                                   30
stdout da                                          30
stdout feed                                        30
stdout wire                                        30
stdout lp                                          30
stdout theta                              1.34661e-20
stdout lwire#branch                       1.06007e-09
stdout vlamp#branch                       1.06007e-09
stdout vdiode#branch                      -4.9738e-14
stdout vclamp#branch                     -1.06007e-09
stdout vsense#branch                      1.06002e-09
stdout vcmd#branch                                  0
 Reference value :  4.12600e-03
 Reference value :  1.87176e-01
 Reference value :  3.72636e-01
 Reference value :  5.59676e-01
 Reference value :  7.51576e-01
 Reference value :  9.33396e-01
 Reference value :  1.11184e+00
 Reference value :  1.30011e+00
 Reference value :  1.48972e+00
 Reference value :  1.67925e+00
 Reference value :  1.86117e+00
 Reference value :  2.05054e+00
 Reference value :  2.23734e+00
 Reference value :  2.42741e+00
 Reference value :  2.60854e+00
 Reference value :  2.79608e+00
 Reference value :  2.98312e+00
 Reference value :  3.16098e+00
 Reference value :  3.34566e+00
 Reference value :  3.53296e+00
 Reference value :  3.72145e+00
 Reference value :  3.89907e+00
 Reference value :  4.07002e+00
 Reference value :  4.25384e+00
 Reference value :  4.43667e+00
 Reference value :  4.62216e+00
 Reference value :  4.79306e+00
 Reference value :  4.97404e+00
 Reference value :  5.15935e+00
 Reference value :  5.35473e+00
 Reference value :  5.53834e+00
 Reference value :  5.72000e+00
 Reference value :  5.91111e+00
 Reference value :  6.09860e+00
 Reference value :  6.28402e+00
 Reference value :  6.47576e+00
 Reference value :  6.66056e+00
 Reference value :  6.85041e+00
 Reference value :  7.03650e+00
 Reference value :  7.21491e+00
 Reference value :  7.38638e+00
 Reference value :  7.55979e+00
 Reference value :  7.74113e+00
 Reference value :  7.92627e+00
 Reference value :  8.11002e+00
 Reference value :  8.29312e+00
 Reference value :  8.46741e+00
 Reference value :  8.63996e+00
 Reference value :  8.80796e+00
 Reference value :  8.98419e+00
 Reference value :  9.16732e+00
 Reference value :  9.34278e+00
 Reference value :  9.52595e+00
 Reference value :  9.70302e+00
 Reference value :  9.87393e+00
 Reference value :  1.00609e+01
 Reference value :  1.02282e+01
stdout No. of Data Rows : 1023651
stdout sim_end = 1.023000e+01
stdout vds_peak            =  3.10992e+01 at=  1.02000e+01
stdout vgs_peak            =  4.48135e+00 at=  1.01655e+01
stdout current_peak        =  2.67295e+01 at=  1.01657e+01
stdout current_avg         =  2.35509e-02 from=  2.00000e-01 to=  1.02000e+01
stdout diode_average       =  2.47626e-06 from=  2.00000e-01 to=  1.02000e+01
stdout power_average       =  3.01622e-03 from=  2.00000e-01 to=  1.02000e+01
stdout tj = 5.018701e+01
