stdout Note: No compatibility mode selected!
stdout Circuit: bridge loss sensitivity: br1 stps20m100st to220 with individual boyd 577202b00000g sinks. other low-voltage bridges stps20m100sg d2pak. 50 c ambient. electrical winding/load assumptions remain to be measured. d2pak lumped temperatures are screening estimates; geometry thermal_mesh.py is the separate layout assessment.
stdout Doing analysis at TEMP = 27.000000 and TNOM = 27.000000
stdout Using KLU as Direct Linear Solver
stdout Operating point simulation skipped by 'uic',
stdout now using transient initial conditions.
 Reference value :  2.48866e-03
 Reference value :  6.67666e-03
 Reference value :  1.08697e-02
 Reference value :  1.49667e-02
 Reference value :  1.92107e-02
 Reference value :  2.34207e-02
 Reference value :  2.76817e-02
 Reference value :  3.18607e-02
 Reference value :  3.61087e-02
 Reference value :  4.03347e-02
 Reference value :  4.45677e-02
 Reference value :  4.87687e-02
stdout No. of Data Rows : 50017
stdout sim_end = 5.000000e-02
stdout peak_5a             =  1.18111e+02 at=  1.00000e-08
stdout i2t_5a              =  8.75606e+00 from=  1.00000e-08 to=  5.00000e-02
stdout peak_20a            =  2.17717e+02 at=  1.00000e-08
stdout i2t_20a             =  2.68792e+01 from=  1.00000e-08 to=  5.00000e-02
stdout peak_12b            =  3.60734e+01 at=  1.00000e-08
stdout i2t_12b             =  3.03704e+00 from=  1.00000e-08 to=  5.00000e-02
