stdout Note: No compatibility mode selected!
stdout Circuit: bridge loss sensitivity: br1 stps20m100st to220 with individual boyd 577202b00000g sinks. other low-voltage bridges stps20m100sg d2pak. 50 c ambient. electrical winding/load assumptions remain to be measured. d2pak lumped temperatures are screening estimates; geometry thermal_mesh.py is the separate layout assessment.
stdout Doing analysis at TEMP = 27.000000 and TNOM = 27.000000
stdout Using KLU as Direct Linear Solver
stdout Operating point simulation skipped by 'uic',
stdout now using transient initial conditions.
 Reference value :  9.64711e-04
 Reference value :  4.85371e-03
 Reference value :  8.84171e-03
 Reference value :  1.28797e-02
 Reference value :  1.68627e-02
 Reference value :  2.08317e-02
 Reference value :  2.47947e-02
 Reference value :  2.87727e-02
 Reference value :  3.27697e-02
 Reference value :  3.67397e-02
 Reference value :  4.07467e-02
 Reference value :  4.47367e-02
 Reference value :  4.87097e-02
stdout No. of Data Rows : 50012
stdout sim_end = 5.000000e-02
stdout peak_5a             =  4.07113e+01 at=  1.92671e-03
stdout i2t_5a              =  5.32931e+00 from=  1.00000e-08 to=  5.00000e-02
stdout peak_20a            =  7.36057e+01 at=  1.85171e-03
stdout i2t_20a             =  1.53029e+01 from=  1.00000e-08 to=  5.00000e-02
stdout peak_12b            =  3.50200e+01 at=  3.29771e-03
stdout i2t_12b             =  4.73556e+00 from=  1.00000e-08 to=  5.00000e-02
