stdout Note: No compatibility mode selected!
stdout Circuit: bridge loss sensitivity: br1 stps20m100st to220 with individual boyd 577202b00000g sinks. other low-voltage bridges stps20m100sg d2pak. 50 c ambient. electrical winding/load assumptions remain to be measured. d2pak lumped temperatures are screening estimates; geometry thermal_mesh.py is the separate layout assessment.
stdout Doing analysis at TEMP = 27.000000 and TNOM = 27.000000
stdout Using KLU as Direct Linear Solver
stdout Operating point simulation skipped by 'uic',
stdout now using transient initial conditions.
 Reference value :  2.65271e-03
 Reference value :  6.67271e-03
 Reference value :  1.07787e-02
 Reference value :  1.47987e-02
 Reference value :  1.88027e-02
 Reference value :  2.28757e-02
 Reference value :  2.69397e-02
 Reference value :  3.09667e-02
 Reference value :  3.49917e-02
 Reference value :  3.90867e-02
 Reference value :  4.31747e-02
 Reference value :  4.72517e-02
stdout No. of Data Rows : 50012
stdout sim_end = 5.000000e-02
stdout peak_5a             =  3.51140e+01 at=  2.48971e-03
stdout i2t_5a              =  4.46809e+00 from=  1.00000e-08 to=  5.00000e-02
stdout peak_20a            =  6.36953e+01 at=  2.42771e-03
stdout i2t_20a             =  1.27726e+01 from=  1.00000e-08 to=  5.00000e-02
stdout peak_12b            =  2.36559e+01 at=  3.88171e-03
stdout i2t_12b             =  2.75004e+00 from=  1.00000e-08 to=  5.00000e-02
