stdout Note: No compatibility mode selected!
stdout Circuit: bridge loss sensitivity: br1 stps20m100st to220 with individual boyd 577202b00000g sinks. other low-voltage bridges stps20m100sg d2pak. 50 c ambient. electrical winding/load assumptions remain to be measured. d2pak lumped temperatures are screening estimates; geometry thermal_mesh.py is the separate layout assessment.
stdout Doing analysis at TEMP = 27.000000 and TNOM = 27.000000
stdout Using KLU as Direct Linear Solver
stdout Operating point simulation skipped by 'uic',
stdout now using transient initial conditions.
 Reference value :  3.05171e-03
 Reference value :  7.37871e-03
 Reference value :  1.17017e-02
 Reference value :  1.59557e-02
 Reference value :  2.01697e-02
 Reference value :  2.44387e-02
 Reference value :  2.86847e-02
 Reference value :  3.28367e-02
 Reference value :  3.70007e-02
 Reference value :  4.12407e-02
 Reference value :  4.54957e-02
 Reference value :  4.97087e-02
stdout No. of Data Rows : 50012
stdout sim_end = 5.000000e-02
stdout peak_5a             =  4.70737e+01 at=  1.74071e-03
stdout i2t_5a              =  6.02161e+00 from=  1.00000e-08 to=  5.00000e-02
stdout peak_20a            =  8.52063e+01 at=  1.68071e-03
stdout i2t_20a             =  1.75922e+01 from=  1.00000e-08 to=  5.00000e-02
stdout peak_12b            =  3.81931e+01 at=  2.88971e-03
stdout i2t_12b             =  4.96955e+00 from=  1.00000e-08 to=  5.00000e-02
