stdout Note: No compatibility mode selected!
stdout Circuit: bridge loss sensitivity: br1 stps20m100st to220 with individual boyd 577202b00000g sinks. other low-voltage bridges stps20m100sg d2pak. 50 c ambient. electrical winding/load assumptions remain to be measured. d2pak lumped temperatures are screening estimates; geometry thermal_mesh.py is the separate layout assessment.
stdout Doing analysis at TEMP = 27.000000 and TNOM = 27.000000
stdout Using KLU as Direct Linear Solver
stdout Operating point simulation skipped by 'uic',
stdout now using transient initial conditions.
 Reference value :  3.22471e-03
 Reference value :  7.41071e-03
 Reference value :  1.16347e-02
 Reference value :  1.58427e-02
 Reference value :  2.00407e-02
 Reference value :  2.42237e-02
 Reference value :  2.84257e-02
 Reference value :  3.26127e-02
 Reference value :  3.67757e-02
 Reference value :  4.08977e-02
 Reference value :  4.50587e-02
 Reference value :  4.92157e-02
stdout No. of Data Rows : 50012
stdout sim_end = 5.000000e-02
stdout peak_5a             =  3.97281e+01 at=  2.22371e-03
stdout i2t_5a              =  4.89728e+00 from=  1.00000e-08 to=  5.00000e-02
stdout peak_20a            =  7.21492e+01 at=  2.17371e-03
stdout i2t_20a             =  1.41789e+01 from=  1.00000e-08 to=  5.00000e-02
stdout peak_12b            =  2.50760e+01 at=  3.34671e-03
stdout i2t_12b             =  2.80338e+00 from=  1.00000e-08 to=  5.00000e-02
