stdout Note: No compatibility mode selected!
stdout Circuit: bridge loss sensitivity: br1 stps20m100st to220 with individual boyd 577202b00000g sinks. other low-voltage bridges stps20m100sg d2pak. 50 c ambient. electrical winding/load assumptions remain to be measured. d2pak lumped temperatures are screening estimates; geometry thermal_mesh.py is the separate layout assessment.
stdout Doing analysis at TEMP = 27.000000 and TNOM = 27.000000
stdout Using KLU as Direct Linear Solver
stdout Operating point simulation skipped by 'uic',
stdout now using transient initial conditions.
 Reference value :  3.56566e-03
 Reference value :  7.86966e-03
 Reference value :  1.21797e-02
 Reference value :  1.65187e-02
 Reference value :  2.07097e-02
 Reference value :  2.49727e-02
 Reference value :  2.91697e-02
 Reference value :  3.34027e-02
 Reference value :  3.75467e-02
 Reference value :  4.17557e-02
 Reference value :  4.59987e-02
stdout No. of Data Rows : 50017
stdout sim_end = 5.000000e-02
stdout peak_5a             =  1.18111e+02 at=  1.00000e-08
stdout i2t_5a              =  8.65046e+00 from=  1.00000e-08 to=  5.00000e-02
stdout peak_20a            =  2.17717e+02 at=  1.00000e-08
stdout i2t_20a             =  2.64552e+01 from=  1.00000e-08 to=  5.00000e-02
stdout peak_12b            =  3.60734e+01 at=  1.00000e-08
stdout i2t_12b             =  3.01465e+00 from=  1.00000e-08 to=  5.00000e-02
