stdout Note: No compatibility mode selected!
stdout Circuit: jlc-3 u20 load_step; engineering averaged controller, not ti vendor model
stdout Doing analysis at TEMP = 27.000000 and TNOM = 27.000000
stdout Using KLU as Direct Linear Solver
stdout Operating point simulation skipped by 'uic',
stdout now using transient initial conditions.
 Reference value :  2.78992e-03
 Reference value :  2.19414e-02
 Reference value :  4.25039e-02
 Reference value :  6.34816e-02
 Reference value :  8.36676e-02
 Reference value :  1.04062e-01
stdout No. of Data Rows : 60193
stdout sim_end = 1.200000000000e-01
stdout output_peak         =  5.25305e+00 at=  5.50393e-02
stdout output_floor        =  0.00000e+00 at=  4.00000e-08
stdout settled_min         =  5.05854e+00 at=  1.20000e-01
stdout settled_max         =  5.05854e+00 at=  1.05002e-01
stdout step_min            =  4.86397e+00 at=  2.50379e-02
stdout step_max            =  5.25305e+00 at=  5.50393e-02
stdout input_min           =  1.05559e+01 at=  1.14166e-01
stdout inductor_average_peak=  3.33823e+00 at=  2.51099e-02
stdout inductor_average_min=  -1.09305e-18 at=  3.21273e-03
stdout shunt_current_peak  =  3.32869e+00 at=  2.51099e-02
stdout shunt_current_min   =  -1.64007e-21 at=  3.21211e-03
stdout secondary_rms       =  1.06540e-01 from=  1.00000e-01 to=  1.20000e-01
