stdout Note: No compatibility mode selected!
stdout Circuit: jlc-3 u20 startup; engineering averaged controller, not ti vendor model
stdout Doing analysis at TEMP = 27.000000 and TNOM = 27.000000
stdout Using KLU as Direct Linear Solver
stdout Operating point simulation skipped by 'uic',
stdout now using transient initial conditions.
 Reference value :  2.00000e-08
 Reference value :  2.11198e-02
 Reference value :  4.26158e-02
 Reference value :  6.26558e-02
 Reference value :  8.40898e-02
 Reference value :  1.04682e-01
stdout No. of Data Rows : 60146
stdout sim_end = 1.200000000000e-01
stdout output_peak         =  5.05882e+00 at=  1.19999e-01
stdout output_floor        =  0.00000e+00 at=  4.00000e-08
stdout settled_min         =  5.05882e+00 at=  1.20000e-01
stdout settled_max         =  5.05882e+00 at=  1.19999e-01
stdout step_min            =  5.05871e+00 at=  2.40018e-02
stdout step_max            =  5.05882e+00 at=  6.49998e-02
stdout input_min           =  1.08937e+01 at=  1.13126e-01
stdout inductor_average_peak=  3.80786e+00 at=  3.01004e-03
stdout inductor_average_min=  -1.12801e-18 at=  2.66303e-03
stdout shunt_current_peak  =  3.78905e+00 at=  3.01004e-03
stdout shunt_current_min   =  -3.88859e-20 at=  2.66211e-03
stdout secondary_rms       =  2.92085e+00 from=  1.00000e-01 to=  1.20000e-01
