stdout Note: No compatibility mode selected!
stdout Circuit: jlc-3 u20 loss_restart; engineering averaged controller, not ti vendor model
stdout Doing analysis at TEMP = 27.000000 and TNOM = 27.000000
stdout Using KLU as Direct Linear Solver
stdout Operating point simulation skipped by 'uic',
stdout now using transient initial conditions.
 Reference value :  9.27920e-04
 Reference value :  2.07795e-02
 Reference value :  4.12037e-02
 Reference value :  6.19337e-02
 Reference value :  8.23417e-02
 Reference value :  1.01649e-01
stdout No. of Data Rows : 60335
stdout sim_end = 1.200000000000e-01
stdout output_peak         =  5.05890e+00 at=  1.20000e-01
stdout output_floor        =  0.00000e+00 at=  4.00000e-08
stdout settled_min         =  5.05873e+00 at=  1.05001e-01
stdout settled_max         =  5.05890e+00 at=  1.20000e-01
stdout step_min            =  3.15357e-28 at=  6.49997e-02
stdout step_max            =  5.05881e+00 at=  3.73728e-02
stdout input_min           =  7.98364e+00 at=  1.12771e-01
stdout inductor_average_peak=  3.80786e+00 at=  3.55978e-03
stdout inductor_average_min=  -1.09305e-18 at=  3.21273e-03
stdout shunt_current_peak  =  3.78906e+00 at=  8.53473e-02
stdout shunt_current_min   =  -3.88859e-20 at=  8.49999e-02
stdout secondary_rms       =  3.61445e+00 from=  1.00000e-01 to=  1.20000e-01
