stdout Note: No compatibility mode selected!
stdout Circuit: jlc-3 u20 startup; engineering averaged controller, not ti vendor model
stdout Doing analysis at TEMP = 27.000000 and TNOM = 27.000000
stdout Using KLU as Direct Linear Solver
stdout Operating point simulation skipped by 'uic',
stdout now using transient initial conditions.
 Reference value :  1.54823e-02
 Reference value :  3.67183e-02
 Reference value :  5.84723e-02
 Reference value :  7.99243e-02
 Reference value :  1.01688e-01
stdout No. of Data Rows : 60075
stdout sim_end = 1.200000000000e-01
stdout output_peak         =  5.05879e+00 at=  1.20000e-01
stdout output_floor        =  0.00000e+00 at=  4.00000e-08
stdout settled_min         =  5.05879e+00 at=  1.19998e-01
stdout settled_max         =  5.05879e+00 at=  1.20000e-01
stdout step_min            =  5.05869e+00 at=  2.40003e-02
stdout step_max            =  5.05879e+00 at=  6.49983e-02
stdout input_min           =  1.10383e+01 at=  1.19316e-01
stdout inductor_average_peak=  3.80786e+00 at=  2.68230e-03
stdout inductor_average_min=  -1.06472e-18 at=  2.33460e-03
stdout shunt_current_peak  =  3.78906e+00 at=  2.68230e-03
stdout shunt_current_min   =  -3.89597e-20 at=  2.33411e-03
stdout secondary_rms       =  2.76119e+00 from=  1.00000e-01 to=  1.20000e-01
