stdout Note: No compatibility mode selected!
stdout Circuit: jlc-3 u20 prebiased; engineering averaged controller, not ti vendor model
stdout Doing analysis at TEMP = 27.000000 and TNOM = 27.000000
stdout Using KLU as Direct Linear Solver
stdout Operating point simulation skipped by 'uic',
stdout now using transient initial conditions.
 Reference value :  1.68159e-02
 Reference value :  3.66781e-02
 Reference value :  5.60901e-02
 Reference value :  7.67141e-02
 Reference value :  9.69521e-02
 Reference value :  1.17202e-01
stdout No. of Data Rows : 60185
stdout sim_end = 1.200000000000e-01
stdout output_peak         =  5.07642e+00 at=  3.14935e-02
stdout output_floor        =  3.83216e+00 at=  3.05545e-02
stdout settled_min         =  5.05891e+00 at=  1.20000e-01
stdout settled_max         =  5.05891e+00 at=  1.05030e-01
stdout step_min            =  3.83216e+00 at=  3.05545e-02
stdout step_max            =  5.07642e+00 at=  3.14935e-02
stdout input_min           =  1.05923e+01 at=  1.11832e-01
stdout inductor_average_peak=  8.38913e-01 at=  3.06918e-02
stdout inductor_average_min=  -3.08791e-319 at=  1.94792e-03
stdout shunt_current_peak  =  8.22876e-01 at=  3.06938e-02
stdout shunt_current_min   =  2.71006e-04 at=  2.00000e-06
stdout secondary_rms       =  6.98857e-02 from=  1.00000e-01 to=  1.20000e-01
