stdout Note: No compatibility mode selected!
stdout Circuit: jlc-3 u20 loss_restart; engineering averaged controller, not ti vendor model
stdout Doing analysis at TEMP = 27.000000 and TNOM = 27.000000
stdout Using KLU as Direct Linear Solver
stdout Operating point simulation skipped by 'uic',
stdout now using transient initial conditions.
 Reference value :  2.19992e-03
 Reference value :  2.21623e-02
 Reference value :  4.24923e-02
 Reference value :  6.36352e-02
 Reference value :  8.47872e-02
 Reference value :  1.04500e-01
stdout No. of Data Rows : 60201
stdout sim_end = 1.200000000000e-01
stdout output_peak         =  5.05879e+00 at=  4.85197e-02
stdout output_floor        =  0.00000e+00 at=  4.00000e-08
stdout settled_min         =  5.05857e+00 at=  1.05000e-01
stdout settled_max         =  5.05874e+00 at=  1.20000e-01
stdout step_min            =  2.08164e-26 at=  6.49992e-02
stdout step_max            =  5.05879e+00 at=  4.85197e-02
stdout input_min           =  1.10065e+01 at=  1.10972e-01
stdout inductor_average_peak=  3.80786e+00 at=  8.53642e-02
stdout inductor_average_min=  -1.06472e-18 at=  2.33460e-03
stdout shunt_current_peak  =  3.78906e+00 at=  2.68230e-03
stdout shunt_current_min   =  -3.89597e-20 at=  2.33411e-03
stdout secondary_rms       =  2.86714e+00 from=  1.00000e-01 to=  1.20000e-01
