stdout Note: No compatibility mode selected!
stdout Circuit: jlc-3 u20 prebiased; engineering averaged controller, not ti vendor model
stdout Doing analysis at TEMP = 27.000000 and TNOM = 27.000000
stdout Using KLU as Direct Linear Solver
stdout Operating point simulation skipped by 'uic',
stdout now using transient initial conditions.
 Reference value :  1.74799e-02
 Reference value :  3.85052e-02
 Reference value :  5.89872e-02
 Reference value :  8.05252e-02
 Reference value :  1.01799e-01
stdout No. of Data Rows : 60157
stdout sim_end = 1.200000000000e-01
stdout output_peak         =  5.07630e+00 at=  3.10055e-02
stdout output_floor        =  3.85025e+00 at=  3.00798e-02
stdout settled_min         =  5.05889e+00 at=  1.10129e-01
stdout settled_max         =  5.05889e+00 at=  1.05001e-01
stdout step_min            =  3.85025e+00 at=  3.00798e-02
stdout step_max            =  5.07630e+00 at=  3.10055e-02
stdout input_min           =  1.31215e+01 at=  1.11875e-01
stdout inductor_average_peak=  8.38928e-01 at=  3.02177e-02
stdout inductor_average_min=  -3.08791e-319 at=  1.94792e-03
stdout shunt_current_peak  =  8.22887e-01 at=  3.02177e-02
stdout shunt_current_min   =  2.71006e-04 at=  2.00000e-06
stdout secondary_rms       =  7.40966e-02 from=  1.00000e-01 to=  1.20000e-01
