stdout Note: No compatibility mode selected!
stdout Circuit: jlc-3 u20 prebiased; engineering averaged controller, not ti vendor model
stdout Doing analysis at TEMP = 27.000000 and TNOM = 27.000000
stdout Using KLU as Direct Linear Solver
stdout Operating point simulation skipped by 'uic',
stdout now using transient initial conditions.
 Reference value :  1.23679e-02
 Reference value :  3.17580e-02
 Reference value :  5.26580e-02
 Reference value :  7.40640e-02
 Reference value :  9.54820e-02
 Reference value :  1.17028e-01
stdout No. of Data Rows : 60215
stdout sim_end = 1.200000000000e-01
stdout output_peak         =  5.07571e+00 at=  2.91889e-02
stdout output_floor        =  3.91761e+00 at=  2.83098e-02
stdout settled_min         =  5.05871e+00 at=  1.08030e-01
stdout settled_max         =  5.05871e+00 at=  1.05006e-01
stdout step_min            =  3.91761e+00 at=  2.83098e-02
stdout step_max            =  5.07571e+00 at=  2.91889e-02
stdout input_min           =  1.31210e+01 at=  1.14260e-01
stdout inductor_average_peak=  8.38921e-01 at=  2.84489e-02
stdout inductor_average_min=  -3.08791e-319 at=  1.94792e-03
stdout shunt_current_peak  =  8.22895e-01 at=  2.84489e-02
stdout shunt_current_min   =  2.71006e-04 at=  2.00000e-06
stdout secondary_rms       =  8.10568e-02 from=  1.00000e-01 to=  1.20000e-01
