stdout Note: No compatibility mode selected!
stdout Circuit: jlc-3 u20 startup; engineering averaged controller, not ti vendor model
stdout Doing analysis at TEMP = 27.000000 and TNOM = 27.000000
stdout Using KLU as Direct Linear Solver
stdout Operating point simulation skipped by 'uic',
stdout now using transient initial conditions.
 Reference value :  2.00000e-08
 Reference value :  2.03935e-02
 Reference value :  4.15175e-02
 Reference value :  6.21715e-02
 Reference value :  8.08495e-02
 Reference value :  1.00698e-01
stdout No. of Data Rows : 60111
stdout sim_end = 1.200000000000e-01
stdout output_peak         =  5.05882e+00 at=  1.19999e-01
stdout output_floor        =  0.00000e+00 at=  4.00000e-08
stdout settled_min         =  5.05882e+00 at=  1.20000e-01
stdout settled_max         =  5.05882e+00 at=  1.19999e-01
stdout step_min            =  5.05868e+00 at=  2.40015e-02
stdout step_max            =  5.05882e+00 at=  6.49995e-02
stdout input_min           =  8.00012e+00 at=  1.12778e-01
stdout inductor_average_peak=  3.80786e+00 at=  3.55978e-03
stdout inductor_average_min=  -1.09305e-18 at=  3.21273e-03
stdout shunt_current_peak  =  3.78905e+00 at=  3.55978e-03
stdout shunt_current_min   =  -3.88859e-20 at=  3.21211e-03
stdout secondary_rms       =  3.52497e+00 from=  1.00000e-01 to=  1.20000e-01
