stdout Note: No compatibility mode selected!
stdout Circuit: jlc-3 u20 prebiased; engineering averaged controller, not ti vendor model
stdout Doing analysis at TEMP = 27.000000 and TNOM = 27.000000
stdout Using KLU as Direct Linear Solver
stdout Operating point simulation skipped by 'uic',
stdout now using transient initial conditions.
 Reference value :  4.02992e-03
 Reference value :  2.53023e-02
 Reference value :  4.64505e-02
 Reference value :  6.81805e-02
 Reference value :  8.97405e-02
 Reference value :  1.11344e-01
stdout No. of Data Rows : 60149
stdout sim_end = 1.200000000000e-01
stdout output_peak         =  5.07664e+00 at=  2.96198e-02
stdout output_floor        =  3.90165e+00 at=  2.87290e-02
stdout settled_min         =  5.05953e+00 at=  1.20000e-01
stdout settled_max         =  5.05953e+00 at=  1.05000e-01
stdout step_min            =  3.90165e+00 at=  2.87290e-02
stdout step_max            =  5.07664e+00 at=  2.96198e-02
stdout input_min           =  1.05917e+01 at=  1.14208e-01
stdout inductor_average_peak=  8.38919e-01 at=  2.88681e-02
stdout inductor_average_min=  -3.08791e-319 at=  1.94792e-03
stdout shunt_current_peak  =  8.22893e-01 at=  2.88681e-02
stdout shunt_current_min   =  2.71006e-04 at=  2.00000e-06
stdout secondary_rms       =  7.63809e-02 from=  1.00000e-01 to=  1.20000e-01
