stdout Note: No compatibility mode selected!
stdout Circuit: jlc-3 u21 prebiased; engineering averaged controller, not ti vendor model
stdout Doing analysis at TEMP = 27.000000 and TNOM = 27.000000
stdout Using KLU as Direct Linear Solver
stdout Operating point simulation skipped by 'uic',
stdout now using transient initial conditions.
 Reference value :  2.04819e-02
 Reference value :  4.16192e-02
 Reference value :  6.37012e-02
 Reference value :  8.61752e-02
 Reference value :  1.08579e-01
stdout No. of Data Rows : 60170
stdout sim_end = 1.200000000000e-01
stdout output_peak         =  1.22703e+01 at=  3.17119e-02
stdout output_floor        =  1.08034e+01 at=  3.11033e-02
stdout settled_min         =  1.21409e+01 at=  1.20000e-01
stdout settled_max         =  1.21410e+01 at=  1.05001e-01
stdout step_min            =  1.08034e+01 at=  3.11033e-02
stdout step_max            =  1.22703e+01 at=  3.17119e-02
stdout input_min           =  1.44620e+01 at=  1.10519e-01
stdout inductor_average_peak=  3.95220e+00 at=  3.15179e-02
stdout inductor_average_min=  -3.08791e-319 at=  3.38694e-02
stdout shunt_current_peak  =  1.48655e+00 at=  3.12333e-02
stdout shunt_current_min   =  3.49129e-04 at=  5.92000e-06
stdout secondary_rms       =  1.02085e+01 from=  1.00000e-01 to=  1.20000e-01
