stdout Note: No compatibility mode selected!
stdout Circuit: jlc-3 u21 loss_restart; engineering averaged controller, not ti vendor model
stdout Doing analysis at TEMP = 27.000000 and TNOM = 27.000000
stdout Using KLU as Direct Linear Solver
stdout Operating point simulation skipped by 'uic',
stdout now using transient initial conditions.
 Reference value :  6.22603e-03
 Reference value :  2.68480e-02
 Reference value :  4.68514e-02
 Reference value :  6.90974e-02
 Reference value :  9.04560e-02
 Reference value :  1.12112e-01
stdout No. of Data Rows : 60312
stdout sim_end = 1.200000000000e-01
stdout output_peak         =  1.25761e+01 at=  9.50460e-02
stdout output_floor        =  -3.43054e-14 at=  8.61265e-02
stdout settled_min         =  1.21993e+01 at=  1.20000e-01
stdout settled_max         =  1.23129e+01 at=  1.05000e-01
stdout step_min            =  8.52140e-25 at=  6.49994e-02
stdout step_max            =  1.22864e+01 at=  2.40000e-02
stdout input_min           =  1.40040e+01 at=  1.10436e-01
stdout inductor_average_peak=  7.99201e+00 at=  9.46120e-02
stdout inductor_average_min=  -8.56476e-19 at=  2.89446e-03
stdout shunt_current_peak  =  1.49975e+00 at=  8.62460e-02
stdout shunt_current_min   =  -1.03695e-12 at=  8.61265e-02
stdout secondary_rms       =  1.15664e+01 from=  1.00000e-01 to=  1.20000e-01
