stdout Note: No compatibility mode selected!
stdout Circuit: jlc-3 u21 load_step; engineering averaged controller, not ti vendor model
stdout Doing analysis at TEMP = 27.000000 and TNOM = 27.000000
stdout Using KLU as Direct Linear Solver
stdout Operating point simulation skipped by 'uic',
stdout now using transient initial conditions.
 Reference value :  1.48741e-02
 Reference value :  3.50648e-02
 Reference value :  5.43508e-02
 Reference value :  7.49907e-02
 Reference value :  9.55727e-02
 Reference value :  1.15713e-01
stdout No. of Data Rows : 60197
stdout sim_end = 1.200000000000e-01
stdout output_peak         =  1.25007e+01 at=  8.18967e-03
stdout output_floor        =  0.00000e+00 at=  2.00000e-08
stdout settled_min         =  1.21429e+01 at=  1.18877e-01
stdout settled_max         =  1.21441e+01 at=  1.05001e-01
stdout step_min            =  1.21135e+01 at=  2.51088e-02
stdout step_max            =  1.22369e+01 at=  5.51068e-02
stdout input_min           =  1.17004e+01 at=  1.10519e-01
stdout inductor_average_peak=  7.99201e+00 at=  7.93367e-03
stdout inductor_average_min=  -1.37594e-18 at=  3.59746e-03
stdout shunt_current_peak  =  1.48647e+00 at=  3.73367e-03
stdout shunt_current_min   =  -2.14030e-22 at=  3.59611e-03
stdout secondary_rms       =  8.27255e+00 from=  1.00000e-01 to=  1.20000e-01
