stdout Note: No compatibility mode selected!
stdout Circuit: jlc-3 u21 loss_restart; engineering averaged controller, not ti vendor model
stdout Doing analysis at TEMP = 27.000000 and TNOM = 27.000000
stdout Using KLU as Direct Linear Solver
stdout Operating point simulation skipped by 'uic',
stdout now using transient initial conditions.
 Reference value :  1.91593e-02
 Reference value :  3.86094e-02
 Reference value :  6.00614e-02
 Reference value :  8.18934e-02
 Reference value :  1.03392e-01
stdout No. of Data Rows : 60475
stdout sim_end = 1.200000000000e-01
stdout output_peak         =  1.25966e+01 at=  1.01632e-01
stdout output_floor        =  -5.51363e-13 at=  9.27079e-02
stdout settled_min         =  1.22457e+01 at=  1.20000e-01
stdout settled_max         =  1.24492e+01 at=  1.05002e-01
stdout step_min            =  6.65433e-25 at=  6.49994e-02
stdout step_max            =  1.23028e+01 at=  2.40013e-02
stdout input_min           =  1.09841e+01 at=  1.12436e-01
stdout inductor_average_peak=  7.99201e+00 at=  9.63098e-02
stdout inductor_average_min=  -1.23984e-18 at=  4.02133e-03
stdout shunt_current_peak  =  1.49977e+00 at=  8.68007e-02
stdout shunt_current_min   =  -2.16835e-11 at=  9.27079e-02
stdout secondary_rms       =  1.02026e+01 from=  1.00000e-01 to=  1.20000e-01
