stdout Note: No compatibility mode selected!
stdout Circuit: jlc-3 u21 startup; engineering averaged controller, not ti vendor model
stdout Doing analysis at TEMP = 27.000000 and TNOM = 27.000000
stdout Using KLU as Direct Linear Solver
stdout Operating point simulation skipped by 'uic',
stdout now using transient initial conditions.
 Reference value :  3.86906e-03
 Reference value :  2.58857e-02
 Reference value :  4.73517e-02
 Reference value :  6.86697e-02
 Reference value :  9.03657e-02
 Reference value :  1.11298e-01
stdout No. of Data Rows : 60104
stdout sim_end = 1.200000000000e-01
stdout output_peak         =  1.25723e+01 at=  1.21937e-02
stdout output_floor        =  0.00000e+00 at=  2.00000e-08
stdout settled_min         =  1.21435e+01 at=  1.20000e-01
stdout settled_max         =  1.21438e+01 at=  1.05002e-01
stdout step_min            =  1.21511e+01 at=  6.49997e-02
stdout step_max            =  1.22927e+01 at=  2.40017e-02
stdout input_min           =  1.39083e+01 at=  1.12504e-01
stdout inductor_average_peak=  7.99201e+00 at=  6.87568e-03
stdout inductor_average_min=  -7.94955e-19 at=  3.27227e-03
stdout shunt_current_peak  =  1.49983e+00 at=  3.39306e-03
stdout shunt_current_min   =  -4.15313e-21 at=  3.27211e-03
stdout secondary_rms       =  1.13411e+01 from=  1.00000e-01 to=  1.20000e-01
