stdout Note: No compatibility mode selected!
stdout Circuit: jlc-3 u21 prebiased; engineering averaged controller, not ti vendor model
stdout Doing analysis at TEMP = 27.000000 and TNOM = 27.000000
stdout Using KLU as Direct Linear Solver
stdout Operating point simulation skipped by 'uic',
stdout now using transient initial conditions.
 Reference value :  1.46039e-02
 Reference value :  3.52842e-02
 Reference value :  5.61422e-02
 Reference value :  7.70862e-02
 Reference value :  9.81622e-02
 Reference value :  1.19448e-01
stdout No. of Data Rows : 60205
stdout sim_end = 1.200000000000e-01
stdout output_peak         =  1.22589e+01 at=  3.24252e-02
stdout output_floor        =  1.07767e+01 at=  3.17993e-02
stdout settled_min         =  1.21409e+01 at=  1.18856e-01
stdout settled_max         =  1.21410e+01 at=  1.05000e-01
stdout step_min            =  1.07767e+01 at=  3.17993e-02
stdout step_max            =  1.22589e+01 at=  3.24252e-02
stdout input_min           =  1.17004e+01 at=  1.10518e-01
stdout inductor_average_peak=  4.06544e+00 at=  3.22212e-02
stdout inductor_average_min=  -3.08791e-319 at=  3.45821e-02
stdout shunt_current_peak  =  1.48652e+00 at=  3.19321e-02
stdout shunt_current_min   =  3.49129e-04 at=  5.92000e-06
stdout secondary_rms       =  8.27251e+00 from=  1.00000e-01 to=  1.20000e-01
