stdout Note: No compatibility mode selected!
stdout Circuit: jlc-3 u21 startup; engineering averaged controller, not ti vendor model
stdout Doing analysis at TEMP = 27.000000 and TNOM = 27.000000
stdout Using KLU as Direct Linear Solver
stdout Operating point simulation skipped by 'uic',
stdout now using transient initial conditions.
 Reference value :  1.18807e-02
 Reference value :  3.24547e-02
 Reference value :  5.32607e-02
 Reference value :  7.42107e-02
 Reference value :  9.49687e-02
 Reference value :  1.14615e-01
stdout No. of Data Rows : 60133
stdout sim_end = 1.200000000000e-01
stdout output_peak         =  1.25743e+01 at=  1.25187e-02
stdout output_floor        =  0.00000e+00 at=  2.00000e-08
stdout settled_min         =  1.21383e+01 at=  1.18769e-01
stdout settled_max         =  1.21439e+01 at=  1.11319e-01
stdout step_min            =  1.21493e+01 at=  6.04447e-02
stdout step_max            =  1.22955e+01 at=  2.40007e-02
stdout input_min           =  1.13042e+01 at=  1.10431e-01
stdout inductor_average_peak=  7.99201e+00 at=  7.20069e-03
stdout inductor_average_min=  -1.37594e-18 at=  3.59746e-03
stdout shunt_current_peak  =  1.49970e+00 at=  3.71894e-03
stdout shunt_current_min   =  -4.16304e-21 at=  3.59611e-03
stdout secondary_rms       =  9.22885e+00 from=  1.00000e-01 to=  1.20000e-01
