stdout Note: No compatibility mode selected!
stdout Circuit: jlc-3 u21 startup; engineering averaged controller, not ti vendor model
stdout Doing analysis at TEMP = 27.000000 and TNOM = 27.000000
stdout Using KLU as Direct Linear Solver
stdout Operating point simulation skipped by 'uic',
stdout now using transient initial conditions.
 Reference value :  2.70592e-03
 Reference value :  2.26013e-02
 Reference value :  4.21893e-02
 Reference value :  6.27693e-02
 Reference value :  8.32373e-02
 Reference value :  1.03701e-01
stdout No. of Data Rows : 60065
stdout sim_end = 1.200000000000e-01
stdout output_peak         =  1.25560e+01 at=  1.29373e-02
stdout output_floor        =  0.00000e+00 at=  2.00000e-08
stdout settled_min         =  1.21386e+01 at=  1.12471e-01
stdout settled_max         =  1.21453e+01 at=  1.13665e-01
stdout step_min            =  1.21482e+01 at=  6.24813e-02
stdout step_max            =  1.23028e+01 at=  2.40013e-02
stdout input_min           =  1.11066e+01 at=  1.12467e-01
stdout inductor_average_peak=  7.99201e+00 at=  7.62328e-03
stdout inductor_average_min=  -1.23984e-18 at=  4.02133e-03
stdout shunt_current_peak  =  1.49946e+00 at=  1.28933e-02
stdout shunt_current_min   =  -4.15313e-21 at=  4.02011e-03
stdout secondary_rms       =  9.52544e+00 from=  1.00000e-01 to=  1.20000e-01
