stdout Note: No compatibility mode selected!
stdout Circuit: jlc-3 u21 load_step; engineering averaged controller, not ti vendor model
stdout Doing analysis at TEMP = 27.000000 and TNOM = 27.000000
stdout Using KLU as Direct Linear Solver
stdout Operating point simulation skipped by 'uic',
stdout now using transient initial conditions.
 Reference value :  1.11699e-02
 Reference value :  3.23755e-02
 Reference value :  5.35195e-02
 Reference value :  7.33569e-02
 Reference value :  9.41529e-02
 Reference value :  1.15015e-01
stdout No. of Data Rows : 60163
stdout sim_end = 1.200000000000e-01
stdout output_peak         =  1.25162e+01 at=  7.85973e-03
stdout output_floor        =  0.00000e+00 at=  2.00000e-08
stdout settled_min         =  1.21411e+01 at=  1.20000e-01
stdout settled_max         =  1.21423e+01 at=  1.05001e-01
stdout step_min            =  1.21101e+01 at=  2.51095e-02
stdout step_max            =  1.22340e+01 at=  5.51075e-02
stdout input_min           =  1.42444e+01 at=  1.12577e-01
stdout inductor_average_peak=  7.99201e+00 at=  7.60773e-03
stdout inductor_average_min=  -7.94955e-19 at=  3.27227e-03
stdout shunt_current_peak  =  1.48657e+00 at=  3.40773e-03
stdout shunt_current_min   =  -2.14030e-22 at=  3.27211e-03
stdout secondary_rms       =  1.05757e+01 from=  1.00000e-01 to=  1.20000e-01
