stdout Note: No compatibility mode selected!
stdout Circuit: jlc-3 u21 load_step; engineering averaged controller, not ti vendor model
stdout Doing analysis at TEMP = 27.000000 and TNOM = 27.000000
stdout Using KLU as Direct Linear Solver
stdout Operating point simulation skipped by 'uic',
stdout now using transient initial conditions.
 Reference value :  9.09721e-03
 Reference value :  2.88912e-02
 Reference value :  4.87372e-02
 Reference value :  6.90958e-02
 Reference value :  9.00378e-02
 Reference value :  1.10632e-01
stdout No. of Data Rows : 60135
stdout sim_end = 1.200000000000e-01
stdout output_peak         =  1.25058e+01 at=  8.61075e-03
stdout output_floor        =  0.00000e+00 at=  2.00000e-08
stdout settled_min         =  1.21414e+01 at=  1.20000e-01
stdout settled_max         =  1.21426e+01 at=  1.05002e-01
stdout step_min            =  1.21139e+01 at=  2.51092e-02
stdout step_max            =  1.22359e+01 at=  5.51072e-02
stdout input_min           =  1.15243e+01 at=  1.12578e-01
stdout inductor_average_peak=  7.99201e+00 at=  7.62475e-03
stdout inductor_average_min=  -1.23984e-18 at=  4.02133e-03
stdout shunt_current_peak  =  1.48668e+00 at=  4.15613e-03
stdout shunt_current_min   =  -2.14030e-22 at=  4.02011e-03
stdout secondary_rms       =  8.57318e+00 from=  1.00000e-01 to=  1.20000e-01
