stdout Note: No compatibility mode selected!
stdout Circuit: jlc-3 u21 load_step; engineering averaged controller, not ti vendor model
stdout Doing analysis at TEMP = 27.000000 and TNOM = 27.000000
stdout Using KLU as Direct Linear Solver
stdout Operating point simulation skipped by 'uic',
stdout now using transient initial conditions.
 Reference value :  1.53399e-02
 Reference value :  3.54697e-02
 Reference value :  5.62545e-02
 Reference value :  7.69705e-02
 Reference value :  9.78025e-02
 Reference value :  1.18532e-01
stdout No. of Data Rows : 60133
stdout sim_end = 1.200000000000e-01
stdout output_peak         =  1.25175e+01 at=  7.48137e-03
stdout output_floor        =  0.00000e+00 at=  2.00000e-08
stdout settled_min         =  1.21424e+01 at=  1.20000e-01
stdout settled_max         =  1.21435e+01 at=  1.05000e-01
stdout step_min            =  1.21097e+01 at=  2.51077e-02
stdout step_max            =  1.22351e+01 at=  5.51077e-02
stdout input_min           =  1.44620e+01 at=  1.10518e-01
stdout inductor_average_peak=  7.99201e+00 at=  6.49737e-03
stdout inductor_average_min=  -8.56476e-19 at=  2.89446e-03
stdout shunt_current_peak  =  1.48663e+00 at=  3.02875e-03
stdout shunt_current_min   =  -2.14396e-22 at=  2.89410e-03
stdout secondary_rms       =  1.02086e+01 from=  1.00000e-01 to=  1.20000e-01
