stdout Note: No compatibility mode selected!
stdout Circuit: jlc-3 u21 startup; engineering averaged controller, not ti vendor model
stdout Doing analysis at TEMP = 27.000000 and TNOM = 27.000000
stdout Using KLU as Direct Linear Solver
stdout Operating point simulation skipped by 'uic',
stdout now using transient initial conditions.
 Reference value :  1.70120e-02
 Reference value :  3.99020e-02
 Reference value :  6.27060e-02
 Reference value :  8.51000e-02
 Reference value :  1.07498e-01
stdout No. of Data Rows : 60062
stdout sim_end = 1.200000000000e-01
stdout output_peak         =  1.25734e+01 at=  1.18140e-02
stdout output_floor        =  0.00000e+00 at=  2.00000e-08
stdout settled_min         =  1.21412e+01 at=  1.20000e-01
stdout settled_max         =  1.21415e+01 at=  1.05000e-01
stdout step_min            =  1.21486e+01 at=  6.49980e-02
stdout step_max            =  1.22864e+01 at=  2.40000e-02
stdout input_min           =  1.41432e+01 at=  1.18794e-01
stdout inductor_average_peak=  7.99201e+00 at=  1.13800e-02
stdout inductor_average_min=  -8.56476e-19 at=  2.89446e-03
stdout shunt_current_peak  =  1.49961e+00 at=  3.01603e-03
stdout shunt_current_min   =  -4.14322e-21 at=  2.89410e-03
stdout secondary_rms       =  1.09771e+01 from=  1.00000e-01 to=  1.20000e-01
