stdout Note: No compatibility mode selected!
stdout Circuit: jlc-3 u21 prebiased; engineering averaged controller, not ti vendor model
stdout Doing analysis at TEMP = 27.000000 and TNOM = 27.000000
stdout Using KLU as Direct Linear Solver
stdout Operating point simulation skipped by 'uic',
stdout now using transient initial conditions.
 Reference value :  1.24439e-02
 Reference value :  3.31881e-02
 Reference value :  5.31978e-02
 Reference value :  7.24378e-02
 Reference value :  9.28418e-02
 Reference value :  1.13154e-01
stdout No. of Data Rows : 60148
stdout sim_end = 1.200000000000e-01
stdout output_peak         =  1.22793e+01 at=  3.67771e-02
stdout output_floor        =  1.06118e+01 at=  3.60973e-02
stdout settled_min         =  1.21425e+01 at=  1.12582e-01
stdout settled_max         =  1.21426e+01 at=  1.05002e-01
stdout step_min            =  1.06118e+01 at=  3.60973e-02
stdout step_max            =  1.22793e+01 at=  3.67771e-02
stdout input_min           =  1.15243e+01 at=  1.12578e-01
stdout inductor_average_peak=  4.37405e+00 at=  3.65691e-02
stdout inductor_average_min=  -3.08791e-319 at=  3.89339e-02
stdout shunt_current_peak  =  1.48654e+00 at=  3.62274e-02
stdout shunt_current_min   =  3.49129e-04 at=  5.92000e-06
stdout secondary_rms       =  8.57315e+00 from=  1.00000e-01 to=  1.20000e-01
