stdout Note: No compatibility mode selected!
stdout Circuit: jlc-100 u20 loss_restart; engineering averaged controller, not ti vendor model
stdout Doing analysis at TEMP = 27.000000 and TNOM = 27.000000
stdout Using KLU as Direct Linear Solver
stdout Operating point simulation skipped by 'uic',
stdout now using transient initial conditions.
 Reference value :  9.31378e-03
 Reference value :  2.46678e-02
 Reference value :  4.10586e-02
 Reference value :  5.80506e-02
 Reference value :  7.49326e-02
 Reference value :  9.13459e-02
 Reference value :  1.07708e-01
stdout No. of Data Rows : 60290
stdout sim_end = 1.200000000000e-01
stdout output_peak         =  5.22410e+00 at=  1.25598e-02
stdout output_floor        =  0.00000e+00 at=  4.00000e-08
stdout settled_min         =  5.00107e+00 at=  1.20000e-01
stdout settled_max         =  5.00979e+00 at=  1.05002e-01
stdout step_min            =  3.17775e-28 at=  6.49986e-02
stdout step_max            =  5.00783e+00 at=  2.40018e-02
stdout input_min           =  7.99069e+00 at=  1.12778e-01
stdout inductor_average_peak=  3.29670e+00 at=  8.52919e-02
stdout inductor_average_min=  -1.08532e-18 at=  8.50000e-02
stdout shunt_current_peak  =  3.28797e+00 at=  1.25478e-02
stdout shunt_current_min   =  -4.45943e-19 at=  8.49988e-02
stdout secondary_rms       =  3.54345e+00 from=  1.00000e-01 to=  1.20000e-01
