stdout Note: No compatibility mode selected!
stdout Circuit: jlc-100 u20 prebiased; engineering averaged controller, not ti vendor model
stdout Doing analysis at TEMP = 27.000000 and TNOM = 27.000000
stdout Using KLU as Direct Linear Solver
stdout Operating point simulation skipped by 'uic',
stdout now using transient initial conditions.
 Reference value :  1.65579e-02
 Reference value :  3.57829e-02
 Reference value :  5.51449e-02
 Reference value :  7.46389e-02
 Reference value :  9.38489e-02
 Reference value :  1.13117e-01
stdout No. of Data Rows : 60073
stdout sim_end = 1.200000000000e-01
stdout output_peak         =  5.00940e+00 at=  2.90815e-02
stdout output_floor        =  3.92007e+00 at=  2.82535e-02
stdout settled_min         =  5.00147e+00 at=  1.20000e-01
stdout settled_max         =  5.00147e+00 at=  1.05001e-01
stdout step_min            =  3.92007e+00 at=  2.82535e-02
stdout step_max            =  5.00940e+00 at=  2.90815e-02
stdout input_min           =  1.31266e+01 at=  1.14277e-01
stdout inductor_average_peak=  7.92687e-01 at=  2.83497e-02
stdout inductor_average_min=  -3.08791e-319 at=  1.94792e-03
stdout shunt_current_peak  =  7.77555e-01 at=  2.83497e-02
stdout shunt_current_min   =  -8.61542e-05 at=  2.00000e-06
stdout secondary_rms       =  7.31751e-02 from=  1.00000e-01 to=  1.20000e-01
