stdout Note: No compatibility mode selected!
stdout Circuit: jlc-100 u20 loss_restart; engineering averaged controller, not ti vendor model
stdout Doing analysis at TEMP = 27.000000 and TNOM = 27.000000
stdout Using KLU as Direct Linear Solver
stdout Operating point simulation skipped by 'uic',
stdout now using transient initial conditions.
 Reference value :  1.37613e-02
 Reference value :  3.01213e-02
 Reference value :  4.79434e-02
 Reference value :  6.67914e-02
 Reference value :  8.50060e-02
 Reference value :  1.03160e-01
stdout No. of Data Rows : 60313
stdout sim_end = 1.200000000000e-01
stdout output_peak         =  5.22390e+00 at=  9.44737e-02
stdout output_floor        =  0.00000e+00 at=  4.00000e-08
stdout settled_min         =  5.00105e+00 at=  1.20000e-01
stdout settled_max         =  5.00978e+00 at=  1.05002e-01
stdout step_min            =  1.58960e-26 at=  6.49994e-02
stdout step_max            =  5.00594e+00 at=  2.40013e-02
stdout input_min           =  1.10428e+01 at=  1.10988e-01
stdout inductor_average_peak=  3.29670e+00 at=  8.52977e-02
stdout inductor_average_min=  -1.21664e-18 at=  2.23972e-03
stdout shunt_current_peak  =  3.28797e+00 at=  9.44617e-02
stdout shunt_current_min   =  -4.45816e-19 at=  2.23810e-03
stdout secondary_rms       =  2.79210e+00 from=  1.00000e-01 to=  1.20000e-01
