stdout Note: No compatibility mode selected!
stdout Circuit: jlc-100 u20 load_step; engineering averaged controller, not ti vendor model
stdout Doing analysis at TEMP = 27.000000 and TNOM = 27.000000
stdout Using KLU as Direct Linear Solver
stdout Operating point simulation skipped by 'uic',
stdout now using transient initial conditions.
 Reference value :  1.37474e-02
 Reference value :  2.96278e-02
 Reference value :  4.51978e-02
 Reference value :  6.09478e-02
 Reference value :  7.69978e-02
 Reference value :  9.29018e-02
 Reference value :  1.08746e-01
stdout No. of Data Rows : 60131
stdout sim_end = 1.200000000000e-01
stdout output_peak         =  5.12924e+00 at=  5.50277e-02
stdout output_floor        =  0.00000e+00 at=  4.00000e-08
stdout settled_min         =  5.00050e+00 at=  1.20000e-01
stdout settled_max         =  5.00050e+00 at=  1.05002e-01
stdout step_min            =  4.87170e+00 at=  2.50278e-02
stdout step_max            =  5.12924e+00 at=  5.50277e-02
stdout input_min           =  1.30940e+01 at=  1.14242e-01
stdout inductor_average_peak=  3.15583e+00 at=  2.50738e-02
stdout inductor_average_min=  -1.23122e-18 at=  2.56150e-03
stdout shunt_current_peak  =  3.14979e+00 at=  2.50738e-02
stdout shunt_current_min   =  -1.38106e-20 at=  2.56011e-03
stdout secondary_rms       =  9.99720e-02 from=  1.00000e-01 to=  1.20000e-01
