stdout Note: No compatibility mode selected!
stdout Circuit: jlc-100 u20 load_step; engineering averaged controller, not ti vendor model
stdout Doing analysis at TEMP = 27.000000 and TNOM = 27.000000
stdout Using KLU as Direct Linear Solver
stdout Operating point simulation skipped by 'uic',
stdout now using transient initial conditions.
 Reference value :  1.20203e-02
 Reference value :  2.69292e-02
 Reference value :  4.20192e-02
 Reference value :  5.68911e-02
 Reference value :  7.19251e-02
 Reference value :  8.67031e-02
 Reference value :  1.01663e-01
 Reference value :  1.13879e-01
stdout No. of Data Rows : 60138
stdout sim_end = 1.200000000000e-01
stdout output_peak         =  5.12897e+00 at=  5.50271e-02
stdout output_floor        =  0.00000e+00 at=  4.00000e-08
stdout settled_min         =  5.00023e+00 at=  1.20000e-01
stdout settled_max         =  5.00023e+00 at=  1.05001e-01
stdout step_min            =  4.87141e+00 at=  2.50272e-02
stdout step_max            =  5.12897e+00 at=  5.50271e-02
stdout input_min           =  1.30897e+01 at=  1.11857e-01
stdout inductor_average_peak=  3.15571e+00 at=  2.50732e-02
stdout inductor_average_min=  -1.21664e-18 at=  2.23972e-03
stdout shunt_current_peak  =  3.14974e+00 at=  2.50752e-02
stdout shunt_current_min   =  -1.38106e-20 at=  2.23810e-03
stdout secondary_rms       =  9.50025e-02 from=  1.00000e-01 to=  1.20000e-01
