stdout Note: No compatibility mode selected!
stdout Circuit: jlc-100 u20 loss_restart; engineering averaged controller, not ti vendor model
stdout Doing analysis at TEMP = 27.000000 and TNOM = 27.000000
stdout Using KLU as Direct Linear Solver
stdout Operating point simulation skipped by 'uic',
stdout now using transient initial conditions.
 Reference value :  3.27398e-03
 Reference value :  1.73574e-02
 Reference value :  3.18993e-02
 Reference value :  4.67293e-02
 Reference value :  6.21649e-02
 Reference value :  7.85329e-02
 Reference value :  9.34051e-02
 Reference value :  1.08255e-01
stdout No. of Data Rows : 60356
stdout sim_end = 1.200000000000e-01
stdout output_peak         =  5.22410e+00 at=  9.44671e-02
stdout output_floor        =  0.00000e+00 at=  4.00000e-08
stdout settled_min         =  5.00124e+00 at=  1.20000e-01
stdout settled_max         =  5.00996e+00 at=  1.05001e-01
stdout step_min            =  2.80877e-26 at=  6.49989e-02
stdout step_max            =  5.00628e+00 at=  2.40014e-02
stdout input_min           =  1.08741e+01 at=  1.13121e-01
stdout inductor_average_peak=  3.29670e+00 at=  8.86011e-02
stdout inductor_average_min=  -1.23122e-18 at=  2.56150e-03
stdout shunt_current_peak  =  3.28797e+00 at=  9.44571e-02
stdout shunt_current_min   =  -4.52826e-19 at=  8.49991e-02
stdout secondary_rms       =  3.02309e+00 from=  1.00000e-01 to=  1.20000e-01
