stdout Note: No compatibility mode selected!
stdout Circuit: jlc-100 u20 startup; engineering averaged controller, not ti vendor model
stdout Doing analysis at TEMP = 27.000000 and TNOM = 27.000000
stdout Using KLU as Direct Linear Solver
stdout Operating point simulation skipped by 'uic',
stdout now using transient initial conditions.
 Reference value :  4.53130e-03
 Reference value :  2.01533e-02
 Reference value :  3.58553e-02
 Reference value :  5.16093e-02
 Reference value :  6.77073e-02
 Reference value :  8.37793e-02
 Reference value :  9.99613e-02
 Reference value :  1.16059e-01
stdout No. of Data Rows : 60065
stdout sim_end = 1.200000000000e-01
stdout output_peak         =  5.22372e+00 at=  1.17073e-02
stdout output_floor        =  0.00000e+00 at=  4.00000e-08
stdout settled_min         =  5.00079e+00 at=  1.20000e-01
stdout settled_max         =  5.00079e+00 at=  1.19997e-01
stdout step_min            =  5.00079e+00 at=  6.49993e-02
stdout step_max            =  5.00594e+00 at=  2.40013e-02
stdout input_min           =  1.10543e+01 at=  1.19325e-01
stdout inductor_average_peak=  3.29670e+00 at=  2.53130e-03
stdout inductor_average_min=  -1.21664e-18 at=  2.23972e-03
stdout shunt_current_peak  =  3.28797e+00 at=  1.16953e-02
stdout shunt_current_min   =  -4.45816e-19 at=  2.23810e-03
stdout secondary_rms       =  2.75226e+00 from=  1.00000e-01 to=  1.20000e-01
