stdout Note: No compatibility mode selected!
stdout Circuit: jlc-100 u21 loss_restart; engineering averaged controller, not ti vendor model
stdout Doing analysis at TEMP = 27.000000 and TNOM = 27.000000
stdout Using KLU as Direct Linear Solver
stdout Operating point simulation skipped by 'uic',
stdout now using transient initial conditions.
 Reference value :  8.21130e-03
 Reference value :  2.74329e-02
 Reference value :  4.52206e-02
 Reference value :  6.48686e-02
 Reference value :  8.45266e-02
 Reference value :  1.04102e-01
stdout No. of Data Rows : 60396
stdout sim_end = 1.200000000000e-01
stdout output_peak         =  1.22821e+01 at=  9.41055e-02
stdout output_floor        =  -1.80029e-14 at=  8.54139e-02
stdout settled_min         =  1.20414e+01 at=  1.20000e-01
stdout settled_max         =  1.21180e+01 at=  1.05002e-01
stdout step_min            =  8.48407e-25 at=  6.49986e-02
stdout step_max            =  1.21081e+01 at=  2.40013e-02
stdout input_min           =  1.38313e+01 at=  1.12490e-01
stdout inductor_average_peak=  3.29670e+00 at=  6.70730e-03
stdout inductor_average_min=  -1.23352e-18 at=  3.10727e-03
stdout shunt_current_peak  =  1.49946e+00 at=  9.40735e-02
stdout shunt_current_min   =  -7.77973e-13 at=  8.54139e-02
stdout secondary_rms       =  1.20873e+01 from=  1.00000e-01 to=  1.20000e-01
