stdout Note: No compatibility mode selected!
stdout Circuit: jlc-100 u21 prebiased; engineering averaged controller, not ti vendor model
stdout Doing analysis at TEMP = 27.000000 and TNOM = 27.000000
stdout Using KLU as Direct Linear Solver
stdout Operating point simulation skipped by 'uic',
stdout now using transient initial conditions.
 Reference value :  7.00192e-03
 Reference value :  2.73279e-02
 Reference value :  4.71461e-02
 Reference value :  6.78401e-02
 Reference value :  8.82041e-02
 Reference value :  1.08148e-01
stdout No. of Data Rows : 60105
stdout sim_end = 1.200000000000e-01
stdout output_peak         =  1.20494e+01 at=  3.14931e-02
stdout output_floor        =  1.08082e+01 at=  3.09854e-02
stdout settled_min         =  1.20005e+01 at=  1.20000e-01
stdout settled_max         =  1.20005e+01 at=  1.05000e-01
stdout step_min            =  1.08082e+01 at=  3.09854e-02
stdout step_max            =  1.20494e+01 at=  3.14931e-02
stdout input_min           =  1.44966e+01 at=  1.10528e-01
stdout inductor_average_peak=  3.29670e+00 at=  3.13971e-02
stdout inductor_average_min=  -3.08791e-319 at=  1.94792e-03
stdout shunt_current_peak  =  1.48690e+00 at=  3.10738e-02
stdout shunt_current_min   =  3.83705e-04 at=  5.92000e-06
stdout secondary_rms       =  1.03795e+01 from=  1.00000e-01 to=  1.20000e-01
