stdout Note: No compatibility mode selected!
stdout Circuit: jlc-100 u21 prebiased; engineering averaged controller, not ti vendor model
stdout Doing analysis at TEMP = 27.000000 and TNOM = 27.000000
stdout Using KLU as Direct Linear Solver
stdout Operating point simulation skipped by 'uic',
stdout now using transient initial conditions.
 Reference value :  1.56599e-02
 Reference value :  3.35208e-02
 Reference value :  5.24788e-02
 Reference value :  7.16048e-02
 Reference value :  9.03368e-02
 Reference value :  1.09267e-01
stdout No. of Data Rows : 60194
stdout sim_end = 1.200000000000e-01
stdout output_peak         =  1.20405e+01 at=  2.97038e-02
stdout output_floor        =  1.08764e+01 at=  2.92091e-02
stdout settled_min         =  1.20022e+01 at=  1.20000e-01
stdout settled_max         =  1.20022e+01 at=  1.05001e-01
stdout step_min            =  1.08764e+01 at=  2.92091e-02
stdout step_max            =  1.20405e+01 at=  2.97038e-02
stdout input_min           =  1.42575e+01 at=  1.12583e-01
stdout inductor_average_peak=  3.29670e+00 at=  2.95978e-02
stdout inductor_average_min=  -3.08791e-319 at=  1.94792e-03
stdout shunt_current_peak  =  1.48649e+00 at=  2.93038e-02
stdout shunt_current_min   =  3.83705e-04 at=  5.92000e-06
stdout secondary_rms       =  1.07250e+01 from=  1.00000e-01 to=  1.20000e-01
