stdout Note: No compatibility mode selected!
stdout Circuit: jlc-100 u21 prebiased; engineering averaged controller, not ti vendor model
stdout Doing analysis at TEMP = 27.000000 and TNOM = 27.000000
stdout Using KLU as Direct Linear Solver
stdout Operating point simulation skipped by 'uic',
stdout now using transient initial conditions.
 Reference value :  1.73999e-02
 Reference value :  3.71933e-02
 Reference value :  5.69465e-02
 Reference value :  7.61445e-02
 Reference value :  9.64425e-02
 Reference value :  1.16875e-01
stdout No. of Data Rows : 60210
stdout sim_end = 1.200000000000e-01
stdout output_peak         =  1.20546e+01 at=  3.65409e-02
stdout output_floor        =  1.06171e+01 at=  3.59649e-02
stdout settled_min         =  1.20026e+01 at=  1.12591e-01
stdout settled_max         =  1.20026e+01 at=  1.05001e-01
stdout step_min            =  1.06171e+01 at=  3.59649e-02
stdout step_max            =  1.20546e+01 at=  3.65409e-02
stdout input_min           =  1.15342e+01 at=  1.12583e-01
stdout inductor_average_peak=  3.29670e+00 at=  3.63769e-02
stdout inductor_average_min=  -3.08791e-319 at=  1.94792e-03
stdout shunt_current_peak  =  1.48693e+00 at=  3.60532e-02
stdout shunt_current_min   =  3.83587e-04 at=  3.59612e-02
stdout secondary_rms       =  8.69319e+00 from=  1.00000e-01 to=  1.20000e-01
