stdout Note: gnd in a subcircuit is not set to 0 automatically
stdout Note: Compatibility modes selected: ps
stdout Circuit: ti tps54360 transient model, 5v actual compensation, vin=15.34
stdout Reducing trtol to 1 for xspice 'A' devices
stdout Doing analysis at TEMP = 27.000000 and TNOM = 27.000000
stdout Using SPARSE 1.3 as Direct Linear Solver
stderr Note: Starting dynamic gmin stepping
stderr Note: Dynamic gmin stepping completed
stdout Initial Transient Solution
stdout --------------------------
stdout Node                                   Voltage
stdout ----                                   -------
stdout vin                                      15.34
stdout vinf                                     15.34
stdout enctl                                        1
stdout en                                   2.625e-06
stdout xu.set0                                      0
stdout xu.u6_n16588693                           0.86
stdout xu.x_u6_u134.yint                            1
stdout xu.x_u6_u134.e_abmgate_int1                  1
stdout xu.u6_n16564386                              0
stdout xu.sdwn                                      1
stdout xu.u6_n16543632                              1
stdout xu.u6_n16489275                              0
stdout xu.x_u6_u603.x1.yint1                        0
stdout xu.x_u6_u603.x1.e_abmgate1_int1               0
stdout xu.sysclk                                    0
stdout xu.x_u6_u603.x1.yint2                        0
stdout xu.x_u6_u603.x1.yint3                        1
stdout xu.x_u6_u603.x1.e_abmgate2_int1               1
stdout xu.x_u6_u603.clkdel                          1
stdout xu.x_u6_u603.x2.yint                         0
stdout xu.x_u6_u603.x2.e_abmgate_int1               0
stdout xu.x_u6_u603.clkint                          0
stdout xu.x_u6_u603.qint                            0
stdout xu.x_u6_u603.gq_int1                        -1
stdout xu.u6_pwm                                    0
stdout xu.set1                                      1
stdout xu.x_u6_u603.my5                             1
stdout xu.x_u6_u603.qqq                             0
stdout xu.x_u6_u603.x3.yint1                        0
stdout xu.x_u6_u603.x3.e_abmgate1_int1               0
stdout xu.x_u6_u603.x3.yint2                        0
stdout xu.x_u6_u603.x3.yint3                        0
stdout xu.x_u6_u603.x3.e_abmgate2_int1               0
stdout xu.x_u6_u603.qqqd1                           0
stdout xu.pwm_clk                                   0
stdout xu.x_u6_u603.qbr                             1
stdout xu.x_u6_u603.eqb_int1                        1
stdout xu.n16528816                                 1
stdout xu.u6_n16489469                    6.87514e-12
stdout xu.e_u6_abm148_int1                6.87514e-12
stdout xu.u6_vrampin                      6.87514e-06
stdout xu.u6_n16502082                      -1.22e-06
stdout xu.e_u6_abm163_int1                  -1.22e-06
stdout xu.u6_n16488977                    2.48195e-06
stdout xu.u6_vramp                        6.87514e-12
stdout xu.u6_iswf                                -0.1
stdout xu.e_u6_abm152_int1                       -0.1
stdout xu.isw                             1.27976e-06
stdout xu.u6_n16489395                              0
stdout xu.u6_n165858563                         0.024
stdout xu.x_u6_u602.yint                            0
stdout xu.x_u6_u602.e_abmgate_int1                  0
stdout xu.u6_n16575036                              0
stdout xu.boot_uvlo                                 0
stdout xu.u6_ovtp                                   1
stdout xu.u6_n16531938                      -0.111508
stdout xu.e_u6_abm165_int1                  -0.111508
stdout xu.u6_ictrl                          -0.111508
stdout xu.e_u6_abm164_int1                2.48195e-06
stdout comp                                   0.59376
stdout xu.g_u6_abmi4_int1                -0.000687514
stdout xu.if2ia                           0.000687514
stdout xu.e_u6_abm151_int1                          0
stdout xu.pwm_final                                 0
stdout xu.x_u6_u599.yint1                           0
stdout xu.x_u6_u599.e_abmgate1_int1                 0
stdout xu.x_u6_u599.yint2                           0
stdout xu.x_u6_u599.yint3                           1
stdout xu.x_u6_u599.e_abmgate2_int1                 1
stdout xu.u6_n16489527                              1
stdout xu.x_u6_u600.yint                            0
stdout xu.x_u6_u600.e_abm_int1                      0
stdout xu.x_u6_u598.yint                            0
stdout xu.x_u6_u598.e_abmgate_int1                  0
stdout xu.x_u6_u604.inp1                     0.236771
stdout xu.x_u6_u604.inm1                    -0.224771
stdout xu.vsenseint                          0.398457
stdout xu.x_u6_u604.inm2                    -0.236771
stdout xu.x_u6_u604.ehys_int1                  -0.012
stdout xu.x_u6_u604.1                               1
stdout xu.x_u6_u604.eout_int1                       1
stdout xu.u3_n16489962                              1
stdout xu.u3_n16638112                       0.398457
stdout rt                                    0.999996
stdout xu.u3_n16667294                              0
stdout xu.u3_n16667366                              0
stdout xu.u3_n166379101                           0.6
stdout xu.u3_n16638088                            0.6
stdout xu.u3_n16490102                              5
stdout xu.u3_ramp                         0.000101451
stdout xu.u3_n16650384                    0.000101451
stdout xu.i_rt                            4.16675e-06
stdout xu.u3_n16523619                              1
stdout xu.e_u3_abm164_int1                   0.398457
stdout fb                                    0.398457
stdout xu.x_u3_u6.yint                              1
stdout xu.x_u3_u6.e_abm_int1                        1
stdout xu.u3_n16637796                            0.4
stdout xu.u3_out2                                   1
stdout xu.fsw                             0.000405803
stdout xu.e_u3_abm1_int1                  0.000405803
stdout xu.u3_n16505459                              1
stdout xu.x_u3_u131.yint                            0
stdout xu.x_u3_u131.e_abm_int1                      0
stdout xu.u3_sysclk1                                0
stdout xu.x_u3_u7.yint                              1
stdout xu.x_u3_u7.e_abm_int1                        1
stdout xu.u3_out3                                   1
stdout xu.x_u3_u138.yint                            0
stdout xu.x_u3_u138.e_abmgate_int1                  0
stdout xu.x_u3_u135.yint1                           0
stdout xu.x_u3_u135.e_abmgate1_int1                 0
stdout xu.x_u3_u135.yint2                           0
stdout xu.x_u3_u135.yint3                           0
stdout xu.x_u3_u135.e_abmgate2_int1                 0
stdout xu.u3_n16517387                              0
stdout xu.u3_n16676060                    0.000687514
stdout xu.e_u3_abm166_int1                0.000687514
stdout xu.u3_out1                                   0
stdout xu.u3_n16668029                          0.175
stdout xu.x_u3_u134.yint                            1
stdout xu.x_u3_u134.e_abmgate_int1                  1
stdout xu.u3_n16517226                              1
stdout xu.e_u3_abm165_int1                0.000101451
stdout xu.u3_n166679551                         0.175
stdout xu.e_u3_abm7_int1                        0.175
stdout xu.u3_n166378601                           0.4
stdout xu.x_u3_u136.yint                            0
stdout xu.x_u3_u136.e_abmgate_int1                  0
stdout xu.u3_n16667326                              1
stdout xu.x_u3_u8.yint                              0
stdout xu.x_u3_u8.e_abm_int1                        0
stdout xu.e_u3_abm4_int1                          0.4
stdout xu.x_u3_u137.yint1                           0
stdout xu.x_u3_u137.e_abmgate1_int1                 0
stdout xu.x_u3_u137.yint2                           0
stdout xu.x_u3_u137.yint3                           1
stdout xu.x_u3_u137.e_abmgate2_int1                 1
stdout xu.e_u3_abm6_int1                          0.6
stdout xu.x_u8_u606.yint                            0
stdout xu.x_u8_u606.e_abmgate_int1                  0
stdout xu.u8_sdwn_n                                 0
stdout xu.x_u8_u613.yint                            0
stdout xu.x_u8_u613.e_abmgate_int1                  0
stdout xu.u8_n7365280                               0
stdout xu.u8_n73698801                              6
stdout xu.u8_n7345383                               6
stdout xu.u8_n7274256                               0
stdout xu.x_u8_u608.yint                            0
stdout xu.x_u8_u608.e_abmgate_int1                  0
stdout xu.u8_hdrvin                                 0
stdout xu.u8_n7342498                               0
stdout xu.u8_n7274022                               0
stdout xu.x_u8_u602.yint                            1
stdout xu.x_u8_u602.e_abmgate_int1                  1
stdout xu.u8_out                                    0
stdout xu.u8_boot_on                                1
stdout xu.x_u8_u607.yint                            0
stdout xu.x_u8_u607.e_abmgate_int1                  0
stdout xu.u8_ldrv                                   1
stdout xu.enab                                      0
stdout xu.u8_boot_sw_on                             0
stdout xu.x_u8_u612.yint1                           1
stdout xu.x_u8_u612.e_abmgate1_int1                 1
stdout xu.u8_n7274198                               1
stdout xu.x_u8_u612.yint2                           1
stdout xu.x_u8_u612.yint3                           1
stdout xu.x_u8_u612.e_abmgate2_int1                 1
stdout xu.u8_n7343256                               1
stdout xu.x_u8_u609.yint                            1
stdout xu.x_u8_u609.e_abmgate_int1                  1
stdout xu.u8_n7274032                               1
stdout xu.u8_n7273984                           15.34
stdout xu.e_u8_abm2_int1                            6
stdout boot                                   2.32323
stdout xu.x_u8_u610.yint                            1
stdout xu.x_u8_u610.e_abmgate_int1                  1
stdout xu.x_u8_u604.yint                            0
stdout xu.x_u8_u604.e_abmgate_int1                  0
stdout xu.u8_n7347010                       -0.219306
stdout xu.e_u8_abm169_int1                  -0.219306
stdout sw                                     2.54254
stdout xu.x_u8_u611.yint1                           0
stdout xu.x_u8_u611.e_abmgate1_int1                 0
stdout xu.x_u8_u611.yint2                           0
stdout xu.x_u8_u611.yint3                           0
stdout xu.x_u8_u611.e_abmgate2_int1                 0
stdout xu.hdrv                                2.54253
stdout xu.x_u8_u605.yint                            1
stdout xu.x_u8_u605.e_abmgate_int1                  1
stdout xu.e_u8_abm167_int1                          0
stdout xu.x_u8_u5.yint                              0
stdout xu.x_u8_u5.e_abm_int1                        0
stdout xu.u5_n16512904                          7e-05
stdout xu.ocb                                       0
stdout xu.g_u5_abm2i1_int1                     -3e-05
stdout xu.vref_gm                             -0.0344
stdout xu.u5_vgm                              7.7e-05
stdout xu.u5_n16513008                              2
stdout xu.u5_n16513064                        7.7e-05
stdout xu.e_u5_abm177_int1                    7.7e-05
stdout xu.x_u5_u603.yint                            0
stdout xu.x_u5_u603.e_abmgate_int1                  0
stdout xu.u5_n16513124                              0
stdout xu.u5_n16512948                          7e-05
stdout xu.u5_n16513186                              0
stdout xu.e_u5_abm8_int1                            0
stdout xu.u5_n16513014                            0.6
stdout xu.x_u5_u614.yint                            0
stdout xu.x_u5_u614.e_abmgate_int1                  0
stdout xu.u5_n16513160                              0
stdout xu.e_u5_abm171_int1                      7e-05
stdout xu.ss_tr                                     0
stdout xu.x_u11_u604.yint                           1
stdout xu.x_u11_u604.e_abmgate_int1                 1
stdout xu.u11_n16496294                             1
stdout xu.ss_disch                                  0
stdout xu.e_u11_abm173_int1                         0
stdout xu.u11_n6045136                              0
stdout xu.x_u11_u601.yint                           1
stdout xu.x_u11_u601.e_abmgate_int1                 1
stdout xu.u11_uvlo                                  0
stdout xu.x_u11_u603.yint                           0
stdout xu.x_u11_u603.e_abmgate_int1                 0
stdout xu.u11_n6045130                              0
stdout xu.u11_n6045018                            4.3
stdout xu.x_u11_u602.yint                           0
stdout xu.x_u11_u602.e_abm_int1                     0
stdout xu.u1_n7335522                               5
stdout xu.e_u1_abm173_int1                          5
stdout xu.u1_n7335540                               0
stdout xu.e_u1_abm1_int1                            0
stdout xu.g_u1_abmii1_int1                    1.2e-06
stdout xu.u7_indelayed2                             0
stdout xu.u7_n16490100                              1
stdout xu.u7_n16489586                              1
stdout xu.x_u7_u6.yint                              0
stdout xu.x_u7_u6.e_abmgate_int1                    0
stdout xu.u7_or2out2                                0
stdout xu.u7_or2out1                                0
stdout xu.u7_n16489522                              0
stdout xu.u7_indelayed1                             0
stdout xu.x_u7_u826.yint1                           0
stdout xu.x_u7_u826.e_abmgate1_int1                 0
stdout xu.x_u7_u826.yint2                           0
stdout xu.x_u7_u826.yint3                           1
stdout xu.x_u7_u826.e_abmgate2_int1                 1
stdout xu.u7_n16509390                              1
stdout xu.x_u7_u825.yint                            0
stdout xu.x_u7_u825.e_abmgate_int1                  0
stdout xu.u7_n16509288                              0
stdout xu.e_u7_abm13_int1                           1
stdout xu.x_u7_u823.yint                            0
stdout xu.x_u7_u823.e_abmgate_int1                  0
stdout xu.u7_n16497188                              1
stdout xu.x_u7_u827.yint                            0
stdout xu.x_u7_u827.e_abmgate_int1                  0
stdout xu.x_u7_u822.yint1                           0
stdout xu.x_u7_u822.e_abmgate1_int1                 0
stdout xu.x_u7_u822.yint2                           0
stdout xu.x_u7_u822.yint3                           1
stdout xu.x_u7_u822.e_abmgate2_int1                 1
stdout xu.x_u7_u824.yint                            0
stdout xu.x_u7_u824.e_abmgate_int1                  0
stdout xu.u4_n7398284                         -0.0344
stdout xu.e_u4_abm178_int1                    -0.0344
stdout xu.u4_n7404432                         -0.0344
stdout xu.u4_n7398466                               0
stdout xu.e_u4_abm180_int1                          0
stdout xu.u4_n7397990                             1.7
stdout xu.g_u4_abmii1_int1                          0
stdout xu.u4_n16518371                              0
stdout xu.u4_n7404426                         -0.0344
stdout xu.x_u4_u1.yint                              0
stdout xu.x_u4_u1.e_abmgate_int1                    0
stdout xu.u4_n7398492                               0
stdout xu.e_u4_abm179_int1                    -0.0344
stdout xu.u4_n7398290                         -0.0344
stdout xu.g_u4_abmi5_int1                           0
stdout xu.e_u4_abm174_int1                    -0.0344
stdout vout                                   2.54254
stdout cc                                     0.59376
stdout linductor                              2.54254
stdout c1                                           0
stdout c2                                           0
stdout pre                                     2.5525
stdout prectl                                       1
stdout b.xu.be_u4_abm174#branch                     0
stdout b.xu.bg_u4_abmi5#branch                      0
stdout b.xu.be_u4_abm179#branch                     0
stdout b.xu.x_u4_u1.be_abmgate#branch               0
stdout b.xu.bg_u4_abmii1#branch                     0
stdout b.xu.be_u4_abm180#branch                     0
stdout b.xu.be_u4_abm178#branch                     0
stdout b.xu.x_u7_u824.be_abmgate#branch               0
stdout b.xu.x_u7_u822.be_abmgate2#branch               0
stdout b.xu.x_u7_u822.be_abmgate1#branch               0
stdout b.xu.x_u7_u827.be_abmgate#branch               0
stdout b.xu.x_u7_u823.be_abmgate#branch               0
stdout b.xu.be_u7_abm13#branch                      0
stdout b.xu.x_u7_u825.be_abmgate#branch               0
stdout b.xu.x_u7_u826.be_abmgate2#branch               0
stdout b.xu.x_u7_u826.be_abmgate1#branch               0
stdout b.xu.x_u7_u6.be_abmgate#branch               0
stdout b.xu.bg_u1_abmii1#branch                     0
stdout b.xu.be_u1_abm1#branch                       0
stdout b.xu.be_u1_abm173#branch                     0
stdout b.xu.x_u11_u602.be_abm#branch                0
stdout b.xu.x_u11_u603.be_abmgate#branch               0
stdout b.xu.x_u11_u601.be_abmgate#branch               0
stdout b.xu.be_u11_abm173#branch                    0
stdout b.xu.x_u11_u604.be_abmgate#branch               0
stdout b.xu.be_u5_abm171#branch                     0
stdout b.xu.x_u5_u614.be_abmgate#branch               0
stdout b.xu.be_u5_abm8#branch                       0
stdout b.xu.x_u5_u603.be_abmgate#branch               0
stdout b.xu.be_u5_abm177#branch                     0
stdout b.xu.bg_u5_abm2i1#branch                     0
stdout b.xu.x_u8_u5.be_abm#branch                   0
stdout b.xu.be_u8_abm167#branch                     0
stdout b.xu.x_u8_u605.be_abmgate#branch               0
stdout b.xu.x_u8_u611.be_abmgate2#branch               0
stdout b.xu.x_u8_u611.be_abmgate1#branch               0
stdout b.xu.be_u8_abm169#branch                     0
stdout b.xu.x_u8_u604.be_abmgate#branch               0
stdout b.xu.x_u8_u610.be_abmgate#branch               0
stdout b.xu.be_u8_abm2#branch                       0
stdout b.xu.x_u8_u609.be_abmgate#branch               0
stdout b.xu.x_u8_u612.be_abmgate2#branch               0
stdout b.xu.x_u8_u612.be_abmgate1#branch               0
stdout b.xu.x_u8_u607.be_abmgate#branch               0
stdout b.xu.x_u8_u602.be_abmgate#branch               0
stdout b.xu.x_u8_u608.be_abmgate#branch               0
stdout b.xu.x_u8_u613.be_abmgate#branch               0
stdout b.xu.x_u8_u606.be_abmgate#branch               0
stdout b.xu.be_u3_abm6#branch                       0
stdout b.xu.x_u3_u137.be_abmgate2#branch               0
stdout b.xu.x_u3_u137.be_abmgate1#branch               0
stdout b.xu.be_u3_abm4#branch                       0
stdout b.xu.x_u3_u8.be_abm#branch                   0
stdout b.xu.x_u3_u136.be_abmgate#branch               0
stdout b.xu.be_u3_abm7#branch                       0
stdout b.xu.be_u3_abm165#branch                     0
stdout v.xu.v_u3_v44#branch              -4.16675e-06
stdout b.xu.x_u3_u134.be_abmgate#branch               0
stdout b.xu.be_u3_abm166#branch                     0
stdout b.xu.x_u3_u135.be_abmgate2#branch               0
stdout b.xu.x_u3_u135.be_abmgate1#branch               0
stdout b.xu.x_u3_u138.be_abmgate#branch               0
stdout b.xu.x_u3_u7.be_abm#branch                   0
stdout b.xu.x_u3_u131.be_abm#branch                 0
stdout b.xu.be_u3_abm1#branch                       0
stdout b.xu.x_u3_u6.be_abm#branch                   0
stdout b.xu.be_u3_abm164#branch                     0
stdout b.xu.x_u6_u604.beout#branch                  0
stdout b.xu.x_u6_u604.behys#branch                  0
stdout b.xu.x_u6_u598.be_abmgate#branch               0
stdout b.xu.x_u6_u600.be_abm#branch                 0
stdout b.xu.x_u6_u599.be_abmgate2#branch               0
stdout b.xu.x_u6_u599.be_abmgate1#branch               0
stdout b.xu.be_u6_abm151#branch                     0
stdout b.xu.bg_u6_abmi4#branch                      0
stdout b.xu.be_u6_abm164#branch                     0
stdout b.xu.be_u6_abm165#branch                     0
stdout b.xu.x_u6_u602.be_abmgate#branch               0
stdout b.xu.be_u6_abm152#branch                     0
stdout b.xu.be_u6_abm163#branch                     0
stdout b.xu.be_u6_abm148#branch                     0
stdout b.xu.x_u6_u603.beqb#branch                   0
stdout b.xu.x_u6_u603.x3.be_abmgate2#branch               0
stdout b.xu.x_u6_u603.x3.be_abmgate1#branch               0
stdout b.xu.x_u6_u603.bgq#branch                    0
stdout b.xu.x_u6_u603.x2.be_abmgate#branch               0
stdout b.xu.x_u6_u603.x1.be_abmgate2#branch               0
stdout b.xu.x_u6_u603.x1.be_abmgate1#branch               0
stdout b.xu.x_u6_u134.be_abmgate#branch               0
stdout h.xu.x_u8_h1.h_u8_h1#branch                  0
stdout v.xu.x_u8_h1.vh_u8_h1#branch       1.27976e-06
stdout h.xu.x_u3_h1.h_u3_h1#branch        -8.3335e-06
stdout v.xu.x_u3_h1.vh_u3_h1#branch      -4.16675e-06
stdout l1#branch                         -9.39546e-07
stdout e.xu.e_u4_abm174#branch                      0
stdout e.xu.e_u4_abm179#branch                      0
stdout e.xu.x_u4_u1.e_abmgate#branch                0
stdout e.xu.e_u4_abm180#branch                      0
stdout e.xu.e_u4_abm178#branch                      0
stdout e.xu.x_u7_u824.e_abmgate#branch               0
stdout e.xu.x_u7_u822.e_abmgate2#branch               0
stdout e.xu.x_u7_u822.e_abmgate1#branch               0
stdout e.xu.x_u7_u827.e_abmgate#branch               0
stdout e.xu.x_u7_u823.e_abmgate#branch               0
stdout e.xu.e_u7_abm13#branch                       0
stdout e.xu.x_u7_u825.e_abmgate#branch               0
stdout e.xu.x_u7_u826.e_abmgate2#branch               0
stdout e.xu.x_u7_u826.e_abmgate1#branch               0
stdout e.xu.x_u7_u6.e_abmgate#branch                0
stdout e.xu.e_u1_abm1#branch                        0
stdout e.xu.e_u1_abm173#branch            -5.0005e-08
stdout e.xu.x_u11_u602.e_abm#branch                 0
stdout e.xu.x_u11_u603.e_abmgate#branch               0
stdout e.xu.x_u11_u601.e_abmgate#branch               0
stdout e.xu.e_u11_abm173#branch                     0
stdout e.xu.x_u11_u604.e_abmgate#branch               0
stdout e.xu.e_u5_abm171#branch                      0
stdout e.xu.x_u5_u614.e_abmgate#branch               0
stdout e.xu.e_u5_abm8#branch                        0
stdout e.xu.x_u5_u603.e_abmgate#branch               0
stdout e.xu.e_u5_abm177#branch                      0
stdout e.xu.x_u8_u5.e_abm#branch                    0
stdout e.xu.e_u8_abm167#branch                      0
stdout e.xu.x_u8_u605.e_abmgate#branch               0
stdout e.xu.x_u8_u611.e_abmgate2#branch               0
stdout e.xu.x_u8_u611.e_abmgate1#branch               0
stdout e.xu.e_u8_abm169#branch                      0
stdout e.xu.x_u8_u604.e_abmgate#branch               0
stdout e.xu.x_u8_u610.e_abmgate#branch               0
stdout e.xu.e_u8_abm2#branch                        0
stdout e.xu.x_u8_u609.e_abmgate#branch      -1.001e-09
stdout e.xu.x_u8_u612.e_abmgate2#branch               0
stdout e.xu.x_u8_u612.e_abmgate1#branch               0
stdout e.xu.x_u8_u607.e_abmgate#branch               0
stdout e.xu.x_u8_u602.e_abmgate#branch               0
stdout e.xu.x_u8_u608.e_abmgate#branch               0
stdout e.xu.x_u8_u613.e_abmgate#branch               0
stdout e.xu.x_u8_u606.e_abmgate#branch               0
stdout e.xu.e_u3_abm6#branch                        0
stdout e.xu.x_u3_u137.e_abmgate2#branch               0
stdout e.xu.x_u3_u137.e_abmgate1#branch               0
stdout e.xu.e_u3_abm4#branch                        0
stdout e.xu.x_u3_u8.e_abm#branch                    0
stdout e.xu.x_u3_u136.e_abmgate#branch               0
stdout e.xu.e_u3_abm7#branch                        0
stdout e.xu.e_u3_abm165#branch                      0
stdout e.xu.x_u3_u134.e_abmgate#branch      -1.001e-09
stdout e.xu.e_u3_abm166#branch                      0
stdout e.xu.x_u3_u135.e_abmgate2#branch               0
stdout e.xu.x_u3_u135.e_abmgate1#branch               0
stdout e.xu.x_u3_u138.e_abmgate#branch               0
stdout e.xu.x_u3_u7.e_abm#branch                    0
stdout e.xu.x_u3_u131.e_abm#branch                  0
stdout e.xu.e_u3_abm1#branch                        0
stdout e.xu.x_u3_u6.e_abm#branch                    0
stdout e.xu.e_u3_abm164#branch                      0
stdout e.xu.x_u6_u604.eout#branch                   0
stdout e.xu.x_u6_u604.ehys#branch         2.36771e-05
stdout e.xu.x_u6_u604.ein#branch         -2.36771e-05
stdout e.xu.x_u6_u598.e_abmgate#branch               0
stdout e.xu.x_u6_u600.e_abm#branch                  0
stdout e.xu.x_u6_u599.e_abmgate2#branch               0
stdout e.xu.x_u6_u599.e_abmgate1#branch               0
stdout e.xu.e_u6_abm151#branch                      0
stdout e.xu.e_u6_abm164#branch                      0
stdout e.xu.e_u6_abm165#branch                      0
stdout e.xu.x_u6_u602.e_abmgate#branch               0
stdout e.xu.e_u6_abm152#branch                      0
stdout e.xu.e_u6_abm163#branch                      0
stdout e.xu.e_u6_abm148#branch                      0
stdout e.xu.x_u6_u603.eqb#branch                    0
stdout e.xu.x_u6_u603.x3.e_abmgate2#branch               0
stdout e.xu.x_u6_u603.x3.e_abmgate1#branch               0
stdout e.xu.x_u6_u603.eq#branch                     0
stdout e.xu.x_u6_u603.x2.e_abmgate#branch               0
stdout e.xu.x_u6_u603.x1.e_abmgate2#branch               0
stdout e.xu.x_u6_u603.x1.e_abmgate1#branch               0
stdout e.xu.x_u6_u134.e_abmgate#branch      -1.001e-09
stdout vprectl#branch                               0
stdout vpre#branch                          -0.498239
stdout v.xu.v_u4_v70#branch                -1.701e-12
stdout v.xu.v_u11_v64#branch                        0
stdout v.xu.v_u5_v5#branch               -3.00208e-05
stdout v.xu.v_u5_v6#branch               -1.40724e-12
stdout v.xu.v_u3_v45#branch              -0.000101451
stdout v.xu.v_u3_v46#branch                         0
stdout v.xu.v_v46#branch                            0
stdout v.xu.v_u6_v2#branch                          0
stdout v.xu.x_u6_u603.v1#branch            -1.001e-12
stdout v.xu.v_u6_v1#branch                          0
stdout v.xu.v_v47#branch                            0
stdout venctl#branch                                0
stdout vin#branch                        -0.000132493
 Reference value :  9.99330e-05
 Reference value :  2.08206e-04
 Reference value :  2.22006e-04
 Reference value :  2.49253e-04
 Reference value :  2.78294e-04
 Reference value :  3.07322e-04
 Reference value :  3.36408e-04
 Reference value :  3.73086e-04
 Reference value :  4.04144e-04
 Reference value :  4.33246e-04
 Reference value :  4.62141e-04
 Reference value :  4.91281e-04
 Reference value :  5.15670e-04
 Reference value :  5.42005e-04
 Reference value :  5.69004e-04
 Reference value :  6.07482e-04
 Reference value :  6.36627e-04
 Reference value :  6.65602e-04
 Reference value :  6.94672e-04
 Reference value :  7.27849e-04
 Reference value :  7.62384e-04
 Reference value :  7.91509e-04
 Reference value :  8.23079e-04
 Reference value :  8.49811e-04
 Reference value :  8.88375e-04
 Reference value :  9.17471e-04
 Reference value :  9.46635e-04
 Reference value :  9.75669e-04
 Reference value :  1.00732e-03
 Reference value :  1.04335e-03
 Reference value :  1.07249e-03
 Reference value :  1.10148e-03
 Reference value :  1.13175e-03
 Reference value :  1.16233e-03
 Reference value :  1.18882e-03
 Reference value :  1.22731e-03
 Reference value :  1.25647e-03
 Reference value :  1.28567e-03
 Reference value :  1.31464e-03
 Reference value :  1.35327e-03
 Reference value :  1.38122e-03
 Reference value :  1.38582e-03
 Reference value :  1.39248e-03
 Reference value :  1.40180e-03
 Reference value :  1.41144e-03
 Reference value :  1.42120e-03
 Reference value :  1.43069e-03
 Reference value :  1.44029e-03
 Reference value :  1.44987e-03
 Reference value :  1.45956e-03
 Reference value :  1.46928e-03
 Reference value :  1.47919e-03
 Reference value :  1.48860e-03
 Reference value :  1.49831e-03
 Reference value :  1.50802e-03
 Reference value :  1.51772e-03
 Reference value :  1.52811e-03
 Reference value :  1.53780e-03
 Reference value :  1.54754e-03
 Reference value :  1.55750e-03
 Reference value :  1.57079e-03
 Reference value :  1.57700e-03
 Reference value :  1.59486e-03
 Reference value :  1.60444e-03
 Reference value :  1.61413e-03
 Reference value :  1.62381e-03
 Reference value :  1.63349e-03
 Reference value :  1.64444e-03
 Reference value :  1.65423e-03
 Reference value :  1.66395e-03
 Reference value :  1.67364e-03
 Reference value :  1.69163e-03
 Reference value :  1.70133e-03
 Reference value :  1.71250e-03
 Reference value :  1.72217e-03
 Reference value :  1.74013e-03
 Reference value :  1.74984e-03
 Reference value :  1.75952e-03
 Reference value :  1.76911e-03
 Reference value :  1.77885e-03
 Reference value :  1.79001e-03
 Reference value :  1.80774e-03
 Reference value :  1.81750e-03
 Reference value :  1.82715e-03
 Reference value :  1.83837e-03
 Reference value :  1.85600e-03
 Reference value :  1.86578e-03
 Reference value :  1.87694e-03
 Reference value :  1.89464e-03
 Reference value :  1.90442e-03
 Reference value :  1.91416e-03
 Reference value :  1.92558e-03
 Reference value :  1.94322e-03
 Reference value :  1.95290e-03
 Reference value :  1.96418e-03
 Reference value :  1.98173e-03
 Reference value :  1.99141e-03
 Reference value :  2.00278e-03
 Reference value :  2.02038e-03
 Reference value :  2.03000e-03
 Reference value :  2.04142e-03
 Reference value :  2.05570e-03
 Reference value :  2.06865e-03
 Reference value :  2.07528e-03
 Reference value :  2.08023e-03
 Reference value :  2.08900e-03
 Reference value :  2.09479e-03
 Reference value :  2.10355e-03
 Reference value :  2.10851e-03
 Reference value :  2.11807e-03
 Reference value :  2.12310e-03
 Reference value :  2.13265e-03
 Reference value :  2.13753e-03
 Reference value :  2.14339e-03
 Reference value :  2.15207e-03
 Reference value :  2.15697e-03
 Reference value :  2.16280e-03
 Reference value :  2.17155e-03
 Reference value :  2.17649e-03
 Reference value :  2.18230e-03
 Reference value :  2.19102e-03
 Reference value :  2.19593e-03
 Reference value :  2.20187e-03
 Reference value :  2.20841e-03
 Reference value :  2.21544e-03
 Reference value :  2.22044e-03
 Reference value :  2.22854e-03
 Reference value :  2.23487e-03
 Reference value :  2.23977e-03
 Reference value :  2.24571e-03
 Reference value :  2.25432e-03
 Reference value :  2.25923e-03
 Reference value :  2.26418e-03
 Reference value :  2.27002e-03
 Reference value :  2.27855e-03
 Reference value :  2.28352e-03
 Reference value :  2.28947e-03
 Reference value :  2.29814e-03
 Reference value :  2.30410e-03
 Reference value :  2.31262e-03
 Reference value :  2.31752e-03
 Reference value :  2.32343e-03
 Reference value :  2.33203e-03
 Reference value :  2.33690e-03
 Reference value :  2.34291e-03
 Reference value :  2.35146e-03
 Reference value :  2.35636e-03
 Reference value :  2.36150e-03
 Reference value :  2.36729e-03
 Reference value :  2.37591e-03
 Reference value :  2.38089e-03
 Reference value :  2.38686e-03
 Reference value :  2.39537e-03
 Reference value :  2.40132e-03
 Reference value :  2.40986e-03
 Reference value :  2.41476e-03
 Reference value :  2.42068e-03
 Reference value :  2.42921e-03
 Reference value :  2.43412e-03
 Reference value :  2.44009e-03
 Reference value :  2.44869e-03
 Reference value :  2.45354e-03
 Reference value :  2.45961e-03
 Reference value :  2.46706e-03
 Reference value :  2.47295e-03
 Reference value :  2.47900e-03
 Reference value :  2.48756e-03
 Reference value :  2.49248e-03
 Reference value :  2.49850e-03
 Reference value :  2.50345e-03
 Reference value :  2.51193e-03
 Reference value :  2.51793e-03
 Reference value :  2.52282e-03
 Reference value :  2.53124e-03
 Reference value :  2.53611e-03
 Reference value :  2.54217e-03
 Reference value :  2.55066e-03
 Reference value :  2.55671e-03
 Reference value :  2.56511e-03
 Reference value :  2.57013e-03
 Reference value :  2.57962e-03
 Reference value :  2.58456e-03
 Reference value :  2.59068e-03
 Reference value :  2.59909e-03
 Reference value :  2.60400e-03
 Reference value :  2.61014e-03
 Reference value :  2.61868e-03
 Reference value :  2.62350e-03
 Reference value :  2.62849e-03
 Reference value :  2.63461e-03
 Reference value :  2.64312e-03
 Reference value :  2.64918e-03
 Reference value :  2.65697e-03
 Reference value :  2.66243e-03
 Reference value :  2.66855e-03
 Reference value :  2.67701e-03
 Reference value :  2.68310e-03
 Reference value :  2.68800e-03
 Reference value :  2.69642e-03
 Reference value :  2.70133e-03
 Reference value :  2.70644e-03
 Reference value :  2.71240e-03
 Reference value :  2.71902e-03
 Reference value :  2.72215e-03
 Reference value :  2.72637e-03
 Reference value :  2.72894e-03
 Reference value :  2.73195e-03
 Reference value :  2.73621e-03
 Reference value :  2.73935e-03
 Reference value :  2.74358e-03
 Reference value :  2.74668e-03
 Reference value :  2.75092e-03
 Reference value :  2.75347e-03
 Reference value :  2.75816e-03
 Reference value :  2.76069e-03
 Reference value :  2.76377e-03
 Reference value :  2.76798e-03
 Reference value :  2.77046e-03
 Reference value :  2.77361e-03
 Reference value :  2.77780e-03
 Reference value :  2.78088e-03
 Reference value :  2.78471e-03
 Reference value :  2.78755e-03
 Reference value :  2.79023e-03
 Reference value :  2.79490e-03
 Reference value :  2.79740e-03
 Reference value :  2.80054e-03
 Reference value :  2.80470e-03
 Reference value :  2.80780e-03
 Reference value :  2.81201e-03
 Reference value :  2.81455e-03
 Reference value :  2.81931e-03
 Reference value :  2.82179e-03
 Reference value :  2.82490e-03
 Reference value :  2.82909e-03
 Reference value :  2.83227e-03
 Reference value :  2.83645e-03
 Reference value :  2.83894e-03
 Reference value :  2.84209e-03
 Reference value :  2.84621e-03
 Reference value :  2.84936e-03
 Reference value :  2.85356e-03
 Reference value :  2.85668e-03
 Reference value :  2.86089e-03
 Reference value :  2.86347e-03
 Reference value :  2.86649e-03
 Reference value :  2.87061e-03
 Reference value :  2.87308e-03
 Reference value :  2.87623e-03
 Reference value :  2.88043e-03
 Reference value :  2.88358e-03
 Reference value :  2.88775e-03
 Reference value :  2.89086e-03
 Reference value :  2.89502e-03
 Reference value :  2.89756e-03
 Reference value :  2.90064e-03
 Reference value :  2.90484e-03
 Reference value :  2.90733e-03
 Reference value :  2.91046e-03
 Reference value :  2.91460e-03
 Reference value :  2.91773e-03
 Reference value :  2.92186e-03
 Reference value :  2.92502e-03
 Reference value :  2.92914e-03
 Reference value :  2.93171e-03
 Reference value :  2.93489e-03
 Reference value :  2.93904e-03
 Reference value :  2.94152e-03
 Reference value :  2.94469e-03
 Reference value :  2.94883e-03
 Reference value :  2.95195e-03
 Reference value :  2.95615e-03
 Reference value :  2.95879e-03
 Reference value :  2.96345e-03
 Reference value :  2.96594e-03
 Reference value :  2.96911e-03
 Reference value :  2.97325e-03
 Reference value :  2.97643e-03
 Reference value :  2.98053e-03
 Reference value :  2.98307e-03
 Reference value :  2.98626e-03
 Reference value :  2.99042e-03
 Reference value :  2.99363e-03
 Reference value :  2.99779e-03
 Reference value :  3.00033e-03
 Reference value :  3.00345e-03
 Reference value :  3.00761e-03
 Reference value :  3.01082e-03
 Reference value :  3.01495e-03
 Reference value :  3.01744e-03
 Reference value :  3.02064e-03
 Reference value :  3.02477e-03
 Reference value :  3.02791e-03
 Reference value :  3.03105e-03
 Reference value :  3.03454e-03
 Reference value :  3.03776e-03
 Reference value :  3.04190e-03
 Reference value :  3.04510e-03
 Reference value :  3.04919e-03
 Reference value :  3.05231e-03
 Reference value :  3.05524e-03
 Reference value :  3.05899e-03
 Reference value :  3.06219e-03
 Reference value :  3.06635e-03
 Reference value :  3.06889e-03
 Reference value :  3.07225e-03
 Reference value :  3.07620e-03
 Reference value :  3.07940e-03
 Reference value :  3.08200e-03
 Reference value :  3.08604e-03
 Reference value :  3.08923e-03
 Reference value :  3.09340e-03
 Reference value :  3.09662e-03
 Reference value :  3.10077e-03
 Reference value :  3.10327e-03
 Reference value :  3.10642e-03
 Reference value :  3.10903e-03
 Reference value :  3.11304e-03
 Reference value :  3.11624e-03
 Reference value :  3.12041e-03
 Reference value :  3.12362e-03
 Reference value :  3.12776e-03
 Reference value :  3.13099e-03
 Reference value :  3.13512e-03
 Reference value :  3.13835e-03
 Reference value :  3.14249e-03
 Reference value :  3.14570e-03
 Reference value :  3.14984e-03
 Reference value :  3.15299e-03
 Reference value :  3.15581e-03
 Reference value :  3.15959e-03
 Reference value :  3.16280e-03
 Reference value :  3.16694e-03
 Reference value :  3.16943e-03
 Reference value :  3.17262e-03
 Reference value :  3.17676e-03
 Reference value :  3.17928e-03
 Reference value :  3.18259e-03
 Reference value :  3.18662e-03
 Reference value :  3.18985e-03
 Reference value :  3.19396e-03
 Reference value :  3.19645e-03
 Reference value :  3.19968e-03
 Reference value :  3.20381e-03
 Reference value :  3.20635e-03
 Reference value :  3.21114e-03
 Reference value :  3.21369e-03
 Reference value :  3.21688e-03
 Reference value :  3.22101e-03
 Reference value :  3.22421e-03
 Reference value :  3.22837e-03
 Reference value :  3.23092e-03
 Reference value :  3.23410e-03
 Reference value :  3.23821e-03
 Reference value :  3.24069e-03
 Reference value :  3.24393e-03
 Reference value :  3.24804e-03
 Reference value :  3.25125e-03
 Reference value :  3.25538e-03
 Reference value :  3.25788e-03
 Reference value :  3.26110e-03
 Reference value :  3.26520e-03
 Reference value :  3.26768e-03
 Reference value :  3.27093e-03
 Reference value :  3.27503e-03
 Reference value :  3.27746e-03
 Reference value :  3.27991e-03
 Reference value :  3.28311e-03
 Reference value :  3.28724e-03
 Reference value :  3.29046e-03
 Reference value :  3.29458e-03
 Reference value :  3.29782e-03
 Reference value :  3.30195e-03
 Reference value :  3.30518e-03
 Reference value :  3.30928e-03
 Reference value :  3.31184e-03
 Reference value :  3.31502e-03
 Reference value :  3.31912e-03
 Reference value :  3.32236e-03
 Reference value :  3.32646e-03
 Reference value :  3.32892e-03
 Reference value :  3.33209e-03
 Reference value :  3.33465e-03
 Reference value :  3.33873e-03
 Reference value :  3.34118e-03
 Reference value :  3.34368e-03
 Reference value :  3.34613e-03
 Reference value :  3.34867e-03
 Reference value :  3.35188e-03
 Reference value :  3.35592e-03
 Reference value :  3.35841e-03
 Reference value :  3.36166e-03
 Reference value :  3.36495e-03
 Reference value :  3.36819e-03
 Reference value :  3.37143e-03
 Reference value :  3.37552e-03
 Reference value :  3.37799e-03
 Reference value :  3.38052e-03
 Reference value :  3.38372e-03
 Reference value :  3.38778e-03
 Reference value :  3.39024e-03
 Reference value :  3.39271e-03
 Reference value :  3.39517e-03
 Reference value :  3.39842e-03
 Reference value :  3.40091e-03
 Reference value :  3.40498e-03
 Reference value :  3.40753e-03
 Reference value :  3.41229e-03
 Reference value :  3.41476e-03
 Reference value :  3.41724e-03
 Reference value :  3.41971e-03
 Reference value :  3.42297e-03
 Reference value :  3.42701e-03
 Reference value :  3.42948e-03
 Reference value :  3.43273e-03
 Reference value :  3.43684e-03
 Reference value :  3.43931e-03
 Reference value :  3.44178e-03
 Reference value :  3.44429e-03
 Reference value :  3.44750e-03
 Reference value :  3.45158e-03
 Reference value :  3.45403e-03
 Reference value :  3.45651e-03
 Reference value :  3.45976e-03
 Reference value :  3.46226e-03
 Reference value :  3.46632e-03
 Reference value :  3.46879e-03
 Reference value :  3.47125e-03
 Reference value :  3.47380e-03
 Reference value :  3.47700e-03
 Reference value :  3.48105e-03
 Reference value :  3.48354e-03
 Reference value :  3.48601e-03
 Reference value :  3.48928e-03
 Reference value :  3.49330e-03
 Reference value :  3.49579e-03
 Reference value :  3.49826e-03
 Reference value :  3.50072e-03
 Reference value :  3.50400e-03
 Reference value :  3.50800e-03
 Reference value :  3.51053e-03
 Reference value :  3.51304e-03
 Reference value :  3.51627e-03
 Reference value :  3.52028e-03
 Reference value :  3.52276e-03
 Reference value :  3.52523e-03
 Reference value :  3.52848e-03
 Reference value :  3.53095e-03
 Reference value :  3.53502e-03
 Reference value :  3.53750e-03
 Reference value :  3.53997e-03
 Reference value :  3.54319e-03
 Reference value :  3.54570e-03
 Reference value :  3.54977e-03
 Reference value :  3.55224e-03
 Reference value :  3.55471e-03
 Reference value :  3.55724e-03
 Reference value :  3.56045e-03
 Reference value :  3.56444e-03
 Reference value :  3.56699e-03
 Reference value :  3.56946e-03
 Reference value :  3.57272e-03
 Reference value :  3.57519e-03
 Reference value :  3.57925e-03
 Reference value :  3.58173e-03
 Reference value :  3.58420e-03
 Reference value :  3.58748e-03
 Reference value :  3.59024e-03
 Reference value :  3.59396e-03
 Reference value :  3.59645e-03
 Reference value :  3.59894e-03
 Reference value :  3.60216e-03
 Reference value :  3.60463e-03
 Reference value :  3.60864e-03
 Reference value :  3.61111e-03
 Reference value :  3.61373e-03
 Reference value :  3.61682e-03
 Reference value :  3.61929e-03
 Reference value :  3.62329e-03
 Reference value :  3.62580e-03
 Reference value :  3.62830e-03
 Reference value :  3.63156e-03
 Reference value :  3.63558e-03
 Reference value :  3.63810e-03
 Reference value :  3.64055e-03
 Reference value :  3.64303e-03
 Reference value :  3.64550e-03
 Reference value :  3.64877e-03
 Reference value :  3.65125e-03
 Reference value :  3.65529e-03
 Reference value :  3.65778e-03
 Reference value :  3.66104e-03
 Reference value :  3.66353e-03
 Reference value :  3.66759e-03
 Reference value :  3.67008e-03
 Reference value :  3.67258e-03
 Reference value :  3.67579e-03
 Reference value :  3.67979e-03
 Reference value :  3.68233e-03
 Reference value :  3.68481e-03
 Reference value :  3.68810e-03
 Reference value :  3.69058e-03
 Reference value :  3.69461e-03
 Reference value :  3.69706e-03
 Reference value :  3.69954e-03
 Reference value :  3.70229e-03
 Reference value :  3.70526e-03
 Reference value :  3.70923e-03
 Reference value :  3.71173e-03
 Reference value :  3.71423e-03
 Reference value :  3.71670e-03
 Reference value :  3.71917e-03
 Reference value :  3.72244e-03
 Reference value :  3.72492e-03
 Reference value :  3.72738e-03
 Reference value :  3.73140e-03
 Reference value :  3.73386e-03
 Reference value :  3.73634e-03
 Reference value :  3.73883e-03
 Reference value :  3.74212e-03
 Reference value :  3.74609e-03
 Reference value :  3.74856e-03
 Reference value :  3.75126e-03
 Reference value :  3.75434e-03
 Reference value :  3.75838e-03
 Reference value :  3.76166e-03
 Reference value :  3.76571e-03
 Reference value :  3.76815e-03
 Reference value :  3.77061e-03
 Reference value :  3.77390e-03
 Reference value :  3.77797e-03
 Reference value :  3.78051e-03
 Reference value :  3.78527e-03
 Reference value :  3.78777e-03
 Reference value :  3.79026e-03
 Reference value :  3.79354e-03
 Reference value :  3.79611e-03
 Reference value :  3.80000e-03
 Reference value :  3.80246e-03
 Reference value :  3.80494e-03
 Reference value :  3.80825e-03
 Reference value :  3.81068e-03
 Reference value :  3.81462e-03
 Reference value :  3.81718e-03
 Reference value :  3.82048e-03
 Reference value :  3.82309e-03
 Reference value :  3.82702e-03
 Reference value :  3.82969e-03
 Reference value :  3.83275e-03
 Reference value :  3.83660e-03
 Reference value :  3.83768e-03
 Reference value :  3.84041e-03
 Reference value :  3.84418e-03
 Reference value :  3.84672e-03
 Reference value :  3.84995e-03
 Reference value :  3.85241e-03
 Reference value :  3.85641e-03
 Reference value :  3.85889e-03
 Reference value :  3.86142e-03
 Reference value :  3.86465e-03
 Reference value :  3.86709e-03
 Reference value :  3.86956e-03
 Reference value :  3.87203e-03
 Reference value :  3.87604e-03
 Reference value :  3.87847e-03
 Reference value :  3.88175e-03
 Reference value :  3.88420e-03
 Reference value :  3.88820e-03
 Reference value :  3.89074e-03
 Reference value :  3.89406e-03
 Reference value :  3.89812e-03
 Reference value :  3.90064e-03
 Reference value :  3.90384e-03
 Reference value :  3.90788e-03
 Reference value :  3.91039e-03
 Reference value :  3.91311e-03
 Reference value :  3.91602e-03
 Reference value :  3.91852e-03
 Reference value :  3.92099e-03
 Reference value :  3.92346e-03
 Reference value :  3.92746e-03
 Reference value :  3.93071e-03
 Reference value :  3.93323e-03
 Reference value :  3.93594e-03
 Reference value :  3.93932e-03
 Reference value :  3.94214e-03
 Reference value :  3.94461e-03
 Reference value :  3.94708e-03
 Reference value :  3.94955e-03
 Reference value :  3.95276e-03
 Reference value :  3.95526e-03
 Reference value :  3.95773e-03
 Reference value :  3.96020e-03
 Reference value :  3.96290e-03
 Reference value :  3.96666e-03
 Reference value :  3.96914e-03
 Reference value :  3.97158e-03
 Reference value :  3.97486e-03
 Reference value :  3.97730e-03
 Reference value :  3.98132e-03
 Reference value :  3.98460e-03
 Reference value :  3.98704e-03
 Reference value :  3.98951e-03
 Reference value :  3.99346e-03
 Reference value :  3.99599e-03
 Reference value :  3.99927e-03
 Reference value :  4.00330e-03
 Reference value :  4.00576e-03
 Reference value :  4.00823e-03
 Reference value :  4.01067e-03
 Reference value :  4.01312e-03
 Reference value :  4.01635e-03
 Reference value :  4.01884e-03
 Reference value :  4.02134e-03
 Reference value :  4.02395e-03
 Reference value :  4.02636e-03
 Reference value :  4.02890e-03
 Reference value :  4.03272e-03
 Reference value :  4.03516e-03
 Reference value :  4.03782e-03
 Reference value :  4.04096e-03
 Reference value :  4.04455e-03
 Reference value :  4.04732e-03
 Reference value :  4.04984e-03
 Reference value :  4.05230e-03
 Reference value :  4.05560e-03
 Reference value :  4.05805e-03
 Reference value :  4.06052e-03
 Reference value :  4.06450e-03
 Reference value :  4.06698e-03
 Reference value :  4.06944e-03
 Reference value :  4.07274e-03
 Reference value :  4.07517e-03
 Reference value :  4.07764e-03
 Reference value :  4.08011e-03
 Reference value :  4.08411e-03
 Reference value :  4.08659e-03
 Reference value :  4.08988e-03
 Reference value :  4.09231e-03
 Reference value :  4.09478e-03
 Reference value :  4.09839e-03
 Reference value :  4.10130e-03
 Reference value :  4.10452e-03
 Reference value :  4.10820e-03
 Reference value :  4.11107e-03
 Reference value :  4.11356e-03
 Reference value :  4.11682e-03
 Reference value :  4.11932e-03
 Reference value :  4.12179e-03
 Reference value :  4.12578e-03
 Reference value :  4.12825e-03
 Reference value :  4.13069e-03
 Reference value :  4.13397e-03
 Reference value :  4.13644e-03
 Reference value :  4.14036e-03
 Reference value :  4.14291e-03
 Reference value :  4.14536e-03
 Reference value :  4.14782e-03
 Reference value :  4.15051e-03
 Reference value :  4.15479e-03
 Reference value :  4.15763e-03
 Reference value :  4.16010e-03
 Reference value :  4.16256e-03
 Reference value :  4.16583e-03
 Reference value :  4.16831e-03
 Reference value :  4.17237e-03
 Reference value :  4.17483e-03
 Reference value :  4.17730e-03
 Reference value :  4.18060e-03
 Reference value :  4.18308e-03
 Reference value :  4.18554e-03
 Reference value :  4.18955e-03
 Reference value :  4.19202e-03
 Reference value :  4.19524e-03
 Reference value :  4.19926e-03
 Reference value :  4.20179e-03
 Reference value :  4.20504e-03
 Reference value :  4.20753e-03
 Reference value :  4.21155e-03
 Reference value :  4.21402e-03
 Reference value :  4.21646e-03
 Reference value :  4.21898e-03
 Reference value :  4.22220e-03
 Reference value :  4.22467e-03
 Reference value :  4.22714e-03
 Reference value :  4.23113e-03
 Reference value :  4.23360e-03
 Reference value :  4.23607e-03
 Reference value :  4.23853e-03
 Reference value :  4.24178e-03
 Reference value :  4.24430e-03
 Reference value :  4.24829e-03
 Reference value :  4.25075e-03
 Reference value :  4.25324e-03
 Reference value :  4.25570e-03
 Reference value :  4.25816e-03
 Reference value :  4.26146e-03
 Reference value :  4.26546e-03
 Reference value :  4.26791e-03
 Reference value :  4.27040e-03
 Reference value :  4.27372e-03
 Reference value :  4.27772e-03
 Reference value :  4.28020e-03
 Reference value :  4.28345e-03
 Reference value :  4.28595e-03
 Reference value :  4.28846e-03
 Reference value :  4.29245e-03
 Reference value :  4.29498e-03
 Reference value :  4.29817e-03
 Reference value :  4.30213e-03
 Reference value :  4.30466e-03
 Reference value :  4.30714e-03
 Reference value :  4.30960e-03
 Reference value :  4.31206e-03
 Reference value :  4.31481e-03
 Reference value :  4.31782e-03
 Reference value :  4.32030e-03
 Reference value :  4.32433e-03
 Reference value :  4.32686e-03
 Reference value :  4.33008e-03
 Reference value :  4.33411e-03
 Reference value :  4.33736e-03
 Reference value :  4.34138e-03
 Reference value :  4.34386e-03
 Reference value :  4.34633e-03
 Reference value :  4.34964e-03
 Reference value :  4.35324e-03
 Reference value :  4.35612e-03
 Reference value :  4.35856e-03
 Reference value :  4.36106e-03
 Reference value :  4.36432e-03
 Reference value :  4.36687e-03
 Reference value :  4.37074e-03
 Reference value :  4.37323e-03
 Reference value :  4.37570e-03
 Reference value :  4.37826e-03
 Reference value :  4.38260e-03
 Reference value :  4.38550e-03
 Reference value :  4.38797e-03
 Reference value :  4.39128e-03
 Reference value :  4.39525e-03
 Reference value :  4.39772e-03
 Reference value :  4.40102e-03
 Reference value :  4.40510e-03
 Reference value :  4.40758e-03
 Reference value :  4.41005e-03
 Reference value :  4.41331e-03
 Reference value :  4.41735e-03
 Reference value :  4.41993e-03
 Reference value :  4.42314e-03
 Reference value :  4.42682e-03
 Reference value :  4.42965e-03
 Reference value :  4.43292e-03
 Reference value :  4.43652e-03
 Reference value :  4.43940e-03
 Reference value :  4.44270e-03
 Reference value :  4.44518e-03
 Reference value :  4.44879e-03
 Reference value :  4.45166e-03
 Reference value :  4.45412e-03
 Reference value :  4.45660e-03
 Reference value :  4.45912e-03
 Reference value :  4.46234e-03
 Reference value :  4.46482e-03
 Reference value :  4.46745e-03
 Reference value :  4.47131e-03
 Reference value :  4.47383e-03
 Reference value :  4.47708e-03
 Reference value :  4.48093e-03
 Reference value :  4.48359e-03
 Reference value :  4.48611e-03
 Reference value :  4.48933e-03
 Reference value :  4.49180e-03
 Reference value :  4.49583e-03
 Reference value :  4.49831e-03
 Reference value :  4.50158e-03
 Reference value :  4.50408e-03
 Reference value :  4.50809e-03
 Reference value :  4.51137e-03
 Reference value :  4.51541e-03
 Reference value :  4.51792e-03
 Reference value :  4.52233e-03
 Reference value :  4.52520e-03
 Reference value :  4.52843e-03
 Reference value :  4.53247e-03
 Reference value :  4.53501e-03
 Reference value :  4.53748e-03
 Reference value :  4.54078e-03
 Reference value :  4.54353e-03
 Reference value :  4.54729e-03
 Reference value :  4.54991e-03
 Reference value :  4.55305e-03
 Reference value :  4.55554e-03
 Reference value :  4.55957e-03
 Reference value :  4.56223e-03
 Reference value :  4.56532e-03
 Reference value :  4.56939e-03
 Reference value :  4.57268e-03
 Reference value :  4.57513e-03
 Reference value :  4.57915e-03
 Reference value :  4.58162e-03
 Reference value :  4.58411e-03
 Reference value :  4.58743e-03
 Reference value :  4.59137e-03
 Reference value :  4.59393e-03
 Reference value :  4.59640e-03
 Reference value :  4.59886e-03
 Reference value :  4.60138e-03
 Reference value :  4.60460e-03
 Reference value :  4.60708e-03
 Reference value :  4.61109e-03
 Reference value :  4.61354e-03
 Reference value :  4.61602e-03
 Reference value :  4.61933e-03
 Reference value :  4.62180e-03
 Reference value :  4.62574e-03
 Reference value :  4.62827e-03
 Reference value :  4.63074e-03
 Reference value :  4.63402e-03
 Reference value :  4.63649e-03
 Reference value :  4.64051e-03
 Reference value :  4.64289e-03
 Reference value :  4.64542e-03
 Reference value :  4.64790e-03
 Reference value :  4.65037e-03
 Reference value :  4.65364e-03
 Reference value :  4.65712e-03
 Reference value :  4.66013e-03
 Reference value :  4.66260e-03
 Reference value :  4.66506e-03
 Reference value :  4.66775e-03
 Reference value :  4.67110e-03
 Reference value :  4.67490e-03
 Reference value :  4.67735e-03
 Reference value :  4.68060e-03
 Reference value :  4.68309e-03
 Reference value :  4.68555e-03
 Reference value :  4.68920e-03
 Reference value :  4.69204e-03
 Reference value :  4.69532e-03
 Reference value :  4.69887e-03
 Reference value :  4.70181e-03
 Reference value :  4.70428e-03
 Reference value :  4.70682e-03
 Reference value :  4.70934e-03
 Reference value :  4.71246e-03
 Reference value :  4.71494e-03
 Reference value :  4.71900e-03
 Reference value :  4.72146e-03
 Reference value :  4.72471e-03
 Reference value :  4.72721e-03
 Reference value :  4.73124e-03
 Reference value :  4.73372e-03
 Reference value :  4.73618e-03
 Reference value :  4.73871e-03
 Reference value :  4.74206e-03
 Reference value :  4.74597e-03
 Reference value :  4.74852e-03
 Reference value :  4.75171e-03
 Reference value :  4.75418e-03
 Reference value :  4.75819e-03
 Reference value :  4.76066e-03
 Reference value :  4.76397e-03
 Reference value :  4.76644e-03
 Reference value :  4.77040e-03
 Reference value :  4.77295e-03
 Reference value :  4.77622e-03
 Reference value :  4.77866e-03
 Reference value :  4.78114e-03
 Reference value :  4.78361e-03
 Reference value :  4.78762e-03
 Reference value :  4.79006e-03
 Reference value :  4.79254e-03
 Reference value :  4.79501e-03
 Reference value :  4.79828e-03
 Reference value :  4.80076e-03
 Reference value :  4.80321e-03
 Reference value :  4.80568e-03
 Reference value :  4.80968e-03
 Reference value :  4.81215e-03
 Reference value :  4.81462e-03
 Reference value :  4.81708e-03
 Reference value :  4.81960e-03
 Reference value :  4.82286e-03
 Reference value :  4.82689e-03
 Reference value :  4.82938e-03
 Reference value :  4.83182e-03
 Reference value :  4.83513e-03
 Reference value :  4.83904e-03
 Reference value :  4.84157e-03
 Reference value :  4.84406e-03
 Reference value :  4.84733e-03
 Reference value :  4.85134e-03
 Reference value :  4.85387e-03
 Reference value :  4.85707e-03
 Reference value :  4.85958e-03
 Reference value :  4.86360e-03
 Reference value :  4.86606e-03
 Reference value :  4.86859e-03
 Reference value :  4.87183e-03
 Reference value :  4.87585e-03
 Reference value :  4.87832e-03
 Reference value :  4.88077e-03
 Reference value :  4.88330e-03
 Reference value :  4.88654e-03
 Reference value :  4.89054e-03
 Reference value :  4.89299e-03
 Reference value :  4.89630e-03
 Reference value :  4.89991e-03
 Reference value :  4.90275e-03
 Reference value :  4.90521e-03
 Reference value :  4.90769e-03
 Reference value :  4.91041e-03
 Reference value :  4.91345e-03
 Reference value :  4.91591e-03
 Reference value :  4.91997e-03
 Reference value :  4.92243e-03
 Reference value :  4.92502e-03
 Reference value :  4.92828e-03
 Reference value :  4.93221e-03
 Reference value :  4.93468e-03
 Reference value :  4.93714e-03
 Reference value :  4.93960e-03
 Reference value :  4.94207e-03
 Reference value :  4.94537e-03
 Reference value :  4.94805e-03
 Reference value :  4.95182e-03
 Reference value :  4.95428e-03
 Reference value :  4.95676e-03
 Reference value :  4.95922e-03
 Reference value :  4.96176e-03
 Reference value :  4.96499e-03
 Reference value :  4.96899e-03
 Reference value :  4.97147e-03
 Reference value :  4.97480e-03
 Reference value :  4.97726e-03
 Reference value :  4.98126e-03
 Reference value :  4.98372e-03
 Reference value :  4.98628e-03
 Reference value :  4.98947e-03
 Reference value :  4.99194e-03
 Reference value :  4.99595e-03
 Reference value :  4.99842e-03
 Reference value :  5.00090e-03
 Reference value :  5.00422e-03
 Reference value :  5.00672e-03
 Reference value :  5.01071e-03
 Reference value :  5.01318e-03
 Reference value :  5.01565e-03
 Reference value :  5.01896e-03
 Reference value :  5.02139e-03
 Reference value :  5.02503e-03
 Reference value :  5.02788e-03
 Reference value :  5.03035e-03
 Reference value :  5.03279e-03
 Reference value :  5.03375e-03
 Reference value :  5.03613e-03
 Reference value :  5.03773e-03
 Reference value :  5.04016e-03
 Reference value :  5.04105e-03
 Reference value :  5.04271e-03
 Reference value :  5.04507e-03
 Reference value :  5.04597e-03
 Reference value :  5.04838e-03
 Reference value :  5.04999e-03
 Reference value :  5.05086e-03
 Reference value :  5.05252e-03
 Reference value :  5.05489e-03
 Reference value :  5.05586e-03
 Reference value :  5.05824e-03
 Reference value :  5.06065e-03
 Reference value :  5.06233e-03
 Reference value :  5.06471e-03
 Reference value :  5.06714e-03
 Reference value :  5.06802e-03
 Reference value :  5.07046e-03
 Reference value :  5.07210e-03
 Reference value :  5.07453e-03
 Reference value :  5.07541e-03
 Reference value :  5.07701e-03
 Reference value :  5.07944e-03
 Reference value :  5.08035e-03
 Reference value :  5.08275e-03
 Reference value :  5.08441e-03
 Reference value :  5.08680e-03
 Reference value :  5.08771e-03
 Reference value :  5.09011e-03
 Reference value :  5.09174e-03
 Reference value :  5.09416e-03
 Reference value :  5.09504e-03
 Reference value :  5.09746e-03
 Reference value :  5.09908e-03
 Reference value :  5.10152e-03
 Reference value :  5.10392e-03
 Reference value :  5.10477e-03
 Reference value :  5.10642e-03
 Reference value :  5.10885e-03
 Reference value :  5.10973e-03
 Reference value :  5.11134e-03
 Reference value :  5.11375e-03
 Reference value :  5.11463e-03
 Reference value :  5.11631e-03
 Reference value :  5.11864e-03
 Reference value :  5.11952e-03
 Reference value :  5.12144e-03
 Reference value :  5.12359e-03
 Reference value :  5.12563e-03
 Reference value :  5.12690e-03
 Reference value :  5.12851e-03
 Reference value :  5.13095e-03
 Reference value :  5.13338e-03
 Reference value :  5.13427e-03
 Reference value :  5.13671e-03
 Reference value :  5.13830e-03
 Reference value :  5.14074e-03
 Reference value :  5.14317e-03
 Reference value :  5.14407e-03
 Reference value :  5.14566e-03
 Reference value :  5.14810e-03
 Reference value :  5.15015e-03
 Reference value :  5.15260e-03
 Reference value :  5.15390e-03
 Reference value :  5.15638e-03
 Reference value :  5.16041e-03
 Reference value :  5.16289e-03
 Reference value :  5.16535e-03
 Reference value :  5.16866e-03
 Reference value :  5.17265e-03
 Reference value :  5.17514e-03
 Reference value :  5.17842e-03
 Reference value :  5.18087e-03
 Reference value :  5.18432e-03
 Reference value :  5.18735e-03
 Reference value :  5.18985e-03
 Reference value :  5.19315e-03
 Reference value :  5.19564e-03
 Reference value :  5.19811e-03
 Reference value :  5.20213e-03
 Reference value :  5.20457e-03
 Reference value :  5.20786e-03
 Reference value :  5.21189e-03
 Reference value :  5.21437e-03
 Reference value :  5.21683e-03
 Reference value :  5.22015e-03
 Reference value :  5.22341e-03
 Reference value :  5.22663e-03
 Reference value :  5.22911e-03
 Reference value :  5.23160e-03
 Reference value :  5.23483e-03
 Reference value :  5.23731e-03
 Reference value :  5.24131e-03
 Reference value :  5.24379e-03
 Reference value :  5.24705e-03
 Reference value :  5.24957e-03
 Reference value :  5.25195e-03
 Reference value :  5.25442e-03
 Reference value :  5.25621e-03
 Reference value :  5.25855e-03
 Reference value :  5.26090e-03
 Reference value :  5.26330e-03
 Reference value :  5.26412e-03
 Reference value :  5.26578e-03
 Reference value :  5.26763e-03
 Reference value :  5.26826e-03
 Reference value :  5.27068e-03
 Reference value :  5.27155e-03
 Reference value :  5.27313e-03
 Reference value :  5.27557e-03
 Reference value :  5.27760e-03
 Reference value :  5.27807e-03
 Reference value :  5.28046e-03
 Reference value :  5.28231e-03
 Reference value :  5.28291e-03
 Reference value :  5.28532e-03
 Reference value :  5.28618e-03
 Reference value :  5.28780e-03
 Reference value :  5.28867e-03
 Reference value :  5.29027e-03
 Reference value :  5.29269e-03
 Reference value :  5.29355e-03
 Reference value :  5.29516e-03
 Reference value :  5.29759e-03
 Reference value :  5.29846e-03
 Reference value :  5.30006e-03
 Reference value :  5.30093e-03
 Reference value :  5.30253e-03
 Reference value :  5.30495e-03
 Reference value :  5.30576e-03
 Reference value :  5.30742e-03
 Reference value :  5.30829e-03
 Reference value :  5.30989e-03
 Reference value :  5.31231e-03
 Reference value :  5.31314e-03
 Reference value :  5.31479e-03
 Reference value :  5.31567e-03
 Reference value :  5.31726e-03
 Reference value :  5.31968e-03
 Reference value :  5.32056e-03
 Reference value :  5.32217e-03
 Reference value :  5.32460e-03
 Reference value :  5.32548e-03
 Reference value :  5.32788e-03
 Reference value :  5.32948e-03
 Reference value :  5.33192e-03
 Reference value :  5.33279e-03
 Reference value :  5.33436e-03
 Reference value :  5.33680e-03
 Reference value :  5.33768e-03
 Reference value :  5.34012e-03
 Reference value :  5.34173e-03
 Reference value :  5.34416e-03
 Reference value :  5.34523e-03
 Reference value :  5.34751e-03
 Reference value :  5.34913e-03
 Reference value :  5.35157e-03
 Reference value :  5.35401e-03
 Reference value :  5.35606e-03
 Reference value :  5.35893e-03
 Reference value :  5.36141e-03
 Reference value :  5.36469e-03
 Reference value :  5.36872e-03
 Reference value :  5.37118e-03
 Reference value :  5.37446e-03
 Reference value :  5.37849e-03
 Reference value :  5.38181e-03
 Reference value :  5.38581e-03
 Reference value :  5.38907e-03
 Reference value :  5.39306e-03
 Reference value :  5.39560e-03
 Reference value :  5.39809e-03
 Reference value :  5.40056e-03
 Reference value :  5.40382e-03
 Reference value :  5.40631e-03
 Reference value :  5.41035e-03
 Reference value :  5.41280e-03
 Reference value :  5.41609e-03
 Reference value :  5.42009e-03
 Reference value :  5.42255e-03
 Reference value :  5.42513e-03
 Reference value :  5.42830e-03
 Reference value :  5.43084e-03
 Reference value :  5.43480e-03
 Reference value :  5.43728e-03
 Reference value :  5.44061e-03
 Reference value :  5.44462e-03
 Reference value :  5.44715e-03
 Reference value :  5.45043e-03
 Reference value :  5.45445e-03
 Reference value :  5.45775e-03
 Reference value :  5.46018e-03
 Reference value :  5.46188e-03
 Reference value :  5.46434e-03
 Reference value :  5.46675e-03
 Reference value :  5.46914e-03
 Reference value :  5.47153e-03
 Reference value :  5.47241e-03
 Reference value :  5.47402e-03
 Reference value :  5.47647e-03
 Reference value :  5.47888e-03
 Reference value :  5.47986e-03
 Reference value :  5.48218e-03
 Reference value :  5.48381e-03
 Reference value :  5.48621e-03
 Reference value :  5.48709e-03
 Reference value :  5.48955e-03
 Reference value :  5.49201e-03
 Reference value :  5.49446e-03
 Reference value :  5.49613e-03
 Reference value :  5.49850e-03
 Reference value :  5.50093e-03
 Reference value :  5.50182e-03
 Reference value :  5.50423e-03
 Reference value :  5.50586e-03
 Reference value :  5.50831e-03
 Reference value :  5.51073e-03
 Reference value :  5.51318e-03
 Reference value :  5.51425e-03
 Reference value :  5.51671e-03
 Reference value :  5.51894e-03
 Reference value :  5.52060e-03
 Reference value :  5.52297e-03
 Reference value :  5.52387e-03
 Reference value :  5.52551e-03
 Reference value :  5.52791e-03
 Reference value :  5.53037e-03
 Reference value :  5.53279e-03
 Reference value :  5.53367e-03
 Reference value :  5.53532e-03
 Reference value :  5.53768e-03
 Reference value :  5.53873e-03
 Reference value :  5.54100e-03
 Reference value :  5.54340e-03
 Reference value :  5.54502e-03
 Reference value :  5.54745e-03
 Reference value :  5.54834e-03
 Reference value :  5.54994e-03
 Reference value :  5.55238e-03
 Reference value :  5.55441e-03
 Reference value :  5.55676e-03
 Reference value :  5.55818e-03
 Reference value :  5.55984e-03
 Reference value :  5.56222e-03
 Reference value :  5.56467e-03
 Reference value :  5.56708e-03
 Reference value :  5.56954e-03
 Reference value :  5.57158e-03
 Reference value :  5.57281e-03
 Reference value :  5.57447e-03
 Reference value :  5.57691e-03
 Reference value :  5.57934e-03
 Reference value :  5.58174e-03
 Reference value :  5.58418e-03
 Reference value :  5.58508e-03
 Reference value :  5.58754e-03
 Reference value :  5.59010e-03
 Reference value :  5.59406e-03
 Reference value :  5.59737e-03
 Reference value :  5.60139e-03
 Reference value :  5.60386e-03
 Reference value :  5.60711e-03
 Reference value :  5.60962e-03
 Reference value :  5.61325e-03
 Reference value :  5.61611e-03
 Reference value :  5.61859e-03
 Reference value :  5.62117e-03
 Reference value :  5.62437e-03
 Reference value :  5.62839e-03
 Reference value :  5.63168e-03
 Reference value :  5.63568e-03
 Reference value :  5.63816e-03
 Reference value :  5.64063e-03
 Reference value :  5.64387e-03
 Reference value :  5.64638e-03
 Reference value :  5.65038e-03
 Reference value :  5.65288e-03
 Reference value :  5.65615e-03
 Reference value :  5.66017e-03
 Reference value :  5.66285e-03
 Reference value :  5.66595e-03
 Reference value :  5.66961e-03
 Reference value :  5.67244e-03
 Reference value :  5.67575e-03
 Reference value :  5.67972e-03
 Reference value :  5.68221e-03
 Reference value :  5.68468e-03
 Reference value :  5.68716e-03
 Reference value :  5.69055e-03
 Reference value :  5.69446e-03
 Reference value :  5.69774e-03
 Reference value :  5.70023e-03
 Reference value :  5.70424e-03
 Reference value :  5.70754e-03
 Reference value :  5.71146e-03
 Reference value :  5.71402e-03
 Reference value :  5.71735e-03
 Reference value :  5.72136e-03
 Reference value :  5.72468e-03
 Reference value :  5.72866e-03
 Reference value :  5.73118e-03
 Reference value :  5.73447e-03
 Reference value :  5.73850e-03
 Reference value :  5.74175e-03
 Reference value :  5.74425e-03
 Reference value :  5.74828e-03
 Reference value :  5.75158e-03
 Reference value :  5.75563e-03
 Reference value :  5.75890e-03
 Reference value :  5.76296e-03
 Reference value :  5.76543e-03
 Reference value :  5.76873e-03
 Reference value :  5.77275e-03
 Reference value :  5.77523e-03
 Reference value :  5.77770e-03
 Reference value :  5.78102e-03
 Reference value :  5.78501e-03
 Reference value :  5.78830e-03
 Reference value :  5.79088e-03
 Reference value :  5.79480e-03
 Reference value :  5.79811e-03
 Reference value :  5.80216e-03
 Reference value :  5.80488e-03
 Reference value :  5.80950e-03
 Reference value :  5.81197e-03
 Reference value :  5.81525e-03
 Reference value :  5.81929e-03
 Reference value :  5.82177e-03
 Reference value :  5.82423e-03
 Reference value :  5.82755e-03
 Reference value :  5.83159e-03
 Reference value :  5.83418e-03
 Reference value :  5.83853e-03
 Reference value :  5.84137e-03
 Reference value :  5.84464e-03
 Reference value :  5.84865e-03
 Reference value :  5.85117e-03
 Reference value :  5.85441e-03
 Reference value :  5.85842e-03
 Reference value :  5.86092e-03
 Reference value :  5.86339e-03
 Reference value :  5.86646e-03
 Reference value :  5.87071e-03
 Reference value :  5.87319e-03
 Reference value :  5.87649e-03
 Reference value :  5.88050e-03
 Reference value :  5.88302e-03
 Reference value :  5.88630e-03
 Reference value :  5.88881e-03
 Reference value :  5.89279e-03
 Reference value :  5.89527e-03
 Reference value :  5.89857e-03
 Reference value :  5.90223e-03
 Reference value :  5.90511e-03
 Reference value :  5.90764e-03
 Reference value :  5.91088e-03
 Reference value :  5.91458e-03
 Reference value :  5.91738e-03
 Reference value :  5.91986e-03
 Reference value :  5.92316e-03
 Reference value :  5.92566e-03
 Reference value :  5.92967e-03
 Reference value :  5.93295e-03
 Reference value :  5.93697e-03
 Reference value :  5.94038e-03
 Reference value :  5.94431e-03
 Reference value :  5.94677e-03
 Reference value :  5.94925e-03
 Reference value :  5.95257e-03
 Reference value :  5.95657e-03
 Reference value :  5.95990e-03
 Reference value :  5.96329e-03
 Reference value :  5.96642e-03
 Reference value :  5.96974e-03
 Reference value :  5.97375e-03
 Reference value :  5.97698e-03
 Reference value :  5.98067e-03
 Reference value :  5.98355e-03
 Reference value :  5.98688e-03
 Reference value :  5.99090e-03
 Reference value :  5.99337e-03
 Reference value :  5.99584e-03
 Reference value :  5.99914e-03
 Reference value :  6.00320e-03
 Reference value :  6.00566e-03
 Reference value :  6.00897e-03
 Reference value :  6.01297e-03
 Reference value :  6.01545e-03
 Reference value :  6.01874e-03
 Reference value :  6.02277e-03
 Reference value :  6.02523e-03
 Reference value :  6.02851e-03
 Reference value :  6.03101e-03
 Reference value :  6.03499e-03
 Reference value :  6.03751e-03
 Reference value :  6.04082e-03
 Reference value :  6.04482e-03
 Reference value :  6.04730e-03
 Reference value :  6.05058e-03
 Reference value :  6.05307e-03
 Reference value :  6.05708e-03
 Reference value :  6.05954e-03
 Reference value :  6.06209e-03
 Reference value :  6.06653e-03
 Reference value :  6.06939e-03
 Reference value :  6.07224e-03
 Reference value :  6.07515e-03
 Reference value :  6.07919e-03
 Reference value :  6.08164e-03
 Reference value :  6.08492e-03
 Reference value :  6.08741e-03
 Reference value :  6.09143e-03
 Reference value :  6.09392e-03
 Reference value :  6.09719e-03
 Reference value :  6.10125e-03
 Reference value :  6.10452e-03
 Reference value :  6.10703e-03
 Reference value :  6.11104e-03
 Reference value :  6.11357e-03
 Reference value :  6.11681e-03
 Reference value :  6.12081e-03
 Reference value :  6.12328e-03
 Reference value :  6.12657e-03
 Reference value :  6.13061e-03
 Reference value :  6.13310e-03
 Reference value :  6.13639e-03
 Reference value :  6.14033e-03
 Reference value :  6.14288e-03
 Reference value :  6.14537e-03
 Reference value :  6.14868e-03
 Reference value :  6.15270e-03
 Reference value :  6.15597e-03
 Reference value :  6.15993e-03
 Reference value :  6.16249e-03
 Reference value :  6.16583e-03
 Reference value :  6.16984e-03
 Reference value :  6.17316e-03
 Reference value :  6.17717e-03
 Reference value :  6.17966e-03
 Reference value :  6.18294e-03
 Reference value :  6.18702e-03
 Reference value :  6.19033e-03
 Reference value :  6.19281e-03
 Reference value :  6.19679e-03
 Reference value :  6.19930e-03
 Reference value :  6.20377e-03
 Reference value :  6.20666e-03
 Reference value :  6.20920e-03
 Reference value :  6.21393e-03
 Reference value :  6.21646e-03
 Reference value :  6.21972e-03
 Reference value :  6.22222e-03
 Reference value :  6.22624e-03
 Reference value :  6.22950e-03
 Reference value :  6.23210e-03
 Reference value :  6.23602e-03
 Reference value :  6.23849e-03
 Reference value :  6.24175e-03
 Reference value :  6.24423e-03
 Reference value :  6.24824e-03
 Reference value :  6.25072e-03
 Reference value :  6.25401e-03
 Reference value :  6.25801e-03
 Reference value :  6.26049e-03
 Reference value :  6.26378e-03
 Reference value :  6.26780e-03
 Reference value :  6.27028e-03
 Reference value :  6.27360e-03
 Reference value :  6.27746e-03
 Reference value :  6.28007e-03
 Reference value :  6.28336e-03
 Reference value :  6.28582e-03
 Reference value :  6.28977e-03
 Reference value :  6.29231e-03
 Reference value :  6.29479e-03
 Reference value :  6.29731e-03
 Reference value :  6.30056e-03
 Reference value :  6.30323e-03
 Reference value :  6.30702e-03
 Reference value :  6.30956e-03
 Reference value :  6.31275e-03
 Reference value :  6.31527e-03
 Reference value :  6.31929e-03
 Reference value :  6.32262e-03
 Reference value :  6.32665e-03
 Reference value :  6.32912e-03
 Reference value :  6.33165e-03
 Reference value :  6.33488e-03
 Reference value :  6.33738e-03
 Reference value :  6.34138e-03
 Reference value :  6.34462e-03
 Reference value :  6.34866e-03
 Reference value :  6.35197e-03
 Reference value :  6.35598e-03
 Reference value :  6.35845e-03
 Reference value :  6.36171e-03
 Reference value :  6.36577e-03
 Reference value :  6.36825e-03
 Reference value :  6.37157e-03
 Reference value :  6.37562e-03
 Reference value :  6.37815e-03
 Reference value :  6.38139e-03
 Reference value :  6.38543e-03
 Reference value :  6.38798e-03
 Reference value :  6.39121e-03
 Reference value :  6.39522e-03
 Reference value :  6.39770e-03
 Reference value :  6.40101e-03
 Reference value :  6.40493e-03
 Reference value :  6.40748e-03
 Reference value :  6.40995e-03
 Reference value :  6.41316e-03
 Reference value :  6.41572e-03
 Reference value :  6.41935e-03
 Reference value :  6.42221e-03
 Reference value :  6.42469e-03
 Reference value :  6.42798e-03
 Reference value :  6.43046e-03
 Reference value :  6.43447e-03
 Reference value :  6.43696e-03
 Reference value :  6.44027e-03
 Reference value :  6.44428e-03
 Reference value :  6.44676e-03
 Reference value :  6.45005e-03
 Reference value :  6.45251e-03
 Reference value :  6.45654e-03
 Reference value :  6.45902e-03
 Reference value :  6.46234e-03
 Reference value :  6.46635e-03
 Reference value :  6.46888e-03
 Reference value :  6.47210e-03
 Reference value :  6.47616e-03
 Reference value :  6.47862e-03
 Reference value :  6.48109e-03
 Reference value :  6.48437e-03
 Reference value :  6.48840e-03
 Reference value :  6.49087e-03
 Reference value :  6.49416e-03
 Reference value :  6.49661e-03
 Reference value :  6.50064e-03
 Reference value :  6.50317e-03
 Reference value :  6.50641e-03
 Reference value :  6.51043e-03
 Reference value :  6.51371e-03
 Reference value :  6.51776e-03
 Reference value :  6.52020e-03
 Reference value :  6.52350e-03
 Reference value :  6.52752e-03
 Reference value :  6.52998e-03
 Reference value :  6.53325e-03
 Reference value :  6.53574e-03
 Reference value :  6.53977e-03
 Reference value :  6.54225e-03
 Reference value :  6.54554e-03
 Reference value :  6.54803e-03
 Reference value :  6.55204e-03
 Reference value :  6.55459e-03
 Reference value :  6.55936e-03
 Reference value :  6.56192e-03
 Reference value :  6.56512e-03
 Reference value :  6.56874e-03
 Reference value :  6.57161e-03
 Reference value :  6.57409e-03
 Reference value :  6.57740e-03
 Reference value :  6.58143e-03
 Reference value :  6.58390e-03
 Reference value :  6.58719e-03
 Reference value :  6.58968e-03
 Reference value :  6.59368e-03
 Reference value :  6.59616e-03
 Reference value :  6.59948e-03
 Reference value :  6.60205e-03
 Reference value :  6.60595e-03
 Reference value :  6.60844e-03
 Reference value :  6.61190e-03
 Reference value :  6.61577e-03
 Reference value :  6.61903e-03
 Reference value :  6.62150e-03
 Reference value :  6.62552e-03
 Reference value :  6.62797e-03
 Reference value :  6.63045e-03
 Reference value :  6.63374e-03
 Reference value :  6.63778e-03
 Reference value :  6.64026e-03
 Reference value :  6.64355e-03
 Reference value :  6.64603e-03
 Reference value :  6.65010e-03
 Reference value :  6.65339e-03
 Reference value :  6.65590e-03
 Reference value :  6.65992e-03
 Reference value :  6.66319e-03
 Reference value :  6.66724e-03
 Reference value :  6.67055e-03
 Reference value :  6.67456e-03
 Reference value :  6.67704e-03
 Reference value :  6.67958e-03
 Reference value :  6.68439e-03
 Reference value :  6.68687e-03
 Reference value :  6.69017e-03
 Reference value :  6.69262e-03
 Reference value :  6.69666e-03
 Reference value :  6.69914e-03
 Reference value :  6.70245e-03
 Reference value :  6.70503e-03
 Reference value :  6.70893e-03
 Reference value :  6.71225e-03
 Reference value :  6.71472e-03
 Reference value :  6.71874e-03
 Reference value :  6.72202e-03
 Reference value :  6.72608e-03
 Reference value :  6.72855e-03
 Reference value :  6.73102e-03
 Reference value :  6.73429e-03
 Reference value :  6.73680e-03
 Reference value :  6.74085e-03
 Reference value :  6.74414e-03
 Reference value :  6.74818e-03
 Reference value :  6.75062e-03
 Reference value :  6.75390e-03
 Reference value :  6.75739e-03
 Reference value :  6.76041e-03
 Reference value :  6.76289e-03
 Reference value :  6.76619e-03
 Reference value :  6.77014e-03
 Reference value :  6.77274e-03
 Reference value :  6.77720e-03
 Reference value :  6.78007e-03
 Reference value :  6.78327e-03
 Reference value :  6.78595e-03
 Reference value :  6.78977e-03
 Reference value :  6.79225e-03
 Reference value :  6.79478e-03
 Reference value :  6.79802e-03
 Reference value :  6.80209e-03
 Reference value :  6.80538e-03
 Reference value :  6.80938e-03
 Reference value :  6.81185e-03
 Reference value :  6.81432e-03
 Reference value :  6.81698e-03
 Reference value :  6.82008e-03
 Reference value :  6.82411e-03
 Reference value :  6.82660e-03
 Reference value :  6.82906e-03
 Reference value :  6.83237e-03
 Reference value :  6.83641e-03
 Reference value :  6.83972e-03
 Reference value :  6.84218e-03
 Reference value :  6.84618e-03
 Reference value :  6.84949e-03
 Reference value :  6.85350e-03
 Reference value :  6.85598e-03
 Reference value :  6.85929e-03
 Reference value :  6.86288e-03
 Reference value :  6.86574e-03
 Reference value :  6.86826e-03
 Reference value :  6.87151e-03
 Reference value :  6.87552e-03
 Reference value :  6.87800e-03
 Reference value :  6.88130e-03
 Reference value :  6.88532e-03
 Reference value :  6.88781e-03
 Reference value :  6.89110e-03
 Reference value :  6.89470e-03
 Reference value :  6.89755e-03
 Reference value :  6.90003e-03
 Reference value :  6.90249e-03
 Reference value :  6.90502e-03
 Reference value :  6.90838e-03
 Reference value :  6.91228e-03
 Reference value :  6.91555e-03
 Reference value :  6.91920e-03
 Reference value :  6.92203e-03
 Reference value :  6.92450e-03
 Reference value :  6.92696e-03
 Reference value :  6.92949e-03
 Reference value :  6.93272e-03
 Reference value :  6.93674e-03
 Reference value :  6.93921e-03
 Reference value :  6.94174e-03
 Reference value :  6.94494e-03
 Reference value :  6.94743e-03
 Reference value :  6.95144e-03
 Reference value :  6.95420e-03
 Reference value :  6.95838e-03
 Reference value :  6.96127e-03
 Reference value :  6.96450e-03
 Reference value :  6.96700e-03
 Reference value :  6.97062e-03
 Reference value :  6.97349e-03
 Reference value :  6.97675e-03
 Reference value :  6.97923e-03
 Reference value :  6.98170e-03
 Reference value :  6.98564e-03
 Reference value :  6.98818e-03
 Reference value :  6.99064e-03
 Reference value :  6.99311e-03
 Reference value :  6.99643e-03
 Reference value :  7.00048e-03
 Reference value :  7.00308e-03
 Reference value :  7.00639e-03
 Reference value :  7.01015e-03
 Reference value :  7.01270e-03
 Reference value :  7.01517e-03
 Reference value :  7.01770e-03
 Reference value :  7.02089e-03
 Reference value :  7.02340e-03
 Reference value :  7.02742e-03
 Reference value :  7.02989e-03
 Reference value :  7.03233e-03
 Reference value :  7.03564e-03
 Reference value :  7.03967e-03
 Reference value :  7.04215e-03
 Reference value :  7.04462e-03
 Reference value :  7.04792e-03
 Reference value :  7.05195e-03
 Reference value :  7.05442e-03
 Reference value :  7.05691e-03
 Reference value :  7.06015e-03
 Reference value :  7.06379e-03
 Reference value :  7.06665e-03
 Reference value :  7.06924e-03
 Reference value :  7.07248e-03
 Reference value :  7.07644e-03
 Reference value :  7.07889e-03
 Reference value :  7.08137e-03
 Reference value :  7.08384e-03
 Reference value :  7.08714e-03
 Reference value :  7.09118e-03
 Reference value :  7.09367e-03
 Reference value :  7.09614e-03
 Reference value :  7.09939e-03
 Reference value :  7.10189e-03
 Reference value :  7.10590e-03
 Reference value :  7.10834e-03
 Reference value :  7.11091e-03
 Reference value :  7.11411e-03
 Reference value :  7.11658e-03
 Reference value :  7.12059e-03
 Reference value :  7.12306e-03
 Reference value :  7.12559e-03
 Reference value :  7.12881e-03
 Reference value :  7.13267e-03
 Reference value :  7.13518e-03
 Reference value :  7.13771e-03
 Reference value :  7.14019e-03
 Reference value :  7.14268e-03
 Reference value :  7.14593e-03
 Reference value :  7.14993e-03
 Reference value :  7.15239e-03
 Reference value :  7.15486e-03
 Reference value :  7.15733e-03
 Reference value :  7.16064e-03
 Reference value :  7.16465e-03
 Reference value :  7.16714e-03
 Reference value :  7.16960e-03
 Reference value :  7.17228e-03
 Reference value :  7.17535e-03
 Reference value :  7.17783e-03
 Reference value :  7.18184e-03
 Reference value :  7.18432e-03
 Reference value :  7.18698e-03
 Reference value :  7.19006e-03
 Reference value :  7.19407e-03
 Reference value :  7.19656e-03
 Reference value :  7.19908e-03
 Reference value :  7.20235e-03
 Reference value :  7.20640e-03
 Reference value :  7.20897e-03
 Reference value :  7.21216e-03
 Reference value :  7.21463e-03
 Reference value :  7.21862e-03
 Reference value :  7.22109e-03
 Reference value :  7.22356e-03
 Reference value :  7.22639e-03
 Reference value :  7.22935e-03
 Reference value :  7.23180e-03
 Reference value :  7.23543e-03
 Reference value :  7.23828e-03
 Reference value :  7.24076e-03
 Reference value :  7.24323e-03
 Reference value :  7.24649e-03
 Reference value :  7.24900e-03
 Reference value :  7.25298e-03
 Reference value :  7.25545e-03
 Reference value :  7.25790e-03
 Reference value :  7.26037e-03
 Reference value :  7.26364e-03
 Reference value :  7.26769e-03
 Reference value :  7.27097e-03
 Reference value :  7.27343e-03
 Reference value :  7.27592e-03
 Reference value :  7.27992e-03
 Reference value :  7.28259e-03
 Reference value :  7.28567e-03
 Reference value :  7.28814e-03
 Reference value :  7.29206e-03
 Reference value :  7.29465e-03
 Reference value :  7.29711e-03
 Reference value :  7.29997e-03
 Reference value :  7.30288e-03
 Reference value :  7.30688e-03
 Reference value :  7.30944e-03
 Reference value :  7.31264e-03
 Reference value :  7.31512e-03
 Reference value :  7.31781e-03
 Reference value :  7.32159e-03
 Reference value :  7.32488e-03
 Reference value :  7.32891e-03
 Reference value :  7.33139e-03
 Reference value :  7.33464e-03
 Reference value :  7.33650e-03
 Reference value :  7.33975e-03
 Reference value :  7.34365e-03
 Reference value :  7.34689e-03
 Reference value :  7.34953e-03
 Reference value :  7.35338e-03
 Reference value :  7.35544e-03
 Reference value :  7.35830e-03
 Reference value :  7.36079e-03
 Reference value :  7.36406e-03
 Reference value :  7.36655e-03
 Reference value :  7.37057e-03
 Reference value :  7.37304e-03
 Reference value :  7.37557e-03
 Reference value :  7.37879e-03
 Reference value :  7.38126e-03
 Reference value :  7.38525e-03
 Reference value :  7.38774e-03
 Reference value :  7.39023e-03
 Reference value :  7.39346e-03
 Reference value :  7.39745e-03
 Reference value :  7.40000e-03
 Reference value :  7.40244e-03
 Reference value :  7.40572e-03
 Reference value :  7.40848e-03
 Reference value :  7.41179e-03
 Reference value :  7.41465e-03
 Reference value :  7.41712e-03
 Reference value :  7.41958e-03
 Reference value :  7.42287e-03
 Reference value :  7.42683e-03
 Reference value :  7.42935e-03
 Reference value :  7.43184e-03
 Reference value :  7.43446e-03
 Reference value :  7.43757e-03
 Reference value :  7.44158e-03
 Reference value :  7.44404e-03
 Reference value :  7.44735e-03
 Reference value :  7.44982e-03
 Reference value :  7.45383e-03
 Reference value :  7.45632e-03
 Reference value :  7.45963e-03
 Reference value :  7.46338e-03
 Reference value :  7.46614e-03
 Reference value :  7.46939e-03
 Reference value :  7.47189e-03
 Reference value :  7.47590e-03
 Reference value :  7.47839e-03
 Reference value :  7.48085e-03
 Reference value :  7.48337e-03
 Reference value :  7.48659e-03
 Reference value :  7.48907e-03
 Reference value :  7.49267e-03
 Reference value :  7.49560e-03
 Reference value :  7.49888e-03
 Reference value :  7.50134e-03
 Reference value :  7.50534e-03
 Reference value :  7.50782e-03
 Reference value :  7.51106e-03
 Reference value :  7.51353e-03
 Reference value :  7.51718e-03
 Reference value :  7.52002e-03
 Reference value :  7.52334e-03
 Reference value :  7.52736e-03
 Reference value :  7.52981e-03
 Reference value :  7.53309e-03
 Reference value :  7.53557e-03
 Reference value :  7.53958e-03
 Reference value :  7.54202e-03
 Reference value :  7.54533e-03
 Reference value :  7.54935e-03
 Reference value :  7.55263e-03
 Reference value :  7.55515e-03
 Reference value :  7.55915e-03
 Reference value :  7.56162e-03
 Reference value :  7.56490e-03
 Reference value :  7.56860e-03
 Reference value :  7.57140e-03
 Reference value :  7.57422e-03
 Reference value :  7.57716e-03
 Reference value :  7.57964e-03
 Reference value :  7.58366e-03
 Reference value :  7.58611e-03
 Reference value :  7.58859e-03
 Reference value :  7.59125e-03
 Reference value :  7.59432e-03
 Reference value :  7.59830e-03
 Reference value :  7.60078e-03
 Reference value :  7.60406e-03
 Reference value :  7.60655e-03
 Reference value :  7.60899e-03
 Reference value :  7.61147e-03
 Reference value :  7.61546e-03
 Reference value :  7.61794e-03
 Reference value :  7.62127e-03
 Reference value :  7.62375e-03
 Reference value :  7.62776e-03
 Reference value :  7.63022e-03
 Reference value :  7.63270e-03
 Reference value :  7.63597e-03
 Reference value :  7.63847e-03
 Reference value :  7.64248e-03
 Reference value :  7.64494e-03
 Reference value :  7.64740e-03
 Reference value :  7.64988e-03
 Reference value :  7.65311e-03
 Reference value :  7.65560e-03
 Reference value :  7.65817e-03
 Reference value :  7.66208e-03
 Reference value :  7.66536e-03
 Reference value :  7.66784e-03
 Reference value :  7.67031e-03
 Reference value :  7.67277e-03
 Reference value :  7.67680e-03
 Reference value :  7.67928e-03
 Reference value :  7.68174e-03
 Reference value :  7.68505e-03
 Reference value :  7.68905e-03
 Reference value :  7.69153e-03
 Reference value :  7.69398e-03
 Reference value :  7.69650e-03
 Reference value :  7.69976e-03
 Reference value :  7.70374e-03
 Reference value :  7.70622e-03
 Reference value :  7.70868e-03
 Reference value :  7.71122e-03
 Reference value :  7.71444e-03
 Reference value :  7.71691e-03
 Reference value :  7.71938e-03
 Reference value :  7.72343e-03
 Reference value :  7.72590e-03
 Reference value :  7.72920e-03
 Reference value :  7.73174e-03
 Reference value :  7.73566e-03
 Reference value :  7.73811e-03
 Reference value :  7.74140e-03
 Reference value :  7.74387e-03
 Reference value :  7.74634e-03
 Reference value :  7.75039e-03
 Reference value :  7.75366e-03
 Reference value :  7.75772e-03
 Reference value :  7.76018e-03
 Reference value :  7.76343e-03
 Reference value :  7.76591e-03
 Reference value :  7.76837e-03
 Reference value :  7.77089e-03
 Reference value :  7.77485e-03
 Reference value :  7.77740e-03
 Reference value :  7.78062e-03
 Reference value :  7.78452e-03
 Reference value :  7.78708e-03
 Reference value :  7.78951e-03
 Reference value :  7.79203e-03
 Reference value :  7.79527e-03
 Reference value :  7.79930e-03
 Reference value :  7.80174e-03
 Reference value :  7.80429e-03
 Reference value :  7.80684e-03
 Reference value :  7.80996e-03
 Reference value :  7.81400e-03
 Reference value :  7.81646e-03
 Reference value :  7.81901e-03
 Reference value :  7.82221e-03
 Reference value :  7.82587e-03
 Reference value :  7.82871e-03
 Reference value :  7.83118e-03
 Reference value :  7.83393e-03
 Reference value :  7.83694e-03
 Reference value :  7.83941e-03
 Reference value :  7.84343e-03
 Reference value :  7.84658e-03
 Reference value :  7.84920e-03
 Reference value :  7.85168e-03
 Reference value :  7.85413e-03
 Reference value :  7.85819e-03
 Reference value :  7.86064e-03
 Reference value :  7.86324e-03
 Reference value :  7.86638e-03
 Reference value :  7.87044e-03
 Reference value :  7.87302e-03
 Reference value :  7.87623e-03
 Reference value :  7.88022e-03
 Reference value :  7.88269e-03
 Reference value :  7.88515e-03
 Reference value :  7.88770e-03
 Reference value :  7.89093e-03
 Reference value :  7.89489e-03
 Reference value :  7.89745e-03
 Reference value :  7.90075e-03
 Reference value :  7.90348e-03
 Reference value :  7.90721e-03
 Reference value :  7.90967e-03
 Reference value :  7.91215e-03
 Reference value :  7.91458e-03
 Reference value :  7.91705e-03
 Reference value :  7.91973e-03
 Reference value :  7.92281e-03
 Reference value :  7.92682e-03
 Reference value :  7.92936e-03
 Reference value :  7.93255e-03
 Reference value :  7.93505e-03
 Reference value :  7.93905e-03
 Reference value :  7.94149e-03
 Reference value :  7.94396e-03
 Reference value :  7.94726e-03
 Reference value :  7.94969e-03
 Reference value :  7.95370e-03
 Reference value :  7.95617e-03
 Reference value :  7.95944e-03
 Reference value :  7.96190e-03
 Reference value :  7.96551e-03
 Reference value :  7.96838e-03
 Reference value :  7.97085e-03
 Reference value :  7.97338e-03
 Reference value :  7.97660e-03
 Reference value :  7.97914e-03
 Reference value :  7.98149e-03
 Reference value :  7.98548e-03
 Reference value :  7.98796e-03
 Reference value :  7.99071e-03
 Reference value :  7.99372e-03
 Reference value :  7.99620e-03
stdout No. of Data Rows : 1469294
stdout output_peak         =  5.12142e+00 at=  3.94326e-03
stdout output_min          =  1.74735e+00 at=  1.52726e-03
stdout recovery            =  5.10456e+00 from=  7.50000e-03 to=  8.00000e-03
stdout inductor_peak       =  3.19977e+00 at=  2.06091e-03
stdout inductor_min        =  -1.24671e-02 at=  2.03984e-04
