stdout Note: No compatibility mode selected!
stdout Circuit: sttng cpu switch voltage margin rail12.8187_logic5.25_contact0.1; manual printed 3-2 and 3-3
stdout Doing analysis at TEMP = 27.000000 and TNOM = 27.000000
stdout Using SPARSE 1.3 as Direct Linear Solver
stdout Initial Transient Solution
stdout --------------------------
stdout Node                                   Voltage
stdout ----                                   -------
stdout twelve                                 12.8187
stdout five                                      5.25
stdout ccmd                                         0
stdout cin                                3.99859e-10
stdout xcolumn.b1                         3.63872e-08
stdout column                                 12.8187
stdout xcolumn.n1                         3.99865e-08
stdout row                                    12.8187
stdout sense                                  12.8187
stdout switch_wire                            12.8187
stdout sw                                     12.8187
stdout out                                    5.24995
stdout vcolumncmd#branch                  1.33286e-11
stdout v5#branch                         -5.24995e-09
stdout v12#branch                        -5.32932e-11
 Reference value :  2.38571e-03
stdout No. of Data Rows : 30207
stdout sim_end = 3.000000e-03
stdout input_open_margin   =  7.56874e+00 at=  8.99928e-04
stdout input_closed_margin =  3.24975e+00 at=  1.84014e-03
stdout output_high         =  5.24995e+00 at=  8.99928e-04
stdout output_low          =  1.57029e-02 at=  1.89994e-03
stdout return_high         =  5.24995e+00 at=  2.89991e-03
