stdout Note: No compatibility mode selected!
stdout Circuit: sttng cpu switch voltage margin rail13.5_logic5.25_contact100; manual printed 3-2 and 3-3
stdout Doing analysis at TEMP = 27.000000 and TNOM = 27.000000
stdout Using SPARSE 1.3 as Direct Linear Solver
stdout Initial Transient Solution
stdout --------------------------
stdout Node                                   Voltage
stdout ----                                   -------
stdout twelve                                    13.5
stdout five                                      5.25
stdout ccmd                                         0
stdout cin                                4.20724e-10
stdout xcolumn.b1                         3.82859e-08
stdout column                                    13.5
stdout xcolumn.n1                         4.19876e-08
stdout row                                       13.5
stdout sense                                     13.5
stdout switch_wire                               13.5
stdout sw                                        13.5
stdout out                                    5.24995
stdout vcolumncmd#branch                  1.40241e-11
stdout v5#branch                         -5.24995e-09
stdout v12#branch                        -5.60186e-11
 Reference value :  5.51128e-04
stdout No. of Data Rows : 30182
stdout sim_end = 3.000000e-03
stdout input_open_margin   =  8.25000e+00 at=  8.83928e-04
stdout input_closed_margin =  2.36706e+00 at=  1.85030e-03
stdout output_high         =  5.24995e+00 at=  8.99928e-04
stdout output_low          =  1.57029e-02 at=  1.89990e-03
stdout return_high         =  5.24995e+00 at=  2.89993e-03
