stdout Note: No compatibility mode selected!
stdout Circuit: sttng cpu switch voltage margin rail9.5_logic4.75_contact0.1; manual printed 3-2 and 3-3
stdout Doing analysis at TEMP = 27.000000 and TNOM = 27.000000
stdout Using SPARSE 1.3 as Direct Linear Solver
stdout Initial Transient Solution
stdout --------------------------
stdout Node                                   Voltage
stdout ----                                   -------
stdout twelve                                     9.5
stdout five                                      4.75
stdout ccmd                                         0
stdout cin                                2.98218e-10
stdout xcolumn.b1                         2.71378e-08
stdout column                                     9.5
stdout xcolumn.n1                         3.02382e-08
stdout row                                        9.5
stdout sense                                      9.5
stdout switch_wire                                9.5
stdout sw                                         9.5
stdout out                                    4.74995
stdout vcolumncmd#branch                   9.9406e-12
stdout v5#branch                         -4.74995e-09
stdout v12#branch                        -3.99921e-11
 Reference value :  1.75316e-03
stdout No. of Data Rows : 30204
stdout sim_end = 3.000000e-03
stdout input_open_margin   =  4.75000e+00 at=  7.63128e-04
stdout input_closed_margin =  2.79494e+00 at=  1.33866e-03
stdout output_high         =  4.74995e+00 at=  8.99928e-04
stdout output_low          =  1.42074e-02 at=  1.89996e-03
stdout return_high         =  4.74995e+00 at=  2.89993e-03
