stdout Note: No compatibility mode selected!
stdout Circuit: sttng cpu switch voltage margin rail12.8187_logic4.75_contact0.1; manual printed 3-2 and 3-3
stdout Doing analysis at TEMP = 27.000000 and TNOM = 27.000000
stdout Using SPARSE 1.3 as Direct Linear Solver
stdout Initial Transient Solution
stdout --------------------------
stdout Node                                   Voltage
stdout ----                                   -------
stdout twelve                                 12.8187
stdout five                                      4.75
stdout ccmd                                         0
stdout cin                                3.99859e-10
stdout xcolumn.b1                         3.63872e-08
stdout column                                 12.8187
stdout xcolumn.n1                         3.99865e-08
stdout row                                    12.8187
stdout sense                                  12.8187
stdout switch_wire                            12.8187
stdout sw                                     12.8187
stdout out                                    4.74995
stdout vcolumncmd#branch                  1.33286e-11
stdout v5#branch                         -4.74995e-09
stdout v12#branch                        -5.32932e-11
 Reference value :  6.34828e-04
stdout No. of Data Rows : 30208
stdout sim_end = 3.000000e-03
stdout input_open_margin   =  8.06874e+00 at=  8.99928e-04
stdout input_closed_margin =  2.74975e+00 at=  1.57763e-03
stdout output_high         =  4.74995e+00 at=  8.99928e-04
stdout output_low          =  1.42074e-02 at=  1.89993e-03
stdout return_high         =  4.74995e+00 at=  2.89991e-03
