stdout Note: No compatibility mode selected!
stdout Circuit: jlc-3 u20 startup; engineering averaged controller, not ti vendor model
stdout Doing analysis at TEMP = 27.000000 and TNOM = 27.000000
stdout Using KLU as Direct Linear Solver
stdout Operating point simulation skipped by 'uic',
stdout now using transient initial conditions.
 Reference value :  1.82727e-02
 Reference value :  3.68067e-02
 Reference value :  5.55447e-02
 Reference value :  7.48207e-02
 Reference value :  9.47147e-02
 Reference value :  1.14141e-01
stdout No. of Data Rows : 60144
stdout sim_end = 1.200000000000e-01
stdout output_peak         =  5.09223e+00 at=  1.19997e-01
stdout output_floor        =  0.00000e+00 at=  4.00000e-08
stdout settled_min         =  5.09223e+00 at=  1.20000e-01
stdout settled_max         =  5.09223e+00 at=  1.19997e-01
stdout step_min            =  5.09214e+00 at=  2.40007e-02
stdout step_max            =  5.09223e+00 at=  6.49987e-02
stdout input_min           =  1.08817e+01 at=  1.13121e-01
stdout inductor_average_peak=  3.82309e+00 at=  2.95865e-03
stdout inductor_average_min=  -1.12801e-18 at=  2.66303e-03
stdout shunt_current_peak  =  3.80378e+00 at=  2.95865e-03
stdout shunt_current_min   =  -2.85207e-20 at=  2.66211e-03
stdout secondary_rms       =  0.00000e+00 from=  1.00000e-01 to=  1.20000e-01
