stdout Note: No compatibility mode selected!
stdout Circuit: jlc-3 u20 loss_restart; engineering averaged controller, not ti vendor model
stdout Doing analysis at TEMP = 27.000000 and TNOM = 27.000000
stdout Using KLU as Direct Linear Solver
stdout Operating point simulation skipped by 'uic',
stdout now using transient initial conditions.
 Reference value :  1.40964e-02
 Reference value :  3.37040e-02
 Reference value :  5.46713e-02
 Reference value :  7.64673e-02
 Reference value :  9.62417e-02
 Reference value :  1.15630e-01
stdout No. of Data Rows : 60339
stdout sim_end = 1.200000000000e-01
stdout output_peak         =  5.09223e+00 at=  3.72660e-02
stdout output_floor        =  0.00000e+00 at=  4.00000e-08
stdout settled_min         =  5.09199e+00 at=  1.05002e-01
stdout settled_max         =  5.09213e+00 at=  1.20000e-01
stdout step_min            =  2.92032e-28 at=  6.49993e-02
stdout step_max            =  5.09223e+00 at=  3.72660e-02
stdout input_min           =  7.96941e+00 at=  1.12766e-01
stdout inductor_average_peak=  3.82309e+00 at=  3.50840e-03
stdout inductor_average_min=  -1.09305e-18 at=  3.21273e-03
stdout shunt_current_peak  =  3.80379e+00 at=  8.52971e-02
stdout shunt_current_min   =  -2.85785e-20 at=  3.21211e-03
stdout secondary_rms       =  0.00000e+00 from=  1.00000e-01 to=  1.20000e-01
