stdout Note: No compatibility mode selected!
stdout Circuit: jlc-3 u20 load_step; engineering averaged controller, not ti vendor model
stdout Doing analysis at TEMP = 27.000000 and TNOM = 27.000000
stdout Using KLU as Direct Linear Solver
stdout Operating point simulation skipped by 'uic',
stdout now using transient initial conditions.
 Reference value :  5.54377e-03
 Reference value :  2.36991e-02
 Reference value :  4.24358e-02
 Reference value :  6.13150e-02
 Reference value :  7.99230e-02
 Reference value :  9.92830e-02
 Reference value :  1.18139e-01
stdout No. of Data Rows : 60238
stdout sim_end = 1.200000000000e-01
stdout output_peak         =  5.27698e+00 at=  5.50498e-02
stdout output_floor        =  0.00000e+00 at=  4.00000e-08
stdout settled_min         =  5.09194e+00 at=  1.20000e-01
stdout settled_max         =  5.09194e+00 at=  1.05001e-01
stdout step_min            =  4.90674e+00 at=  2.50478e-02
stdout step_max            =  5.27698e+00 at=  5.50498e-02
stdout input_min           =  1.30846e+01 at=  1.14223e-01
stdout inductor_average_peak=  3.71985e+00 at=  2.50998e-02
stdout inductor_average_min=  -1.12801e-18 at=  2.66303e-03
stdout shunt_current_peak  =  3.70276e+00 at=  2.50998e-02
stdout shunt_current_min   =  -7.44412e-22 at=  2.66211e-03
stdout secondary_rms       =  0.00000e+00 from=  1.00000e-01 to=  1.20000e-01
