stdout Note: No compatibility mode selected!
stdout Circuit: jlc-3 u20 prebiased; engineering averaged controller, not ti vendor model
stdout Doing analysis at TEMP = 27.000000 and TNOM = 27.000000
stdout Using KLU as Direct Linear Solver
stdout Operating point simulation skipped by 'uic',
stdout now using transient initial conditions.
 Reference value :  8.81920e-04
 Reference value :  1.99259e-02
 Reference value :  3.88003e-02
 Reference value :  5.89683e-02
 Reference value :  7.89263e-02
 Reference value :  9.86523e-02
 Reference value :  1.18288e-01
stdout No. of Data Rows : 60155
stdout sim_end = 1.200000000000e-01
stdout output_peak         =  5.11535e+00 at=  3.09974e-02
stdout output_floor        =  3.94023e+00 at=  3.01256e-02
stdout settled_min         =  5.09215e+00 at=  1.20000e-01
stdout settled_max         =  5.09215e+00 at=  1.05000e-01
stdout step_min            =  3.94023e+00 at=  3.01256e-02
stdout step_max            =  5.11535e+00 at=  3.09974e-02
stdout input_min           =  1.31213e+01 at=  1.11876e-01
stdout inductor_average_peak=  9.55561e-01 at=  3.02336e-02
stdout inductor_average_min=  -7.56273e-62 at=  3.14261e-02
stdout shunt_current_peak  =  9.37213e-01 at=  3.02336e-02
stdout shunt_current_min   =  -9.53179e-05 at=  2.00000e-06
stdout secondary_rms       =  0.00000e+00 from=  1.00000e-01 to=  1.20000e-01
