stdout Note: No compatibility mode selected!
stdout Circuit: jlc-3 u20 prebiased; engineering averaged controller, not ti vendor model
stdout Doing analysis at TEMP = 27.000000 and TNOM = 27.000000
stdout Using KLU as Direct Linear Solver
stdout Operating point simulation skipped by 'uic',
stdout now using transient initial conditions.
 Reference value :  1.92439e-02
 Reference value :  3.88820e-02
 Reference value :  5.93160e-02
 Reference value :  7.96220e-02
 Reference value :  9.98960e-02
stdout No. of Data Rows : 60142
stdout sim_end = 1.200000000000e-01
stdout output_peak         =  5.11565e+00 at=  2.96098e-02
stdout output_floor        =  3.99165e+00 at=  2.87754e-02
stdout settled_min         =  5.09271e+00 at=  1.08432e-01
stdout settled_max         =  5.09271e+00 at=  1.05004e-01
stdout step_min            =  3.99165e+00 at=  2.87754e-02
stdout step_max            =  5.11565e+00 at=  2.96098e-02
stdout input_min           =  1.05914e+01 at=  1.14208e-01
stdout inductor_average_peak=  9.55550e-01 at=  2.88838e-02
stdout inductor_average_min=  -3.08791e-319 at=  1.94792e-03
stdout shunt_current_peak  =  9.37242e-01 at=  2.88838e-02
stdout shunt_current_min   =  -9.53179e-05 at=  2.00000e-06
stdout secondary_rms       =  0.00000e+00 from=  1.00000e-01 to=  1.20000e-01
