stdout Note: No compatibility mode selected!
stdout Circuit: jlc-3 u20 loss_restart; engineering averaged controller, not ti vendor model
stdout Doing analysis at TEMP = 27.000000 and TNOM = 27.000000
stdout Using KLU as Direct Linear Solver
stdout Operating point simulation skipped by 'uic',
stdout now using transient initial conditions.
 Reference value :  1.45407e-02
 Reference value :  3.37927e-02
 Reference value :  5.49079e-02
 Reference value :  7.67219e-02
 Reference value :  9.70109e-02
 Reference value :  1.16287e-01
stdout No. of Data Rows : 60290
stdout sim_end = 1.200000000000e-01
stdout output_peak         =  5.09296e+00 at=  3.54767e-02
stdout output_floor        =  0.00000e+00 at=  4.00000e-08
stdout settled_min         =  5.09211e+00 at=  1.05001e-01
stdout settled_max         =  5.09227e+00 at=  1.20000e-01
stdout step_min            =  2.20899e-31 at=  6.49999e-02
stdout step_max            =  5.09296e+00 at=  3.54767e-02
stdout input_min           =  8.16226e+00 at=  1.10701e-01
stdout inductor_average_peak=  3.82309e+00 at=  8.56509e-02
stdout inductor_average_min=  -1.09306e-18 at=  2.82273e-03
stdout shunt_current_peak  =  3.80380e+00 at=  3.11890e-03
stdout shunt_current_min   =  -2.85207e-20 at=  8.53551e-02
stdout secondary_rms       =  0.00000e+00 from=  1.00000e-01 to=  1.20000e-01
