stdout Note: No compatibility mode selected!
stdout Circuit: jlc-3 u21 prebiased; engineering averaged controller, not ti vendor model
stdout Doing analysis at TEMP = 27.000000 and TNOM = 27.000000
stdout Using KLU as Direct Linear Solver
stdout Operating point simulation skipped by 'uic',
stdout now using transient initial conditions.
 Reference value :  3.16192e-03
 Reference value :  2.27139e-02
 Reference value :  4.22285e-02
 Reference value :  6.22085e-02
 Reference value :  8.29405e-02
 Reference value :  1.03235e-01
stdout No. of Data Rows : 60204
stdout sim_end = 1.200000000000e-01
stdout output_peak         =  1.21406e+01 at=  3.00031e-02
stdout output_floor        =  1.08672e+01 at=  2.94529e-02
stdout settled_min         =  1.20012e+01 at=  1.20000e-01
stdout settled_max         =  1.20012e+01 at=  1.05001e-01
stdout step_min            =  1.08672e+01 at=  2.94529e-02
stdout step_max            =  1.21406e+01 at=  3.00031e-02
stdout input_min           =  1.42445e+01 at=  1.12577e-01
stdout inductor_average_peak=  4.54391e+00 at=  2.98091e-02
stdout inductor_average_min=  -3.08791e-319 at=  3.21477e-02
stdout shunt_current_peak  =  1.48669e+00 at=  2.95705e-02
stdout shunt_current_min   =  2.93530e-04 at=  2.00000e-06
stdout secondary_rms       =  0.00000e+00 from=  1.00000e-01 to=  1.20000e-01
