stdout Note: No compatibility mode selected!
stdout Circuit: jlc-3 u21 load_step; engineering averaged controller, not ti vendor model
stdout Doing analysis at TEMP = 27.000000 and TNOM = 27.000000
stdout Using KLU as Direct Linear Solver
stdout Operating point simulation skipped by 'uic',
stdout now using transient initial conditions.
 Reference value :  7.40118e-03
 Reference value :  2.40402e-02
 Reference value :  4.09658e-02
 Reference value :  5.79091e-02
 Reference value :  7.51771e-02
 Reference value :  9.24111e-02
 Reference value :  1.09381e-01
stdout No. of Data Rows : 60203
stdout sim_end = 1.200000000000e-01
stdout output_peak         =  1.23542e+01 at=  8.13118e-03
stdout output_floor        =  0.00000e+00 at=  2.00000e-08
stdout settled_min         =  1.20020e+01 at=  1.20000e-01
stdout settled_max         =  1.20029e+01 at=  1.05001e-01
stdout step_min            =  1.19668e+01 at=  2.51038e-02
stdout step_max            =  1.20895e+01 at=  5.51038e-02
stdout input_min           =  1.17005e+01 at=  1.10519e-01
stdout inductor_average_peak=  7.99201e+00 at=  7.91518e-03
stdout inductor_average_min=  -1.37594e-18 at=  3.59746e-03
stdout shunt_current_peak  =  1.48672e+00 at=  3.71118e-03
stdout shunt_current_min   =  -7.25614e-23 at=  3.59611e-03
stdout secondary_rms       =  0.00000e+00 from=  1.00000e-01 to=  1.20000e-01
