stdout Note: No compatibility mode selected!
stdout Circuit: jlc-3 u21 prebiased; engineering averaged controller, not ti vendor model
stdout Doing analysis at TEMP = 27.000000 and TNOM = 27.000000
stdout Using KLU as Direct Linear Solver
stdout Operating point simulation skipped by 'uic',
stdout now using transient initial conditions.
 Reference value :  1.77592e-03
 Reference value :  2.02199e-02
 Reference value :  3.84067e-02
 Reference value :  5.77467e-02
 Reference value :  7.69907e-02
 Reference value :  9.63267e-02
 Reference value :  1.15947e-01
stdout No. of Data Rows : 60147
stdout sim_end = 1.200000000000e-01
stdout output_peak         =  1.21616e+01 at=  3.17044e-02
stdout output_floor        =  1.08024e+01 at=  3.11415e-02
stdout settled_min         =  1.20039e+01 at=  1.20000e-01
stdout settled_max         =  1.20039e+01 at=  1.05001e-01
stdout step_min            =  1.08024e+01 at=  3.11415e-02
stdout step_max            =  1.21616e+01 at=  3.17044e-02
stdout input_min           =  1.44621e+01 at=  1.10519e-01
stdout inductor_average_peak=  4.47490e+00 at=  3.15184e-02
stdout inductor_average_min=  -3.08791e-319 at=  3.38489e-02
stdout shunt_current_peak  =  1.48675e+00 at=  3.12467e-02
stdout shunt_current_min   =  2.93530e-04 at=  2.00000e-06
stdout secondary_rms       =  0.00000e+00 from=  1.00000e-01 to=  1.20000e-01
