stdout Note: No compatibility mode selected!
stdout Circuit: jlc-3 u21 loss_restart; engineering averaged controller, not ti vendor model
stdout Doing analysis at TEMP = 27.000000 and TNOM = 27.000000
stdout Using KLU as Direct Linear Solver
stdout Operating point simulation skipped by 'uic',
stdout now using transient initial conditions.
 Reference value :  5.86290e-03
 Reference value :  2.50866e-02
 Reference value :  4.26497e-02
 Reference value :  6.38377e-02
 Reference value :  8.50000e-02
 Reference value :  1.05181e-01
stdout No. of Data Rows : 60403
stdout sim_end = 1.200000000000e-01
stdout output_peak         =  1.24031e+01 at=  1.01489e-01
stdout output_floor        =  0.00000e+00 at=  2.00000e-08
stdout settled_min         =  1.20865e+01 at=  1.20000e-01
stdout settled_max         =  1.22473e+01 at=  1.05001e-01
stdout step_min            =  6.59717e-25 at=  6.49997e-02
stdout step_max            =  1.21276e+01 at=  2.40009e-02
stdout input_min           =  1.09903e+01 at=  1.12437e-01
stdout inductor_average_peak=  7.99201e+00 at=  9.63110e-02
stdout inductor_average_min=  -1.23658e-18 at=  4.02132e-03
stdout shunt_current_peak  =  1.49946e+00 at=  1.01451e-01
stdout shunt_current_min   =  -1.76220e-21 at=  4.02011e-03
stdout secondary_rms       =  0.00000e+00 from=  1.00000e-01 to=  1.20000e-01
