stdout Note: No compatibility mode selected!
stdout Circuit: bridge loss sensitivity: br1 stps20m100st to220 with individual boyd 577202b00000g sinks. other low-voltage bridges stps20m100sg d2pak. 50 c ambient. electrical winding/load assumptions remain to be measured. d2pak lumped temperatures are screening estimates; geometry thermal_mesh.py is the separate layout assessment.
stdout Doing analysis at TEMP = 27.000000 and TNOM = 27.000000
stdout Using SPARSE 1.3 as Direct Linear Solver
stdout Operating point simulation skipped by 'uic',
stdout now using transient initial conditions.
 Reference value :  4.96860e-02
 Reference value :  1.30325e-01
 Reference value :  2.10894e-01
 Reference value :  2.91116e-01
stdout No. of Data Rows : 15063
stdout iavg_18a            =  6.44721e+00 from=  2.33330e-01 to=  3.00000e-01
stdout irms_18a            =  1.12152e+01 from=  2.33330e-01 to=  3.00000e-01
stdout pin_18a             =  1.03442e+02 from=  2.33330e-01 to=  3.00000e-01
stdout pout_18a            =  9.24914e+01 from=  2.33330e-01 to=  3.00000e-01
stdout vdc_18a             =  1.43302e+01 from=  2.33330e-01 to=  3.00000e-01
stdout pmodel_18a = 1.095009e+01
stdout pd_18a = 1.923465e+00
stdout pds_18a = 7.693860e+00
stdout rthreq_18a = 3.119371e+01
stdout tj_18a = 1.152667e+02
stdout iavg_18b            =  3.00020e+00 from=  2.33330e-01 to=  3.00000e-01
stdout irms_18b            =  5.92738e+00 from=  2.33330e-01 to=  3.00000e-01
stdout pin_18b             =  5.14739e+01 from=  2.33330e-01 to=  3.00000e-01
stdout pout_18b            =  4.73135e+01 from=  2.33330e-01 to=  3.00000e-01
stdout vdc_18b             =  1.57701e+01 from=  2.33330e-01 to=  3.00000e-01
stdout pmodel_18b = 4.160400e+00
stdout pd_18b = 7.921321e-01
stdout pds_18b = 3.168528e+00
stdout rthreq_18b = 7.574495e+01
stdout tj_18b = 7.883774e+01
stdout iavg_18c            =  8.00054e+00 from=  2.33330e-01 to=  3.00000e-01
stdout irms_18c            =  1.34313e+01 from=  2.33330e-01 to=  3.00000e-01
stdout pin_18c             =  1.24896e+02 from=  2.33330e-01 to=  3.00000e-01
stdout pout_18c            =  1.10359e+02 from=  2.33330e-01 to=  3.00000e-01
stdout vdc_18c             =  1.37940e+01 from=  2.33330e-01 to=  3.00000e-01
stdout pmodel_18c = 1.453650e+01
stdout pd_18c = 2.493871e+00
stdout pds_18c = 9.975483e+00
stdout rthreq_18c = 2.405899e+01
stdout tj_18c = 1.336337e+02
stdout iavg_20a            =  2.50017e+00 from=  2.33330e-01 to=  3.00000e-01
stdout irms_20a            =  5.23056e+00 from=  2.33330e-01 to=  3.00000e-01
stdout pin_20a             =  5.24370e+01 from=  2.33330e-01 to=  3.00000e-01
stdout pout_20a            =  4.90492e+01 from=  2.33330e-01 to=  3.00000e-01
stdout vdc_20a             =  1.96183e+01 from=  2.33330e-01 to=  3.00000e-01
stdout pmodel_20a = 3.387790e+00
stdout pd_20a = 6.516646e-01
stdout pds_20a = 2.606658e+00
stdout rthreq_20a = 9.207191e+01
stdout tj_20a = 7.345993e+01
stdout iavg_20b            =  5.00034e+00 from=  2.33330e-01 to=  3.00000e-01
stdout irms_20b            =  9.31257e+00 from=  2.33330e-01 to=  3.00000e-01
stdout pin_20b             =  9.97743e+01 from=  2.33330e-01 to=  3.00000e-01
stdout pout_20b            =  9.17081e+01 from=  2.33330e-01 to=  3.00000e-01
stdout vdc_20b             =  1.83404e+01 from=  2.33330e-01 to=  3.00000e-01
stdout pmodel_20b = 8.066210e+00
stdout pd_20b = 1.444157e+00
stdout pds_20b = 5.776626e+00
stdout rthreq_20b = 4.154674e+01
stdout tj_20b = 1.019896e+02
stdout iavg_50a            =  3.01031e+00 from=  2.33330e-01 to=  3.00000e-01
stdout irms_50a            =  5.14664e+00 from=  2.33330e-01 to=  3.00000e-01
stdout pin_50a             =  1.77674e+02 from=  2.33330e-01 to=  3.00000e-01
stdout pout_50a            =  1.69083e+02 from=  2.33330e-01 to=  3.00000e-01
stdout vdc_50a             =  5.61681e+01 from=  2.33330e-01 to=  3.00000e-01
stdout pmodel_50a = 8.590600e+00
stdout pds_50a = 5.717079e+00
stdout tj_50a = 1.174615e+02
stdout iavg_50b            =  7.00984e+00 from=  2.33330e-01 to=  3.00000e-01
stdout irms_50b            =  1.03772e+01 from=  2.33330e-01 to=  3.00000e-01
stdout pin_50b             =  3.42152e+02 from=  2.33330e-01 to=  3.00000e-01
stdout pout_50b            =  3.16987e+02 from=  2.33330e-01 to=  3.00000e-01
stdout vdc_50b             =  4.52203e+01 from=  2.33330e-01 to=  3.00000e-01
stdout pmodel_50b = 2.516530e+01
stdout pds_50b = 1.487710e+01
stdout tj_50b = 2.255498e+02
stdout iavg_5a             =  1.69161e+00 from=  2.33330e-01 to=  3.00000e-01
stdout irms_5a             =  3.40868e+00 from=  2.33330e-01 to=  3.00000e-01
stdout pin_5a              =  1.97299e+01 from=  2.33330e-01 to=  3.00000e-01
stdout pout_5a             =  1.77317e+01 from=  2.33330e-01 to=  3.00000e-01
stdout vdc_5a              =  1.04916e+01 from=  2.33330e-01 to=  3.00000e-01
stdout pmodel_5a = 1.998160e+00
stdout pd_5a = 4.105911e-01
stdout pds_5a = 1.642364e+00
stdout rthreq_5a = 1.461308e+02
stdout tj_5a = 6.683424e+01
stdout iavg_5b             =  1.32719e+00 from=  2.33330e-01 to=  3.00000e-01
stdout irms_5b             =  2.77937e+00 from=  2.33330e-01 to=  3.00000e-01
stdout pin_5b              =  1.56955e+01 from=  2.33330e-01 to=  3.00000e-01
stdout pout_5b             =  1.41905e+01 from=  2.33330e-01 to=  3.00000e-01
stdout vdc_5b              =  1.06981e+01 from=  2.33330e-01 to=  3.00000e-01
stdout pmodel_5b = 1.505030e+00
stdout pd_5b = 3.160174e-01
stdout pds_5b = 1.264069e+00
stdout rthreq_5b = 1.898630e+02
stdout tj_5b = 6.295671e+01
stdout iavg_12a            =  2.50017e+00 from=  2.33330e-01 to=  3.00000e-01
stdout irms_12a            =  4.02102e+00 from=  2.33330e-01 to=  3.00000e-01
stdout pin_12a             =  3.36115e+01 from=  2.33330e-01 to=  3.00000e-01
stdout pout_12a            =  3.07021e+01 from=  2.33330e-01 to=  3.00000e-01
stdout vdc_12a             =  1.22800e+01 from=  2.33330e-01 to=  3.00000e-01
stdout pmodel_12a = 2.909430e+00
stdout pd_12a = 6.024274e-01
stdout pds_12a = 2.409710e+00
stdout rthreq_12a = 9.959706e+01
stdout tj_12a = 7.469952e+01
stdout iavg_12b            =  3.00020e+00 from=  2.33330e-01 to=  3.00000e-01
stdout irms_12b            =  4.67877e+00 from=  2.33330e-01 to=  3.00000e-01
stdout pin_12b             =  3.87170e+01 from=  2.33330e-01 to=  3.00000e-01
stdout pout_12b            =  3.51154e+01 from=  2.33330e-01 to=  3.00000e-01
stdout vdc_12b             =  1.17043e+01 from=  2.33330e-01 to=  3.00000e-01
stdout pmodel_12b = 3.601590e+00
stdout pd_12b = 7.338626e-01
stdout pds_12b = 2.935450e+00
stdout rthreq_12b = 8.175918e+01
stdout tj_12b = 8.008837e+01
