stdout Note: No compatibility mode selected!
stdout Circuit: modern g.i. gate drive and triac dissipation: 74hct574 -> 470r -> mmbt4401 emitter follower (10k pull-down) -> 27r -> bta16-600c gate (macro fires at 50 ma = worst-case q iv igt, holds while |i| > 50 ma); on-state modelled with the bta16 datasheet vt0 = 0.85 v / rd = 25 mohm so that the conduction loss is real; 18 x #44 string (1.4 r hot) on 6.3 vac (8.9 v peak)
stdout Doing analysis at TEMP = 27.000000 and TNOM = 27.000000
stdout Using SPARSE 1.3 as Direct Linear Solver
stdout Initial Transient Solution
stdout --------------------------
stdout Node                                   Voltage
stdout ----                                   -------
stdout vcc                                          5
stdout latch                                        0
stdout a                                  1.91284e-10
stdout b                                  2.43888e-09
stdout e                                  6.22987e-12
stdout eg                                 6.22987e-12
stdout g                                  5.48887e-12
stdout mt2                                          0
stdout mt2i                                         0
stdout on                                           0
stdout onr                                          0
stdout ac                                           0
stdout acs                                          0
stdout bon#branch                                   0
stdout vmt#branch                                   0
stdout vg#branch                          2.74444e-14
stdout vstr#branch                                  0
stdout vac#branch                                   0
stdout vl#branch                          4.78211e-12
stdout vcc#branch                        -1.00542e-11
 Reference value :  0.00000e+00
stdout No. of Data Rows : 4071
stdout ig_peak             =  7.84138e-02 at=  2.00008e-03
stdout istr_off            =  6.09246e-06 at=  2.00000e-03
stdout istr_on             =  5.64912e+00 at=  5.41651e-02
stdout istr_rms            =  3.88686e+00 from=  2.00000e-02 to=  5.33300e-02
stdout istr_after          =  8.89999e-06 at=  7.91679e-02
stdout p_npn               =  1.24514e-01 from=  2.00000e-02 to=  6.00192e-02
stdout p_triac             =  3.26478e+00 from=  2.00000e-02 to=  5.33451e-02
stdout i_latch             =  -3.66482e-03 at=  2.00002e-03
stdout tj_rise_sink = 4.529884e+01
stdout tj_rise_clip = 1.142673e+02
stdout rth_sa_needed = 1.997244e+01
