stdout Note: No compatibility mode selected!
stdout Circuit: jlc-3 u20 prebiased; engineering averaged controller, not ti vendor model
stdout Doing analysis at TEMP = 27.000000 and TNOM = 27.000000
stdout Using KLU as Direct Linear Solver
stdout Operating point simulation skipped by 'uic',
stdout now using transient initial conditions.
 Reference value :  7.94792e-03
 Reference value :  2.85643e-02
 Reference value :  4.87039e-02
 Reference value :  6.88839e-02
 Reference value :  8.85139e-02
 Reference value :  1.09084e-01
stdout No. of Data Rows : 60152
stdout sim_end = 1.200000000000e-01
stdout output_peak         =  5.01126e+00 at=  3.09866e-02
stdout output_floor        =  3.84951e+00 at=  3.01100e-02
stdout settled_min         =  5.00118e+00 at=  1.20000e-01
stdout settled_max         =  5.00118e+00 at=  1.05002e-01
stdout step_min            =  3.84951e+00 at=  3.01100e-02
stdout step_max            =  5.01126e+00 at=  3.09866e-02
stdout input_min           =  1.31219e+01 at=  1.11876e-01
stdout inductor_average_peak=  8.20231e-01 at=  3.01966e-02
stdout inductor_average_min=  -3.08791e-319 at=  1.94792e-03
stdout shunt_current_peak  =  8.04588e-01 at=  3.01966e-02
stdout shunt_current_min   =  -9.53137e-05 at=  2.00000e-06
stdout secondary_rms       =  7.38727e-02 from=  1.00000e-01 to=  1.20000e-01
