stdout Note: No compatibility mode selected!
stdout Circuit: jlc-3 u20 startup; engineering averaged controller, not ti vendor model
stdout Doing analysis at TEMP = 27.000000 and TNOM = 27.000000
stdout Using KLU as Direct Linear Solver
stdout Operating point simulation skipped by 'uic',
stdout now using transient initial conditions.
 Reference value :  6.71920e-04
 Reference value :  1.94698e-02
 Reference value :  3.94038e-02
 Reference value :  5.93178e-02
 Reference value :  7.87978e-02
 Reference value :  9.81618e-02
 Reference value :  1.18228e-01
stdout No. of Data Rows : 60150
stdout sim_end = 1.200000000000e-01
stdout output_peak         =  5.00086e+00 at=  1.19999e-01
stdout output_floor        =  0.00000e+00 at=  4.00000e-08
stdout settled_min         =  5.00086e+00 at=  1.20000e-01
stdout settled_max         =  5.00086e+00 at=  1.19999e-01
stdout step_min            =  5.00077e+00 at=  2.40018e-02
stdout step_max            =  5.00086e+00 at=  6.49998e-02
stdout input_min           =  1.09145e+01 at=  1.13134e-01
stdout inductor_average_peak=  3.77096e+00 at=  3.13407e-03
stdout inductor_average_min=  -1.13434e-18 at=  2.66303e-03
stdout shunt_current_peak  =  3.75293e+00 at=  3.13407e-03
stdout shunt_current_min   =  -2.98397e-19 at=  2.66211e-03
stdout secondary_rms       =  2.89038e+00 from=  1.00000e-01 to=  1.20000e-01
