stdout Note: No compatibility mode selected!
stdout Circuit: jlc-3 u20 startup; engineering averaged controller, not ti vendor model
stdout Doing analysis at TEMP = 27.000000 and TNOM = 27.000000
stdout Using KLU as Direct Linear Solver
stdout Operating point simulation skipped by 'uic',
stdout now using transient initial conditions.
 Reference value :  1.58925e-02
 Reference value :  3.61525e-02
 Reference value :  5.50445e-02
 Reference value :  7.56705e-02
 Reference value :  9.63785e-02
 Reference value :  1.18140e-01
stdout No. of Data Rows : 60079
stdout sim_end = 1.200000000000e-01
stdout output_peak         =  5.00106e+00 at=  8.80705e-02
stdout output_floor        =  0.00000e+00 at=  4.00000e-08
stdout settled_min         =  5.00106e+00 at=  1.20000e-01
stdout settled_max         =  5.00106e+00 at=  1.19998e-01
stdout step_min            =  5.00098e+00 at=  2.40005e-02
stdout step_max            =  5.00106e+00 at=  6.49985e-02
stdout input_min           =  1.10573e+01 at=  1.19322e-01
stdout inductor_average_peak=  3.77096e+00 at=  2.80450e-03
stdout inductor_average_min=  -1.06893e-18 at=  2.33460e-03
stdout shunt_current_peak  =  3.75293e+00 at=  2.80450e-03
stdout shunt_current_min   =  -2.98397e-19 at=  2.33411e-03
stdout secondary_rms       =  2.73103e+00 from=  1.00000e-01 to=  1.20000e-01
