stdout Note: No compatibility mode selected!
stdout Circuit: jlc-3 u21 loss_restart; engineering averaged controller, not ti vendor model
stdout Doing analysis at TEMP = 27.000000 and TNOM = 27.000000
stdout Using KLU as Direct Linear Solver
stdout Operating point simulation skipped by 'uic',
stdout now using transient initial conditions.
 Reference value :  1.75151e-02
 Reference value :  3.78551e-02
 Reference value :  5.82171e-02
 Reference value :  7.91371e-02
 Reference value :  9.97395e-02
 Reference value :  1.19982e-01
stdout No. of Data Rows : 60191
stdout sim_end = 1.200000000000e-01
stdout output_peak         =  1.23821e+01 at=  9.49035e-02
stdout output_floor        =  0.00000e+00 at=  2.00000e-08
stdout settled_min         =  1.20478e+01 at=  1.20000e-01
stdout settled_max         =  1.21375e+01 at=  1.05002e-01
stdout step_min            =  8.47154e-25 at=  6.49991e-02
stdout step_max            =  1.21166e+01 at=  2.40011e-02
stdout input_min           =  1.40083e+01 at=  1.10436e-01
stdout inductor_average_peak=  7.99201e+00 at=  6.49713e-03
stdout inductor_average_min=  -8.56476e-19 at=  2.89446e-03
stdout shunt_current_peak  =  1.49946e+00 at=  9.48735e-02
stdout shunt_current_min   =  -1.95688e-19 at=  8.61251e-02
stdout secondary_rms       =  1.15555e+01 from=  1.00000e-01 to=  1.20000e-01
