stdout Note: No compatibility mode selected!
stdout Circuit: jlc-3 u21 load_step; engineering averaged controller, not ti vendor model
stdout Doing analysis at TEMP = 27.000000 and TNOM = 27.000000
stdout Using KLU as Direct Linear Solver
stdout Operating point simulation skipped by 'uic',
stdout now using transient initial conditions.
 Reference value :  5.03408e-03
 Reference value :  2.34353e-02
 Reference value :  4.13879e-02
 Reference value :  5.98992e-02
 Reference value :  7.84772e-02
 Reference value :  9.74732e-02
 Reference value :  1.15771e-01
stdout No. of Data Rows : 60136
stdout sim_end = 1.200000000000e-01
stdout output_peak         =  1.23594e+01 at=  8.55270e-03
stdout output_floor        =  0.00000e+00 at=  2.00000e-08
stdout settled_min         =  1.20019e+01 at=  1.20000e-01
stdout settled_max         =  1.20028e+01 at=  1.05001e-01
stdout step_min            =  1.19684e+01 at=  2.51039e-02
stdout step_max            =  1.20899e+01 at=  5.51039e-02
stdout input_min           =  1.15245e+01 at=  1.12577e-01
stdout inductor_average_peak=  7.99201e+00 at=  7.62470e-03
stdout inductor_average_min=  -1.23658e-18 at=  4.02132e-03
stdout shunt_current_peak  =  1.48693e+00 at=  4.13408e-03
stdout shunt_current_min   =  -7.27978e-23 at=  4.02011e-03
stdout secondary_rms       =  8.57288e+00 from=  1.00000e-01 to=  1.20000e-01
