stdout Note: No compatibility mode selected!
stdout Circuit: rom raw-write replay channel 6; bus.csv
stdout Doing analysis at TEMP = 27.000000 and TNOM = 27.000000
stdout Using KLU as Direct Linear Solver
stdout Initial Transient Solution
stdout --------------------------
stdout Node                                   Voltage
stdout ----                                   -------
stdout rail                                        86
stdout cmd                                          0
stdout gateinput                                    0
stdout gate                                         0
stdout drain                                       86
stdout drainq                                      86
stdout coil                                        86
stdout diode                                       86
stdout lcoil#branch                      -1.17158e-09
stdout vdiode#branch                     -2.88952e-13
stdout vsense#branch                      1.17187e-09
stdout vcmd#branch                                  0
stdout vrail#branch                      -1.17159e-09
 Reference value :  8.40800e-03
 Reference value :  1.49843e-01
 Reference value :  2.90416e-01
 Reference value :  4.28657e-01
 Reference value :  5.68672e-01
 Reference value :  7.03202e-01
 Reference value :  8.41262e-01
 Reference value :  9.80517e-01
 Reference value :  1.11837e+00
 Reference value :  1.24711e+00
 Reference value :  1.37068e+00
 Reference value :  1.50787e+00
 Reference value :  1.64687e+00
 Reference value :  1.78601e+00
 Reference value :  1.92527e+00
 Reference value :  2.05952e+00
 Reference value :  2.20194e+00
 Reference value :  2.34258e+00
 Reference value :  2.48533e+00
 Reference value :  2.62651e+00
 Reference value :  2.76900e+00
 Reference value :  2.90690e+00
 Reference value :  3.04950e+00
 Reference value :  3.18729e+00
 Reference value :  3.32671e+00
 Reference value :  3.46358e+00
 Reference value :  3.60305e+00
 Reference value :  3.74239e+00
 Reference value :  3.88330e+00
 Reference value :  4.02149e+00
 Reference value :  4.16041e+00
 Reference value :  4.29558e+00
 Reference value :  4.43147e+00
 Reference value :  4.56960e+00
 Reference value :  4.71167e+00
 Reference value :  4.85347e+00
 Reference value :  4.99781e+00
 Reference value :  5.14145e+00
 Reference value :  5.28568e+00
 Reference value :  5.43065e+00
 Reference value :  5.57545e+00
 Reference value :  5.71422e+00
 Reference value :  5.86056e+00
 Reference value :  6.00646e+00
 Reference value :  6.15112e+00
 Reference value :  6.26904e+00
 Reference value :  6.41559e+00
 Reference value :  6.55993e+00
 Reference value :  6.70566e+00
 Reference value :  6.84840e+00
 Reference value :  6.99233e+00
 Reference value :  7.13660e+00
 Reference value :  7.28180e+00
 Reference value :  7.42233e+00
 Reference value :  7.56212e+00
 Reference value :  7.69912e+00
 Reference value :  7.84090e+00
 Reference value :  7.98335e+00
 Reference value :  8.12993e+00
 Reference value :  8.27582e+00
 Reference value :  8.42135e+00
 Reference value :  8.56550e+00
 Reference value :  8.71193e+00
 Reference value :  8.85694e+00
 Reference value :  8.99807e+00
 Reference value :  9.13459e+00
 Reference value :  9.27679e+00
 Reference value :  9.41764e+00
 Reference value :  9.55295e+00
 Reference value :  9.69303e+00
 Reference value :  9.83409e+00
 Reference value :  9.97442e+00
 Reference value :  1.01213e+01
stdout No. of Data Rows : 2047042
stdout sim_end = 1.023000000000e+01
stdout vds_peak            =  8.76776e+01 at=  2.98327e-01
stdout vgs_peak            =  4.99277e+00 at=  8.89991e+00
stdout p_avg               =  4.16056e-01 from=  2.00000e-01 to=  1.02000e+01
stdout id_avg              =  2.02997e-02 from=  2.00000e-01 to=  1.02000e+01
stdout id_terminal_avg     =  2.09447e-02 from=  2.00000e-01 to=  1.02000e+01
stdout i_peak              =  2.25955e+01 at=  2.53341e-01
stdout coil_peak           =  2.25780e+01 at=  8.99614e+00
stdout tj_repeating = 7.579549680000e+01
