stdout Note: No compatibility mode selected!
stdout Circuit: rom raw-write replay channel 1; bus.csv
stdout Doing analysis at TEMP = 27.000000 and TNOM = 27.000000
stdout Using KLU as Direct Linear Solver
stdout Initial Transient Solution
stdout --------------------------
stdout Node                                   Voltage
stdout ----                                   -------
stdout rail                                        86
stdout cmd                                          0
stdout gateinput                                    0
stdout gate                                         0
stdout drain                                       86
stdout drainq                                      86
stdout coil                                        86
stdout diode                                       86
stdout lcoil#branch                      -1.17158e-09
stdout vdiode#branch                     -2.88952e-13
stdout vsense#branch                      1.17187e-09
stdout vcmd#branch                                  0
stdout vrail#branch                      -1.17159e-09
 Reference value :  0.00000e+00
 Reference value :  1.31028e-01
 Reference value :  2.64939e-01
 Reference value :  3.57222e-01
 Reference value :  4.65389e-01
 Reference value :  6.05234e-01
 Reference value :  7.53339e-01
 Reference value :  9.02919e-01
 Reference value :  1.04888e+00
 Reference value :  1.20382e+00
 Reference value :  1.35808e+00
 Reference value :  1.51384e+00
 Reference value :  1.65749e+00
 Reference value :  1.80436e+00
 Reference value :  1.95243e+00
 Reference value :  2.09987e+00
 Reference value :  2.24311e+00
 Reference value :  2.38698e+00
 Reference value :  2.53431e+00
 Reference value :  2.68242e+00
 Reference value :  2.82758e+00
 Reference value :  2.97432e+00
 Reference value :  3.12165e+00
 Reference value :  3.26679e+00
 Reference value :  3.41376e+00
 Reference value :  3.55975e+00
 Reference value :  3.70243e+00
 Reference value :  3.84366e+00
 Reference value :  3.98587e+00
 Reference value :  4.12542e+00
 Reference value :  4.26510e+00
 Reference value :  4.41190e+00
 Reference value :  4.55592e+00
 Reference value :  4.69957e+00
 Reference value :  4.84938e+00
 Reference value :  4.99107e+00
 Reference value :  5.11744e+00
 Reference value :  5.23914e+00
 Reference value :  5.38270e+00
 Reference value :  5.52586e+00
 Reference value :  5.66994e+00
 Reference value :  5.80970e+00
 Reference value :  5.94849e+00
 Reference value :  6.09396e+00
 Reference value :  6.24350e+00
 Reference value :  6.38961e+00
 Reference value :  6.53445e+00
 Reference value :  6.68012e+00
 Reference value :  6.82405e+00
 Reference value :  6.96618e+00
 Reference value :  7.11302e+00
 Reference value :  7.25564e+00
 Reference value :  7.38741e+00
 Reference value :  7.51383e+00
 Reference value :  7.61973e+00
 Reference value :  7.75489e+00
 Reference value :  7.88648e+00
 Reference value :  8.01197e+00
 Reference value :  8.10290e+00
 Reference value :  8.21142e+00
 Reference value :  8.35985e+00
 Reference value :  8.50081e+00
 Reference value :  8.63858e+00
 Reference value :  8.77857e+00
 Reference value :  8.89573e+00
 Reference value :  9.02912e+00
 Reference value :  9.16629e+00
 Reference value :  9.30436e+00
 Reference value :  9.43779e+00
 Reference value :  9.57357e+00
 Reference value :  9.70729e+00
 Reference value :  9.84108e+00
 Reference value :  9.98657e+00
 Reference value :  1.01388e+01
stdout No. of Data Rows : 2049088
stdout sim_end = 1.023000000000e+01
stdout vds_peak            =  8.76776e+01 at=  5.03127e-01
stdout vgs_peak            =  5.44504e+00 at=  2.41828e-01
stdout p_avg               =  8.84187e-01 from=  2.00000e-01 to=  1.02000e+01
stdout id_avg              =  2.14461e-01 from=  2.00000e-01 to=  1.02000e+01
stdout id_terminal_avg     =  5.58832e-01 from=  2.00000e-01 to=  1.02000e+01
stdout i_peak              =  7.86145e+01 at=  8.10212e+00
stdout coil_peak           =  2.25780e+01 at=  5.03114e-01
stdout tj_repeating = 1.048195692000e+02
