stdout Note: No compatibility mode selected!
stdout Circuit: rom raw-write replay channel 9; bus.csv
stdout Doing analysis at TEMP = 27.000000 and TNOM = 27.000000
stdout Using KLU as Direct Linear Solver
stdout Initial Transient Solution
stdout --------------------------
stdout Node                                   Voltage
stdout ----                                   -------
stdout rail                                        86
stdout cmd                                          0
stdout gateinput                                    0
stdout gate                                         0
stdout drain                                       86
stdout drainq                                      86
stdout coil                                        86
stdout diode                                       86
stdout lcoil#branch                       -1.1718e-09
stdout vdiode#branch                     -7.45723e-14
stdout vsense#branch                      1.17187e-09
stdout vcmd#branch                                  0
stdout vrail#branch                       -1.1718e-09
 Reference value :  0.00000e+00
 Reference value :  1.46758e-01
 Reference value :  2.90932e-01
 Reference value :  4.11662e-01
 Reference value :  5.35287e-01
 Reference value :  6.76342e-01
 Reference value :  8.17447e-01
 Reference value :  9.58667e-01
 Reference value :  1.09922e+00
 Reference value :  1.24108e+00
 Reference value :  1.38512e+00
 Reference value :  1.52694e+00
 Reference value :  1.66746e+00
 Reference value :  1.81099e+00
 Reference value :  1.95573e+00
 Reference value :  2.09367e+00
 Reference value :  2.23678e+00
 Reference value :  2.37991e+00
 Reference value :  2.52418e+00
 Reference value :  2.66689e+00
 Reference value :  2.80832e+00
 Reference value :  2.95038e+00
 Reference value :  3.09374e+00
 Reference value :  3.23601e+00
 Reference value :  3.37799e+00
 Reference value :  3.52146e+00
 Reference value :  3.66411e+00
 Reference value :  3.80554e+00
 Reference value :  3.94989e+00
 Reference value :  4.09442e+00
 Reference value :  4.24120e+00
 Reference value :  4.38750e+00
 Reference value :  4.53283e+00
 Reference value :  4.67788e+00
 Reference value :  4.82395e+00
 Reference value :  4.96833e+00
 Reference value :  5.11275e+00
 Reference value :  5.25694e+00
 Reference value :  5.37941e+00
 Reference value :  5.52435e+00
 Reference value :  5.66770e+00
 Reference value :  5.80838e+00
 Reference value :  5.95229e+00
 Reference value :  6.09461e+00
 Reference value :  6.23531e+00
 Reference value :  6.37790e+00
 Reference value :  6.52080e+00
 Reference value :  6.66475e+00
 Reference value :  6.80523e+00
 Reference value :  6.94733e+00
 Reference value :  7.08994e+00
 Reference value :  7.23143e+00
 Reference value :  7.37263e+00
 Reference value :  7.51512e+00
 Reference value :  7.65911e+00
 Reference value :  7.80192e+00
 Reference value :  7.94509e+00
 Reference value :  8.08928e+00
 Reference value :  8.23062e+00
 Reference value :  8.37228e+00
 Reference value :  8.51306e+00
 Reference value :  8.65326e+00
 Reference value :  8.79630e+00
 Reference value :  8.93845e+00
 Reference value :  9.07915e+00
 Reference value :  9.22296e+00
 Reference value :  9.36734e+00
 Reference value :  9.51161e+00
 Reference value :  9.65381e+00
 Reference value :  9.79732e+00
 Reference value :  9.93963e+00
 Reference value :  1.00831e+01
 Reference value :  1.02238e+01
stdout No. of Data Rows : 2046388
stdout sim_end = 1.023000000000e+01
stdout vds_peak            =  8.72222e+01 at=  1.63071e+00
stdout vgs_peak            =  4.99204e+00 at=  2.00004e-01
stdout p_avg               =  4.07201e-02 from=  2.00000e-01 to=  1.02000e+01
stdout id_avg              =  6.47072e-03 from=  2.00000e-01 to=  1.02000e+01
stdout id_terminal_avg     =  6.72560e-03 from=  2.00000e-01 to=  1.02000e+01
stdout i_peak              =  8.83937e+00 at=  1.60756e+00
stdout coil_peak           =  8.82184e+00 at=  2.64680e-01
stdout tj_repeating = 5.252464868000e+01
