stdout Note: No compatibility mode selected!
stdout Circuit: rom raw-write replay channel 3; bus.csv
stdout Doing analysis at TEMP = 27.000000 and TNOM = 27.000000
stdout Using KLU as Direct Linear Solver
stdout Initial Transient Solution
stdout --------------------------
stdout Node                                   Voltage
stdout ----                                   -------
stdout rail                                        86
stdout cmd                                          0
stdout gateinput                                    0
stdout gate                                         0
stdout drain                                       86
stdout drainq                                      86
stdout coil                                        86
stdout diode                                       86
stdout lcoil#branch                      -1.17158e-09
stdout vdiode#branch                     -2.88952e-13
stdout vsense#branch                      1.17187e-09
stdout vcmd#branch                                  0
stdout vrail#branch                      -1.17159e-09
 Reference value :  0.00000e+00
 Reference value :  1.35378e-01
 Reference value :  2.67403e-01
 Reference value :  4.02028e-01
 Reference value :  5.37833e-01
 Reference value :  6.60038e-01
 Reference value :  7.91203e-01
 Reference value :  9.12113e-01
 Reference value :  1.04251e+00
 Reference value :  1.17213e+00
 Reference value :  1.30984e+00
 Reference value :  1.44476e+00
 Reference value :  1.58646e+00
 Reference value :  1.72504e+00
 Reference value :  1.86705e+00
 Reference value :  2.01642e+00
 Reference value :  2.14109e+00
 Reference value :  2.27346e+00
 Reference value :  2.40389e+00
 Reference value :  2.53551e+00
 Reference value :  2.66788e+00
 Reference value :  2.80055e+00
 Reference value :  2.93879e+00
 Reference value :  3.08171e+00
 Reference value :  3.22692e+00
 Reference value :  3.37365e+00
 Reference value :  3.50904e+00
 Reference value :  3.64880e+00
 Reference value :  3.79291e+00
 Reference value :  3.93360e+00
 Reference value :  4.05447e+00
 Reference value :  4.19789e+00
 Reference value :  4.34336e+00
 Reference value :  4.48474e+00
 Reference value :  4.62985e+00
 Reference value :  4.76987e+00
 Reference value :  4.91791e+00
 Reference value :  5.06076e+00
 Reference value :  5.20941e+00
 Reference value :  5.35572e+00
 Reference value :  5.50165e+00
 Reference value :  5.64491e+00
 Reference value :  5.78313e+00
 Reference value :  5.92056e+00
 Reference value :  6.05728e+00
 Reference value :  6.20314e+00
 Reference value :  6.35016e+00
 Reference value :  6.49696e+00
 Reference value :  6.64092e+00
 Reference value :  6.78284e+00
 Reference value :  6.92601e+00
 Reference value :  7.07214e+00
 Reference value :  7.22009e+00
 Reference value :  7.36528e+00
 Reference value :  7.51492e+00
 Reference value :  7.66138e+00
 Reference value :  7.80758e+00
 Reference value :  7.95232e+00
 Reference value :  8.09861e+00
 Reference value :  8.24802e+00
 Reference value :  8.39121e+00
 Reference value :  8.53659e+00
 Reference value :  8.68192e+00
 Reference value :  8.82836e+00
 Reference value :  8.96850e+00
 Reference value :  9.10928e+00
 Reference value :  9.25477e+00
 Reference value :  9.40267e+00
 Reference value :  9.54808e+00
 Reference value :  9.69374e+00
 Reference value :  9.83756e+00
 Reference value :  9.98000e+00
 Reference value :  1.01229e+01
stdout No. of Data Rows : 2046334
stdout sim_end = 1.023000000000e+01
stdout vds_peak            =  8.76774e+01 at=  1.02000e+01
stdout vgs_peak            =  4.99277e+00 at=  1.01345e+01
stdout p_avg               =  8.99215e-02 from=  2.00000e-01 to=  1.02000e+01
stdout id_avg              =  2.53427e-12 from=  2.00000e-01 to=  1.02000e+01
stdout id_terminal_avg     =  5.74483e-05 from=  2.00000e-01 to=  1.02000e+01
stdout i_peak              =  2.25955e+01 at=  1.01877e+01
stdout coil_peak           =  2.25780e+01 at=  1.02000e+01
stdout tj_repeating = 5.557513052000e+01
