stdout Note: No compatibility mode selected!
stdout Circuit: rom raw-write replay channel 13; bus.csv
stdout Doing analysis at TEMP = 27.000000 and TNOM = 27.000000
stdout Using KLU as Direct Linear Solver
stdout Initial Transient Solution
stdout --------------------------
stdout Node                                   Voltage
stdout ----                                   -------
stdout rail                                        86
stdout cmd                                          0
stdout gateinput                                    0
stdout gate                                         0
stdout drain                                       86
stdout drainq                                      86
stdout coil                                        86
stdout diode                                       86
stdout lcoil#branch                       -1.1718e-09
stdout vdiode#branch                     -7.45723e-14
stdout vsense#branch                      1.17187e-09
stdout vcmd#branch                                  0
stdout vrail#branch                       -1.1718e-09
 Reference value :  0.00000e+00
 Reference value :  1.51933e-01
 Reference value :  3.00565e-01
 Reference value :  4.50235e-01
 Reference value :  5.99930e-01
 Reference value :  7.47305e-01
 Reference value :  8.96525e-01
 Reference value :  1.04669e+00
 Reference value :  1.19833e+00
 Reference value :  1.34833e+00
 Reference value :  1.49673e+00
 Reference value :  1.64638e+00
 Reference value :  1.79711e+00
 Reference value :  1.94856e+00
 Reference value :  2.09241e+00
 Reference value :  2.24421e+00
 Reference value :  2.39464e+00
 Reference value :  2.54028e+00
 Reference value :  2.69034e+00
 Reference value :  2.83681e+00
 Reference value :  2.99022e+00
 Reference value :  3.14306e+00
 Reference value :  3.29521e+00
 Reference value :  3.44902e+00
 Reference value :  3.60234e+00
 Reference value :  3.74468e+00
 Reference value :  3.86177e+00
 Reference value :  4.00651e+00
 Reference value :  4.14769e+00
 Reference value :  4.29437e+00
 Reference value :  4.43962e+00
 Reference value :  4.58339e+00
 Reference value :  4.72793e+00
 Reference value :  4.87221e+00
 Reference value :  5.01680e+00
 Reference value :  5.16199e+00
 Reference value :  5.30580e+00
 Reference value :  5.45063e+00
 Reference value :  5.59579e+00
 Reference value :  5.74083e+00
 Reference value :  5.82189e+00
 Reference value :  5.87576e+00
 Reference value :  5.99334e+00
 Reference value :  6.13524e+00
 Reference value :  6.27963e+00
 Reference value :  6.42411e+00
 Reference value :  6.56956e+00
 Reference value :  6.71367e+00
 Reference value :  6.85809e+00
 Reference value :  7.00189e+00
 Reference value :  7.14762e+00
 Reference value :  7.29300e+00
 Reference value :  7.43904e+00
 Reference value :  7.58478e+00
 Reference value :  7.72876e+00
 Reference value :  7.87760e+00
 Reference value :  8.02780e+00
 Reference value :  8.17957e+00
 Reference value :  8.33061e+00
 Reference value :  8.47888e+00
 Reference value :  8.62545e+00
 Reference value :  8.77203e+00
 Reference value :  8.91954e+00
 Reference value :  9.06448e+00
 Reference value :  9.21425e+00
 Reference value :  9.36317e+00
 Reference value :  9.51136e+00
 Reference value :  9.65810e+00
 Reference value :  9.80762e+00
 Reference value :  9.95677e+00
 Reference value :  1.01046e+01
stdout No. of Data Rows : 2046388
stdout sim_end = 1.023000000000e+01
stdout vds_peak            =  8.72222e+01 at=  1.61400e+00
stdout vgs_peak            =  4.99204e+00 at=  2.00004e-01
stdout p_avg               =  4.05256e-02 from=  2.00000e-01 to=  1.02000e+01
stdout id_avg              =  6.47072e-03 from=  2.00000e-01 to=  1.02000e+01
stdout id_terminal_avg     =  6.72482e-03 from=  2.00000e-01 to=  1.02000e+01
stdout i_peak              =  8.83937e+00 at=  8.94146e+00
stdout coil_peak           =  8.82184e+00 at=  8.96433e+00
stdout tj_repeating = 5.251258968000e+01
