stdout Note: No compatibility mode selected!
stdout Circuit: rom raw-write replay channel 11; bus.csv
stdout Doing analysis at TEMP = 27.000000 and TNOM = 27.000000
stdout Using KLU as Direct Linear Solver
stdout Initial Transient Solution
stdout --------------------------
stdout Node                                   Voltage
stdout ----                                   -------
stdout rail                                        86
stdout cmd                                          0
stdout gateinput                                    0
stdout gate                                         0
stdout drain                                       86
stdout drainq                                      86
stdout coil                                        86
stdout diode                                       86
stdout lcoil#branch                      -1.17175e-09
stdout vdiode#branch                     -1.18752e-13
stdout vsense#branch                      1.17187e-09
stdout vcmd#branch                                  0
stdout vrail#branch                      -1.17176e-09
 Reference value :  0.00000e+00
 Reference value :  1.40753e-01
 Reference value :  2.78724e-01
 Reference value :  4.08732e-01
 Reference value :  5.53162e-01
 Reference value :  7.00547e-01
 Reference value :  8.44392e-01
 Reference value :  9.97602e-01
 Reference value :  1.15177e+00
 Reference value :  1.30070e+00
 Reference value :  1.45197e+00
 Reference value :  1.60348e+00
 Reference value :  1.74602e+00
 Reference value :  1.88860e+00
 Reference value :  2.03206e+00
 Reference value :  2.17074e+00
 Reference value :  2.31528e+00
 Reference value :  2.46608e+00
 Reference value :  2.61996e+00
 Reference value :  2.77279e+00
 Reference value :  2.92360e+00
 Reference value :  3.07498e+00
 Reference value :  3.22271e+00
 Reference value :  3.36854e+00
 Reference value :  3.51603e+00
 Reference value :  3.66432e+00
 Reference value :  3.81384e+00
 Reference value :  3.96099e+00
 Reference value :  4.10832e+00
 Reference value :  4.25823e+00
 Reference value :  4.40820e+00
 Reference value :  4.55851e+00
 Reference value :  4.70284e+00
 Reference value :  4.84916e+00
 Reference value :  4.99597e+00
 Reference value :  5.13885e+00
 Reference value :  5.28084e+00
 Reference value :  5.43313e+00
 Reference value :  5.58639e+00
 Reference value :  5.73794e+00
 Reference value :  5.88597e+00
 Reference value :  6.03548e+00
 Reference value :  6.18649e+00
 Reference value :  6.33717e+00
 Reference value :  6.48369e+00
 Reference value :  6.63459e+00
 Reference value :  6.78756e+00
 Reference value :  6.93978e+00
 Reference value :  7.08974e+00
 Reference value :  7.23916e+00
 Reference value :  7.39330e+00
 Reference value :  7.54560e+00
 Reference value :  7.69298e+00
 Reference value :  7.84529e+00
 Reference value :  7.99574e+00
 Reference value :  8.14526e+00
 Reference value :  8.29157e+00
 Reference value :  8.44468e+00
 Reference value :  8.59646e+00
 Reference value :  8.74869e+00
 Reference value :  8.89711e+00
 Reference value :  9.04822e+00
 Reference value :  9.20014e+00
 Reference value :  9.34671e+00
 Reference value :  9.49361e+00
 Reference value :  9.64040e+00
 Reference value :  9.79227e+00
 Reference value :  9.94343e+00
 Reference value :  1.00925e+01
stdout No. of Data Rows : 2046152
stdout sim_end = 1.023000000000e+01
stdout vds_peak            =  8.71414e+01 at=  2.64700e-01
stdout vgs_peak            =  4.99192e+00 at=  2.00004e-01
stdout p_avg               =  1.52279e-02 from=  2.00000e-01 to=  1.02000e+01
stdout id_avg              =  2.87723e-03 from=  2.00000e-01 to=  1.02000e+01
stdout id_terminal_avg     =  4.67164e-03 from=  2.00000e-01 to=  1.02000e+01
stdout i_peak              =  6.59323e+00 at=  6.40333e+00
stdout coil_peak           =  6.57570e+00 at=  6.43120e+00
stdout tj_repeating = 5.094412856000e+01
