stdout Note: No compatibility mode selected!
stdout Circuit: jlc-100 u20 loss_restart; engineering averaged controller, not ti vendor model
stdout Doing analysis at TEMP = 27.000000 and TNOM = 27.000000
stdout Using KLU as Direct Linear Solver
stdout Operating point simulation skipped by 'uic',
stdout now using transient initial conditions.
 Reference value :  4.62459e-03
 Reference value :  2.48883e-02
 Reference value :  4.55601e-02
 Reference value :  6.60901e-02
 Reference value :  8.67450e-02
 Reference value :  1.07352e-01
stdout No. of Data Rows : 60297
stdout sim_end = 1.200000000000e-01
stdout output_peak         =  5.23629e+00 at=  9.94036e-02
stdout output_floor        =  0.00000e+00 at=  4.00000e-08
stdout settled_min         =  5.04224e+00 at=  1.20000e-01
stdout settled_max         =  5.07713e+00 at=  1.05002e-01
stdout step_min            =  9.39832e-30 at=  6.49981e-02
stdout step_max            =  5.06255e+00 at=  2.40003e-02
stdout input_min           =  8.18349e+00 at=  1.19046e-01
stdout inductor_average_peak=  3.29670e+00 at=  6.30834e-03
stdout inductor_average_min=  -1.13728e-18 at=  2.70737e-03
stdout shunt_current_peak  =  3.28976e+00 at=  9.93976e-02
stdout shunt_current_min   =  -1.83703e-18 at=  8.53378e-02
stdout secondary_rms       =  3.35727e+00 from=  1.00000e-01 to=  1.20000e-01
