stdout Note: No compatibility mode selected!
stdout Circuit: jlc-100 u20 loss_restart; engineering averaged controller, not ti vendor model
stdout Doing analysis at TEMP = 27.000000 and TNOM = 27.000000
stdout Using KLU as Direct Linear Solver
stdout Operating point simulation skipped by 'uic',
stdout now using transient initial conditions.
 Reference value :  3.78185e-03
 Reference value :  2.39405e-02
 Reference value :  4.41054e-02
 Reference value :  6.49441e-02
 Reference value :  8.50001e-02
 Reference value :  1.05046e-01
stdout No. of Data Rows : 60380
stdout sim_end = 1.200000000000e-01
stdout output_peak         =  5.23564e+00 at=  9.90640e-02
stdout output_floor        =  0.00000e+00 at=  4.00000e-08
stdout settled_min         =  5.04157e+00 at=  1.20000e-01
stdout settled_max         =  5.07302e+00 at=  1.05002e-01
stdout step_min            =  2.65896e-26 at=  6.49981e-02
stdout step_max            =  5.06166e+00 at=  2.40005e-02
stdout input_min           =  1.08646e+01 at=  1.13118e-01
stdout inductor_average_peak=  3.29670e+00 at=  8.52640e-02
stdout inductor_average_min=  -1.23122e-18 at=  2.56150e-03
stdout shunt_current_peak  =  3.28976e+00 at=  1.66205e-02
stdout shunt_current_min   =  -1.85930e-18 at=  8.49983e-02
stdout secondary_rms       =  3.01304e+00 from=  1.00000e-01 to=  1.20000e-01
