stdout Note: No compatibility mode selected!
stdout Circuit: jlc-100 u20 load_step; engineering averaged controller, not ti vendor model
stdout Doing analysis at TEMP = 27.000000 and TNOM = 27.000000
stdout Using KLU as Direct Linear Solver
stdout Operating point simulation skipped by 'uic',
stdout now using transient initial conditions.
 Reference value :  4.71763e-03
 Reference value :  2.32936e-02
 Reference value :  4.20911e-02
 Reference value :  6.08244e-02
 Reference value :  7.96184e-02
 Reference value :  9.87384e-02
 Reference value :  1.17172e-01
stdout No. of Data Rows : 60056
stdout sim_end = 1.200000000000e-01
stdout output_peak         =  5.20552e+00 at=  5.50044e-02
stdout output_floor        =  0.00000e+00 at=  4.00000e-08
stdout settled_min         =  5.04095e+00 at=  1.20000e-01
stdout settled_max         =  5.04095e+00 at=  1.05000e-01
stdout step_min            =  4.87288e+00 at=  2.50036e-02
stdout step_max            =  5.20552e+00 at=  5.50044e-02
stdout input_min           =  1.05633e+01 at=  1.14186e-01
stdout inductor_average_peak=  3.02316e+00 at=  2.54591e-02
stdout inductor_average_min=  -3.08791e-319 at=  1.94792e-03
stdout shunt_current_peak  =  3.01990e+00 at=  2.54591e-02
stdout shunt_current_min   =  0.00000e+00 at=  4.00000e-08
stdout secondary_rms       =  9.59914e-02 from=  1.00000e-01 to=  1.20000e-01
