stdout Note: No compatibility mode selected!
stdout Circuit: jlc-100 u20 load_step; engineering averaged controller, not ti vendor model
stdout Doing analysis at TEMP = 27.000000 and TNOM = 27.000000
stdout Using KLU as Direct Linear Solver
stdout Operating point simulation skipped by 'uic',
stdout now using transient initial conditions.
 Reference value :  9.16277e-03
 Reference value :  2.84211e-02
 Reference value :  4.73551e-02
 Reference value :  6.72243e-02
 Reference value :  8.73643e-02
 Reference value :  1.07384e-01
stdout No. of Data Rows : 60147
stdout sim_end = 1.200000000000e-01
stdout output_peak         =  5.20514e+00 at=  5.50043e-02
stdout output_floor        =  0.00000e+00 at=  4.00000e-08
stdout settled_min         =  5.04058e+00 at=  1.20000e-01
stdout settled_max         =  5.04058e+00 at=  1.05000e-01
stdout step_min            =  4.87245e+00 at=  2.50036e-02
stdout step_max            =  5.20514e+00 at=  5.50043e-02
stdout input_min           =  1.05596e+01 at=  1.11810e-01
stdout inductor_average_peak=  3.02316e+00 at=  2.54591e-02
stdout inductor_average_min=  -1.13728e-18 at=  2.70737e-03
stdout shunt_current_peak  =  3.01990e+00 at=  2.54591e-02
stdout shunt_current_min   =  -8.98964e-20 at=  2.70611e-03
stdout secondary_rms       =  9.11457e-02 from=  1.00000e-01 to=  1.20000e-01
