stdout Note: No compatibility mode selected!
stdout Circuit: jlc-100 u20 prebiased; engineering averaged controller, not ti vendor model
stdout Doing analysis at TEMP = 27.000000 and TNOM = 27.000000
stdout Using KLU as Direct Linear Solver
stdout Operating point simulation skipped by 'uic',
stdout now using transient initial conditions.
 Reference value :  9.96392e-03
 Reference value :  3.02752e-02
 Reference value :  5.13232e-02
 Reference value :  7.22092e-02
 Reference value :  9.27232e-02
 Reference value :  1.14027e-01
stdout No. of Data Rows : 60181
stdout sim_end = 1.200000000000e-01
stdout output_peak         =  5.04521e+00 at=  3.11732e-02
stdout output_floor        =  4.22271e+00 at=  3.02579e-02
stdout settled_min         =  5.04059e+00 at=  1.20000e-01
stdout settled_max         =  5.04059e+00 at=  1.05015e-01
stdout step_min            =  4.22271e+00 at=  3.02579e-02
stdout step_max            =  5.04521e+00 at=  3.11732e-02
stdout input_min           =  1.31271e+01 at=  1.11889e-01
stdout inductor_average_peak=  1.15197e+00 at=  3.08012e-02
stdout inductor_average_min=  -3.08791e-319 at=  1.94792e-03
stdout shunt_current_peak  =  1.13673e+00 at=  3.08032e-02
stdout shunt_current_min   =  2.28415e-04 at=  5.92000e-06
stdout secondary_rms       =  6.69511e-02 from=  1.00000e-01 to=  1.20000e-01
