stdout Note: No compatibility mode selected!
stdout Circuit: jlc-100 u20 prebiased; engineering averaged controller, not ti vendor model
stdout Doing analysis at TEMP = 27.000000 and TNOM = 27.000000
stdout Using KLU as Direct Linear Solver
stdout Operating point simulation skipped by 'uic',
stdout now using transient initial conditions.
 Reference value :  1.09819e-02
 Reference value :  3.08541e-02
 Reference value :  5.04468e-02
 Reference value :  7.07308e-02
 Reference value :  9.05628e-02
 Reference value :  1.10295e-01
stdout No. of Data Rows : 60152
stdout sim_end = 1.200000000000e-01
stdout output_peak         =  5.04526e+00 at=  3.16388e-02
stdout output_floor        =  4.21096e+00 at=  3.07172e-02
stdout settled_min         =  5.04057e+00 at=  1.19997e-01
stdout settled_max         =  5.04057e+00 at=  1.05001e-01
stdout step_min            =  4.21096e+00 at=  3.07172e-02
stdout step_max            =  5.04526e+00 at=  3.16388e-02
stdout input_min           =  1.05959e+01 at=  1.11847e-01
stdout inductor_average_peak=  1.15197e+00 at=  3.12601e-02
stdout inductor_average_min=  -3.08791e-319 at=  1.94792e-03
stdout shunt_current_peak  =  1.13673e+00 at=  3.12621e-02
stdout shunt_current_min   =  2.28415e-04 at=  5.92000e-06
stdout secondary_rms       =  6.40066e-02 from=  1.00000e-01 to=  1.20000e-01
