stdout Note: No compatibility mode selected!
stdout Circuit: jlc-100 u21 prebiased; engineering averaged controller, not ti vendor model
stdout Doing analysis at TEMP = 27.000000 and TNOM = 27.000000
stdout Using KLU as Direct Linear Solver
stdout Operating point simulation skipped by 'uic',
stdout now using transient initial conditions.
 Reference value :  1.67799e-02
 Reference value :  3.64340e-02
 Reference value :  5.67480e-02
 Reference value :  7.64880e-02
 Reference value :  9.70060e-02
 Reference value :  1.16562e-01
stdout No. of Data Rows : 60061
stdout sim_end = 1.200000000000e-01
stdout output_peak         =  1.21052e+01 at=  3.15680e-02
stdout output_floor        =  1.11970e+01 at=  3.10740e-02
stdout settled_min         =  1.20983e+01 at=  1.20000e-01
stdout settled_max         =  1.20983e+01 at=  1.05000e-01
stdout step_min            =  1.11970e+01 at=  3.10740e-02
stdout step_max            =  1.21052e+01 at=  3.15680e-02
stdout input_min           =  1.44965e+01 at=  1.10528e-01
stdout inductor_average_peak=  3.29670e+00 at=  3.13400e-02
stdout inductor_average_min=  -3.08791e-319 at=  1.94792e-03
stdout shunt_current_peak  =  1.49600e+00 at=  3.11603e-02
stdout shunt_current_min   =  1.95062e-04 at=  5.92000e-06
stdout secondary_rms       =  1.03797e+01 from=  1.00000e-01 to=  1.20000e-01
