stdout Note: No compatibility mode selected!
stdout Circuit: jlc-100 u21 startup; engineering averaged controller, not ti vendor model
stdout Doing analysis at TEMP = 27.000000 and TNOM = 27.000000
stdout Using KLU as Direct Linear Solver
stdout Operating point simulation skipped by 'uic',
stdout now using transient initial conditions.
 Reference value :  1.60831e-02
 Reference value :  3.67911e-02
 Reference value :  5.75111e-02
 Reference value :  7.82491e-02
 Reference value :  9.85791e-02
 Reference value :  1.19619e-01
stdout No. of Data Rows : 60138
stdout sim_end = 1.200000000000e-01
stdout output_peak         =  1.23921e+01 at=  1.61091e-02
stdout output_floor        =  0.00000e+00 at=  4.00000e-08
stdout settled_min         =  1.20982e+01 at=  1.20000e-01
stdout settled_max         =  1.20985e+01 at=  1.05001e-01
stdout step_min            =  1.21067e+01 at=  6.49991e-02
stdout step_max            =  1.22641e+01 at=  2.40011e-02
stdout input_min           =  1.39238e+01 at=  1.12509e-01
stdout inductor_average_peak=  3.29670e+00 at=  3.33707e-03
stdout inductor_average_min=  -1.23352e-18 at=  3.10727e-03
stdout shunt_current_peak  =  1.50510e+00 at=  3.18507e-03
stdout shunt_current_min   =  -2.33954e-19 at=  3.10583e-03
stdout secondary_rms       =  1.14913e+01 from=  1.00000e-01 to=  1.20000e-01
