stdout Note: No compatibility mode selected!
stdout Circuit: jlc-100 u21 startup; engineering averaged controller, not ti vendor model
stdout Doing analysis at TEMP = 27.000000 and TNOM = 27.000000
stdout Using KLU as Direct Linear Solver
stdout Operating point simulation skipped by 'uic',
stdout now using transient initial conditions.
 Reference value :  1.60638e-02
 Reference value :  3.67338e-02
 Reference value :  5.73218e-02
 Reference value :  7.81118e-02
 Reference value :  9.83238e-02
 Reference value :  1.15302e-01
stdout No. of Data Rows : 60109
stdout sim_end = 1.200000000000e-01
stdout output_peak         =  1.23914e+01 at=  1.68038e-02
stdout output_floor        =  0.00000e+00 at=  4.00000e-08
stdout settled_min         =  1.20947e+01 at=  1.12472e-01
stdout settled_max         =  1.20988e+01 at=  1.05002e-01
stdout step_min            =  1.21053e+01 at=  6.24858e-02
stdout step_max            =  1.22729e+01 at=  2.40018e-02
stdout input_min           =  1.11196e+01 at=  1.12474e-01
stdout inductor_average_peak=  3.29670e+00 at=  4.03179e-03
stdout inductor_average_min=  -7.26865e-19 at=  3.80231e-03
stdout shunt_current_peak  =  1.50516e+00 at=  3.87979e-03
stdout shunt_current_min   =  -2.33954e-19 at=  3.80209e-03
stdout secondary_rms       =  9.64622e+00 from=  1.00000e-01 to=  1.20000e-01
