stdout Note: No compatibility mode selected!
stdout Circuit: u21 source headroom; hypothetical reservoir sensitivity isolated_c30000_f60_line0.9_lamp2.5
stdout Doing analysis at TEMP = 27.000000 and TNOM = 27.000000
stdout Using SPARSE 1.3 as Direct Linear Solver
stdout Initial Transient Solution
stdout --------------------------
stdout Node                                   Voltage
stdout ----                                   -------
stdout secp                              -4.53225e-19
stdout secn                              -4.53225e-19
stdout acp                               -4.53225e-19
stdout acn                               -4.53225e-19
stdout vinf                               2.16564e-25
stdout stored                             2.16564e-25
stdout dedicated                         -4.50031e-11
stdout isolated_stored                   -4.50031e-11
stdout vsecondary#branch                  3.08149e-33
 Reference value :  0.00000e+00
 Reference value :  2.67361e-01
stdout No. of Data Rows : 50038
stdout sim_end = 5.000000e-01
stdout raw_min             =  1.11995e+01 at=  4.93741e-01
stdout raw_max             =  1.34869e+01 at=  4.38171e-01
stdout raw_mean            =  1.24005e+01 from=  4.00000e-01 to=  5.00000e-01
stdout buck_input_min      =  1.25018e+01 at=  4.53401e-01
stdout buck_input_max      =  1.30215e+01 at=  4.54981e-01
stdout secondary_rms       =  9.48466e+00 from=  4.00000e-01 to=  5.00000e-01
stdout capacitor_rms       =  6.41215e+00 from=  4.00000e-01 to=  5.00000e-01
stdout diode_peak          =  1.96144e+01 at=  4.20571e-01
stdout inrush_peak         =  5.90374e+01 at=  3.17085e-03
