stdout Note: No compatibility mode selected!
stdout Circuit: u21 source headroom; hypothetical reservoir sensitivity isolated_c40000_f60_line1_lamp5
stdout Doing analysis at TEMP = 27.000000 and TNOM = 27.000000
stdout Using SPARSE 1.3 as Direct Linear Solver
stdout Initial Transient Solution
stdout --------------------------
stdout Node                                   Voltage
stdout ----                                   -------
stdout secp                               5.90026e-19
stdout secn                               5.90026e-19
stdout acp                                5.90026e-19
stdout acn                                5.90026e-19
stdout vinf                               5.51782e-25
stdout stored                             5.51782e-25
stdout dedicated                         -4.50031e-11
stdout isolated_stored                   -4.50031e-11
stdout vsecondary#branch                            0
 Reference value :  5.22805e-02
 Reference value :  3.29800e-01
stdout No. of Data Rows : 50040
stdout sim_end = 5.000000e-01
stdout raw_min             =  1.44937e+01 at=  4.02490e-01
stdout raw_max             =  1.58065e+01 at=  4.88000e-01
stdout raw_mean            =  1.51435e+01 from=  4.00000e-01 to=  5.00000e-01
stdout buck_input_min      =  1.49751e+01 at=  4.03290e-01
stdout buck_input_max      =  1.53461e+01 at=  4.79790e-01
stdout secondary_rms       =  6.74392e+00 from=  4.00000e-01 to=  5.00000e-01
stdout capacitor_rms       =  4.56130e+00 from=  4.00000e-01 to=  5.00000e-01
stdout diode_peak          =  1.55670e+01 at=  4.20680e-01
stdout inrush_peak         =  7.21114e+01 at=  3.33049e-03
