stdout Note: No compatibility mode selected!
stdout Circuit: u21 source headroom; hypothetical reservoir sensitivity isolated_c20000_f60_line1.1_lamp2.5
stdout Doing analysis at TEMP = 27.000000 and TNOM = 27.000000
stdout Using SPARSE 1.3 as Direct Linear Solver
stdout Initial Transient Solution
stdout --------------------------
stdout Node                                   Voltage
stdout ----                                   -------
stdout secp                              -4.53225e-19
stdout secn                              -4.53225e-19
stdout acp                               -4.53225e-19
stdout acn                               -4.53225e-19
stdout vinf                               2.16564e-25
stdout stored                             2.16564e-25
stdout dedicated                         -4.50031e-11
stdout isolated_stored                   -4.50031e-11
stdout vsecondary#branch                  3.08149e-33
 Reference value :  2.51129e-01
stdout No. of Data Rows : 50044
stdout sim_end = 5.000000e-01
stdout raw_min             =  1.31821e+01 at=  4.18629e-01
stdout raw_max             =  1.71098e+01 at=  4.13179e-01
stdout raw_mean            =  1.52583e+01 from=  4.00000e-01 to=  5.00000e-01
stdout buck_input_min      =  1.60591e+01 at=  4.11999e-01
stdout buck_input_max      =  1.66574e+01 at=  4.21639e-01
stdout secondary_rms       =  1.10206e+01 from=  4.00000e-01 to=  5.00000e-01
stdout capacitor_rms       =  7.89977e+00 from=  4.00000e-01 to=  5.00000e-01
stdout diode_peak          =  2.21709e+01 at=  4.70169e-01
stdout inrush_peak         =  6.18773e+01 at=  2.88933e-03
