stdout Note: No compatibility mode selected!
stdout Circuit: u21 source headroom; hypothetical reservoir sensitivity isolated_c40000_f60_line1.1_lamp2.5
stdout Doing analysis at TEMP = 27.000000 and TNOM = 27.000000
stdout Using SPARSE 1.3 as Direct Linear Solver
stdout Initial Transient Solution
stdout --------------------------
stdout Node                                   Voltage
stdout ----                                   -------
stdout secp                              -4.53225e-19
stdout secn                              -4.53225e-19
stdout acp                               -4.53225e-19
stdout acn                               -4.53225e-19
stdout vinf                               2.16564e-25
stdout stored                             2.16564e-25
stdout dedicated                         -4.50031e-11
stdout isolated_stored                   -4.50031e-11
stdout vsecondary#branch                  3.08149e-33
 Reference value :  1.02446e-01
 Reference value :  3.84716e-01
stdout No. of Data Rows : 50043
stdout sim_end = 5.000000e-01
stdout raw_min             =  1.42923e+01 at=  4.10486e-01
stdout raw_max             =  1.66345e+01 at=  4.96436e-01
stdout raw_mean            =  1.54933e+01 from=  4.00000e-01 to=  5.00000e-01
stdout buck_input_min      =  1.57961e+01 at=  4.20206e-01
stdout buck_input_max      =  1.61688e+01 at=  4.88216e-01
stdout secondary_rms       =  1.13781e+01 from=  4.00000e-01 to=  5.00000e-01
stdout capacitor_rms       =  8.10151e+00 from=  4.00000e-01 to=  5.00000e-01
stdout diode_peak          =  2.37358e+01 at=  4.37296e-01
stdout inrush_peak         =  8.03087e+01 at=  3.33639e-03
