stdout Note: No compatibility mode selected!
stdout Circuit: u21 source headroom; hypothetical reservoir sensitivity isolated_c20000_f50_line1.1_lamp2.5
stdout Doing analysis at TEMP = 27.000000 and TNOM = 27.000000
stdout Using SPARSE 1.3 as Direct Linear Solver
stdout Initial Transient Solution
stdout --------------------------
stdout Node                                   Voltage
stdout ----                                   -------
stdout secp                              -4.53225e-19
stdout secn                              -4.53225e-19
stdout acp                               -4.53225e-19
stdout acn                               -4.53225e-19
stdout vinf                               2.16564e-25
stdout stored                             2.16564e-25
stdout dedicated                         -4.50031e-11
stdout isolated_stored                   -4.50031e-11
stdout vsecondary#branch                  3.08149e-33
 Reference value :  9.37177e-02
 Reference value :  3.63148e-01
stdout No. of Data Rows : 50040
stdout sim_end = 5.000000e-01
stdout raw_min             =  1.27335e+01 at=  4.02268e-01
stdout raw_max             =  1.72724e+01 at=  4.95798e-01
stdout raw_mean            =  1.51401e+01 from=  4.00000e-01 to=  5.00000e-01
stdout buck_input_min      =  1.61380e+01 at=  4.94378e-01
stdout buck_input_max      =  1.68273e+01 at=  4.05958e-01
stdout secondary_rms       =  1.08584e+01 from=  4.00000e-01 to=  5.00000e-01
stdout capacitor_rms       =  7.76768e+00 from=  4.00000e-01 to=  5.00000e-01
stdout diode_peak          =  2.17291e+01 at=  4.84058e-01
stdout inrush_peak         =  5.67770e+01 at=  3.30773e-03
