stdout Note: No compatibility mode selected!
stdout Circuit: u21 source headroom; hypothetical reservoir sensitivity isolated_c20000_f60_line1_lamp5
stdout Doing analysis at TEMP = 27.000000 and TNOM = 27.000000
stdout Using SPARSE 1.3 as Direct Linear Solver
stdout Initial Transient Solution
stdout --------------------------
stdout Node                                   Voltage
stdout ----                                   -------
stdout secp                               5.90026e-19
stdout secn                               5.90026e-19
stdout acp                                5.90026e-19
stdout acn                                5.90026e-19
stdout vinf                               5.51782e-25
stdout stored                             5.51782e-25
stdout dedicated                         -4.50031e-11
stdout isolated_stored                   -4.50031e-11
stdout vsecondary#branch                            0
 Reference value :  2.35840e-01
 Reference value :  4.96980e-01
stdout No. of Data Rows : 50041
stdout sim_end = 5.000000e-01
stdout raw_min             =  1.38653e+01 at=  4.10690e-01
stdout raw_max             =  1.60654e+01 at=  4.54780e-01
stdout raw_mean            =  1.50144e+01 from=  4.00000e-01 to=  5.00000e-01
stdout buck_input_min      =  1.50082e+01 at=  4.03440e-01
stdout buck_input_max      =  1.56194e+01 at=  4.88250e-01
stdout secondary_rms       =  6.58871e+00 from=  4.00000e-01 to=  5.00000e-01
stdout capacitor_rms       =  4.52785e+00 from=  4.00000e-01 to=  5.00000e-01
stdout diode_peak          =  1.48396e+01 at=  4.53880e-01
stdout inrush_peak         =  5.52633e+01 at=  2.86007e-03
