stdout Note: No compatibility mode selected!
stdout Circuit: u21 source headroom; hypothetical reservoir sensitivity isolated_c30000_f50_line1_lamp5
stdout Doing analysis at TEMP = 27.000000 and TNOM = 27.000000
stdout Using SPARSE 1.3 as Direct Linear Solver
stdout Initial Transient Solution
stdout --------------------------
stdout Node                                   Voltage
stdout ----                                   -------
stdout secp                               5.90026e-19
stdout secn                               5.90026e-19
stdout acp                                5.90026e-19
stdout acn                                5.90026e-19
stdout vinf                               5.51782e-25
stdout stored                             5.51782e-25
stdout dedicated                         -4.50031e-11
stdout isolated_stored                   -4.50031e-11
stdout vsecondary#branch                            0
 Reference value :  1.50420e-01
 Reference value :  4.24460e-01
stdout No. of Data Rows : 50036
stdout sim_end = 5.000000e-01
stdout raw_min             =  1.41213e+01 at=  4.92890e-01
stdout raw_max             =  1.59623e+01 at=  4.85710e-01
stdout raw_mean            =  1.50727e+01 from=  4.00000e-01 to=  5.00000e-01
stdout buck_input_min      =  1.49967e+01 at=  4.44090e-01
stdout buck_input_max      =  1.55098e+01 at=  4.95870e-01
stdout secondary_rms       =  6.65371e+00 from=  4.00000e-01 to=  5.00000e-01
stdout capacitor_rms       =  4.55354e+00 from=  4.00000e-01 to=  5.00000e-01
stdout diode_peak          =  1.51541e+01 at=  4.44720e-01
stdout inrush_peak         =  6.09154e+01 at=  3.63015e-03
