stdout Note: No compatibility mode selected!
stdout Circuit: u21 source headroom; hypothetical reservoir sensitivity isolated_c40000_f50_line0.9_lamp5
stdout Doing analysis at TEMP = 27.000000 and TNOM = 27.000000
stdout Using SPARSE 1.3 as Direct Linear Solver
stdout Initial Transient Solution
stdout --------------------------
stdout Node                                   Voltage
stdout ----                                   -------
stdout secp                               5.90026e-19
stdout secn                               5.90026e-19
stdout acp                                5.90026e-19
stdout acn                                5.90026e-19
stdout vinf                               5.51782e-25
stdout stored                             5.51782e-25
stdout dedicated                         -4.50031e-11
stdout isolated_stored                   -4.50031e-11
stdout vsecondary#branch                            0
 Reference value :  2.42349e-01
stdout No. of Data Rows : 50034
stdout sim_end = 5.000000e-01
stdout raw_min             =  1.28071e+01 at=  4.02939e-01
stdout raw_max             =  1.41250e+01 at=  4.95659e-01
stdout raw_mean            =  1.34737e+01 from=  4.00000e-01 to=  5.00000e-01
stdout buck_input_min      =  1.32160e+01 at=  4.03859e-01
stdout buck_input_max      =  1.36653e+01 at=  4.95829e-01
stdout secondary_rms       =  6.24106e+00 from=  4.00000e-01 to=  5.00000e-01
stdout capacitor_rms       =  4.02895e+00 from=  4.00000e-01 to=  5.00000e-01
stdout diode_peak          =  1.43141e+01 at=  4.04779e-01
stdout inrush_peak         =  6.07479e+01 at=  3.86899e-03
