stdout Note: No compatibility mode selected!
stdout Circuit: u21 source headroom; hypothetical reservoir sensitivity isolated_c20000_f60_line1_lamp2.5
stdout Doing analysis at TEMP = 27.000000 and TNOM = 27.000000
stdout Using SPARSE 1.3 as Direct Linear Solver
stdout Initial Transient Solution
stdout --------------------------
stdout Node                                   Voltage
stdout ----                                   -------
stdout secp                              -4.53225e-19
stdout secn                              -4.53225e-19
stdout acp                               -4.53225e-19
stdout acn                               -4.53225e-19
stdout vinf                               2.16564e-25
stdout stored                             2.16564e-25
stdout dedicated                         -4.50031e-11
stdout isolated_stored                   -4.50031e-11
stdout vsecondary#branch                  3.08149e-33
 Reference value :  2.08361e-01
 Reference value :  4.72891e-01
stdout No. of Data Rows : 50041
stdout sim_end = 5.000000e-01
stdout raw_min             =  1.18944e+01 at=  4.85291e-01
stdout raw_max             =  1.54235e+01 at=  4.96521e-01
stdout raw_mean            =  1.37648e+01 from=  4.00000e-01 to=  5.00000e-01
stdout buck_input_min      =  1.43236e+01 at=  4.11901e-01
stdout buck_input_max      =  1.49711e+01 at=  4.04991e-01
stdout secondary_rms       =  1.01323e+01 from=  4.00000e-01 to=  5.00000e-01
stdout capacitor_rms       =  7.09717e+00 from=  4.00000e-01 to=  5.00000e-01
stdout diode_peak          =  2.02601e+01 at=  4.87121e-01
stdout inrush_peak         =  5.59900e+01 at=  2.90113e-03
