stdout Note: No compatibility mode selected!
stdout Circuit: u21 source headroom; hypothetical reservoir sensitivity isolated_c40000_f60_line1_lamp2.5
stdout Doing analysis at TEMP = 27.000000 and TNOM = 27.000000
stdout Using SPARSE 1.3 as Direct Linear Solver
stdout Initial Transient Solution
stdout --------------------------
stdout Node                                   Voltage
stdout ----                                   -------
stdout secp                              -4.53225e-19
stdout secn                              -4.53225e-19
stdout acp                               -4.53225e-19
stdout acn                               -4.53225e-19
stdout vinf                               2.16564e-25
stdout stored                             2.16564e-25
stdout dedicated                         -4.50031e-11
stdout isolated_stored                   -4.50031e-11
stdout vsecondary#branch                  3.08149e-33
 Reference value :  1.16116e-02
 Reference value :  2.84532e-01
stdout No. of Data Rows : 50040
stdout sim_end = 5.000000e-01
stdout raw_min             =  1.28940e+01 at=  4.93812e-01
stdout raw_max             =  1.49980e+01 at=  4.71442e-01
stdout raw_mean            =  1.39759e+01 from=  4.00000e-01 to=  5.00000e-01
stdout buck_input_min      =  1.41324e+01 at=  4.03442e-01
stdout buck_input_max      =  1.45300e+01 at=  4.63232e-01
stdout secondary_rms       =  1.04660e+01 from=  4.00000e-01 to=  5.00000e-01
stdout capacitor_rms       =  7.27576e+00 from=  4.00000e-01 to=  5.00000e-01
stdout diode_peak          =  2.18625e+01 at=  4.20632e-01
stdout inrush_peak         =  7.26223e+01 at=  3.34160e-03
