stdout Note: No compatibility mode selected!
stdout Circuit: u21 source headroom; hypothetical reservoir sensitivity isolated_c20000_f50_line1.1_lamp5
stdout Doing analysis at TEMP = 27.000000 and TNOM = 27.000000
stdout Using SPARSE 1.3 as Direct Linear Solver
stdout Initial Transient Solution
stdout --------------------------
stdout Node                                   Voltage
stdout ----                                   -------
stdout secp                               5.90026e-19
stdout secn                               5.90026e-19
stdout acp                                5.90026e-19
stdout acn                                5.90026e-19
stdout vinf                               5.51782e-25
stdout stored                             5.51782e-25
stdout dedicated                         -4.50031e-11
stdout isolated_stored                   -4.50031e-11
stdout vsecondary#branch                            0
 Reference value :  1.23377e-01
 Reference value :  3.84387e-01
stdout No. of Data Rows : 50040
stdout sim_end = 5.000000e-01
stdout raw_min             =  1.50793e+01 at=  4.92767e-01
stdout raw_max             =  1.79257e+01 at=  4.95727e-01
stdout raw_mean            =  1.65717e+01 from=  4.00000e-01 to=  5.00000e-01
stdout buck_input_min      =  1.68305e+01 at=  4.84257e-01
stdout buck_input_max      =  1.74861e+01 at=  4.35887e-01
stdout secondary_rms       =  7.00699e+00 from=  4.00000e-01 to=  5.00000e-01
stdout capacitor_rms       =  5.01545e+00 from=  4.00000e-01 to=  5.00000e-01
stdout diode_peak          =  1.54838e+01 at=  4.84597e-01
stdout inrush_peak         =  5.59111e+01 at=  3.26658e-03
