stdout Note: No compatibility mode selected!
stdout Circuit: u21 source headroom; hypothetical reservoir sensitivity isolated_c40000_f50_line0.9_lamp2.5
stdout Doing analysis at TEMP = 27.000000 and TNOM = 27.000000
stdout Using SPARSE 1.3 as Direct Linear Solver
stdout Initial Transient Solution
stdout --------------------------
stdout Node                                   Voltage
stdout ----                                   -------
stdout secp                              -4.53225e-19
stdout secn                              -4.53225e-19
stdout acp                               -4.53225e-19
stdout acn                               -4.53225e-19
stdout vinf                               2.16564e-25
stdout stored                             2.16564e-25
stdout dedicated                         -4.50031e-11
stdout isolated_stored                   -4.50031e-11
stdout vsecondary#branch                  3.08149e-33
 Reference value :  2.07690e-01
 Reference value :  4.79090e-01
stdout No. of Data Rows : 50033
stdout sim_end = 5.000000e-01
stdout raw_min             =  1.13172e+01 at=  4.02520e-01
stdout raw_max             =  1.34349e+01 at=  4.75780e-01
stdout raw_mean            =  1.24230e+01 from=  4.00000e-01 to=  5.00000e-01
stdout buck_input_min      =  1.24846e+01 at=  4.04050e-01
stdout buck_input_max      =  1.29674e+01 at=  4.75950e-01
stdout secondary_rms       =  9.52406e+00 from=  4.00000e-01 to=  5.00000e-01
stdout capacitor_rms       =  6.42748e+00 from=  4.00000e-01 to=  5.00000e-01
stdout diode_peak          =  1.97863e+01 at=  4.04710e-01
stdout inrush_peak         =  6.12536e+01 at=  3.89024e-03
