stdout Note: No compatibility mode selected!
stdout Circuit: u21 source headroom; hypothetical reservoir sensitivity isolated_c30000_f60_line1.1_lamp2.5
stdout Doing analysis at TEMP = 27.000000 and TNOM = 27.000000
stdout Using SPARSE 1.3 as Direct Linear Solver
stdout Initial Transient Solution
stdout --------------------------
stdout Node                                   Voltage
stdout ----                                   -------
stdout secp                              -4.53225e-19
stdout secn                              -4.53225e-19
stdout acp                               -4.53225e-19
stdout acn                               -4.53225e-19
stdout vinf                               2.16564e-25
stdout stored                             2.16564e-25
stdout dedicated                         -4.50031e-11
stdout isolated_stored                   -4.50031e-11
stdout vsecondary#branch                  3.08149e-33
 Reference value :  1.30533e-01
 Reference value :  4.05213e-01
stdout No. of Data Rows : 50043
stdout sim_end = 5.000000e-01
stdout raw_min             =  1.39282e+01 at=  4.10423e-01
stdout raw_max             =  1.67992e+01 at=  4.29823e-01
stdout raw_mean            =  1.54271e+01 from=  4.00000e-01 to=  5.00000e-01
stdout buck_input_min      =  1.58893e+01 at=  4.61953e-01
stdout buck_input_max      =  1.63366e+01 at=  4.79943e-01
stdout secondary_rms       =  1.12688e+01 from=  4.00000e-01 to=  5.00000e-01
stdout capacitor_rms       =  8.06028e+00 from=  4.00000e-01 to=  5.00000e-01
stdout diode_peak          =  2.31635e+01 at=  4.70563e-01
stdout inrush_peak         =  7.29736e+01 at=  3.16347e-03
