stdout Note: No compatibility mode selected!
stdout Circuit: u21 source headroom; hypothetical reservoir sensitivity isolated_c40000_f50_line1.1_lamp5
stdout Doing analysis at TEMP = 27.000000 and TNOM = 27.000000
stdout Using SPARSE 1.3 as Direct Linear Solver
stdout Initial Transient Solution
stdout --------------------------
stdout Node                                   Voltage
stdout ----                                   -------
stdout secp                               5.90026e-19
stdout secn                               5.90026e-19
stdout acp                                5.90026e-19
stdout acn                                5.90026e-19
stdout vinf                               5.51782e-25
stdout stored                             5.51782e-25
stdout dedicated                         -4.50031e-11
stdout isolated_stored                   -4.50031e-11
stdout vsecondary#branch                            0
 Reference value :  1.40049e-01
 Reference value :  4.18799e-01
stdout No. of Data Rows : 50039
stdout sim_end = 5.000000e-01
stdout raw_min             =  1.59312e+01 at=  4.02969e-01
stdout raw_max             =  1.75853e+01 at=  4.95639e-01
stdout raw_mean            =  1.67656e+01 from=  4.00000e-01 to=  5.00000e-01
stdout buck_input_min      =  1.67382e+01 at=  4.04129e-01
stdout buck_input_max      =  1.71287e+01 at=  4.95789e-01
stdout secondary_rms       =  7.21658e+00 from=  4.00000e-01 to=  5.00000e-01
stdout capacitor_rms       =  5.09459e+00 from=  4.00000e-01 to=  5.00000e-01
stdout diode_peak          =  1.66069e+01 at=  4.04779e-01
stdout inrush_peak         =  7.51042e+01 at=  3.84940e-03
