stdout Note: No compatibility mode selected!
stdout Circuit: u21 source headroom; hypothetical reservoir sensitivity isolated_c40000_f50_line1_lamp2.5
stdout Doing analysis at TEMP = 27.000000 and TNOM = 27.000000
stdout Using SPARSE 1.3 as Direct Linear Solver
stdout Initial Transient Solution
stdout --------------------------
stdout Node                                   Voltage
stdout ----                                   -------
stdout secp                              -4.53225e-19
stdout secn                              -4.53225e-19
stdout acp                               -4.53225e-19
stdout acn                               -4.53225e-19
stdout vinf                               2.16564e-25
stdout stored                             2.16564e-25
stdout dedicated                         -4.50031e-11
stdout isolated_stored                   -4.50031e-11
stdout vsecondary#branch                  3.08149e-33
 Reference value :  3.19657e-03
 Reference value :  2.73987e-01
stdout No. of Data Rows : 50036
stdout sim_end = 5.000000e-01
stdout raw_min             =  1.26981e+01 at=  4.92527e-01
stdout raw_max             =  1.50862e+01 at=  4.55777e-01
stdout raw_mean            =  1.39415e+01 from=  4.00000e-01 to=  5.00000e-01
stdout buck_input_min      =  1.41736e+01 at=  4.04197e-01
stdout buck_input_max      =  1.46205e+01 at=  4.95927e-01
stdout secondary_rms       =  1.04055e+01 from=  4.00000e-01 to=  5.00000e-01
stdout capacitor_rms       =  7.25793e+00 from=  4.00000e-01 to=  5.00000e-01
stdout diode_peak          =  2.15720e+01 at=  4.04707e-01
stdout inrush_peak         =  6.84902e+01 at=  3.87657e-03
