stdout Note: No compatibility mode selected!
stdout Circuit: u21 source headroom; hypothetical reservoir sensitivity isolated_c30000_f60_line1.1_lamp5
stdout Doing analysis at TEMP = 27.000000 and TNOM = 27.000000
stdout Using SPARSE 1.3 as Direct Linear Solver
stdout Initial Transient Solution
stdout --------------------------
stdout Node                                   Voltage
stdout ----                                   -------
stdout secp                               5.90026e-19
stdout secn                               5.90026e-19
stdout acp                                5.90026e-19
stdout acn                                5.90026e-19
stdout vinf                               5.51782e-25
stdout stored                             5.51782e-25
stdout dedicated                         -4.50031e-11
stdout isolated_stored                   -4.50031e-11
stdout vsecondary#branch                            0
 Reference value :  1.71763e-01
 Reference value :  4.39953e-01
stdout No. of Data Rows : 50043
stdout sim_end = 5.000000e-01
stdout raw_min             =  1.58395e+01 at=  4.94123e-01
stdout raw_max             =  1.76242e+01 at=  4.63053e-01
stdout raw_mean            =  1.67484e+01 from=  4.00000e-01 to=  5.00000e-01
stdout buck_input_min      =  1.67498e+01 at=  4.03473e-01
stdout buck_input_max      =  1.71690e+01 at=  4.79843e-01
stdout secondary_rms       =  7.19509e+00 from=  4.00000e-01 to=  5.00000e-01
stdout capacitor_rms       =  5.09343e+00 from=  4.00000e-01 to=  5.00000e-01
stdout diode_peak          =  1.64968e+01 at=  4.70633e-01
stdout inrush_peak         =  7.23136e+01 at=  3.14350e-03
