stdout Note: No compatibility mode selected!
stdout Circuit: u21 source headroom; hypothetical reservoir sensitivity isolated_c20000_f50_line0.9_lamp2.5
stdout Doing analysis at TEMP = 27.000000 and TNOM = 27.000000
stdout Using SPARSE 1.3 as Direct Linear Solver
stdout Initial Transient Solution
stdout --------------------------
stdout Node                                   Voltage
stdout ----                                   -------
stdout secp                              -4.53225e-19
stdout secn                              -4.53225e-19
stdout acp                               -4.53225e-19
stdout acn                               -4.53225e-19
stdout vinf                               2.16564e-25
stdout stored                             2.16564e-25
stdout dedicated                         -4.50031e-11
stdout isolated_stored                   -4.50031e-11
stdout vsecondary#branch                  3.08149e-33
 Reference value :  2.04537e-01
 Reference value :  4.82007e-01
stdout No. of Data Rows : 50035
stdout sim_end = 5.000000e-01
stdout raw_min             =  1.02467e+01 at=  4.02257e-01
stdout raw_max             =  1.38637e+01 at=  4.05837e-01
stdout raw_mean            =  1.21750e+01 from=  4.00000e-01 to=  5.00000e-01
stdout buck_input_min      =  1.25983e+01 at=  4.04117e-01
stdout buck_input_max      =  1.34195e+01 at=  4.06007e-01
stdout secondary_rms       =  9.13900e+00 from=  4.00000e-01 to=  5.00000e-01
stdout capacitor_rms       =  6.18012e+00 from=  4.00000e-01 to=  5.00000e-01
stdout diode_peak          =  1.81233e+01 at=  4.24497e-01
stdout inrush_peak         =  4.59932e+01 at=  3.32733e-03
