stdout Note: No compatibility mode selected!
stdout Circuit: u21 source headroom; hypothetical reservoir sensitivity isolated_c20000_f60_line0.9_lamp5
stdout Doing analysis at TEMP = 27.000000 and TNOM = 27.000000
stdout Using SPARSE 1.3 as Direct Linear Solver
stdout Initial Transient Solution
stdout --------------------------
stdout Node                                   Voltage
stdout ----                                   -------
stdout secp                               5.90026e-19
stdout secn                               5.90026e-19
stdout acp                                5.90026e-19
stdout acn                                5.90026e-19
stdout vinf                               5.51782e-25
stdout stored                             5.51782e-25
stdout dedicated                         -4.50031e-11
stdout isolated_stored                   -4.50031e-11
stdout vsecondary#branch                            0
 Reference value :  1.85071e-01
 Reference value :  4.47451e-01
stdout No. of Data Rows : 50039
stdout sim_end = 5.000000e-01
stdout raw_min             =  1.23585e+01 at=  4.19011e-01
stdout raw_max             =  1.43095e+01 at=  4.96461e-01
stdout raw_mean            =  1.33786e+01 from=  4.00000e-01 to=  5.00000e-01
stdout buck_input_min      =  1.31978e+01 at=  4.86641e-01
stdout buck_input_max      =  1.38636e+01 at=  4.04941e-01
stdout secondary_rms       =  6.12761e+00 from=  4.00000e-01 to=  5.00000e-01
stdout capacitor_rms       =  3.99192e+00 from=  4.00000e-01 to=  5.00000e-01
stdout diode_peak          =  1.38427e+01 at=  4.37211e-01
stdout inrush_peak         =  4.94530e+01 at=  2.87119e-03
