stdout Note: No compatibility mode selected!
stdout Circuit: u21 source headroom; hypothetical reservoir sensitivity shared_c20000_f50_line0.9_lamp2.5
stdout Doing analysis at TEMP = 27.000000 and TNOM = 27.000000
stdout Using SPARSE 1.3 as Direct Linear Solver
stdout Initial Transient Solution
stdout --------------------------
stdout Node                                   Voltage
stdout ----                                   -------
stdout secp                                3.4451e-19
stdout secn                                3.4451e-19
stdout acp                                 3.4451e-19
stdout acn                                 3.4451e-19
stdout vinf                              -4.39781e-21
stdout stored                            -4.39781e-21
stdout vsecondary#branch                 -6.31166e-30
 Reference value :  2.06205e-01
 Reference value :  4.95995e-01
stdout No. of Data Rows : 50025
stdout sim_end = 5.000000e-01
stdout raw_min             =  1.11093e+01 at=  4.92465e-01
stdout raw_max             =  1.36108e+01 at=  4.25775e-01
stdout raw_mean            =  1.23744e+01 from=  4.00000e-01 to=  5.00000e-01
stdout buck_input_min      =  1.11093e+01 at=  4.92465e-01
stdout buck_input_max      =  1.36108e+01 at=  4.25775e-01
stdout secondary_rms       =  9.51233e+00 from=  4.00000e-01 to=  5.00000e-01
stdout capacitor_rms       =  7.43918e+00 from=  4.00000e-01 to=  5.00000e-01
stdout diode_peak          =  1.97817e+01 at=  4.24495e-01
stdout inrush_peak         =  4.42693e+01 at=  3.42457e-03
