stdout Note: No compatibility mode selected!
stdout Circuit: u21 source headroom; hypothetical reservoir sensitivity shared_c30000_f60_line1.1_lamp2.5
stdout Doing analysis at TEMP = 27.000000 and TNOM = 27.000000
stdout Using SPARSE 1.3 as Direct Linear Solver
stdout Initial Transient Solution
stdout --------------------------
stdout Node                                   Voltage
stdout ----                                   -------
stdout secp                                3.4451e-19
stdout secn                                3.4451e-19
stdout acp                                 3.4451e-19
stdout acn                                 3.4451e-19
stdout vinf                              -4.39781e-21
stdout stored                            -4.39781e-21
stdout vsecondary#branch                 -6.31166e-30
 Reference value :  1.34242e-01
 Reference value :  4.34922e-01
stdout No. of Data Rows : 50029
stdout sim_end = 5.000000e-01
stdout raw_min             =  1.45224e+01 at=  4.77192e-01
stdout raw_max             =  1.65963e+01 at=  4.88002e-01
stdout raw_mean            =  1.55068e+01 from=  4.00000e-01 to=  5.00000e-01
stdout buck_input_min      =  1.45224e+01 at=  4.77192e-01
stdout buck_input_max      =  1.65963e+01 at=  4.88002e-01
stdout secondary_rms       =  1.14224e+01 from=  4.00000e-01 to=  5.00000e-01
stdout capacitor_rms       =  8.97642e+00 from=  4.00000e-01 to=  5.00000e-01
stdout diode_peak          =  2.39558e+01 at=  4.03932e-01
stdout inrush_peak         =  6.89988e+01 at=  3.24200e-03
