stdout Note: No compatibility mode selected!
stdout Circuit: rom raw-write replay channel 3; bus.csv
stdout Doing analysis at TEMP = 27.000000 and TNOM = 27.000000
stdout Using SPARSE 1.3 as Direct Linear Solver
stdout Initial Transient Solution
stdout --------------------------
stdout Node                                   Voltage
stdout ----                                   -------
stdout rail                                        86
stdout cmd                                          0
stdout gateinput                                    0
stdout gate                                         0
stdout drain                                       86
stdout drainq                                      86
stdout coil                                        86
stdout diode                                       86
stdout lcoil#branch                      -1.17131e-09
stdout vdiode#branch                     -1.23872e-13
stdout vsense#branch                      1.17143e-09
stdout vcmd#branch                                  0
stdout vrail#branch                      -1.17131e-09
 Reference value :  0.00000e+00
 Reference value :  1.28193e-01
 Reference value :  2.29063e-01
 Reference value :  3.56583e-01
 Reference value :  4.85983e-01
 Reference value :  6.14048e-01
 Reference value :  7.42993e-01
 Reference value :  8.71673e-01
 Reference value :  1.00232e+00
 Reference value :  1.13191e+00
 Reference value :  1.26209e+00
 Reference value :  1.39184e+00
 Reference value :  1.52227e+00
 Reference value :  1.65171e+00
 Reference value :  1.78056e+00
 Reference value :  1.90629e+00
 Reference value :  2.03141e+00
 Reference value :  2.15449e+00
 Reference value :  2.28156e+00
 Reference value :  2.40733e+00
 Reference value :  2.53507e+00
 Reference value :  2.66534e+00
 Reference value :  2.79579e+00
 Reference value :  2.92593e+00
 Reference value :  3.05242e+00
 Reference value :  3.17965e+00
 Reference value :  3.30679e+00
 Reference value :  3.43134e+00
 Reference value :  3.55081e+00
 Reference value :  3.67506e+00
 Reference value :  3.80412e+00
 Reference value :  3.93396e+00
 Reference value :  4.06431e+00
 Reference value :  4.19371e+00
 Reference value :  4.32384e+00
 Reference value :  4.45421e+00
 Reference value :  4.58494e+00
 Reference value :  4.70807e+00
 Reference value :  4.83762e+00
 Reference value :  4.96799e+00
 Reference value :  5.09867e+00
 Reference value :  5.22888e+00
 Reference value :  5.35907e+00
 Reference value :  5.48974e+00
 Reference value :  5.62100e+00
 Reference value :  5.75147e+00
 Reference value :  5.88174e+00
 Reference value :  6.01241e+00
 Reference value :  6.13520e+00
 Reference value :  6.26571e+00
 Reference value :  6.39321e+00
 Reference value :  6.52033e+00
 Reference value :  6.65132e+00
 Reference value :  6.78295e+00
 Reference value :  6.91407e+00
 Reference value :  7.04465e+00
 Reference value :  7.17492e+00
 Reference value :  7.30503e+00
 Reference value :  7.43621e+00
 Reference value :  7.56720e+00
 Reference value :  7.69811e+00
 Reference value :  7.82956e+00
 Reference value :  7.96117e+00
 Reference value :  8.09215e+00
 Reference value :  8.22387e+00
 Reference value :  8.35466e+00
 Reference value :  8.48542e+00
 Reference value :  8.61731e+00
 Reference value :  8.74925e+00
 Reference value :  8.88116e+00
 Reference value :  9.01299e+00
stdout No. of Data Rows : 1825228
stderr doAnalyses: TRAN:  Timestep too small; time = 9.12481, timestep = 6.21999e-18: trouble with node "vrail#branch"
stderr run simulation(s) aborted
stdout sim_end = 9.124809455131e+00
stdout vds_peak            =  8.76797e+01 at=  9.12481e+00
stdout vgs_peak            =  4.44697e+00 at=  9.09290e+00
stdout p_avg               =  1.99124e-02 from=  2.00000e-01 to=  9.12481e+00
stdout id_avg              =  1.69228e-05 from=  2.00000e-01 to=  9.12481e+00
stdout i_peak              =  2.26750e+01 at=  9.12480e+00
stdout coil_peak           =  2.26750e+01 at=  9.12480e+00
stdout tj_repeating = 5.123456880000e+01
