stdout Note: No compatibility mode selected!
stdout Circuit: jlc-3 u20 loss_restart; engineering averaged controller, not ti vendor model
stdout Doing analysis at TEMP = 27.000000 and TNOM = 27.000000
stdout Using KLU as Direct Linear Solver
stdout Operating point simulation skipped by 'uic',
stdout now using transient initial conditions.
 Reference value :  5.25067e-03
 Reference value :  1.47817e-02
 Reference value :  2.39467e-02
 Reference value :  3.28282e-02
 Reference value :  4.20332e-02
 Reference value :  5.13571e-02
 Reference value :  6.18331e-02
 Reference value :  7.20961e-02
 Reference value :  8.25671e-02
 Reference value :  9.15745e-02
 Reference value :  1.00686e-01
 Reference value :  1.10067e-01
 Reference value :  1.19533e-01
stdout No. of Data Rows : 120305
stdout sim_end = 1.200000000000e-01
stdout output_peak         =  5.07822e+00 at=  8.98865e-02
stdout output_floor        =  0.00000e+00 at=  1.00000e-08
stdout settled_min         =  4.92639e+00 at=  1.20000e-01
stdout settled_max         =  4.92789e+00 at=  1.05001e-01
stdout step_min            =  4.48807e-26 at=  6.49991e-02
stdout step_max            =  4.92627e+00 at=  2.40007e-02
stdout input_min           =  1.08979e+01 at=  1.13127e-01
stdout inductor_average_peak=  7.99201e+00 at=  8.97525e-02
stdout inductor_average_min=  -5.71982e-19 at=  8.49999e-02
stdout shunt_current_peak  =  3.83182e+00 at=  8.98755e-02
stdout shunt_current_min   =  -5.26722e-22 at=  8.49992e-02
stdout secondary_rms       =  3.04127e+00 from=  1.00000e-01 to=  1.20000e-01
