stdout Note: No compatibility mode selected!
stdout Circuit: jlc-3 u20 load_step; engineering averaged controller, not ti vendor model
stdout Doing analysis at TEMP = 27.000000 and TNOM = 27.000000
stdout Using KLU as Direct Linear Solver
stdout Operating point simulation skipped by 'uic',
stdout now using transient initial conditions.
 Reference value :  6.96470e-03
 Reference value :  1.64257e-02
 Reference value :  2.59060e-02
 Reference value :  3.53290e-02
 Reference value :  4.47890e-02
 Reference value :  5.41600e-02
 Reference value :  6.34923e-02
 Reference value :  7.25943e-02
 Reference value :  8.20173e-02
 Reference value :  9.14593e-02
 Reference value :  1.00999e-01
 Reference value :  1.10483e-01
 Reference value :  1.19918e-01
stdout No. of Data Rows : 120059
stdout sim_end = 1.200000000000e-01
stdout output_peak         =  5.02251e+00 at=  5.50360e-02
stdout output_floor        =  0.00000e+00 at=  1.00000e-08
stdout settled_min         =  4.92530e+00 at=  1.20000e-01
stdout settled_max         =  4.92530e+00 at=  1.05000e-01
stdout step_min            =  4.82815e+00 at=  2.50350e-02
stdout step_max            =  5.02251e+00 at=  5.50360e-02
stdout input_min           =  1.30859e+01 at=  1.14222e-01
stdout inductor_average_peak=  3.06754e+00 at=  2.50980e-02
stdout inductor_average_min=  7.05807e-319 at=  2.59496e-03
stdout shunt_current_peak  =  3.06368e+00 at=  2.50980e-02
stdout shunt_current_min   =  0.00000e+00 at=  1.00000e-08
stdout secondary_rms       =  1.10795e-01 from=  1.00000e-01 to=  1.20000e-01
