stdout Note: No compatibility mode selected!
stdout Circuit: jlc-3 u20 loss_restart; engineering averaged controller, not ti vendor model
stdout Doing analysis at TEMP = 27.000000 and TNOM = 27.000000
stdout Using KLU as Direct Linear Solver
stdout Operating point simulation skipped by 'uic',
stdout now using transient initial conditions.
 Reference value :  6.16464e-03
 Reference value :  1.55236e-02
 Reference value :  2.45176e-02
 Reference value :  3.40866e-02
 Reference value :  4.37746e-02
 Reference value :  5.38143e-02
 Reference value :  6.46493e-02
 Reference value :  7.56963e-02
 Reference value :  8.59002e-02
 Reference value :  9.59422e-02
 Reference value :  1.05609e-01
 Reference value :  1.15182e-01
stdout No. of Data Rows : 120254
stdout sim_end = 1.200000000000e-01
stdout output_peak         =  5.07715e+00 at=  8.99042e-02
stdout output_floor        =  0.00000e+00 at=  1.00000e-08
stdout settled_min         =  4.92535e+00 at=  1.20000e-01
stdout settled_max         =  4.92684e+00 at=  1.05000e-01
stdout step_min            =  2.67201e-26 at=  6.49993e-02
stdout step_max            =  4.92618e+00 at=  2.40006e-02
stdout input_min           =  1.10481e+01 at=  1.10986e-01
stdout inductor_average_peak=  7.99201e+00 at=  7.08564e-03
stdout inductor_average_min=  -7.04727e-19 at=  2.33469e-03
stdout shunt_current_peak  =  3.83182e+00 at=  7.20864e-03
stdout shunt_current_min   =  -5.09164e-22 at=  8.50179e-02
stdout secondary_rms       =  2.80419e+00 from=  1.00000e-01 to=  1.20000e-01
