stdout Note: No compatibility mode selected!
stdout Circuit: jlc-3 u20 prebiased; engineering averaged controller, not ti vendor model
stdout Doing analysis at TEMP = 27.000000 and TNOM = 27.000000
stdout Using KLU as Direct Linear Solver
stdout Operating point simulation skipped by 'uic',
stdout now using transient initial conditions.
 Reference value :  1.00000e-08
 Reference value :  1.01400e-02
 Reference value :  2.06100e-02
 Reference value :  3.00744e-02
 Reference value :  3.98834e-02
 Reference value :  4.97834e-02
 Reference value :  5.91644e-02
 Reference value :  6.89934e-02
 Reference value :  7.84224e-02
 Reference value :  8.78904e-02
 Reference value :  9.73454e-02
 Reference value :  1.07321e-01
 Reference value :  1.17206e-01
stdout No. of Data Rows : 120068
stdout sim_end = 1.200000000000e-01
stdout output_peak         =  4.99979e+00 at=  1.00000e-08
stdout output_floor        =  4.26487e+00 at=  2.86376e-02
stdout settled_min         =  4.92566e+00 at=  1.05517e-01
stdout settled_max         =  4.92566e+00 at=  1.05005e-01
stdout step_min            =  4.26487e+00 at=  2.86376e-02
stdout step_max            =  4.93066e+00 at=  2.91924e-02
stdout input_min           =  1.31218e+01 at=  1.14259e-01
stdout inductor_average_peak=  1.13367e+00 at=  2.87704e-02
stdout inductor_average_min=  -9.34733e-319 at=  2.86345e-02
stdout shunt_current_peak  =  1.11867e+00 at=  2.87704e-02
stdout shunt_current_min   =  2.23076e-04 at=  2.96000e-06
stdout secondary_rms       =  8.05043e-02 from=  1.00000e-01 to=  1.20000e-01
