stdout Note: No compatibility mode selected!
stdout Circuit: jlc-3 u20 loss_restart; engineering averaged controller, not ti vendor model
stdout Doing analysis at TEMP = 27.000000 and TNOM = 27.000000
stdout Using KLU as Direct Linear Solver
stdout Operating point simulation skipped by 'uic',
stdout now using transient initial conditions.
 Reference value :  7.48165e-03
 Reference value :  1.71487e-02
 Reference value :  2.68685e-02
 Reference value :  3.66425e-02
 Reference value :  4.67968e-02
 Reference value :  5.73228e-02
 Reference value :  6.81658e-02
 Reference value :  7.74818e-02
 Reference value :  8.69437e-02
 Reference value :  9.64716e-02
 Reference value :  1.06242e-01
 Reference value :  1.16002e-01
stdout No. of Data Rows : 120334
stdout sim_end = 1.200000000000e-01
stdout output_peak         =  5.07807e+00 at=  8.98866e-02
stdout output_floor        =  0.00000e+00 at=  1.00000e-08
stdout settled_min         =  4.92625e+00 at=  1.20000e-01
stdout settled_max         =  4.92774e+00 at=  1.05001e-01
stdout step_min            =  4.21716e-28 at=  6.49998e-02
stdout step_max            =  4.92667e+00 at=  2.40007e-02
stdout input_min           =  8.04033e+00 at=  1.12795e-01
stdout inductor_average_peak=  7.99201e+00 at=  8.97526e-02
stdout inductor_average_min=  -7.68803e-19 at=  3.21273e-03
stdout shunt_current_peak  =  3.83182e+00 at=  8.98756e-02
stdout shunt_current_min   =  -5.09164e-22 at=  3.21206e-03
stdout secondary_rms       =  3.52838e+00 from=  1.00000e-01 to=  1.20000e-01
