stdout Note: No compatibility mode selected!
stdout Circuit: jlc-3 u20 prebiased; engineering averaged controller, not ti vendor model
stdout Doing analysis at TEMP = 27.000000 and TNOM = 27.000000
stdout Using KLU as Direct Linear Solver
stdout Operating point simulation skipped by 'uic',
stdout now using transient initial conditions.
 Reference value :  4.02296e-03
 Reference value :  1.47030e-02
 Reference value :  2.52624e-02
 Reference value :  3.41427e-02
 Reference value :  4.38507e-02
 Reference value :  5.35877e-02
 Reference value :  6.29607e-02
 Reference value :  7.23227e-02
 Reference value :  8.18367e-02
 Reference value :  9.16697e-02
 Reference value :  1.01340e-01
 Reference value :  1.10546e-01
stdout No. of Data Rows : 120122
stdout sim_end = 1.200000000000e-01
stdout output_peak         =  4.99979e+00 at=  1.00000e-08
stdout output_floor        =  4.25405e+00 at=  2.90600e-02
stdout settled_min         =  4.92536e+00 at=  1.06088e-01
stdout settled_max         =  4.92536e+00 at=  1.05013e-01
stdout step_min            =  4.25405e+00 at=  2.90600e-02
stdout step_max            =  4.93043e+00 at=  2.96227e-02
stdout input_min           =  1.05928e+01 at=  1.14208e-01
stdout inductor_average_peak=  1.13366e+00 at=  2.91936e-02
stdout inductor_average_min=  -9.40167e-319 at=  2.90575e-02
stdout shunt_current_peak  =  1.11867e+00 at=  2.91936e-02
stdout shunt_current_min   =  2.23076e-04 at=  2.96000e-06
stdout secondary_rms       =  7.57022e-02 from=  1.00000e-01 to=  1.20000e-01
