stdout Note: No compatibility mode selected!
stdout Circuit: jlc-3 u20 prebiased; engineering averaged controller, not ti vendor model
stdout Doing analysis at TEMP = 27.000000 and TNOM = 27.000000
stdout Using KLU as Direct Linear Solver
stdout Operating point simulation skipped by 'uic',
stdout now using transient initial conditions.
 Reference value :  7.25796e-03
 Reference value :  1.81170e-02
 Reference value :  2.79370e-02
 Reference value :  3.67827e-02
 Reference value :  4.63737e-02
 Reference value :  5.62237e-02
 Reference value :  6.56417e-02
 Reference value :  7.55567e-02
 Reference value :  8.55217e-02
 Reference value :  9.55437e-02
 Reference value :  1.05603e-01
 Reference value :  1.15514e-01
stdout No. of Data Rows : 120070
stdout sim_end = 1.200000000000e-01
stdout output_peak         =  4.99979e+00 at=  1.00000e-08
stdout output_floor        =  4.20695e+00 at=  3.09007e-02
stdout settled_min         =  4.92558e+00 at=  1.08214e-01
stdout settled_max         =  4.92558e+00 at=  1.05015e-01
stdout step_min            =  4.20695e+00 at=  3.09007e-02
stdout step_max            =  4.93096e+00 at=  3.14977e-02
stdout input_min           =  1.05934e+01 at=  1.11832e-01
stdout inductor_average_peak=  1.13366e+00 at=  3.10337e-02
stdout inductor_average_min=  -9.75656e-319 at=  3.08979e-02
stdout shunt_current_peak  =  1.11866e+00 at=  3.10337e-02
stdout shunt_current_min   =  2.23076e-04 at=  2.96000e-06
stdout secondary_rms       =  6.92556e-02 from=  1.00000e-01 to=  1.20000e-01
