stdout Note: No compatibility mode selected!
stdout Circuit: jlc-3 u20 startup; engineering averaged controller, not ti vendor model
stdout Doing analysis at TEMP = 27.000000 and TNOM = 27.000000
stdout Using KLU as Direct Linear Solver
stdout Operating point simulation skipped by 'uic',
stdout now using transient initial conditions.
 Reference value :  1.97960e-04
 Reference value :  9.64364e-03
 Reference value :  1.94166e-02
 Reference value :  2.94076e-02
 Reference value :  3.93396e-02
 Reference value :  4.91446e-02
 Reference value :  5.90576e-02
 Reference value :  6.91256e-02
 Reference value :  7.88486e-02
 Reference value :  8.84166e-02
 Reference value :  9.75596e-02
 Reference value :  1.06960e-01
 Reference value :  1.16250e-01
stdout No. of Data Rows : 120132
stdout sim_end = 1.200000000000e-01
stdout output_peak         =  5.07708e+00 at=  7.22064e-03
stdout output_floor        =  0.00000e+00 at=  1.00000e-08
stdout settled_min         =  4.92527e+00 at=  1.20000e-01
stdout settled_max         =  4.92527e+00 at=  1.20000e-01
stdout step_min            =  4.92527e+00 at=  6.49996e-02
stdout step_max            =  4.92618e+00 at=  2.40006e-02
stdout input_min           =  1.10823e+01 at=  1.19332e-01
stdout inductor_average_peak=  7.99201e+00 at=  7.08564e-03
stdout inductor_average_min=  -7.04727e-19 at=  2.33469e-03
stdout shunt_current_peak  =  3.83182e+00 at=  7.20864e-03
stdout shunt_current_min   =  -5.09164e-22 at=  2.33406e-03
stdout secondary_rms       =  2.69145e+00 from=  1.00000e-01 to=  1.20000e-01
