stdout Note: No compatibility mode selected!
stdout Circuit: jlc-3 u20 prebiased; engineering averaged controller, not ti vendor model
stdout Doing analysis at TEMP = 27.000000 and TNOM = 27.000000
stdout Using KLU as Direct Linear Solver
stdout Operating point simulation skipped by 'uic',
stdout now using transient initial conditions.
 Reference value :  4.92196e-03
 Reference value :  1.55620e-02
 Reference value :  2.63537e-02
 Reference value :  3.52055e-02
 Reference value :  4.51755e-02
 Reference value :  5.50395e-02
 Reference value :  6.50305e-02
 Reference value :  7.48155e-02
 Reference value :  8.48135e-02
 Reference value :  9.47895e-02
 Reference value :  1.04782e-01
 Reference value :  1.14603e-01
stdout No. of Data Rows : 120056
stdout sim_end = 1.200000000000e-01
stdout output_peak         =  4.99979e+00 at=  1.00000e-08
stdout output_floor        =  4.21921e+00 at=  3.04215e-02
stdout settled_min         =  4.92534e+00 at=  1.19999e-01
stdout settled_max         =  4.92534e+00 at=  1.05000e-01
stdout step_min            =  4.21921e+00 at=  3.04215e-02
stdout step_max            =  4.93064e+00 at=  3.10095e-02
stdout input_min           =  1.31223e+01 at=  1.11875e-01
stdout inductor_average_peak=  1.13366e+00 at=  3.05544e-02
stdout inductor_average_min=  -9.40128e-319 at=  3.04188e-02
stdout shunt_current_peak  =  1.11866e+00 at=  3.05544e-02
stdout shunt_current_min   =  2.23076e-04 at=  2.96000e-06
stdout secondary_rms       =  7.35962e-02 from=  1.00000e-01 to=  1.20000e-01
