stdout Note: No compatibility mode selected!
stdout Circuit: jlc-3 u20 loss_restart; engineering averaged controller, not ti vendor model
stdout Doing analysis at TEMP = 27.000000 and TNOM = 27.000000
stdout Using KLU as Direct Linear Solver
stdout Operating point simulation skipped by 'uic',
stdout now using transient initial conditions.
 Reference value :  9.10558e-03
 Reference value :  1.87556e-02
 Reference value :  2.80106e-02
 Reference value :  3.77363e-02
 Reference value :  4.74443e-02
 Reference value :  5.83823e-02
 Reference value :  6.93633e-02
 Reference value :  7.88033e-02
 Reference value :  8.82029e-02
 Reference value :  9.79842e-02
 Reference value :  1.07687e-01
 Reference value :  1.17093e-01
stdout No. of Data Rows : 120298
stdout sim_end = 1.200000000000e-01
stdout output_peak         =  5.07765e+00 at=  9.02432e-02
stdout output_floor        =  0.00000e+00 at=  1.00000e-08
stdout settled_min         =  4.92585e+00 at=  1.20000e-01
stdout settled_max         =  4.92751e+00 at=  1.05000e-01
stdout step_min            =  7.11611e-29 at=  6.49993e-02
stdout step_max            =  4.92649e+00 at=  2.40006e-02
stdout input_min           =  8.22606e+00 at=  1.10724e-01
stdout inductor_average_peak=  7.99201e+00 at=  9.01092e-02
stdout inductor_average_min=  -7.68803e-19 at=  2.82273e-03
stdout shunt_current_peak  =  3.83182e+00 at=  9.02322e-02
stdout shunt_current_min   =  -5.09164e-22 at=  8.53571e-02
stdout secondary_rms       =  3.35380e+00 from=  1.00000e-01 to=  1.20000e-01
