stdout Note: No compatibility mode selected!
stdout Circuit: jlc-3 u21 prebiased; engineering averaged controller, not ti vendor model
stdout Doing analysis at TEMP = 27.000000 and TNOM = 27.000000
stdout Using KLU as Direct Linear Solver
stdout Operating point simulation skipped by 'uic',
stdout now using transient initial conditions.
 Reference value :  1.00000e-08
 Reference value :  9.81396e-03
 Reference value :  1.98640e-02
 Reference value :  2.89179e-02
 Reference value :  3.71431e-02
 Reference value :  4.62311e-02
 Reference value :  5.55931e-02
 Reference value :  6.50431e-02
 Reference value :  7.43371e-02
 Reference value :  8.37911e-02
 Reference value :  9.28661e-02
 Reference value :  1.02420e-01
 Reference value :  1.11916e-01
stdout No. of Data Rows : 120100
stdout sim_end = 1.200000000000e-01
stdout output_peak         =  1.19997e+01 at=  1.00000e-08
stdout output_floor        =  1.11737e+01 at=  3.20042e-02
stdout settled_min         =  1.18209e+01 at=  1.18862e-01
stdout settled_max         =  1.18210e+01 at=  1.05000e-01
stdout step_min            =  1.11737e+01 at=  3.20042e-02
stdout step_max            =  1.18427e+01 at=  3.24375e-02
stdout input_min           =  1.17007e+01 at=  1.10519e-01
stdout inductor_average_peak=  5.08869e+00 at=  3.22265e-02
stdout inductor_average_min=  7.05807e-319 at=  2.59496e-03
stdout shunt_current_peak  =  1.49560e+00 at=  3.20795e-02
stdout shunt_current_min   =  2.03595e-04 at=  3.96000e-06
stdout secondary_rms       =  8.27178e+00 from=  1.00000e-01 to=  1.20000e-01
