stdout Note: No compatibility mode selected!
stdout Circuit: jlc-3 u21 load_step; engineering averaged controller, not ti vendor model
stdout Doing analysis at TEMP = 27.000000 and TNOM = 27.000000
stdout Using KLU as Direct Linear Solver
stdout Operating point simulation skipped by 'uic',
stdout now using transient initial conditions.
 Reference value :  7.84611e-03
 Reference value :  1.70378e-02
 Reference value :  2.57554e-02
 Reference value :  3.48634e-02
 Reference value :  4.32994e-02
 Reference value :  5.23004e-02
 Reference value :  6.11906e-02
 Reference value :  7.01856e-02
 Reference value :  7.91876e-02
 Reference value :  8.77656e-02
 Reference value :  9.68316e-02
 Reference value :  1.05721e-01
 Reference value :  1.14689e-01
stdout No. of Data Rows : 120125
stdout sim_end = 1.200000000000e-01
stdout output_peak         =  1.20638e+01 at=  9.81311e-03
stdout output_floor        =  0.00000e+00 at=  1.00000e-08
stdout settled_min         =  1.18213e+01 at=  1.20000e-01
stdout settled_max         =  1.18222e+01 at=  1.05001e-01
stdout step_min            =  1.18245e+01 at=  5.49994e-02
stdout step_max            =  1.18997e+01 at=  2.40008e-02
stdout input_min           =  1.42446e+01 at=  1.12577e-01
stdout inductor_average_peak=  7.99201e+00 at=  9.55911e-03
stdout inductor_average_min=  -5.59937e-19 at=  3.27230e-03
stdout shunt_current_peak  =  1.49559e+00 at=  3.34811e-03
stdout shunt_current_min   =  -9.26309e-25 at=  3.27206e-03
stdout secondary_rms       =  1.05751e+01 from=  1.00000e-01 to=  1.20000e-01
