stdout Note: No compatibility mode selected!
stdout Circuit: jlc-3 u21 startup; engineering averaged controller, not ti vendor model
stdout Doing analysis at TEMP = 27.000000 and TNOM = 27.000000
stdout Using KLU as Direct Linear Solver
stdout Operating point simulation skipped by 'uic',
stdout now using transient initial conditions.
 Reference value :  4.34481e-03
 Reference value :  1.55027e-02
 Reference value :  2.49247e-02
 Reference value :  3.42347e-02
 Reference value :  4.37657e-02
 Reference value :  5.35057e-02
 Reference value :  6.31587e-02
 Reference value :  7.27807e-02
 Reference value :  8.23367e-02
 Reference value :  9.17187e-02
 Reference value :  1.01396e-01
 Reference value :  1.10748e-01
stdout No. of Data Rows : 120096
stdout sim_end = 1.200000000000e-01
stdout output_peak         =  1.21524e+01 at=  1.68137e-02
stdout output_floor        =  0.00000e+00 at=  1.00000e-08
stdout settled_min         =  1.18211e+01 at=  1.12481e-01
stdout settled_max         =  1.18241e+01 at=  1.05001e-01
stdout step_min            =  1.18326e+01 at=  6.24997e-02
stdout step_max            =  1.20127e+01 at=  2.40007e-02
stdout input_min           =  1.11179e+01 at=  1.12471e-01
stdout inductor_average_peak=  7.99201e+00 at=  1.63757e-02
stdout inductor_average_min=  -5.59937e-19 at=  4.02130e-03
stdout shunt_current_peak  =  1.50413e+00 at=  1.67677e-02
stdout shunt_current_min   =  -2.29043e-23 at=  4.02106e-03
stdout secondary_rms       =  9.49922e+00 from=  1.00000e-01 to=  1.20000e-01
