stdout Note: No compatibility mode selected!
stdout Circuit: jlc-3 u21 loss_restart; engineering averaged controller, not ti vendor model
stdout Doing analysis at TEMP = 27.000000 and TNOM = 27.000000
stdout Using KLU as Direct Linear Solver
stdout Operating point simulation skipped by 'uic',
stdout now using transient initial conditions.
 Reference value :  3.24696e-03
 Reference value :  1.33807e-02
 Reference value :  2.27197e-02
 Reference value :  3.15067e-02
 Reference value :  4.01082e-02
 Reference value :  4.93342e-02
 Reference value :  5.93612e-02
 Reference value :  6.93652e-02
 Reference value :  7.95952e-02
 Reference value :  8.89197e-02
 Reference value :  9.79287e-02
 Reference value :  1.07465e-01
 Reference value :  1.16201e-01
stdout No. of Data Rows : 120448
stdout sim_end = 1.200000000000e-01
stdout output_peak         =  1.21751e+01 at=  1.05508e-01
stdout output_floor        =  -7.66535e-14 at=  8.66789e-02
stdout settled_min         =  1.17239e+01 at=  1.05001e-01
stdout settled_max         =  1.21751e+01 at=  1.05508e-01
stdout step_min            =  9.06146e-25 at=  6.49992e-02
stdout step_max            =  1.20127e+01 at=  2.40007e-02
stdout input_min           =  1.09848e+01 at=  1.12436e-01
stdout inductor_average_peak=  7.99201e+00 at=  1.05071e-01
stdout inductor_average_min=  -5.59937e-19 at=  4.02130e-03
stdout shunt_current_peak  =  1.50413e+00 at=  1.05463e-01
stdout shunt_current_min   =  -1.55931e-11 at=  9.27062e-02
stdout secondary_rms       =  1.02120e+01 from=  1.00000e-01 to=  1.20000e-01
