stdout Note: No compatibility mode selected!
stdout Circuit: jlc-3 u21 startup; engineering averaged controller, not ti vendor model
stdout Doing analysis at TEMP = 27.000000 and TNOM = 27.000000
stdout Using KLU as Direct Linear Solver
stdout Operating point simulation skipped by 'uic',
stdout now using transient initial conditions.
 Reference value :  9.39159e-03
 Reference value :  1.98716e-02
 Reference value :  2.97776e-02
 Reference value :  3.97136e-02
 Reference value :  4.97006e-02
 Reference value :  5.96256e-02
 Reference value :  6.92496e-02
 Reference value :  7.93346e-02
 Reference value :  8.94156e-02
 Reference value :  9.94256e-02
 Reference value :  1.09480e-01
 Reference value :  1.19472e-01
stdout No. of Data Rows : 120138
stdout sim_end = 1.200000000000e-01
stdout output_peak         =  1.21470e+01 at=  1.63876e-02
stdout output_floor        =  0.00000e+00 at=  1.00000e-08
stdout settled_min         =  1.18197e+01 at=  1.18776e-01
stdout settled_max         =  1.18220e+01 at=  1.05001e-01
stdout step_min            =  1.18310e+01 at=  6.49996e-02
stdout step_max            =  1.20049e+01 at=  2.40006e-02
stdout input_min           =  1.13149e+01 at=  1.18767e-01
stdout inductor_average_peak=  7.99201e+00 at=  1.59496e-02
stdout inductor_average_min=  -6.90608e-19 at=  3.59768e-03
stdout shunt_current_peak  =  1.50413e+00 at=  1.63366e-02
stdout shunt_current_min   =  -2.29043e-23 at=  3.59706e-03
stdout secondary_rms       =  9.20240e+00 from=  1.00000e-01 to=  1.20000e-01
