stdout Note: No compatibility mode selected!
stdout Circuit: jlc-3 u21 load_step; engineering averaged controller, not ti vendor model
stdout Doing analysis at TEMP = 27.000000 and TNOM = 27.000000
stdout Using KLU as Direct Linear Solver
stdout Operating point simulation skipped by 'uic',
stdout now using transient initial conditions.
 Reference value :  7.00154e-03
 Reference value :  1.58984e-02
 Reference value :  2.46094e-02
 Reference value :  3.39279e-02
 Reference value :  4.32549e-02
 Reference value :  5.26609e-02
 Reference value :  6.18953e-02
 Reference value :  7.12423e-02
 Reference value :  8.06933e-02
 Reference value :  9.02023e-02
 Reference value :  9.96153e-02
 Reference value :  1.09138e-01
 Reference value :  1.18646e-01
stdout No. of Data Rows : 120122
stdout sim_end = 1.200000000000e-01
stdout output_peak         =  1.20596e+01 at=  1.05721e-02
stdout output_floor        =  0.00000e+00 at=  1.00000e-08
stdout settled_min         =  1.18226e+01 at=  1.20000e-01
stdout settled_max         =  1.18235e+01 at=  1.05000e-01
stdout step_min            =  1.18247e+01 at=  5.24879e-02
stdout step_max            =  1.19054e+01 at=  2.40004e-02
stdout input_min           =  1.15246e+01 at=  1.12577e-01
stdout inductor_average_peak=  7.99201e+00 at=  1.03091e-02
stdout inductor_average_min=  -5.59937e-19 at=  4.02130e-03
stdout shunt_current_peak  =  1.49559e+00 at=  4.09654e-03
stdout shunt_current_min   =  -9.92474e-25 at=  4.02106e-03
stdout secondary_rms       =  8.57245e+00 from=  1.00000e-01 to=  1.20000e-01
