stdout Note: No compatibility mode selected!
stdout Circuit: jlc-3 u21 prebiased; engineering averaged controller, not ti vendor model
stdout Doing analysis at TEMP = 27.000000 and TNOM = 27.000000
stdout Using KLU as Direct Linear Solver
stdout Operating point simulation skipped by 'uic',
stdout now using transient initial conditions.
 Reference value :  1.45396e-03
 Reference value :  1.08720e-02
 Reference value :  2.01590e-02
 Reference value :  2.78404e-02
 Reference value :  3.62042e-02
 Reference value :  4.53402e-02
 Reference value :  5.46092e-02
 Reference value :  6.40562e-02
 Reference value :  7.36252e-02
 Reference value :  8.31392e-02
 Reference value :  9.25772e-02
 Reference value :  1.01841e-01
 Reference value :  1.11206e-01
stdout No. of Data Rows : 120171
stdout sim_end = 1.200000000000e-01
stdout output_peak         =  1.19997e+01 at=  1.00000e-08
stdout output_floor        =  1.12354e+01 at=  2.96113e-02
stdout settled_min         =  1.18215e+01 at=  1.20000e-01
stdout settled_max         =  1.18215e+01 at=  1.05000e-01
stdout step_min            =  1.12354e+01 at=  2.96113e-02
stdout step_max            =  1.18384e+01 at=  3.00248e-02
stdout input_min           =  1.42446e+01 at=  1.12577e-01
stdout inductor_average_peak=  4.72945e+00 at=  2.98148e-02
stdout inductor_average_min=  0.00000e+00 at=  3.04849e-02
stdout shunt_current_peak  =  1.49557e+00 at=  2.96928e-02
stdout shunt_current_min   =  2.03595e-04 at=  3.96000e-06
stdout secondary_rms       =  1.05751e+01 from=  1.00000e-01 to=  1.20000e-01
