stdout Note: No compatibility mode selected!
stdout Circuit: jlc-3 u21 load_step; engineering averaged controller, not ti vendor model
stdout Doing analysis at TEMP = 27.000000 and TNOM = 27.000000
stdout Using KLU as Direct Linear Solver
stdout Operating point simulation skipped by 'uic',
stdout now using transient initial conditions.
 Reference value :  7.20512e-03
 Reference value :  1.55891e-02
 Reference value :  2.37181e-02
 Reference value :  3.24793e-02
 Reference value :  4.12153e-02
 Reference value :  5.05673e-02
 Reference value :  5.93094e-02
 Reference value :  6.86974e-02
 Reference value :  7.80474e-02
 Reference value :  8.74164e-02
 Reference value :  9.66894e-02
 Reference value :  1.05471e-01
 Reference value :  1.14405e-01
stdout No. of Data Rows : 120135
stdout sim_end = 1.200000000000e-01
stdout output_peak         =  1.20646e+01 at=  9.43612e-03
stdout output_floor        =  0.00000e+00 at=  1.00000e-08
stdout settled_min         =  1.18223e+01 at=  1.20000e-01
stdout settled_max         =  1.18232e+01 at=  1.05000e-01
stdout step_min            =  1.18253e+01 at=  5.49993e-02
stdout step_max            =  1.18986e+01 at=  2.40001e-02
stdout input_min           =  1.44622e+01 at=  1.10519e-01
stdout inductor_average_peak=  7.99201e+00 at=  9.18212e-03
stdout inductor_average_min=  -5.82479e-19 at=  2.89437e-03
stdout shunt_current_peak  =  1.49563e+00 at=  2.96981e-03
stdout shunt_current_min   =  -9.92474e-25 at=  2.89406e-03
stdout secondary_rms       =  1.02080e+01 from=  1.00000e-01 to=  1.20000e-01
