stdout Note: No compatibility mode selected!
stdout Circuit: jlc-3 u21 load_step; engineering averaged controller, not ti vendor model
stdout Doing analysis at TEMP = 27.000000 and TNOM = 27.000000
stdout Using KLU as Direct Linear Solver
stdout Operating point simulation skipped by 'uic',
stdout now using transient initial conditions.
 Reference value :  3.54796e-03
 Reference value :  1.22143e-02
 Reference value :  2.08063e-02
 Reference value :  2.95989e-02
 Reference value :  3.82819e-02
 Reference value :  4.70729e-02
 Reference value :  5.56659e-02
 Reference value :  6.42889e-02
 Reference value :  7.34469e-02
 Reference value :  8.22549e-02
 Reference value :  9.14809e-02
 Reference value :  1.00683e-01
 Reference value :  1.09665e-01
 Reference value :  1.18493e-01
stdout No. of Data Rows : 120160
stdout sim_end = 1.200000000000e-01
stdout output_peak         =  1.20581e+01 at=  1.01552e-02
stdout output_floor        =  0.00000e+00 at=  1.00000e-08
stdout settled_min         =  1.18238e+01 at=  1.20000e-01
stdout settled_max         =  1.18246e+01 at=  1.05001e-01
stdout step_min            =  1.18263e+01 at=  5.21159e-02
stdout step_max            =  1.19041e+01 at=  2.40003e-02
stdout input_min           =  1.17007e+01 at=  1.10519e-01
stdout inductor_average_peak=  7.99201e+00 at=  9.88616e-03
stdout inductor_average_min=  -6.90608e-19 at=  3.59768e-03
stdout shunt_current_peak  =  1.49567e+00 at=  3.67328e-03
stdout shunt_current_min   =  -9.26309e-25 at=  3.59706e-03
stdout secondary_rms       =  8.27182e+00 from=  1.00000e-01 to=  1.20000e-01
