stdout Note: No compatibility mode selected!
stdout Circuit: jlc-3 u21 prebiased; engineering averaged controller, not ti vendor model
stdout Doing analysis at TEMP = 27.000000 and TNOM = 27.000000
stdout Using KLU as Direct Linear Solver
stdout Operating point simulation skipped by 'uic',
stdout now using transient initial conditions.
 Reference value :  1.16896e-03
 Reference value :  1.10790e-02
 Reference value :  2.09780e-02
 Reference value :  2.94673e-02
 Reference value :  3.85083e-02
 Reference value :  4.79893e-02
 Reference value :  5.60993e-02
 Reference value :  6.49613e-02
 Reference value :  7.38413e-02
 Reference value :  8.26593e-02
 Reference value :  9.15743e-02
 Reference value :  1.00435e-01
 Reference value :  1.09458e-01
 Reference value :  1.18453e-01
stdout No. of Data Rows : 120081
stdout sim_end = 1.200000000000e-01
stdout output_peak         =  1.19997e+01 at=  1.00000e-08
stdout output_floor        =  1.11917e+01 at=  3.13065e-02
stdout settled_min         =  1.18207e+01 at=  1.20000e-01
stdout settled_max         =  1.18207e+01 at=  1.05000e-01
stdout step_min            =  1.11917e+01 at=  3.13065e-02
stdout step_max            =  1.18464e+01 at=  3.17191e-02
stdout input_min           =  1.44622e+01 at=  1.10519e-01
stdout inductor_average_peak=  4.89138e+00 at=  3.15231e-02
stdout inductor_average_min=  -9.39001e-319 at=  3.13028e-02
stdout shunt_current_peak  =  1.49558e+00 at=  3.13778e-02
stdout shunt_current_min   =  2.03595e-04 at=  3.96000e-06
stdout secondary_rms       =  1.02080e+01 from=  1.00000e-01 to=  1.20000e-01
