stdout Note: No compatibility mode selected!
stdout Circuit: jlc-3 u21 startup; engineering averaged controller, not ti vendor model
stdout Doing analysis at TEMP = 27.000000 and TNOM = 27.000000
stdout Using KLU as Direct Linear Solver
stdout Operating point simulation skipped by 'uic',
stdout now using transient initial conditions.
 Reference value :  1.68960e-04
 Reference value :  1.07502e-02
 Reference value :  2.11312e-02
 Reference value :  3.08002e-02
 Reference value :  4.03292e-02
 Reference value :  5.01472e-02
 Reference value :  6.00002e-02
 Reference value :  6.99732e-02
 Reference value :  7.98812e-02
 Reference value :  8.97982e-02
 Reference value :  9.97602e-02
 Reference value :  1.09182e-01
 Reference value :  1.19161e-01
stdout No. of Data Rows : 120108
stdout sim_end = 1.200000000000e-01
stdout output_peak         =  1.21510e+01 at=  1.60632e-02
stdout output_floor        =  0.00000e+00 at=  1.00000e-08
stdout settled_min         =  1.18219e+01 at=  1.20000e-01
stdout settled_max         =  1.18222e+01 at=  1.05000e-01
stdout step_min            =  1.18310e+01 at=  6.49992e-02
stdout step_max            =  1.20006e+01 at=  2.40002e-02
stdout input_min           =  1.39174e+01 at=  1.12506e-01
stdout inductor_average_peak=  7.99201e+00 at=  1.56252e-02
stdout inductor_average_min=  -5.59937e-19 at=  3.27230e-03
stdout shunt_current_peak  =  1.50413e+00 at=  1.60172e-02
stdout shunt_current_min   =  -2.48130e-23 at=  3.27206e-03
stdout secondary_rms       =  1.13201e+01 from=  1.00000e-01 to=  1.20000e-01
