stdout Note: No compatibility mode selected!
stdout Circuit: jlc-3 u21 prebiased; engineering averaged controller, not ti vendor model
stdout Doing analysis at TEMP = 27.000000 and TNOM = 27.000000
stdout Using KLU as Direct Linear Solver
stdout Operating point simulation skipped by 'uic',
stdout now using transient initial conditions.
 Reference value :  4.72196e-03
 Reference value :  1.45570e-02
 Reference value :  2.44170e-02
 Reference value :  3.24674e-02
 Reference value :  4.02238e-02
 Reference value :  4.92788e-02
 Reference value :  5.83358e-02
 Reference value :  6.75048e-02
 Reference value :  7.67828e-02
 Reference value :  8.58628e-02
 Reference value :  9.48598e-02
 Reference value :  1.03677e-01
 Reference value :  1.12727e-01
stdout No. of Data Rows : 120157
stdout sim_end = 1.200000000000e-01
stdout output_peak         =  1.19997e+01 at=  1.00000e-08
stdout output_floor        =  1.10626e+01 at=  3.63180e-02
stdout settled_min         =  1.18213e+01 at=  1.12588e-01
stdout settled_max         =  1.18214e+01 at=  1.05001e-01
stdout step_min            =  1.10626e+01 at=  3.63180e-02
stdout step_max            =  1.18494e+01 at=  3.68008e-02
stdout input_min           =  1.15246e+01 at=  1.12577e-01
stdout inductor_average_peak=  5.88693e+00 at=  3.65748e-02
stdout inductor_average_min=  -9.40004e-319 at=  3.63146e-02
stdout shunt_current_peak  =  1.49562e+00 at=  3.63895e-02
stdout shunt_current_min   =  2.03595e-04 at=  3.96000e-06
stdout secondary_rms       =  8.57243e+00 from=  1.00000e-01 to=  1.20000e-01
