stdout Note: No compatibility mode selected!
stdout Circuit: g.i. string cold start through f106 and the triac: 18 x #44 lamps (6.3 v / 0.25 a: 2.5 r cold -> 25 r hot, thermal tau ~60 ms) on the 6.8 vac winding at the sttng-measured 7.87 vac unloaded (11.1 v peak, 0.05 r per leg), f106 = littelfuse 239 5 a s.b. 5x20 mm (nominal melting i2t 302.8 a2s), bta16-600c (vt0 0.85 v / rd 25 mohm, itsm 160 a, i2t 128 a2s) in the return leg (mt1 to gnd_ref), gate held from the voltage peak at 4.17 ms (worst-case first firing, level 0 = full on). measures the inrush peak, the i2t through fuse and triac, the steady rms string current against the 5 a fuse and the triac dissipation.
stdout Doing analysis at TEMP = 27.000000 and TNOM = 27.000000
stdout Using SPARSE 1.3 as Direct Linear Solver
stdout Initial Transient Solution
stdout --------------------------
stdout Node                                   Voltage
stdout ----                                   -------
stdout vcc                                          5
stdout ac0                                          0
stdout ac                                           0
stdout acf                                          0
stdout mt2                                          0
stdout xs.th                                        0
stdout mt2i                                         0
stdout on                                           0
stdout onr                                          0
stdout latch                                        0
stdout a                                  1.91284e-10
stdout b                                  2.43888e-09
stdout e                                  6.22987e-12
stdout eg                                 6.22987e-12
stdout g                                  5.48887e-12
stdout bon#branch                                   0
stdout vmt#branch                                   0
stdout vg#branch                          2.74444e-14
stdout vl#branch                          4.78211e-12
stdout vf106#branch                                 0
stdout vac#branch                                   0
stdout vcc#branch                        -1.00542e-11
 Reference value :  3.44079e-01
stdout No. of Data Rows : 20585
stdout ipk                 =  3.88420e+01 at=  4.17002e-03
stdout i2t_f106            =  9.18797e+00 from=  0.00000e+00 to=  3.00000e-01
stdout i2t_30ms            =  3.15477e+00 from=  0.00000e+00 to=  3.00000e-02
stdout irms_ss             =  4.54400e+00 from=  3.00000e-01 to=  4.00000e-01
stdout p_triac             =  3.91304e+00 from=  3.00000e-01 to=  4.00000e-01
stdout istr_pre            =  1.10741e-05 at=  3.98560e-03
stdout tj_rise_sink = 6.123900e+01
