stdout Note: No compatibility mode selected!
stdout Circuit: assert blanking at 15 ms under active loads; blank_4.5v_0.8vth_50hz
stderr Warning: Value of resistor rtbd is too small, set to 1.000000e-12
stdout Doing analysis at TEMP = 27.000000 and TNOM = 27.000000
stdout Using SPARSE 1.3 as Direct Linear Solver
stdout Initial Transient Solution
stdout --------------------------
stdout Node                                   Voltage
stdout ----                                   -------
stdout v50                                         86
stdout v18                                         30
stdout ac                                           0
stdout vcc                                        4.5
stdout blank                                0.0238095
stdout cpu                                          5
stdout dat                                          1
stdout en                                           1
stdout q                                          4.5
stdout lq                                     4.49998
stdout latch                                  4.43638
stdout g                                      4.39246
stdout out                                   0.593109
stdout drainq                                0.593109
stdout v50c                                        86
stdout cl                                    0.593109
stdout b                                      3.87039
stdout e                                      3.08769
stdout eg                                     3.08769
stdout gt                                     1.23966
stdout mt2                                          0
stdout mt2i                                         0
stdout on                                           0
stdout onr                                          0
stdout acs                                          0
stdout tin                                    4.43638
stdout xu19.g                                 4.03307
stdout ulnout                               0.0154844
stdout cg                                     12.0093
stdout col                                    29.6958
stdout colx                                   29.6958
stdout rowd                                   7.43595
stdout rg                                         4.6
stdout rgate                                      4.6
stdout re                                     1.63239
stdout bon#branch                                   0
stdout vmt#branch                                   0
stdout vg#branch                            0.0684456
stdout bq#branch                          -0.00159009
stdout ben#branch                                   0
stdout bdat#branch                                  0
stdout lc#branch                              -20.335
stdout vrowg#branch                                 0
stdout vcol#branch                            7.41994
stdout vstr#branch                                  0
stdout vcoil#branch                            20.335
stdout vsense#branch                           20.335
stdout vcpu#branch                                  0
stdout vvcc#branch                         -0.0685808
stdout vac#branch                                   0
stdout v18#branch                            -7.43193
stdout v50#branch                             -20.335
 Reference value :  4.63096e-03
 Reference value :  1.14810e-02
 Reference value :  1.82332e-02
 Reference value :  2.47359e-02
 Reference value :  3.12315e-02
 Reference value :  3.76555e-02
stdout No. of Data Rows : 80097
stdout sim_end = 4.000000e-02
stdout fet_on              =  2.03352e+01 at=  1.39995e-02
stdout col_on              =  7.41994e+00 at=  1.00225e-02
stdout gi_on               =  7.65517e+00 at=  4.99996e-03
stdout gate_off            =  5.25775e-02 at=  2.84595e-02
stdout fet_off             =  9.23694e-05 at=  2.84331e-02
stdout col_off             =  1.60011e-10 at=  1.99864e-02
stdout gi_off              =  8.97935e-06 at=  2.70004e-02
stdout fet_restart         =  1.17579e-09 at=  3.97165e-02
stdout col_restart         =  1.60010e-10 at=  3.99995e-02
stdout gi_restart          =  1.11000e-05 at=  3.50000e-02
stdout blank_high          =  4.49902e+00 at=  1.50104e-02
