stdout Note: No compatibility mode selected!
stdout Circuit: assert blanking at 15 ms under active loads; blank_5.2v_0.8vth_50hz
stderr Warning: Value of resistor rtbd is too small, set to 1.000000e-12
stdout Doing analysis at TEMP = 27.000000 and TNOM = 27.000000
stdout Using SPARSE 1.3 as Direct Linear Solver
stdout Initial Transient Solution
stdout --------------------------
stdout Node                                   Voltage
stdout ----                                   -------
stdout v50                                         86
stdout v18                                         30
stdout ac                                           0
stdout vcc                                        5.2
stdout blank                                0.0275132
stdout cpu                                          5
stdout dat                                          1
stdout en                                           1
stdout q                                          5.2
stdout lq                                     5.19998
stdout latch                                  5.12229
stdout g                                      5.07158
stdout out                                   0.538992
stdout drainq                                0.538992
stdout v50c                                        86
stdout cl                                    0.538992
stdout b                                      4.41886
stdout e                                      3.62624
stdout eg                                     3.62624
stdout gt                                     1.33186
stdout mt2                                          0
stdout mt2i                                         0
stdout on                                           0
stdout onr                                          0
stdout acs                                          0
stdout tin                                    5.12229
stdout xu19.g                                 4.65663
stdout ulnout                                0.013606
stdout cg                                     12.0082
stdout col                                    29.6958
stdout colx                                   29.6958
stdout rowd                                   7.43597
stdout rg                                         4.6
stdout rgate                                      4.6
stdout re                                     1.63239
stdout bon#branch                                   0
stdout vmt#branch                                   0
stdout vg#branch                            0.0849772
stdout bq#branch                          -0.00194217
stdout ben#branch                                   0
stdout bdat#branch                                  0
stdout lc#branch                             -20.3479
stdout vrowg#branch                                 0
stdout vcol#branch                            7.41994
stdout vstr#branch                                  0
stdout vcoil#branch                           20.3479
stdout vsense#branch                          20.3479
stdout vcpu#branch                                  0
stdout vvcc#branch                          -0.085023
stdout vac#branch                                   0
stdout v18#branch                            -7.43194
stdout v50#branch                            -20.3479
 Reference value :  3.66799e-03
 Reference value :  9.98269e-03
 Reference value :  1.62270e-02
 Reference value :  2.21751e-02
 Reference value :  2.81051e-02
 Reference value :  3.42500e-02
stdout No. of Data Rows : 80102
stdout sim_end = 4.000000e-02
stdout fet_on              =  2.03477e+01 at=  1.00001e-02
stdout col_on              =  7.41994e+00 at=  1.00212e-02
stdout gi_on               =  7.65517e+00 at=  4.99999e-03
stdout gate_off            =  5.28090e-02 at=  2.84618e-02
stdout fet_off             =  9.26032e-05 at=  2.84351e-02
stdout col_off             =  1.60011e-10 at=  1.99867e-02
stdout gi_off              =  8.97985e-06 at=  2.70001e-02
stdout fet_restart         =  1.17590e-09 at=  3.20480e-02
stdout col_restart         =  1.60010e-10 at=  3.99995e-02
stdout gi_restart          =  1.11000e-05 at=  3.50000e-02
stdout blank_high          =  5.19888e+00 at=  1.50104e-02
