stdout Note: No compatibility mode selected!
stdout Circuit: rom raw-write replay channel 9; bus.csv
stdout Doing analysis at TEMP = 27.000000 and TNOM = 27.000000
stdout Using KLU as Direct Linear Solver
stdout Initial Transient Solution
stdout --------------------------
stdout Node                                   Voltage
stdout ----                                   -------
stdout rail                                        86
stdout cmd                                          0
stdout gateinput                                    0
stdout gate                                         0
stdout drain                                       86
stdout drainq                                      86
stdout coil                                        86
stdout diode                                       86
stdout lcoil#branch                       -1.1718e-09
stdout vdiode#branch                     -7.45723e-14
stdout vsense#branch                      1.17187e-09
stdout vcmd#branch                                  0
stdout vrail#branch                       -1.1718e-09
 Reference value :  0.00000e+00
 Reference value :  1.38788e-01
 Reference value :  2.77859e-01
 Reference value :  4.19317e-01
 Reference value :  5.62917e-01
 Reference value :  7.06017e-01
 Reference value :  8.47177e-01
 Reference value :  9.90587e-01
 Reference value :  1.13264e+00
 Reference value :  1.27510e+00
 Reference value :  1.41747e+00
 Reference value :  1.56115e+00
 Reference value :  1.70344e+00
 Reference value :  1.84576e+00
 Reference value :  1.98596e+00
 Reference value :  2.12504e+00
 Reference value :  2.26877e+00
 Reference value :  2.41460e+00
 Reference value :  2.55784e+00
 Reference value :  2.70482e+00
 Reference value :  2.84991e+00
 Reference value :  2.99610e+00
 Reference value :  3.13831e+00
 Reference value :  3.28431e+00
 Reference value :  3.43166e+00
 Reference value :  3.57836e+00
 Reference value :  3.72374e+00
 Reference value :  3.86918e+00
 Reference value :  4.01339e+00
 Reference value :  4.15972e+00
 Reference value :  4.30350e+00
 Reference value :  4.45055e+00
 Reference value :  4.59753e+00
 Reference value :  4.74208e+00
 Reference value :  4.88246e+00
 Reference value :  5.02911e+00
 Reference value :  5.17529e+00
 Reference value :  5.32132e+00
 Reference value :  5.46365e+00
 Reference value :  5.60917e+00
 Reference value :  5.75377e+00
 Reference value :  5.89637e+00
 Reference value :  6.03976e+00
 Reference value :  6.18579e+00
 Reference value :  6.33162e+00
 Reference value :  6.47864e+00
 Reference value :  6.62309e+00
 Reference value :  6.76960e+00
 Reference value :  6.91563e+00
 Reference value :  7.06201e+00
 Reference value :  7.20615e+00
 Reference value :  7.35440e+00
 Reference value :  7.50027e+00
 Reference value :  7.64581e+00
 Reference value :  7.78785e+00
 Reference value :  7.92896e+00
 Reference value :  8.07213e+00
 Reference value :  8.21684e+00
 Reference value :  8.35665e+00
 Reference value :  8.50113e+00
 Reference value :  8.64587e+00
 Reference value :  8.79060e+00
 Reference value :  8.93285e+00
 Reference value :  9.06941e+00
 Reference value :  9.21242e+00
 Reference value :  9.35643e+00
 Reference value :  9.49742e+00
 Reference value :  9.64290e+00
 Reference value :  9.78801e+00
 Reference value :  9.93064e+00
 Reference value :  1.00714e+01
 Reference value :  1.02131e+01
stdout No. of Data Rows : 2046388
stdout sim_end = 1.023000000000e+01
stdout vds_peak            =  8.72222e+01 at=  1.63071e+00
stdout vgs_peak            =  4.99204e+00 at=  2.00004e-01
stdout p_avg               =  4.07201e-02 from=  2.00000e-01 to=  1.02000e+01
stdout id_avg              =  6.47072e-03 from=  2.00000e-01 to=  1.02000e+01
stdout id_terminal_avg     =  6.72560e-03 from=  2.00000e-01 to=  1.02000e+01
stdout i_peak              =  8.83937e+00 at=  1.60756e+00
stdout coil_peak           =  8.82184e+00 at=  2.64680e-01
stdout tj_repeating = 5.252464868000e+01
