stdout Note: No compatibility mode selected!
stdout Circuit: rom raw-write replay channel 11; bus.csv
stdout Doing analysis at TEMP = 27.000000 and TNOM = 27.000000
stdout Using KLU as Direct Linear Solver
stdout Initial Transient Solution
stdout --------------------------
stdout Node                                   Voltage
stdout ----                                   -------
stdout rail                                        86
stdout cmd                                          0
stdout gateinput                                    0
stdout gate                                         0
stdout drain                                       86
stdout drainq                                      86
stdout coil                                        86
stdout diode                                       86
stdout lcoil#branch                      -1.17175e-09
stdout vdiode#branch                     -1.18752e-13
stdout vsense#branch                      1.17187e-09
stdout vcmd#branch                                  0
stdout vrail#branch                      -1.17176e-09
 Reference value :  0.00000e+00
 Reference value :  1.39838e-01
 Reference value :  2.78774e-01
 Reference value :  4.19282e-01
 Reference value :  5.59097e-01
 Reference value :  6.99192e-01
 Reference value :  8.37732e-01
 Reference value :  9.75697e-01
 Reference value :  1.11485e+00
 Reference value :  1.25533e+00
 Reference value :  1.39325e+00
 Reference value :  1.53333e+00
 Reference value :  1.67295e+00
 Reference value :  1.81145e+00
 Reference value :  1.95050e+00
 Reference value :  2.08531e+00
 Reference value :  2.22530e+00
 Reference value :  2.36465e+00
 Reference value :  2.50267e+00
 Reference value :  2.64172e+00
 Reference value :  2.78073e+00
 Reference value :  2.91906e+00
 Reference value :  3.05689e+00
 Reference value :  3.19514e+00
 Reference value :  3.33117e+00
 Reference value :  3.46423e+00
 Reference value :  3.60159e+00
 Reference value :  3.74025e+00
 Reference value :  3.87787e+00
 Reference value :  4.02034e+00
 Reference value :  4.16083e+00
 Reference value :  4.30265e+00
 Reference value :  4.44319e+00
 Reference value :  4.58420e+00
 Reference value :  4.72180e+00
 Reference value :  4.86118e+00
 Reference value :  5.00030e+00
 Reference value :  5.14021e+00
 Reference value :  5.27959e+00
 Reference value :  5.42156e+00
 Reference value :  5.56343e+00
 Reference value :  5.70529e+00
 Reference value :  5.84508e+00
 Reference value :  5.98581e+00
 Reference value :  6.12764e+00
 Reference value :  6.26907e+00
 Reference value :  6.40982e+00
 Reference value :  6.55091e+00
 Reference value :  6.68919e+00
 Reference value :  6.83158e+00
 Reference value :  6.97349e+00
 Reference value :  7.11548e+00
 Reference value :  7.25665e+00
 Reference value :  7.39536e+00
 Reference value :  7.53504e+00
 Reference value :  7.67684e+00
 Reference value :  7.81554e+00
 Reference value :  7.95827e+00
 Reference value :  8.09658e+00
 Reference value :  8.23833e+00
 Reference value :  8.37924e+00
 Reference value :  8.51972e+00
 Reference value :  8.65968e+00
 Reference value :  8.80167e+00
 Reference value :  8.94313e+00
 Reference value :  9.08347e+00
 Reference value :  9.22445e+00
 Reference value :  9.36480e+00
 Reference value :  9.50418e+00
 Reference value :  9.64168e+00
 Reference value :  9.77984e+00
 Reference value :  9.92038e+00
 Reference value :  1.00569e+01
 Reference value :  1.01974e+01
stdout No. of Data Rows : 2046152
stdout sim_end = 1.023000000000e+01
stdout vds_peak            =  8.71414e+01 at=  2.64700e-01
stdout vgs_peak            =  4.99192e+00 at=  2.00004e-01
stdout p_avg               =  1.52279e-02 from=  2.00000e-01 to=  1.02000e+01
stdout id_avg              =  2.87723e-03 from=  2.00000e-01 to=  1.02000e+01
stdout id_terminal_avg     =  4.67164e-03 from=  2.00000e-01 to=  1.02000e+01
stdout i_peak              =  6.59323e+00 at=  6.40333e+00
stdout coil_peak           =  6.57570e+00 at=  6.43120e+00
stdout tj_repeating = 5.094412856000e+01
