stdout Note: No compatibility mode selected!
stdout Circuit: jlc-100 u20 prebiased; engineering averaged controller, not ti vendor model
stdout Doing analysis at TEMP = 27.000000 and TNOM = 27.000000
stdout Using KLU as Direct Linear Solver
stdout Operating point simulation skipped by 'uic',
stdout now using transient initial conditions.
 Reference value :  1.04729e-02
 Reference value :  2.88846e-02
 Reference value :  4.53269e-02
 Reference value :  6.60779e-02
 Reference value :  8.32049e-02
 Reference value :  1.00908e-01
 Reference value :  1.19625e-01
stdout No. of Data Rows : 40251
stdout sim_end = 1.200000000000e-01
stdout output_peak         =  5.00895e+00 at=  2.91705e-02
stdout output_floor        =  3.91674e+00 at=  2.83409e-02
stdout settled_min         =  5.00095e+00 at=  1.20000e-01
stdout settled_max         =  5.00095e+00 at=  1.05015e-01
stdout step_min            =  3.91674e+00 at=  2.83409e-02
stdout step_max            =  5.00895e+00 at=  2.91705e-02
stdout input_min           =  1.31213e+01 at=  1.14261e-01
stdout inductor_average_peak=  7.93330e-01 at=  2.84376e-02
stdout inductor_average_min=  -5.78361e-31 at=  2.38800e-05
stdout shunt_current_peak  =  7.78205e-01 at=  2.84376e-02
stdout shunt_current_min   =  -2.62891e-04 at=  1.92000e-06
stdout secondary_rms       =  8.08167e-02 from=  1.00000e-01 to=  1.20000e-01
