stdout Note: No compatibility mode selected!
stdout Circuit: jlc-100 u20 loss_restart; engineering averaged controller, not ti vendor model
stdout Doing analysis at TEMP = 27.000000 and TNOM = 27.000000
stdout Using KLU as Direct Linear Solver
stdout Operating point simulation skipped by 'uic',
stdout now using transient initial conditions.
 Reference value :  2.52489e-03
 Reference value :  2.13358e-02
 Reference value :  4.10578e-02
 Reference value :  5.74797e-02
 Reference value :  7.55817e-02
 Reference value :  9.44757e-02
 Reference value :  1.11900e-01
stdout No. of Data Rows : 40333
stdout sim_end = 1.200000000000e-01
stdout output_peak         =  5.22387e+00 at=  1.18018e-02
stdout output_floor        =  0.00000e+00 at=  6.00000e-08
stdout settled_min         =  5.00096e+00 at=  1.20000e-01
stdout settled_max         =  5.00972e+00 at=  1.05003e-01
stdout step_min            =  2.31210e-26 at=  6.49977e-02
stdout step_max            =  5.00624e+00 at=  2.40028e-02
stdout input_min           =  1.10357e+01 at=  1.10982e-01
stdout inductor_average_peak=  3.29681e+00 at=  8.52297e-02
stdout inductor_average_min=  -2.92324e-10 at=  4.90118e-02
stdout shunt_current_peak  =  3.28797e+00 at=  9.44727e-02
stdout shunt_current_min   =  -2.29306e-17 at=  8.50167e-02
stdout secondary_rms       =  2.80041e+00 from=  1.00000e-01 to=  1.20000e-01
