stdout Note: No compatibility mode selected!
stdout Circuit: jlc-100 u20 load_step; engineering averaged controller, not ti vendor model
stdout Doing analysis at TEMP = 27.000000 and TNOM = 27.000000
stdout Using KLU as Direct Linear Solver
stdout Operating point simulation skipped by 'uic',
stdout now using transient initial conditions.
 Reference value :  1.38279e-02
 Reference value :  4.42228e-02
 Reference value :  7.46904e-02
 Reference value :  1.05218e-01
stdout No. of Data Rows : 40215
stdout sim_end = 1.200000000000e-01
stdout output_peak         =  5.13037e+00 at=  5.50284e-02
stdout output_floor        =  0.00000e+00 at=  6.00000e-08
stdout settled_min         =  5.00164e+00 at=  1.20000e-01
stdout settled_max         =  5.00164e+00 at=  1.05002e-01
stdout step_min            =  4.87277e+00 at=  2.50258e-02
stdout step_max            =  5.13037e+00 at=  5.50284e-02
stdout input_min           =  1.05521e+01 at=  1.11794e-01
stdout inductor_average_peak=  3.15886e+00 at=  2.50738e-02
stdout inductor_average_min=  -1.63890e-09 at=  5.51148e-02
stdout shunt_current_peak  =  3.15281e+00 at=  2.50738e-02
stdout shunt_current_min   =  -7.98004e-19 at=  2.82017e-03
stdout secondary_rms       =  1.00847e-01 from=  1.00000e-01 to=  1.20000e-01
