stdout Note: No compatibility mode selected!
stdout Circuit: jlc-100 u20 loss_restart; engineering averaged controller, not ti vendor model
stdout Doing analysis at TEMP = 27.000000 and TNOM = 27.000000
stdout Using KLU as Direct Linear Solver
stdout Operating point simulation skipped by 'uic',
stdout now using transient initial conditions.
 Reference value :  1.23605e-02
 Reference value :  2.88724e-02
 Reference value :  4.58884e-02
 Reference value :  6.60012e-02
 Reference value :  8.18592e-02
 Reference value :  9.81877e-02
 Reference value :  1.16368e-01
stdout No. of Data Rows : 40402
stdout sim_end = 1.200000000000e-01
stdout output_peak         =  5.22465e+00 at=  1.21325e-02
stdout output_floor        =  0.00000e+00 at=  6.00000e-08
stdout settled_min         =  5.00170e+00 at=  1.20000e-01
stdout settled_max         =  5.01042e+00 at=  1.05001e-01
stdout step_min            =  3.90111e-26 at=  6.49992e-02
stdout step_max            =  5.00757e+00 at=  2.40005e-02
stdout input_min           =  1.08767e+01 at=  1.13119e-01
stdout inductor_average_peak=  3.29681e+00 at=  2.87487e-03
stdout inductor_average_min=  -2.90248e-10 at=  5.07200e-02
stdout shunt_current_peak  =  3.28797e+00 at=  1.21205e-02
stdout shunt_current_min   =  -2.30679e-17 at=  8.49975e-02
stdout secondary_rms       =  3.05324e+00 from=  1.00000e-01 to=  1.20000e-01
