stdout Note: No compatibility mode selected!
stdout Circuit: jlc-100 u20 startup; engineering averaged controller, not ti vendor model
stdout Doing analysis at TEMP = 27.000000 and TNOM = 27.000000
stdout Using KLU as Direct Linear Solver
stdout Operating point simulation skipped by 'uic',
stdout now using transient initial conditions.
 Reference value :  4.17805e-05
 Reference value :  3.18028e-02
 Reference value :  6.48478e-02
 Reference value :  9.77038e-02
stdout No. of Data Rows : 40107
stdout sim_end = 1.200000000000e-01
stdout output_peak         =  5.22387e+00 at=  1.18018e-02
stdout output_floor        =  0.00000e+00 at=  6.00000e-08
stdout settled_min         =  5.00094e+00 at=  1.19997e-01
stdout settled_max         =  5.00094e+00 at=  1.19998e-01
stdout step_min            =  5.00094e+00 at=  6.49978e-02
stdout step_max            =  5.00624e+00 at=  2.40028e-02
stdout input_min           =  1.10574e+01 at=  1.10991e-01
stdout inductor_average_peak=  3.29680e+00 at=  2.54589e-03
stdout inductor_average_min=  -1.24961e-18 at=  2.33470e-03
stdout shunt_current_peak  =  3.28797e+00 at=  1.17898e-02
stdout shunt_current_min   =  -2.27315e-17 at=  2.33407e-03
stdout secondary_rms       =  2.73096e+00 from=  1.00000e-01 to=  1.20000e-01
