stdout Note: No compatibility mode selected!
stdout Circuit: jlc-100 u20 loss_restart; engineering averaged controller, not ti vendor model
stdout Doing analysis at TEMP = 27.000000 and TNOM = 27.000000
stdout Using KLU as Direct Linear Solver
stdout Operating point simulation skipped by 'uic',
stdout now using transient initial conditions.
 Reference value :  1.26141e-02
 Reference value :  3.30801e-02
 Reference value :  5.20572e-02
 Reference value :  7.03122e-02
 Reference value :  8.82115e-02
 Reference value :  1.06179e-01
stdout No. of Data Rows : 40432
stdout sim_end = 1.200000000000e-01
stdout output_peak         =  5.22411e+00 at=  1.22901e-02
stdout output_floor        =  0.00000e+00 at=  6.00000e-08
stdout settled_min         =  5.00080e+00 at=  1.20000e-01
stdout settled_max         =  5.01051e+00 at=  1.05003e-01
stdout step_min            =  7.98522e-29 at=  6.49992e-02
stdout step_max            =  5.00732e+00 at=  2.40021e-02
stdout input_min           =  8.20782e+00 at=  1.19052e-01
stdout inductor_average_peak=  3.29681e+00 at=  8.55685e-02
stdout inductor_average_min=  -3.04760e-10 at=  3.59092e-02
stdout shunt_current_peak  =  3.28797e+00 at=  1.22781e-02
stdout shunt_current_min   =  -2.27350e-17 at=  8.53542e-02
stdout secondary_rms       =  3.35362e+00 from=  1.00000e-01 to=  1.20000e-01
