stdout Note: No compatibility mode selected!
stdout Circuit: jlc-100 u20 startup; engineering averaged controller, not ti vendor model
stdout Doing analysis at TEMP = 27.000000 and TNOM = 27.000000
stdout Using KLU as Direct Linear Solver
stdout Operating point simulation skipped by 'uic',
stdout now using transient initial conditions.
 Reference value :  2.37831e-02
 Reference value :  5.57601e-02
 Reference value :  8.81421e-02
stdout No. of Data Rows : 40142
stdout sim_end = 1.200000000000e-01
stdout output_peak         =  5.22411e+00 at=  1.22901e-02
stdout output_floor        =  0.00000e+00 at=  6.00000e-08
stdout settled_min         =  5.00117e+00 at=  1.19998e-01
stdout settled_max         =  5.00117e+00 at=  1.19996e-01
stdout step_min            =  5.00117e+00 at=  6.49971e-02
stdout step_max            =  5.00732e+00 at=  2.40021e-02
stdout input_min           =  8.20743e+00 at=  1.19051e-01
stdout inductor_average_peak=  3.29681e+00 at=  3.03511e-03
stdout inductor_average_min=  -1.73333e-18 at=  2.82272e-03
stdout shunt_current_peak  =  3.28797e+00 at=  1.22781e-02
stdout shunt_current_min   =  -2.27319e-17 at=  2.82017e-03
stdout secondary_rms       =  3.36298e+00 from=  1.00000e-01 to=  1.20000e-01
