stdout Note: No compatibility mode selected!
stdout Circuit: jlc-100 u20 load_step; engineering averaged controller, not ti vendor model
stdout Doing analysis at TEMP = 27.000000 and TNOM = 27.000000
stdout Using KLU as Direct Linear Solver
stdout Operating point simulation skipped by 'uic',
stdout now using transient initial conditions.
 Reference value :  1.36309e-02
 Reference value :  4.33766e-02
 Reference value :  7.12579e-02
 Reference value :  1.01828e-01
stdout No. of Data Rows : 40175
stdout sim_end = 1.200000000000e-01
stdout output_peak         =  5.12965e+00 at=  5.50282e-02
stdout output_floor        =  0.00000e+00 at=  6.00000e-08
stdout settled_min         =  5.00092e+00 at=  1.20000e-01
stdout settled_max         =  5.00092e+00 at=  1.05002e-01
stdout step_min            =  4.87204e+00 at=  2.50286e-02
stdout step_max            =  5.12965e+00 at=  5.50282e-02
stdout input_min           =  1.30805e+01 at=  1.11842e-01
stdout inductor_average_peak=  3.15890e+00 at=  2.50736e-02
stdout inductor_average_min=  -1.63888e-09 at=  5.51145e-02
stdout shunt_current_peak  =  3.15280e+00 at=  2.50736e-02
stdout shunt_current_min   =  -7.97999e-19 at=  2.33407e-03
stdout secondary_rms       =  1.05774e-01 from=  1.00000e-01 to=  1.20000e-01
