stdout Note: No compatibility mode selected!
stdout Circuit: jlc-100 u20 loss_restart; engineering averaged controller, not ti vendor model
stdout Doing analysis at TEMP = 27.000000 and TNOM = 27.000000
stdout Using KLU as Direct Linear Solver
stdout Operating point simulation skipped by 'uic',
stdout now using transient initial conditions.
 Reference value :  1.13168e-02
 Reference value :  3.18594e-02
 Reference value :  5.72673e-02
 Reference value :  7.93683e-02
 Reference value :  9.56795e-02
 Reference value :  1.13422e-01
stdout No. of Data Rows : 40357
stdout sim_end = 1.200000000000e-01
stdout output_peak         =  5.22404e+00 at=  1.26818e-02
stdout output_floor        =  0.00000e+00 at=  6.00000e-08
stdout settled_min         =  5.00113e+00 at=  1.20000e-01
stdout settled_max         =  5.00985e+00 at=  1.05001e-01
stdout step_min            =  3.98826e-28 at=  6.49983e-02
stdout step_max            =  5.00803e+00 at=  2.40008e-02
stdout input_min           =  8.01339e+00 at=  1.12783e-01
stdout inductor_average_peak=  3.29681e+00 at=  8.52125e-02
stdout inductor_average_min=  -2.93284e-10 at=  3.76992e-02
stdout shunt_current_peak  =  3.28797e+00 at=  1.26698e-02
stdout shunt_current_min   =  -2.27380e-17 at=  8.49996e-02
stdout secondary_rms       =  3.54574e+00 from=  1.00000e-01 to=  1.20000e-01
