stdout Note: No compatibility mode selected!
stdout Circuit: jlc-100 u20 load_step; engineering averaged controller, not ti vendor model
stdout Doing analysis at TEMP = 27.000000 and TNOM = 27.000000
stdout Using KLU as Direct Linear Solver
stdout Operating point simulation skipped by 'uic',
stdout now using transient initial conditions.
 Reference value :  9.22021e-03
 Reference value :  4.03795e-02
 Reference value :  7.17349e-02
 Reference value :  1.03508e-01
stdout No. of Data Rows : 40154
stdout sim_end = 1.200000000000e-01
stdout output_peak         =  5.12991e+00 at=  5.50281e-02
stdout output_floor        =  0.00000e+00 at=  6.00000e-08
stdout settled_min         =  5.00117e+00 at=  1.20000e-01
stdout settled_max         =  5.00117e+00 at=  1.05002e-01
stdout step_min            =  4.87231e+00 at=  2.50285e-02
stdout step_max            =  5.12991e+00 at=  5.50281e-02
stdout input_min           =  1.05564e+01 at=  1.14167e-01
stdout inductor_average_peak=  3.15889e+00 at=  2.50735e-02
stdout inductor_average_min=  -1.63889e-09 at=  5.51144e-02
stdout shunt_current_peak  =  3.15279e+00 at=  2.50735e-02
stdout shunt_current_min   =  -7.98004e-19 at=  3.21017e-03
stdout secondary_rms       =  1.06182e-01 from=  1.00000e-01 to=  1.20000e-01
