stdout Note: No compatibility mode selected!
stdout Circuit: jlc-100 u20 prebiased; engineering averaged controller, not ti vendor model
stdout Doing analysis at TEMP = 27.000000 and TNOM = 27.000000
stdout Using KLU as Direct Linear Solver
stdout Operating point simulation skipped by 'uic',
stdout now using transient initial conditions.
 Reference value :  9.68688e-03
 Reference value :  2.73347e-02
 Reference value :  4.44454e-02
 Reference value :  6.49234e-02
 Reference value :  8.35714e-02
 Reference value :  1.01505e-01
stdout No. of Data Rows : 40130
stdout sim_end = 1.200000000000e-01
stdout output_peak         =  5.00962e+00 at=  3.09882e-02
stdout output_floor        =  3.84940e+00 at=  3.01095e-02
stdout settled_min         =  5.00133e+00 at=  1.19994e-01
stdout settled_max         =  5.00133e+00 at=  1.05003e-01
stdout step_min            =  3.84940e+00 at=  3.01095e-02
stdout step_max            =  5.00962e+00 at=  3.09882e-02
stdout input_min           =  1.31219e+01 at=  1.11876e-01
stdout inductor_average_peak=  7.93351e-01 at=  3.02052e-02
stdout inductor_average_min=  -5.78361e-31 at=  2.38800e-05
stdout shunt_current_peak  =  7.78200e-01 at=  3.02052e-02
stdout shunt_current_min   =  -2.62891e-04 at=  1.92000e-06
stdout secondary_rms       =  7.38736e-02 from=  1.00000e-01 to=  1.20000e-01
