stdout Note: No compatibility mode selected!
stdout Circuit: jlc-100 u20 startup; engineering averaged controller, not ti vendor model
stdout Doing analysis at TEMP = 27.000000 and TNOM = 27.000000
stdout Using KLU as Direct Linear Solver
stdout Operating point simulation skipped by 'uic',
stdout now using transient initial conditions.
 Reference value :  3.00000e-08
 Reference value :  2.94368e-02
 Reference value :  5.92298e-02
 Reference value :  9.02228e-02
stdout No. of Data Rows : 40081
stdout sim_end = 1.200000000000e-01
stdout output_peak         =  5.22404e+00 at=  1.26818e-02
stdout output_floor        =  0.00000e+00 at=  6.00000e-08
stdout settled_min         =  5.00110e+00 at=  1.20000e-01
stdout settled_max         =  5.00110e+00 at=  1.19997e-01
stdout step_min            =  5.00110e+00 at=  6.49988e-02
stdout step_max            =  5.00803e+00 at=  2.40008e-02
stdout input_min           =  8.02510e+00 at=  1.12789e-01
stdout inductor_average_peak=  3.29680e+00 at=  3.42418e-03
stdout inductor_average_min=  -1.73334e-18 at=  3.21272e-03
stdout shunt_current_peak  =  3.28797e+00 at=  1.26698e-02
stdout shunt_current_min   =  -2.27319e-17 at=  3.21017e-03
stdout secondary_rms       =  3.48667e+00 from=  1.00000e-01 to=  1.20000e-01
