stdout Note: No compatibility mode selected!
stdout Circuit: jlc-100 u21 prebiased; engineering averaged controller, not ti vendor model
stdout Doing analysis at TEMP = 27.000000 and TNOM = 27.000000
stdout Using KLU as Direct Linear Solver
stdout Operating point simulation skipped by 'uic',
stdout now using transient initial conditions.
 Reference value :  6.36288e-03
 Reference value :  2.52130e-02
 Reference value :  4.35168e-02
 Reference value :  6.30108e-02
 Reference value :  8.02488e-02
 Reference value :  9.81678e-02
 Reference value :  1.18247e-01
stdout No. of Data Rows : 40128
stdout sim_end = 1.200000000000e-01
stdout output_peak         =  1.20451e+01 at=  3.23607e-02
stdout output_floor        =  1.07756e+01 at=  3.18345e-02
stdout settled_min         =  1.20025e+01 at=  1.18859e-01
stdout settled_max         =  1.20025e+01 at=  1.05002e-01
stdout step_min            =  1.07756e+01 at=  3.18345e-02
stdout step_max            =  1.20451e+01 at=  3.23607e-02
stdout input_min           =  1.17005e+01 at=  1.10519e-01
stdout inductor_average_peak=  3.29678e+00 at=  3.21090e-02
stdout inductor_average_min=  -1.64567e-09 at=  3.24399e-02
stdout shunt_current_peak  =  1.48704e+00 at=  3.19260e-02
stdout shunt_current_min   =  4.24404e-05 at=  3.00000e-06
stdout secondary_rms       =  8.27219e+00 from=  1.00000e-01 to=  1.20000e-01
