stdout Note: No compatibility mode selected!
stdout Circuit: jlc-100 u21 startup; engineering averaged controller, not ti vendor model
stdout Doing analysis at TEMP = 27.000000 and TNOM = 27.000000
stdout Using KLU as Direct Linear Solver
stdout Operating point simulation skipped by 'uic',
stdout now using transient initial conditions.
 Reference value :  4.22377e-03
 Reference value :  2.11009e-02
 Reference value :  3.93289e-02
 Reference value :  5.91799e-02
 Reference value :  7.67809e-02
 Reference value :  9.46669e-02
 Reference value :  1.14422e-01
stdout No. of Data Rows : 40067
stdout sim_end = 1.200000000000e-01
stdout output_peak         =  1.22799e+01 at=  1.15849e-02
stdout output_floor        =  0.00000e+00 at=  3.00000e-08
stdout settled_min         =  1.20023e+01 at=  1.20000e-01
stdout settled_max         =  1.20025e+01 at=  1.05002e-01
stdout step_min            =  1.20075e+01 at=  6.49999e-02
stdout step_max            =  1.21052e+01 at=  2.40019e-02
stdout input_min           =  1.41470e+01 at=  1.10462e-01
stdout inductor_average_peak=  3.29695e+00 at=  3.06277e-03
stdout inductor_average_min=  -3.82243e-31 at=  2.23469e-05
stdout shunt_current_peak  =  1.49946e+00 at=  1.15519e-02
stdout shunt_current_min   =  -7.13152e-48 at=  2.44876e-05
stdout secondary_rms       =  1.09680e+01 from=  1.00000e-01 to=  1.20000e-01
