stdout Note: No compatibility mode selected!
stdout Circuit: jlc-100 u21 loss_restart; engineering averaged controller, not ti vendor model
stdout Doing analysis at TEMP = 27.000000 and TNOM = 27.000000
stdout Using KLU as Direct Linear Solver
stdout Operating point simulation skipped by 'uic',
stdout now using transient initial conditions.
 Reference value :  1.30352e-02
 Reference value :  3.05852e-02
 Reference value :  4.82767e-02
 Reference value :  6.45217e-02
 Reference value :  8.27977e-02
 Reference value :  1.01683e-01
 Reference value :  1.18330e-01
stdout No. of Data Rows : 40217
stdout sim_end = 1.200000000000e-01
stdout output_peak         =  1.22849e+01 at=  9.55121e-02
stdout output_floor        =  0.00000e+00 at=  3.00000e-08
stdout settled_min         =  1.20501e+01 at=  1.20000e-01
stdout settled_max         =  1.21345e+01 at=  1.05001e-01
stdout step_min            =  5.87510e-25 at=  6.49987e-02
stdout step_max            =  1.21113e+01 at=  2.40002e-02
stdout input_min           =  1.11962e+01 at=  1.10407e-01
stdout inductor_average_peak=  3.29695e+00 at=  3.76614e-03
stdout inductor_average_min=  -2.92778e-10 at=  3.56994e-02
stdout shunt_current_peak  =  1.49946e+00 at=  9.54791e-02
stdout shunt_current_min   =  -3.97223e-17 at=  8.68166e-02
stdout secondary_rms       =  9.69363e+00 from=  1.00000e-01 to=  1.20000e-01
