stdout Note: No compatibility mode selected!
stdout Circuit: jlc-100 u21 prebiased; engineering averaged controller, not ti vendor model
stdout Doing analysis at TEMP = 27.000000 and TNOM = 27.000000
stdout Using KLU as Direct Linear Solver
stdout Operating point simulation skipped by 'uic',
stdout now using transient initial conditions.
 Reference value :  1.38959e-02
 Reference value :  2.74867e-02
 Reference value :  4.52945e-02
 Reference value :  6.21875e-02
 Reference value :  7.98035e-02
 Reference value :  9.94175e-02
 Reference value :  1.16245e-01
stdout No. of Data Rows : 40132
stdout sim_end = 1.200000000000e-01
stdout output_peak         =  1.20517e+01 at=  3.16497e-02
stdout output_floor        =  1.08023e+01 at=  3.11392e-02
stdout settled_min         =  1.20026e+01 at=  1.20000e-01
stdout settled_max         =  1.20026e+01 at=  1.05001e-01
stdout step_min            =  1.08023e+01 at=  3.11392e-02
stdout step_max            =  1.20517e+01 at=  3.16497e-02
stdout input_min           =  1.44621e+01 at=  1.10521e-01
stdout inductor_average_peak=  3.29678e+00 at=  3.14201e-02
stdout inductor_average_min=  -1.61662e-09 at=  3.17275e-02
stdout shunt_current_peak  =  1.48714e+00 at=  3.12281e-02
stdout shunt_current_min   =  4.24404e-05 at=  3.00000e-06
stdout secondary_rms       =  1.02083e+01 from=  1.00000e-01 to=  1.20000e-01
