stdout Note: No compatibility mode selected!
stdout Circuit: jlc-100 u21 startup; engineering averaged controller, not ti vendor model
stdout Doing analysis at TEMP = 27.000000 and TNOM = 27.000000
stdout Using KLU as Direct Linear Solver
stdout Operating point simulation skipped by 'uic',
stdout now using transient initial conditions.
 Reference value :  3.00000e-08
 Reference value :  1.88201e-02
 Reference value :  3.64091e-02
 Reference value :  5.38451e-02
 Reference value :  7.30001e-02
 Reference value :  8.98811e-02
 Reference value :  1.07662e-01
stdout No. of Data Rows : 40141
stdout sim_end = 1.200000000000e-01
stdout output_peak         =  1.22652e+01 at=  1.27121e-02
stdout output_floor        =  0.00000e+00 at=  3.00000e-08
stdout settled_min         =  1.19990e+01 at=  1.12474e-01
stdout settled_max         =  1.20034e+01 at=  1.13533e-01
stdout step_min            =  1.20058e+01 at=  6.24821e-02
stdout step_max            =  1.21151e+01 at=  2.40011e-02
stdout input_min           =  1.11115e+01 at=  1.12468e-01
stdout inductor_average_peak=  3.29695e+00 at=  4.19021e-03
stdout inductor_average_min=  -1.40933e-18 at=  4.02130e-03
stdout shunt_current_peak  =  1.49946e+00 at=  1.26641e-02
stdout shunt_current_min   =  -2.14805e-18 at=  4.02000e-03
stdout secondary_rms       =  9.51389e+00 from=  1.00000e-01 to=  1.20000e-01
