stdout Note: No compatibility mode selected!
stdout Circuit: jlc-100 u21 prebiased; engineering averaged controller, not ti vendor model
stdout Doing analysis at TEMP = 27.000000 and TNOM = 27.000000
stdout Using KLU as Direct Linear Solver
stdout Operating point simulation skipped by 'uic',
stdout now using transient initial conditions.
 Reference value :  3.98088e-03
 Reference value :  2.09579e-02
 Reference value :  3.84051e-02
 Reference value :  5.82051e-02
 Reference value :  7.45071e-02
 Reference value :  9.22551e-02
 Reference value :  1.11632e-01
stdout No. of Data Rows : 40167
stdout sim_end = 1.200000000000e-01
stdout output_peak         =  1.20569e+01 at=  3.67129e-02
stdout output_floor        =  1.06107e+01 at=  3.61322e-02
stdout settled_min         =  1.20048e+01 at=  1.12583e-01
stdout settled_max         =  1.20049e+01 at=  1.05002e-01
stdout step_min            =  1.06107e+01 at=  3.61322e-02
stdout step_max            =  1.20569e+01 at=  3.67129e-02
stdout input_min           =  1.15245e+01 at=  1.12577e-01
stdout inductor_average_peak=  3.29678e+00 at=  3.64129e-02
stdout inductor_average_min=  -1.60666e-09 at=  3.67906e-02
stdout shunt_current_peak  =  1.48714e+00 at=  3.62209e-02
stdout shunt_current_min   =  4.24404e-05 at=  3.00000e-06
stdout secondary_rms       =  8.57284e+00 from=  1.00000e-01 to=  1.20000e-01
