stdout Note: No compatibility mode selected!
stdout Circuit: jlc-100 u21 load_step; engineering averaged controller, not ti vendor model
stdout Doing analysis at TEMP = 27.000000 and TNOM = 27.000000
stdout Using KLU as Direct Linear Solver
stdout Operating point simulation skipped by 'uic',
stdout now using transient initial conditions.
 Reference value :  1.47643e-02
 Reference value :  3.37836e-02
 Reference value :  5.17116e-02
 Reference value :  7.06447e-02
 Reference value :  8.92747e-02
 Reference value :  1.06915e-01
stdout No. of Data Rows : 40151
stdout sim_end = 1.200000000000e-01
stdout output_peak         =  1.22168e+01 at=  7.35464e-03
stdout output_floor        =  0.00000e+00 at=  3.00000e-08
stdout settled_min         =  1.20040e+01 at=  1.20000e-01
stdout settled_max         =  1.20049e+01 at=  1.05001e-01
stdout step_min            =  1.19873e+01 at=  2.50776e-02
stdout step_max            =  1.20648e+01 at=  5.50776e-02
stdout input_min           =  1.44621e+01 at=  1.10521e-01
stdout inductor_average_peak=  3.29678e+00 at=  3.18164e-03
stdout inductor_average_min=  -1.62081e-09 at=  7.43496e-03
stdout shunt_current_peak  =  1.48715e+00 at=  2.98664e-03
stdout shunt_current_min   =  -9.80363e-48 at=  2.44876e-05
stdout secondary_rms       =  1.02083e+01 from=  1.00000e-01 to=  1.20000e-01
