stdout Note: No compatibility mode selected!
stdout Circuit: jlc-100 u21 loss_restart; engineering averaged controller, not ti vendor model
stdout Doing analysis at TEMP = 27.000000 and TNOM = 27.000000
stdout Using KLU as Direct Linear Solver
stdout Operating point simulation skipped by 'uic',
stdout now using transient initial conditions.
 Reference value :  1.44529e-02
 Reference value :  3.36499e-02
 Reference value :  5.02703e-02
 Reference value :  6.84263e-02
 Reference value :  8.70190e-02
 Reference value :  1.04620e-01
stdout No. of Data Rows : 40291
stdout sim_end = 1.200000000000e-01
stdout output_peak         =  1.22815e+01 at=  9.48160e-02
stdout output_floor        =  -3.67188e-15 at=  8.61260e-02
stdout settled_min         =  1.20431e+01 at=  1.20000e-01
stdout settled_max         =  1.21237e+01 at=  1.05001e-01
stdout step_min            =  8.18787e-25 at=  6.49973e-02
stdout step_max            =  1.21052e+01 at=  2.40019e-02
stdout input_min           =  1.40084e+01 at=  1.10437e-01
stdout inductor_average_peak=  3.29696e+00 at=  8.62930e-02
stdout inductor_average_min=  -2.92479e-10 at=  4.35940e-02
stdout shunt_current_peak  =  1.49946e+00 at=  9.47830e-02
stdout shunt_current_min   =  -1.58687e-13 at=  8.61260e-02
stdout secondary_rms       =  1.15551e+01 from=  1.00000e-01 to=  1.20000e-01
