stdout Note: No compatibility mode selected!
stdout Circuit: jlc-100 u21 load_step; engineering averaged controller, not ti vendor model
stdout Doing analysis at TEMP = 27.000000 and TNOM = 27.000000
stdout Using KLU as Direct Linear Solver
stdout Operating point simulation skipped by 'uic',
stdout now using transient initial conditions.
 Reference value :  1.15725e-02
 Reference value :  2.88758e-02
 Reference value :  4.60148e-02
 Reference value :  6.04181e-02
 Reference value :  7.85021e-02
 Reference value :  9.57311e-02
 Reference value :  1.13341e-01
stdout No. of Data Rows : 40146
stdout sim_end = 1.200000000000e-01
stdout output_peak         =  1.22168e+01 at=  7.73282e-03
stdout output_floor        =  0.00000e+00 at=  3.00000e-08
stdout settled_min         =  1.20040e+01 at=  1.20000e-01
stdout settled_max         =  1.20049e+01 at=  1.05001e-01
stdout step_min            =  1.19885e+01 at=  2.50778e-02
stdout step_max            =  1.20650e+01 at=  5.50778e-02
stdout input_min           =  1.42445e+01 at=  1.12576e-01
stdout inductor_average_peak=  3.29678e+00 at=  3.55982e-03
stdout inductor_average_min=  -1.62081e-09 at=  7.81314e-03
stdout shunt_current_peak  =  1.48715e+00 at=  3.36482e-03
stdout shunt_current_min   =  -1.24041e-47 at=  2.38800e-05
stdout secondary_rms       =  1.05755e+01 from=  1.00000e-01 to=  1.20000e-01
