stdout Note: No compatibility mode selected!
stdout Circuit: jlc-100 u21 loss_restart; engineering averaged controller, not ti vendor model
stdout Doing analysis at TEMP = 27.000000 and TNOM = 27.000000
stdout Using KLU as Direct Linear Solver
stdout Operating point simulation skipped by 'uic',
stdout now using transient initial conditions.
 Reference value :  8.59404e-03
 Reference value :  2.62024e-02
 Reference value :  4.55224e-02
 Reference value :  6.16714e-02
 Reference value :  8.15554e-02
 Reference value :  9.80934e-02
 Reference value :  1.15019e-01
stdout No. of Data Rows : 40251
stdout sim_end = 1.200000000000e-01
stdout output_peak         =  1.22806e+01 at=  9.41844e-02
stdout output_floor        =  0.00000e+00 at=  3.00000e-08
stdout settled_min         =  1.20402e+01 at=  1.20000e-01
stdout settled_max         =  1.21172e+01 at=  1.05002e-01
stdout step_min            =  8.82516e-25 at=  6.49984e-02
stdout step_max            =  1.21080e+01 at=  2.40020e-02
stdout input_min           =  1.37713e+01 at=  1.12475e-01
stdout inductor_average_peak=  3.29695e+00 at=  3.44096e-03
stdout inductor_average_min=  -2.83998e-10 at=  4.49210e-02
stdout shunt_current_peak  =  1.49946e+00 at=  9.41514e-02
stdout shunt_current_min   =  -1.10079e-16 at=  8.54917e-02
stdout secondary_rms       =  1.21162e+01 from=  1.00000e-01 to=  1.20000e-01
