stdout Note: No compatibility mode selected!
stdout Circuit: jlc-100 u21 load_step; engineering averaged controller, not ti vendor model
stdout Doing analysis at TEMP = 27.000000 and TNOM = 27.000000
stdout Using KLU as Direct Linear Solver
stdout Operating point simulation skipped by 'uic',
stdout now using transient initial conditions.
 Reference value :  1.32103e-02
 Reference value :  2.88575e-02
 Reference value :  4.59935e-02
 Reference value :  6.49429e-02
 Reference value :  8.15179e-02
 Reference value :  9.94999e-02
 Reference value :  1.19045e-01
stdout No. of Data Rows : 40144
stdout sim_end = 1.200000000000e-01
stdout output_peak         =  1.22072e+01 at=  8.06400e-03
stdout output_floor        =  0.00000e+00 at=  3.00000e-08
stdout settled_min         =  1.20040e+01 at=  1.20000e-01
stdout settled_max         =  1.20050e+01 at=  1.05002e-01
stdout step_min            =  1.19897e+01 at=  2.50775e-02
stdout step_max            =  1.20656e+01 at=  5.50775e-02
stdout input_min           =  1.17005e+01 at=  1.10519e-01
stdout inductor_average_peak=  3.29678e+00 at=  3.88500e-03
stdout inductor_average_min=  -1.64685e-09 at=  8.14564e-03
stdout shunt_current_peak  =  1.48715e+00 at=  3.69000e-03
stdout shunt_current_min   =  -1.19514e-47 at=  2.38800e-05
stdout secondary_rms       =  8.27226e+00 from=  1.00000e-01 to=  1.20000e-01
