stdout Note: No compatibility mode selected!
stdout Circuit: jlc-100 u21 startup; engineering averaged controller, not ti vendor model
stdout Doing analysis at TEMP = 27.000000 and TNOM = 27.000000
stdout Using KLU as Direct Linear Solver
stdout Operating point simulation skipped by 'uic',
stdout now using transient initial conditions.
 Reference value :  1.48952e-02
 Reference value :  3.34832e-02
 Reference value :  5.04212e-02
 Reference value :  7.06742e-02
 Reference value :  8.71142e-02
 Reference value :  1.05144e-01
stdout No. of Data Rows : 40061
stdout sim_end = 1.200000000000e-01
stdout output_peak         =  1.22799e+01 at=  1.22882e-02
stdout output_floor        =  0.00000e+00 at=  3.00000e-08
stdout settled_min         =  1.19996e+01 at=  1.18770e-01
stdout settled_max         =  1.20031e+01 at=  1.11198e-01
stdout step_min            =  1.20074e+01 at=  6.04442e-02
stdout step_max            =  1.21113e+01 at=  2.40002e-02
stdout input_min           =  1.13088e+01 at=  1.18764e-01
stdout inductor_average_peak=  3.29695e+00 at=  3.76614e-03
stdout inductor_average_min=  -5.78361e-31 at=  2.38800e-05
stdout shunt_current_peak  =  1.49946e+00 at=  1.22552e-02
stdout shunt_current_min   =  -1.03996e-47 at=  2.38800e-05
stdout secondary_rms       =  9.21732e+00 from=  1.00000e-01 to=  1.20000e-01
