stdout Note: No compatibility mode selected!
stdout Circuit: jlc-100 u20 prebiased; engineering averaged controller, not ti vendor model
stdout Doing analysis at TEMP = 27.000000 and TNOM = 27.000000
stdout Using KLU as Direct Linear Solver
stdout Operating point simulation skipped by 'uic',
stdout now using transient initial conditions.
 Reference value :  8.62392e-03
 Reference value :  2.88087e-02
 Reference value :  4.72457e-02
 Reference value :  6.65297e-02
 Reference value :  8.56857e-02
 Reference value :  1.04978e-01
stdout No. of Data Rows : 60067
stdout sim_end = 1.200000000000e-01
stdout output_peak         =  4.99970e+00 at=  2.00000e-08
stdout output_floor        =  3.90504e+00 at=  2.86336e-02
stdout settled_min         =  4.96067e+00 at=  1.20000e-01
stdout settled_max         =  4.96067e+00 at=  1.05014e-01
stdout step_min            =  3.90504e+00 at=  2.86336e-02
stdout step_max            =  4.96665e+00 at=  2.96177e-02
stdout input_min           =  1.05956e+01 at=  1.14224e-01
stdout inductor_average_peak=  7.67753e-01 at=  2.90187e-02
stdout inductor_average_min=  -3.08791e-319 at=  1.94792e-03
stdout shunt_current_peak  =  7.53112e-01 at=  2.90207e-02
stdout shunt_current_min   =  3.56256e-04 at=  5.92000e-06
stdout secondary_rms       =  6.96270e-02 from=  1.00000e-01 to=  1.20000e-01
