stdout Note: No compatibility mode selected!
stdout Circuit: jlc-100 u20 load_step; engineering averaged controller, not ti vendor model
stdout Doing analysis at TEMP = 27.000000 and TNOM = 27.000000
stdout Using KLU as Direct Linear Solver
stdout Operating point simulation skipped by 'uic',
stdout now using transient initial conditions.
 Reference value :  7.47906e-04
 Reference value :  1.97113e-02
 Reference value :  3.90548e-02
 Reference value :  5.88380e-02
 Reference value :  7.88940e-02
 Reference value :  9.84700e-02
 Reference value :  1.18436e-01
stdout No. of Data Rows : 60077
stdout sim_end = 1.200000000000e-01
stdout output_peak         =  5.13740e+00 at=  5.50060e-02
stdout output_floor        =  0.00000e+00 at=  4.00000e-08
stdout settled_min         =  4.96077e+00 at=  1.20000e-01
stdout settled_max         =  4.96077e+00 at=  1.05000e-01
stdout step_min            =  4.78413e+00 at=  2.50051e-02
stdout step_max            =  5.13740e+00 at=  5.50060e-02
stdout input_min           =  1.30901e+01 at=  1.11858e-01
stdout inductor_average_peak=  3.02410e+00 at=  2.53288e-02
stdout inductor_average_min=  -1.21664e-18 at=  2.23972e-03
stdout shunt_current_peak  =  3.02070e+00 at=  2.53288e-02
stdout shunt_current_min   =  -2.45184e-20 at=  2.23810e-03
stdout secondary_rms       =  9.47674e-02 from=  1.00000e-01 to=  1.20000e-01
