stdout Note: No compatibility mode selected!
stdout Circuit: jlc-100 u21 load_step; engineering averaged controller, not ti vendor model
stdout Doing analysis at TEMP = 27.000000 and TNOM = 27.000000
stdout Using KLU as Direct Linear Solver
stdout Operating point simulation skipped by 'uic',
stdout now using transient initial conditions.
 Reference value :  1.93082e-02
 Reference value :  3.90531e-02
 Reference value :  5.79171e-02
 Reference value :  7.79851e-02
 Reference value :  9.70311e-02
 Reference value :  1.16525e-01
stdout No. of Data Rows : 60112
stdout sim_end = 1.200000000000e-01
stdout output_peak         =  1.21152e+01 at=  7.17470e-03
stdout output_floor        =  0.00000e+00 at=  4.00000e-08
stdout settled_min         =  1.19062e+01 at=  1.20000e-01
stdout settled_max         =  1.19073e+01 at=  1.05001e-01
stdout step_min            =  1.18922e+01 at=  2.50891e-02
stdout step_max            =  1.19710e+01 at=  5.50871e-02
stdout input_min           =  1.44967e+01 at=  1.18861e-01
stdout inductor_average_peak=  3.29670e+00 at=  6.33838e-03
stdout inductor_average_min=  -1.21489e-18 at=  2.73924e-03
stdout shunt_current_peak  =  1.48630e+00 at=  2.86563e-03
stdout shunt_current_min   =  -3.56095e-21 at=  2.73761e-03
stdout secondary_rms       =  1.03793e+01 from=  1.00000e-01 to=  1.20000e-01
