stdout Note: No compatibility mode selected!
stdout Circuit: jlc-100 u21 loss_restart; engineering averaged controller, not ti vendor model
stdout Doing analysis at TEMP = 27.000000 and TNOM = 27.000000
stdout Using KLU as Direct Linear Solver
stdout Operating point simulation skipped by 'uic',
stdout now using transient initial conditions.
 Reference value :  1.07443e-02
 Reference value :  3.01243e-02
 Reference value :  4.97505e-02
 Reference value :  7.01545e-02
 Reference value :  8.96685e-02
 Reference value :  1.09446e-01
stdout No. of Data Rows : 60363
stdout sim_end = 1.200000000000e-01
stdout output_peak         =  1.22266e+01 at=  9.53395e-02
stdout output_floor        =  -2.40141e-14 at=  8.66758e-02
stdout settled_min         =  1.19600e+01 at=  1.20000e-01
stdout settled_max         =  1.20625e+01 at=  1.05002e-01
stdout step_min            =  5.68522e-25 at=  6.49985e-02
stdout step_max            =  1.20371e+01 at=  2.40003e-02
stdout input_min           =  1.12666e+01 at=  1.10426e-01
stdout inductor_average_peak=  3.29670e+00 at=  9.02752e-02
stdout inductor_average_min=  -9.70146e-19 at=  3.38078e-03
stdout shunt_current_peak  =  1.50009e+00 at=  3.48033e-03
stdout shunt_current_min   =  -6.08928e-13 at=  8.66758e-02
stdout secondary_rms       =  9.71169e+00 from=  1.00000e-01 to=  1.20000e-01
