stdout Note: No compatibility mode selected!
stdout Circuit: jlc-100 u21 load_step; engineering averaged controller, not ti vendor model
stdout Doing analysis at TEMP = 27.000000 and TNOM = 27.000000
stdout Using KLU as Direct Linear Solver
stdout Operating point simulation skipped by 'uic',
stdout now using transient initial conditions.
 Reference value :  1.23767e-02
 Reference value :  3.17573e-02
 Reference value :  5.09293e-02
 Reference value :  6.94293e-02
 Reference value :  8.88333e-02
 Reference value :  1.08205e-01
stdout No. of Data Rows : 60174
stdout sim_end = 1.200000000000e-01
stdout output_peak         =  1.21158e+01 at=  7.54315e-03
stdout output_floor        =  0.00000e+00 at=  4.00000e-08
stdout settled_min         =  1.19068e+01 at=  1.20000e-01
stdout settled_max         =  1.19080e+01 at=  1.05001e-01
stdout step_min            =  1.18942e+01 at=  2.50873e-02
stdout step_max            =  1.19718e+01 at=  5.50873e-02
stdout input_min           =  1.42576e+01 at=  1.12581e-01
stdout inductor_average_peak=  3.29670e+00 at=  7.43915e-03
stdout inductor_average_min=  -1.18504e-18 at=  3.10719e-03
stdout shunt_current_peak  =  1.48635e+00 at=  3.23315e-03
stdout shunt_current_min   =  -3.56261e-21 at=  3.10583e-03
stdout secondary_rms       =  1.07248e+01 from=  1.00000e-01 to=  1.20000e-01
