stdout Note: No compatibility mode selected!
stdout Circuit: jlc-100 u21 startup; engineering averaged controller, not ti vendor model
stdout Doing analysis at TEMP = 27.000000 and TNOM = 27.000000
stdout Using KLU as Direct Linear Solver
stdout Operating point simulation skipped by 'uic',
stdout now using transient initial conditions.
 Reference value :  4.39869e-03
 Reference value :  2.54724e-02
 Reference value :  4.57144e-02
 Reference value :  6.61024e-02
 Reference value :  8.65764e-02
 Reference value :  1.07238e-01
stdout No. of Data Rows : 60138
stdout sim_end = 1.200000000000e-01
stdout output_peak         =  1.22251e+01 at=  1.17724e-02
stdout output_floor        =  0.00000e+00 at=  4.00000e-08
stdout settled_min         =  1.19069e+01 at=  1.20000e-01
stdout settled_max         =  1.19072e+01 at=  1.05000e-01
stdout step_min            =  1.19135e+01 at=  6.49984e-02
stdout step_max            =  1.20351e+01 at=  2.40004e-02
stdout input_min           =  1.39292e+01 at=  1.12510e-01
stdout inductor_average_peak=  3.29670e+00 at=  6.70844e-03
stdout inductor_average_min=  -1.18504e-18 at=  3.10719e-03
stdout shunt_current_peak  =  1.50015e+00 at=  3.20669e-03
stdout shunt_current_min   =  -6.37452e-20 at=  3.10583e-03
stdout secondary_rms       =  1.14787e+01 from=  1.00000e-01 to=  1.20000e-01
