stdout Note: No compatibility mode selected!
stdout Circuit: jlc-100 u21 prebiased; engineering averaged controller, not ti vendor model
stdout Doing analysis at TEMP = 27.000000 and TNOM = 27.000000
stdout Using KLU as Direct Linear Solver
stdout Operating point simulation skipped by 'uic',
stdout now using transient initial conditions.
 Reference value :  1.67919e-02
 Reference value :  3.50146e-02
 Reference value :  5.39966e-02
 Reference value :  7.27366e-02
 Reference value :  9.18346e-02
 Reference value :  1.10599e-01
stdout No. of Data Rows : 60094
stdout sim_end = 1.200000000000e-01
stdout output_peak         =  1.19995e+01 at=  2.00000e-08
stdout output_floor        =  1.08067e+01 at=  3.10111e-02
stdout settled_min         =  1.19067e+01 at=  1.20000e-01
stdout settled_max         =  1.19067e+01 at=  1.05001e-01
stdout step_min            =  1.08067e+01 at=  3.10111e-02
stdout step_max            =  1.19211e+01 at=  3.14962e-02
stdout input_min           =  1.44966e+01 at=  1.10529e-01
stdout inductor_average_peak=  2.94809e+00 at=  3.13522e-02
stdout inductor_average_min=  -3.08791e-319 at=  1.94792e-03
stdout shunt_current_peak  =  1.48630e+00 at=  3.11335e-02
stdout shunt_current_min   =  3.23259e-04 at=  5.92000e-06
stdout secondary_rms       =  1.03793e+01 from=  1.00000e-01 to=  1.20000e-01
