stdout Note: No compatibility mode selected!
stdout Circuit: jlc-100 u21 loss_restart; engineering averaged controller, not ti vendor model
stdout Doing analysis at TEMP = 27.000000 and TNOM = 27.000000
stdout Using KLU as Direct Linear Solver
stdout Operating point simulation skipped by 'uic',
stdout now using transient initial conditions.
 Reference value :  1.36344e-02
 Reference value :  3.35173e-02
 Reference value :  5.22649e-02
 Reference value :  7.12009e-02
 Reference value :  9.12150e-02
 Reference value :  1.11281e-01
stdout No. of Data Rows : 60332
stdout sim_end = 1.200000000000e-01
stdout output_peak         =  1.22296e+01 at=  9.40790e-02
stdout output_floor        =  0.00000e+00 at=  4.00000e-08
stdout settled_min         =  1.19566e+01 at=  1.20000e-01
stdout settled_max         =  1.20506e+01 at=  1.05001e-01
stdout step_min            =  8.41691e-25 at=  6.49989e-02
stdout step_max            =  1.20351e+01 at=  2.40004e-02
stdout input_min           =  1.38336e+01 at=  1.12491e-01
stdout inductor_average_peak=  3.29670e+00 at=  8.90140e-02
stdout inductor_average_min=  -1.18504e-18 at=  3.10719e-03
stdout shunt_current_peak  =  1.50015e+00 at=  3.20669e-03
stdout shunt_current_min   =  -1.39154e-17 at=  8.54123e-02
stdout secondary_rms       =  1.20821e+01 from=  1.00000e-01 to=  1.20000e-01
