stdout Note: No compatibility mode selected!
stdout Circuit: jlc-100 u21 prebiased; engineering averaged controller, not ti vendor model
stdout Doing analysis at TEMP = 27.000000 and TNOM = 27.000000
stdout Using KLU as Direct Linear Solver
stdout Operating point simulation skipped by 'uic',
stdout now using transient initial conditions.
 Reference value :  1.59919e-02
 Reference value :  3.45781e-02
 Reference value :  5.36621e-02
 Reference value :  7.38501e-02
 Reference value :  9.45601e-02
 Reference value :  1.15040e-01
stdout No. of Data Rows : 60150
stdout sim_end = 1.200000000000e-01
stdout output_peak         =  1.19995e+01 at=  2.00000e-08
stdout output_floor        =  1.08749e+01 at=  2.92345e-02
stdout settled_min         =  1.19075e+01 at=  1.20000e-01
stdout settled_max         =  1.19076e+01 at=  1.05000e-01
stdout step_min            =  1.08749e+01 at=  2.92345e-02
stdout step_max            =  1.19155e+01 at=  2.97381e-02
stdout input_min           =  1.42575e+01 at=  1.12582e-01
stdout inductor_average_peak=  2.96230e+00 at=  2.95541e-02
stdout inductor_average_min=  -3.08791e-319 at=  1.94792e-03
stdout shunt_current_peak  =  1.48628e+00 at=  2.93683e-02
stdout shunt_current_min   =  3.23259e-04 at=  5.92000e-06
stdout secondary_rms       =  1.07248e+01 from=  1.00000e-01 to=  1.20000e-01
