stdout Note: No compatibility mode selected!
stdout Circuit: jlc-100 u21 startup; engineering averaged controller, not ti vendor model
stdout Doing analysis at TEMP = 27.000000 and TNOM = 27.000000
stdout Using KLU as Direct Linear Solver
stdout Operating point simulation skipped by 'uic',
stdout now using transient initial conditions.
 Reference value :  5.53926e-03
 Reference value :  2.59130e-02
 Reference value :  4.58010e-02
 Reference value :  6.56490e-02
 Reference value :  8.54370e-02
 Reference value :  1.04327e-01
stdout No. of Data Rows : 60068
stdout sim_end = 1.200000000000e-01
stdout output_peak         =  1.22255e+01 at=  1.14030e-02
stdout output_floor        =  0.00000e+00 at=  4.00000e-08
stdout settled_min         =  1.19073e+01 at=  1.20000e-01
stdout settled_max         =  1.19075e+01 at=  1.05001e-01
stdout step_min            =  1.19137e+01 at=  6.49990e-02
stdout step_max            =  1.20321e+01 at=  2.40010e-02
stdout input_min           =  1.41871e+01 at=  1.10471e-01
stdout inductor_average_peak=  3.29670e+00 at=  6.33901e-03
stdout inductor_average_min=  -1.21489e-18 at=  2.73924e-03
stdout shunt_current_peak  =  1.49999e+00 at=  2.83926e-03
stdout shunt_current_min   =  -6.37893e-20 at=  2.73761e-03
stdout secondary_rms       =  1.11397e+01 from=  1.00000e-01 to=  1.20000e-01
