stdout Note: No compatibility mode selected!
stdout Circuit: jlc-100 u21 startup; engineering averaged controller, not ti vendor model
stdout Doing analysis at TEMP = 27.000000 and TNOM = 27.000000
stdout Using KLU as Direct Linear Solver
stdout Operating point simulation skipped by 'uic',
stdout now using transient initial conditions.
 Reference value :  7.30033e-03
 Reference value :  2.73523e-02
 Reference value :  4.70803e-02
 Reference value :  6.73023e-02
 Reference value :  8.72063e-02
 Reference value :  1.06980e-01
stdout No. of Data Rows : 60136
stdout sim_end = 1.200000000000e-01
stdout output_peak         =  1.22240e+01 at=  1.20443e-02
stdout output_floor        =  0.00000e+00 at=  4.00000e-08
stdout settled_min         =  1.19030e+01 at=  1.18778e-01
stdout settled_max         =  1.19066e+01 at=  1.05000e-01
stdout step_min            =  1.19123e+01 at=  6.04523e-02
stdout step_max            =  1.20371e+01 at=  2.40003e-02
stdout input_min           =  1.13431e+01 at=  1.10442e-01
stdout inductor_average_peak=  3.29670e+00 at=  1.18923e-02
stdout inductor_average_min=  -9.70146e-19 at=  3.38078e-03
stdout shunt_current_peak  =  1.50009e+00 at=  3.48033e-03
stdout shunt_current_min   =  -6.37452e-20 at=  3.37986e-03
stdout secondary_rms       =  9.35512e+00 from=  1.00000e-01 to=  1.20000e-01
