ERC report (2026-09-07T13:53:55, Encoding UTF8)
Report includes: Errors

***** Sheet /

***** Sheet /Power_Supply/

***** Sheet /CPU_Interface/

***** Sheet /Sol_HighPower/

***** Sheet /Sol_LowPower/

***** Sheet /Sol_Flashers/

***** Sheet /Sol_GeneralPurpose/

***** Sheet /Lamp_Columns/

***** Sheet /Lamp_Rows/

***** Sheet /GI_Triacs/

 ** ERC messages: 0  Errors 0  Warnings 0

 ** Ignored checks:
    - Global label only appears once in the schematic
    - Four connection points are joined together
    - SPICE model issue
    - Library symbol issue
    - Footprint link issue
    - Assigned footprint doesn't match footprint filters
