stdout Note: No compatibility mode selected!
stdout Circuit: rom raw-write replay channel 4; bus.csv
stdout Doing analysis at TEMP = 27.000000 and TNOM = 27.000000
stdout Using SPARSE 1.3 as Direct Linear Solver
stdout Initial Transient Solution
stdout --------------------------
stdout Node                                   Voltage
stdout ----                                   -------
stdout rail                                        86
stdout cmd                                          0
stdout gateinput                                    0
stdout gate                                         0
stdout drain                                       86
stdout drainq                                      86
stdout coil                                        86
stdout diode                                       86
stdout lcoil#branch                      -1.17131e-09
stdout vdiode#branch                     -1.23872e-13
stdout vsense#branch                      1.17143e-09
stdout vcmd#branch                                  0
stdout vrail#branch                      -1.17131e-09
 Reference value :  0.00000e+00
 Reference value :  1.43478e-01
 Reference value :  2.87533e-01
 Reference value :  4.31368e-01
 Reference value :  5.74933e-01
 Reference value :  7.19433e-01
 Reference value :  8.63653e-01
 Reference value :  1.00826e+00
 Reference value :  1.15143e+00
 Reference value :  1.29605e+00
 Reference value :  1.44022e+00
 Reference value :  1.58462e+00
 Reference value :  1.72867e+00
 Reference value :  1.87286e+00
 Reference value :  2.01696e+00
 Reference value :  2.15530e+00
 Reference value :  2.29863e+00
 Reference value :  2.44192e+00
 Reference value :  2.58623e+00
 Reference value :  2.73064e+00
 Reference value :  2.87540e+00
 Reference value :  3.01968e+00
 Reference value :  3.16411e+00
 Reference value :  3.30841e+00
 Reference value :  3.45141e+00
 Reference value :  3.59519e+00
 Reference value :  3.72303e+00
 Reference value :  3.86697e+00
 Reference value :  4.01066e+00
 Reference value :  4.15425e+00
 Reference value :  4.29789e+00
 Reference value :  4.44172e+00
 Reference value :  4.58532e+00
 Reference value :  4.72793e+00
 Reference value :  4.87100e+00
 Reference value :  5.01446e+00
 Reference value :  5.15771e+00
 Reference value :  5.30108e+00
 Reference value :  5.44444e+00
 Reference value :  5.58815e+00
 Reference value :  5.73157e+00
 Reference value :  5.87493e+00
 Reference value :  6.01959e+00
 Reference value :  6.16385e+00
 Reference value :  6.30809e+00
 Reference value :  6.45165e+00
 Reference value :  6.59571e+00
 Reference value :  6.74024e+00
 Reference value :  6.88445e+00
 Reference value :  7.02742e+00
 Reference value :  7.17100e+00
 Reference value :  7.31464e+00
 Reference value :  7.45869e+00
 Reference value :  7.60189e+00
 Reference value :  7.74513e+00
 Reference value :  7.88866e+00
 Reference value :  8.03202e+00
 Reference value :  8.17515e+00
 Reference value :  8.31939e+00
 Reference value :  8.46374e+00
 Reference value :  8.60791e+00
 Reference value :  8.75135e+00
 Reference value :  8.89247e+00
 Reference value :  9.03591e+00
 Reference value :  9.17933e+00
 Reference value :  9.32190e+00
 Reference value :  9.46535e+00
 Reference value :  9.60934e+00
 Reference value :  9.75281e+00
 Reference value :  9.89585e+00
 Reference value :  1.00393e+01
 Reference value :  1.01830e+01
stdout No. of Data Rows : 2046458
stdout sim_end = 1.023000000000e+01
stdout vds_peak            =  8.76814e+01 at=  1.02000e+01
stdout vgs_peak            =  4.44127e+00 at=  1.01345e+01
stdout p_avg               =  3.92537e-02 from=  2.00000e-01 to=  1.02000e+01
stdout id_avg              =  2.32946e-12 from=  2.00000e-01 to=  1.02000e+01
stdout id_terminal_avg     =  1.69358e-05 from=  2.00000e-01 to=  1.02000e+01
stdout i_peak              =  2.26811e+01 at=  1.01946e+01
stdout coil_peak           =  2.26760e+01 at=  1.02000e+01
stdout tj_repeating = 5.243372878000e+01
