stdout Note: No compatibility mode selected!
stdout Circuit: rom raw-write replay channel 3; bus.csv
stdout Doing analysis at TEMP = 27.000000 and TNOM = 27.000000
stdout Using SPARSE 1.3 as Direct Linear Solver
stdout Initial Transient Solution
stdout --------------------------
stdout Node                                   Voltage
stdout ----                                   -------
stdout rail                                        86
stdout cmd                                          0
stdout gateinput                                    0
stdout gate                                         0
stdout drain                                       86
stdout drainq                                      86
stdout coil                                        86
stdout diode                                       86
stdout lcoil#branch                      -1.17131e-09
stdout vdiode#branch                     -1.23872e-13
stdout vsense#branch                      1.17143e-09
stdout vcmd#branch                                  0
stdout vrail#branch                      -1.17131e-09
 Reference value :  0.00000e+00
 Reference value :  1.44393e-01
 Reference value :  2.88798e-01
 Reference value :  4.33883e-01
 Reference value :  5.79153e-01
 Reference value :  7.25113e-01
 Reference value :  8.71038e-01
 Reference value :  1.01713e+00
 Reference value :  1.16188e+00
 Reference value :  1.30731e+00
 Reference value :  1.45328e+00
 Reference value :  1.59918e+00
 Reference value :  1.74523e+00
 Reference value :  1.89090e+00
 Reference value :  2.03615e+00
 Reference value :  2.17537e+00
 Reference value :  2.31946e+00
 Reference value :  2.46409e+00
 Reference value :  2.60886e+00
 Reference value :  2.75498e+00
 Reference value :  2.90095e+00
 Reference value :  3.04679e+00
 Reference value :  3.19255e+00
 Reference value :  3.33831e+00
 Reference value :  3.48420e+00
 Reference value :  3.62971e+00
 Reference value :  3.77570e+00
 Reference value :  3.92041e+00
 Reference value :  4.06436e+00
 Reference value :  4.20945e+00
 Reference value :  4.35438e+00
 Reference value :  4.49934e+00
 Reference value :  4.64379e+00
 Reference value :  4.78822e+00
 Reference value :  4.93322e+00
 Reference value :  5.07778e+00
 Reference value :  5.22229e+00
 Reference value :  5.36695e+00
 Reference value :  5.51187e+00
 Reference value :  5.65644e+00
 Reference value :  5.80087e+00
 Reference value :  5.94520e+00
 Reference value :  6.08990e+00
 Reference value :  6.23461e+00
 Reference value :  6.37934e+00
 Reference value :  6.52427e+00
 Reference value :  6.66880e+00
 Reference value :  6.81360e+00
 Reference value :  6.95850e+00
 Reference value :  7.10322e+00
 Reference value :  7.24768e+00
 Reference value :  7.39261e+00
 Reference value :  7.53794e+00
 Reference value :  7.68344e+00
 Reference value :  7.82806e+00
 Reference value :  7.97246e+00
 Reference value :  8.11690e+00
 Reference value :  8.26181e+00
 Reference value :  8.40731e+00
 Reference value :  8.55255e+00
 Reference value :  8.69810e+00
 Reference value :  8.84375e+00
 Reference value :  8.98955e+00
 Reference value :  9.13491e+00
 Reference value :  9.27919e+00
 Reference value :  9.42338e+00
 Reference value :  9.56712e+00
 Reference value :  9.71156e+00
 Reference value :  9.85518e+00
 Reference value :  9.99986e+00
 Reference value :  1.01441e+01
stdout No. of Data Rows : 2046458
stdout sim_end = 1.023000000000e+01
stdout vds_peak            =  8.76814e+01 at=  1.02000e+01
stdout vgs_peak            =  4.44127e+00 at=  1.01345e+01
stdout p_avg               =  3.92569e-02 from=  2.00000e-01 to=  1.02000e+01
stdout id_avg              =  2.32946e-12 from=  2.00000e-01 to=  1.02000e+01
stdout id_terminal_avg     =  1.69371e-05 from=  2.00000e-01 to=  1.02000e+01
stdout i_peak              =  2.26811e+01 at=  1.01946e+01
stdout coil_peak           =  2.26760e+01 at=  1.02000e+01
stdout tj_repeating = 5.243392904000e+01
