stdout Note: No compatibility mode selected!
stdout Circuit: rom raw-write replay channel 9; bus.csv
stdout Doing analysis at TEMP = 27.000000 and TNOM = 27.000000
stdout Using SPARSE 1.3 as Direct Linear Solver
stdout Initial Transient Solution
stdout --------------------------
stdout Node                                   Voltage
stdout ----                                   -------
stdout rail                                        86
stdout cmd                                          0
stdout gateinput                                    0
stdout gate                                         0
stdout drain                                       86
stdout drainq                                      86
stdout coil                                        86
stdout diode                                       86
stdout lcoil#branch                      -1.17162e-09
stdout vdiode#branch                      1.92088e-13
stdout vsense#branch                      1.17143e-09
stdout vcmd#branch                                  0
stdout vrail#branch                      -1.17162e-09
 Reference value :  0.00000e+00
 Reference value :  1.43448e-01
 Reference value :  2.86401e-01
 Reference value :  4.30075e-01
 Reference value :  5.73375e-01
 Reference value :  7.17560e-01
 Reference value :  8.61290e-01
 Reference value :  1.00402e+00
 Reference value :  1.14718e+00
 Reference value :  1.29114e+00
 Reference value :  1.43525e+00
 Reference value :  1.57902e+00
 Reference value :  1.72160e+00
 Reference value :  1.86423e+00
 Reference value :  2.00694e+00
 Reference value :  2.14242e+00
 Reference value :  2.28468e+00
 Reference value :  2.42461e+00
 Reference value :  2.56739e+00
 Reference value :  2.71009e+00
 Reference value :  2.85368e+00
 Reference value :  2.99627e+00
 Reference value :  3.13843e+00
 Reference value :  3.28042e+00
 Reference value :  3.42314e+00
 Reference value :  3.56564e+00
 Reference value :  3.70757e+00
 Reference value :  3.84970e+00
 Reference value :  3.99212e+00
 Reference value :  4.13458e+00
 Reference value :  4.27719e+00
 Reference value :  4.41956e+00
 Reference value :  4.56212e+00
 Reference value :  4.70456e+00
 Reference value :  4.84720e+00
 Reference value :  4.99099e+00
 Reference value :  5.13439e+00
 Reference value :  5.27800e+00
 Reference value :  5.42151e+00
 Reference value :  5.56421e+00
 Reference value :  5.70650e+00
 Reference value :  5.84896e+00
 Reference value :  5.99107e+00
 Reference value :  6.13371e+00
 Reference value :  6.27506e+00
 Reference value :  6.41630e+00
 Reference value :  6.55635e+00
 Reference value :  6.69884e+00
 Reference value :  6.83946e+00
 Reference value :  6.98116e+00
 Reference value :  7.12229e+00
 Reference value :  7.26380e+00
 Reference value :  7.40547e+00
 Reference value :  7.54724e+00
 Reference value :  7.68886e+00
 Reference value :  7.83054e+00
 Reference value :  7.97214e+00
 Reference value :  8.11413e+00
 Reference value :  8.25518e+00
 Reference value :  8.39693e+00
 Reference value :  8.53829e+00
 Reference value :  8.68021e+00
 Reference value :  8.82153e+00
 Reference value :  8.96195e+00
 Reference value :  9.10289e+00
 Reference value :  9.24482e+00
 Reference value :  9.38612e+00
 Reference value :  9.52758e+00
 Reference value :  9.66923e+00
 Reference value :  9.81083e+00
 Reference value :  9.95289e+00
 Reference value :  1.00943e+01
stdout No. of Data Rows : 2046246
stdout sim_end = 1.023000000000e+01
stdout vds_peak            =  8.72228e+01 at=  8.98098e+00
stdout vgs_peak            =  4.44129e+00 at=  2.00009e-01
stdout p_avg               =  1.81543e-02 from=  2.00000e-01 to=  1.02000e+01
stdout id_avg              =  6.47958e-03 from=  2.00000e-01 to=  1.02000e+01
stdout id_terminal_avg     =  7.47051e-03 from=  2.00000e-01 to=  1.02000e+01
stdout i_peak              =  8.84158e+00 at=  2.47238e-01
stdout coil_peak           =  8.83641e+00 at=  2.64680e-01
stdout tj_repeating = 5.112556412000e+01
