stdout Note: No compatibility mode selected!
stdout Circuit: rom raw-write replay channel 14; bus.csv
stdout Doing analysis at TEMP = 27.000000 and TNOM = 27.000000
stdout Using SPARSE 1.3 as Direct Linear Solver
stdout Initial Transient Solution
stdout --------------------------
stdout Node                                   Voltage
stdout ----                                   -------
stdout rail                                        86
stdout cmd                                          0
stdout gateinput                                    0
stdout gate                                         0
stdout drain                                       86
stdout drainq                                      86
stdout coil                                        86
stdout diode                                       86
stdout lcoil#branch                      -1.17162e-09
stdout vdiode#branch                      1.92088e-13
stdout vsense#branch                      1.17143e-09
stdout vcmd#branch                                  0
stdout vrail#branch                      -1.17162e-09
 Reference value :  0.00000e+00
 Reference value :  1.41583e-01
 Reference value :  2.82860e-01
 Reference value :  4.26129e-01
 Reference value :  5.67979e-01
 Reference value :  7.03329e-01
 Reference value :  8.43199e-01
 Reference value :  9.89209e-01
 Reference value :  1.13457e+00
 Reference value :  1.28257e+00
 Reference value :  1.43048e+00
 Reference value :  1.57729e+00
 Reference value :  1.72364e+00
 Reference value :  1.87018e+00
 Reference value :  2.01662e+00
 Reference value :  2.15635e+00
 Reference value :  2.30166e+00
 Reference value :  2.44715e+00
 Reference value :  2.58739e+00
 Reference value :  2.72914e+00
 Reference value :  2.86763e+00
 Reference value :  3.00451e+00
 Reference value :  3.14148e+00
 Reference value :  3.27890e+00
 Reference value :  3.41497e+00
 Reference value :  3.55219e+00
 Reference value :  3.68916e+00
 Reference value :  3.82618e+00
 Reference value :  3.96406e+00
 Reference value :  4.10064e+00
 Reference value :  4.23765e+00
 Reference value :  4.37454e+00
 Reference value :  4.51298e+00
 Reference value :  4.65066e+00
 Reference value :  4.78773e+00
 Reference value :  4.92138e+00
 Reference value :  5.05429e+00
 Reference value :  5.18822e+00
 Reference value :  5.32279e+00
 Reference value :  5.45677e+00
 Reference value :  5.59080e+00
 Reference value :  5.72402e+00
 Reference value :  5.86010e+00
 Reference value :  5.99717e+00
 Reference value :  6.13605e+00
 Reference value :  6.27569e+00
 Reference value :  6.41443e+00
 Reference value :  6.55295e+00
 Reference value :  6.69272e+00
 Reference value :  6.83096e+00
 Reference value :  6.96804e+00
 Reference value :  7.10773e+00
 Reference value :  7.24570e+00
 Reference value :  7.38484e+00
 Reference value :  7.52361e+00
 Reference value :  7.66207e+00
 Reference value :  7.80203e+00
 Reference value :  7.94172e+00
 Reference value :  8.08097e+00
 Reference value :  8.21808e+00
 Reference value :  8.35706e+00
 Reference value :  8.49679e+00
 Reference value :  8.63656e+00
 Reference value :  8.77594e+00
 Reference value :  8.91482e+00
 Reference value :  9.05394e+00
 Reference value :  9.19311e+00
 Reference value :  9.33339e+00
 Reference value :  9.47318e+00
 Reference value :  9.61286e+00
 Reference value :  9.74844e+00
 Reference value :  9.88131e+00
 Reference value :  1.00170e+01
 Reference value :  1.01527e+01
stdout No. of Data Rows : 2046246
stdout sim_end = 1.023000000000e+01
stdout vds_peak            =  8.72229e+01 at=  7.59740e+00
stdout vgs_peak            =  4.44129e+00 at=  2.00009e-01
stdout p_avg               =  1.81237e-02 from=  2.00000e-01 to=  1.02000e+01
stdout id_avg              =  6.47958e-03 from=  2.00000e-01 to=  1.02000e+01
stdout id_terminal_avg     =  7.47290e-03 from=  2.00000e-01 to=  1.02000e+01
stdout i_peak              =  8.84158e+00 at=  2.47238e-01
stdout coil_peak           =  8.83641e+00 at=  8.94820e+00
stdout tj_repeating = 5.112366878000e+01
