stdout Note: No compatibility mode selected!
stdout Circuit: rom raw-write replay channel 16; bus.csv
stdout Doing analysis at TEMP = 27.000000 and TNOM = 27.000000
stdout Using SPARSE 1.3 as Direct Linear Solver
stdout Initial Transient Solution
stdout --------------------------
stdout Node                                   Voltage
stdout ----                                   -------
stdout rail                                        86
stdout cmd                                          0
stdout gateinput                                    0
stdout gate                                         0
stdout drain                                       86
stdout drainq                                      86
stdout coil                                        86
stdout diode                                       86
stdout lcoil#branch                      -1.17131e-09
stdout vdiode#branch                     -1.23872e-13
stdout vsense#branch                      1.17143e-09
stdout vcmd#branch                                  0
stdout vrail#branch                      -1.17131e-09
 Reference value :  0.00000e+00
 Reference value :  1.49688e-01
 Reference value :  2.85787e-01
 Reference value :  4.04992e-01
 Reference value :  5.24502e-01
 Reference value :  6.44397e-01
 Reference value :  7.64142e-01
 Reference value :  8.84807e-01
 Reference value :  1.00506e+00
 Reference value :  1.12391e+00
 Reference value :  1.24379e+00
 Reference value :  1.36331e+00
 Reference value :  1.48288e+00
 Reference value :  1.60244e+00
 Reference value :  1.72257e+00
 Reference value :  1.84412e+00
 Reference value :  1.96340e+00
 Reference value :  2.08647e+00
 Reference value :  2.21664e+00
 Reference value :  2.35081e+00
 Reference value :  2.48987e+00
 Reference value :  2.63088e+00
 Reference value :  2.77490e+00
 Reference value :  2.92157e+00
 Reference value :  3.06376e+00
 Reference value :  3.20519e+00
 Reference value :  3.35425e+00
 Reference value :  3.50259e+00
 Reference value :  3.64710e+00
 Reference value :  3.79011e+00
 Reference value :  3.93993e+00
 Reference value :  4.09020e+00
 Reference value :  4.22884e+00
 Reference value :  4.37842e+00
 Reference value :  4.52718e+00
 Reference value :  4.67573e+00
 Reference value :  4.82415e+00
 Reference value :  4.97254e+00
 Reference value :  5.12144e+00
 Reference value :  5.26968e+00
 Reference value :  5.41794e+00
 Reference value :  5.56676e+00
 Reference value :  5.71574e+00
 Reference value :  5.86493e+00
 Reference value :  6.01381e+00
 Reference value :  6.16257e+00
 Reference value :  6.30855e+00
 Reference value :  6.45312e+00
 Reference value :  6.60214e+00
 Reference value :  6.75129e+00
 Reference value :  6.90068e+00
 Reference value :  7.02327e+00
 Reference value :  7.17047e+00
 Reference value :  7.31701e+00
 Reference value :  7.46394e+00
 Reference value :  7.61103e+00
 Reference value :  7.75642e+00
 Reference value :  7.88205e+00
 Reference value :  8.02903e+00
 Reference value :  8.17622e+00
 Reference value :  8.32353e+00
 Reference value :  8.47027e+00
 Reference value :  8.61655e+00
 Reference value :  8.76336e+00
 Reference value :  8.91034e+00
 Reference value :  9.05703e+00
 Reference value :  9.20342e+00
 Reference value :  9.34951e+00
 Reference value :  9.49592e+00
 Reference value :  9.64200e+00
 Reference value :  9.78835e+00
 Reference value :  9.93413e+00
 Reference value :  1.00805e+01
 Reference value :  1.02265e+01
stdout No. of Data Rows : 2046453
stdout sim_end = 1.023000000000e+01
stdout vds_peak            =  8.76857e+01 at=  2.31919e-01
stdout vgs_peak            =  4.44127e+00 at=  2.00009e-01
stdout p_avg               =  1.77649e-02 from=  2.00000e-01 to=  1.02000e+01
stdout id_avg              =  6.79762e-03 from=  2.00000e-01 to=  1.02000e+01
stdout id_terminal_avg     =  9.32426e-03 from=  2.00000e-01 to=  1.02000e+01
stdout i_peak              =  2.26802e+01 at=  2.31908e-01
stdout coil_peak           =  2.26750e+01 at=  2.31913e-01
stdout tj_repeating = 5.110142070000e+01
