stdout Note: No compatibility mode selected!
stdout Circuit: rom raw-write replay channel 12; bus.csv
stdout Doing analysis at TEMP = 27.000000 and TNOM = 27.000000
stdout Using SPARSE 1.3 as Direct Linear Solver
stdout Initial Transient Solution
stdout --------------------------
stdout Node                                   Voltage
stdout ----                                   -------
stdout rail                                        86
stdout cmd                                          0
stdout gateinput                                    0
stdout gate                                         0
stdout drain                                       86
stdout drainq                                      86
stdout coil                                        86
stdout diode                                       86
stdout lcoil#branch                      -1.17162e-09
stdout vdiode#branch                      1.92088e-13
stdout vsense#branch                      1.17143e-09
stdout vcmd#branch                                  0
stdout vrail#branch                      -1.17162e-09
 Reference value :  0.00000e+00
 Reference value :  1.45248e-01
 Reference value :  2.90118e-01
 Reference value :  4.35603e-01
 Reference value :  5.74383e-01
 Reference value :  7.19553e-01
 Reference value :  8.64888e-01
 Reference value :  1.01078e+00
 Reference value :  1.15547e+00
 Reference value :  1.30143e+00
 Reference value :  1.44748e+00
 Reference value :  1.59336e+00
 Reference value :  1.73917e+00
 Reference value :  1.88516e+00
 Reference value :  2.03131e+00
 Reference value :  2.17082e+00
 Reference value :  2.31584e+00
 Reference value :  2.46122e+00
 Reference value :  2.60634e+00
 Reference value :  2.75141e+00
 Reference value :  2.89607e+00
 Reference value :  3.04115e+00
 Reference value :  3.18635e+00
 Reference value :  3.33143e+00
 Reference value :  3.47626e+00
 Reference value :  3.62086e+00
 Reference value :  3.76565e+00
 Reference value :  3.91075e+00
 Reference value :  4.05565e+00
 Reference value :  4.20078e+00
 Reference value :  4.34572e+00
 Reference value :  4.49061e+00
 Reference value :  4.63531e+00
 Reference value :  4.78038e+00
 Reference value :  4.92536e+00
 Reference value :  5.07032e+00
 Reference value :  5.21488e+00
 Reference value :  5.35940e+00
 Reference value :  5.50425e+00
 Reference value :  5.64907e+00
 Reference value :  5.79377e+00
 Reference value :  5.93773e+00
 Reference value :  6.08329e+00
 Reference value :  6.22873e+00
 Reference value :  6.37405e+00
 Reference value :  6.51962e+00
 Reference value :  6.66537e+00
 Reference value :  6.81094e+00
 Reference value :  6.95583e+00
 Reference value :  7.10049e+00
 Reference value :  7.24550e+00
 Reference value :  7.39062e+00
 Reference value :  7.53553e+00
 Reference value :  7.67919e+00
 Reference value :  7.82416e+00
 Reference value :  7.96928e+00
 Reference value :  8.11396e+00
 Reference value :  8.25925e+00
 Reference value :  8.40431e+00
 Reference value :  8.54923e+00
 Reference value :  8.69430e+00
 Reference value :  8.83875e+00
 Reference value :  8.98254e+00
 Reference value :  9.12723e+00
 Reference value :  9.27187e+00
 Reference value :  9.41675e+00
 Reference value :  9.56145e+00
 Reference value :  9.70635e+00
 Reference value :  9.85112e+00
 Reference value :  9.99582e+00
 Reference value :  1.01406e+01
stdout No. of Data Rows : 2046246
stdout sim_end = 1.023000000000e+01
stdout vds_peak            =  8.72228e+01 at=  7.60677e+00
stdout vgs_peak            =  4.44129e+00 at=  2.00009e-01
stdout p_avg               =  1.81545e-02 from=  2.00000e-01 to=  1.02000e+01
stdout id_avg              =  6.47958e-03 from=  2.00000e-01 to=  1.02000e+01
stdout id_terminal_avg     =  7.47127e-03 from=  2.00000e-01 to=  1.02000e+01
stdout i_peak              =  8.84158e+00 at=  8.93076e+00
stdout coil_peak           =  8.83641e+00 at=  8.94820e+00
stdout tj_repeating = 5.112557652000e+01
