stdout Note: No compatibility mode selected!
stdout Circuit: rom raw-write replay channel 13; bus.csv
stdout Doing analysis at TEMP = 27.000000 and TNOM = 27.000000
stdout Using SPARSE 1.3 as Direct Linear Solver
stdout Initial Transient Solution
stdout --------------------------
stdout Node                                   Voltage
stdout ----                                   -------
stdout rail                                        86
stdout cmd                                          0
stdout gateinput                                    0
stdout gate                                         0
stdout drain                                       86
stdout drainq                                      86
stdout coil                                        86
stdout diode                                       86
stdout lcoil#branch                      -1.17162e-09
stdout vdiode#branch                      1.92088e-13
stdout vsense#branch                      1.17143e-09
stdout vcmd#branch                                  0
stdout vrail#branch                      -1.17162e-09
 Reference value :  0.00000e+00
 Reference value :  1.45173e-01
 Reference value :  2.90228e-01
 Reference value :  4.35613e-01
 Reference value :  5.81178e-01
 Reference value :  7.27408e-01
 Reference value :  8.73678e-01
 Reference value :  1.01942e+00
 Reference value :  1.16407e+00
 Reference value :  1.31012e+00
 Reference value :  1.45535e+00
 Reference value :  1.60134e+00
 Reference value :  1.74631e+00
 Reference value :  1.88700e+00
 Reference value :  2.02845e+00
 Reference value :  2.16072e+00
 Reference value :  2.30042e+00
 Reference value :  2.44077e+00
 Reference value :  2.57743e+00
 Reference value :  2.71491e+00
 Reference value :  2.85161e+00
 Reference value :  2.98912e+00
 Reference value :  3.12770e+00
 Reference value :  3.26844e+00
 Reference value :  3.40728e+00
 Reference value :  3.54546e+00
 Reference value :  3.68431e+00
 Reference value :  3.82283e+00
 Reference value :  3.96144e+00
 Reference value :  4.09959e+00
 Reference value :  4.23709e+00
 Reference value :  4.37469e+00
 Reference value :  4.51479e+00
 Reference value :  4.66022e+00
 Reference value :  4.79997e+00
 Reference value :  4.93698e+00
 Reference value :  5.07453e+00
 Reference value :  5.21279e+00
 Reference value :  5.35534e+00
 Reference value :  5.49211e+00
 Reference value :  5.62882e+00
 Reference value :  5.76979e+00
 Reference value :  5.91234e+00
 Reference value :  6.05721e+00
 Reference value :  6.20166e+00
 Reference value :  6.34464e+00
 Reference value :  6.47230e+00
 Reference value :  6.61552e+00
 Reference value :  6.75923e+00
 Reference value :  6.90429e+00
 Reference value :  7.04882e+00
 Reference value :  7.19153e+00
 Reference value :  7.33572e+00
 Reference value :  7.48031e+00
 Reference value :  7.62505e+00
 Reference value :  7.76953e+00
 Reference value :  7.91413e+00
 Reference value :  8.05837e+00
 Reference value :  8.20276e+00
 Reference value :  8.34674e+00
 Reference value :  8.49171e+00
 Reference value :  8.63294e+00
 Reference value :  8.77409e+00
 Reference value :  8.91458e+00
 Reference value :  9.04096e+00
 Reference value :  9.18409e+00
 Reference value :  9.32643e+00
 Reference value :  9.46958e+00
 Reference value :  9.61170e+00
 Reference value :  9.75318e+00
 Reference value :  9.89413e+00
 Reference value :  1.00346e+01
 Reference value :  1.01753e+01
stdout No. of Data Rows : 2046246
stdout sim_end = 1.023000000000e+01
stdout vds_peak            =  8.72229e+01 at=  1.61400e+00
stdout vgs_peak            =  4.44129e+00 at=  1.54964e+00
stdout p_avg               =  1.80690e-02 from=  2.00000e-01 to=  1.02000e+01
stdout id_avg              =  6.47958e-03 from=  2.00000e-01 to=  1.02000e+01
stdout id_terminal_avg     =  7.47431e-03 from=  2.00000e-01 to=  1.02000e+01
stdout i_peak              =  8.84158e+00 at=  2.47238e-01
stdout coil_peak           =  8.83641e+00 at=  8.96433e+00
stdout tj_repeating = 5.112027614000e+01
