stdout Note: No compatibility mode selected!
stdout Circuit: bridge loss sensitivity: br1 stps20m100st to220 with individual boyd 577202b00000g sinks. other low-voltage bridges stps20m100sg d2pak. 50 c ambient. electrical winding/load assumptions remain to be measured. d2pak lumped temperatures are screening estimates; geometry thermal_mesh.py is the separate layout assessment.
stdout Doing analysis at TEMP = 27.000000 and TNOM = 27.000000
stdout Using SPARSE 1.3 as Direct Linear Solver
stdout Operating point simulation skipped by 'uic',
stdout now using transient initial conditions.
 Reference value :  4.66659e-03
 Reference value :  7.63069e-02
 Reference value :  1.47596e-01
 Reference value :  2.18297e-01
 Reference value :  2.90317e-01
 Reference value :  3.62097e-01
 Reference value :  4.33257e-01
 Reference value :  5.04697e-01
 Reference value :  5.75697e-01
 Reference value :  6.46537e-01
 Reference value :  7.17277e-01
 Reference value :  7.88337e-01
 Reference value :  8.58177e-01
 Reference value :  9.29457e-01
stdout No. of Data Rows : 50067
stdout rms_18a_c6          =  3.50917e+00 from=  8.00000e-01 to=  1.00000e+00
stdout dc_18a_c6           =  2.14431e-04 from=  8.00000e-01 to=  1.00000e+00
stdout rms_18a_c7          =  5.34925e+00 from=  8.00000e-01 to=  1.00000e+00
stdout dc_18a_c7           =  3.21199e-04 from=  8.00000e-01 to=  1.00000e+00
stdout rms_18b_c6          =  1.97631e+00 from=  8.00000e-01 to=  1.00000e+00
stdout dc_18b_c6           =  1.01686e-04 from=  8.00000e-01 to=  1.00000e+00
stdout rms_18b_c7          =  3.03114e+00 from=  8.00000e-01 to=  1.00000e+00
stdout dc_18b_c7           =  1.52529e-04 from=  8.00000e-01 to=  1.00000e+00
stdout rms_20a_c11         =  4.33101e+00 from=  8.00000e-01 to=  1.00000e+00
stdout dc_20a_c11          =  2.11846e-04 from=  8.00000e-01 to=  1.00000e+00
stdout rms_20b_c11         =  7.33329e+00 from=  8.00000e-01 to=  1.00000e+00
stdout dc_20b_c11          =  4.23693e-04 from=  8.00000e-01 to=  1.00000e+00
stdout rms_5a_c5           =  2.85879e+00 from=  8.00000e-01 to=  1.00000e+00
stdout dc_5a_c5            =  1.48755e-04 from=  8.00000e-01 to=  1.00000e+00
stdout rms_12a_c30         =  3.08116e+00 from=  8.00000e-01 to=  1.00000e+00
stdout dc_12a_c30          =  2.11846e-04 from=  8.00000e-01 to=  1.00000e+00
