stdout Note: No compatibility mode selected!
stdout Circuit: bridge loss sensitivity: br1 stps20m100st to220 with individual boyd 577202b00000g sinks. other low-voltage bridges stps20m100sg d2pak. 50 c ambient. electrical winding/load assumptions remain to be measured. d2pak lumped temperatures are screening estimates; geometry thermal_mesh.py is the separate layout assessment.
stdout Doing analysis at TEMP = 27.000000 and TNOM = 27.000000
stdout Using SPARSE 1.3 as Direct Linear Solver
stdout Operating point simulation skipped by 'uic',
stdout now using transient initial conditions.
 Reference value :  6.52899e-02
 Reference value :  1.37320e-01
 Reference value :  2.10578e-01
 Reference value :  2.84395e-01
 Reference value :  3.56835e-01
 Reference value :  4.31695e-01
 Reference value :  5.05515e-01
 Reference value :  5.79615e-01
 Reference value :  6.53015e-01
 Reference value :  7.27075e-01
 Reference value :  8.00715e-01
 Reference value :  8.74195e-01
 Reference value :  9.47455e-01
stdout No. of Data Rows : 50063
stdout rms_18a_c6          =  3.82460e+00 from=  8.00000e-01 to=  1.00000e+00
stdout dc_18a_c6           =  2.07450e-04 from=  8.00000e-01 to=  1.00000e+00
stdout rms_18a_c7          =  5.83079e+00 from=  8.00000e-01 to=  1.00000e+00
stdout dc_18a_c7           =  3.10730e-04 from=  8.00000e-01 to=  1.00000e+00
stdout rms_18b_c6          =  2.01986e+00 from=  8.00000e-01 to=  1.00000e+00
stdout dc_18b_c6           =  9.06478e-05 from=  8.00000e-01 to=  1.00000e+00
stdout rms_18b_c7          =  3.10102e+00 from=  8.00000e-01 to=  1.00000e+00
stdout dc_18b_c7           =  1.35972e-04 from=  8.00000e-01 to=  1.00000e+00
stdout rms_20a_c11         =  4.42940e+00 from=  8.00000e-01 to=  1.00000e+00
stdout dc_20a_c11          =  1.88850e-04 from=  8.00000e-01 to=  1.00000e+00
stdout rms_20b_c11         =  7.52023e+00 from=  8.00000e-01 to=  1.00000e+00
stdout dc_20b_c11          =  3.77699e-04 from=  8.00000e-01 to=  1.00000e+00
stdout rms_5a_c5           =  2.65152e+00 from=  8.00000e-01 to=  1.00000e+00
stdout dc_5a_c5            =  1.16687e-04 from=  8.00000e-01 to=  1.00000e+00
stdout rms_12a_c30         =  3.16641e+00 from=  8.00000e-01 to=  1.00000e+00
stdout dc_12a_c30          =  1.88850e-04 from=  8.00000e-01 to=  1.00000e+00
