stdout Note: No compatibility mode selected!
stdout Circuit: bridge loss sensitivity: br1 stps20m100st to220 with individual boyd 577202b00000g sinks. other low-voltage bridges stps20m100sg d2pak. 50 c ambient. electrical winding/load assumptions remain to be measured. d2pak lumped temperatures are screening estimates; geometry thermal_mesh.py is the separate layout assessment.
stdout Doing analysis at TEMP = 27.000000 and TNOM = 27.000000
stdout Using SPARSE 1.3 as Direct Linear Solver
stdout Operating point simulation skipped by 'uic',
stdout now using transient initial conditions.
 Reference value :  2.23695e-02
 Reference value :  9.53138e-02
 Reference value :  1.68156e-01
 Reference value :  2.37636e-01
 Reference value :  2.99576e-01
 Reference value :  3.72676e-01
 Reference value :  4.46436e-01
 Reference value :  5.19956e-01
 Reference value :  5.92776e-01
 Reference value :  6.66296e-01
 Reference value :  7.39176e-01
 Reference value :  8.12156e-01
 Reference value :  8.84756e-01
 Reference value :  9.57676e-01
stdout No. of Data Rows : 50020
stdout rms_18a_c6          =  4.10428e+00 from=  8.00000e-01 to=  1.00000e+00
stdout dc_18a_c6           =  2.53483e-04 from=  8.00000e-01 to=  1.00000e+00
stdout rms_18a_c7          =  4.10428e+00 from=  8.00000e-01 to=  1.00000e+00
stdout dc_18a_c7           =  2.53483e-04 from=  8.00000e-01 to=  1.00000e+00
stdout rms_18b_c6          =  2.38498e+00 from=  8.00000e-01 to=  1.00000e+00
stdout dc_18b_c6           =  1.23407e-04 from=  8.00000e-01 to=  1.00000e+00
stdout rms_18b_c7          =  2.38498e+00 from=  8.00000e-01 to=  1.00000e+00
stdout dc_18b_c7           =  1.23407e-04 from=  8.00000e-01 to=  1.00000e+00
stdout rms_20a_c11         =  4.08837e+00 from=  8.00000e-01 to=  1.00000e+00
stdout dc_20a_c11          =  2.05679e-04 from=  8.00000e-01 to=  1.00000e+00
stdout rms_20b_c11         =  6.90487e+00 from=  8.00000e-01 to=  1.00000e+00
stdout dc_20b_c11          =  4.11357e-04 from=  8.00000e-01 to=  1.00000e+00
stdout rms_5a_c5           =  2.75747e+00 from=  8.00000e-01 to=  1.00000e+00
stdout dc_5a_c5            =  1.48062e-04 from=  8.00000e-01 to=  1.00000e+00
stdout rms_12a_c30         =  3.00176e+00 from=  8.00000e-01 to=  1.00000e+00
stdout dc_12a_c30          =  2.05679e-04 from=  8.00000e-01 to=  1.00000e+00
