stdout Note: No compatibility mode selected!
stdout Circuit: bridge loss sensitivity: br1 stps20m100st to220 with individual boyd 577202b00000g sinks. other low-voltage bridges stps20m100sg d2pak. 50 c ambient. electrical winding/load assumptions remain to be measured. d2pak lumped temperatures are screening estimates; geometry thermal_mesh.py is the separate layout assessment.
stdout Doing analysis at TEMP = 27.000000 and TNOM = 27.000000
stdout Using SPARSE 1.3 as Direct Linear Solver
stdout Operating point simulation skipped by 'uic',
stdout now using transient initial conditions.
 Reference value :  6.45228e-02
 Reference value :  1.36108e-01
 Reference value :  2.07309e-01
 Reference value :  2.78327e-01
 Reference value :  3.48790e-01
 Reference value :  4.18089e-01
 Reference value :  4.87422e-01
 Reference value :  5.57890e-01
 Reference value :  6.28832e-01
 Reference value :  6.99492e-01
 Reference value :  7.69832e-01
 Reference value :  8.40612e-01
 Reference value :  9.11512e-01
 Reference value :  9.80572e-01
stdout No. of Data Rows : 50083
stdout rms_18a_c6          =  3.55380e+00 from=  8.00000e-01 to=  1.00000e+00
stdout dc_18a_c6           =  1.63077e-04 from=  8.00000e-01 to=  1.00000e+00
stdout rms_18a_c7          =  5.69891e+00 from=  8.00000e-01 to=  1.00000e+00
stdout dc_18a_c7           =  2.45055e-04 from=  8.00000e-01 to=  1.00000e+00
stdout rms_18b_c6          =  1.89598e+00 from=  8.00000e-01 to=  1.00000e+00
stdout dc_18b_c6           =  7.22787e-05 from=  8.00000e-01 to=  1.00000e+00
stdout rms_18b_c7          =  3.09360e+00 from=  8.00000e-01 to=  1.00000e+00
stdout dc_18b_c7           =  1.08899e-04 from=  8.00000e-01 to=  1.00000e+00
stdout rms_20a_c11         =  4.17012e+00 from=  8.00000e-01 to=  1.00000e+00
stdout dc_20a_c11          =  1.50981e-04 from=  8.00000e-01 to=  1.00000e+00
stdout rms_20b_c11         =  7.04542e+00 from=  8.00000e-01 to=  1.00000e+00
stdout dc_20b_c11          =  3.01963e-04 from=  8.00000e-01 to=  1.00000e+00
stdout rms_5a_c5           =  2.55135e+00 from=  8.00000e-01 to=  1.00000e+00
stdout dc_5a_c5            =  9.57700e-05 from=  8.00000e-01 to=  1.00000e+00
stdout rms_12a_c30         =  3.08252e+00 from=  8.00000e-01 to=  1.00000e+00
stdout dc_12a_c30          =  1.50981e-04 from=  8.00000e-01 to=  1.00000e+00
