stdout Note: No compatibility mode selected!
stdout Circuit: bridge loss sensitivity: br1 stps20m100st to220 with individual boyd 577202b00000g sinks. other low-voltage bridges stps20m100sg d2pak. 50 c ambient. electrical winding/load assumptions remain to be measured. d2pak lumped temperatures are screening estimates; geometry thermal_mesh.py is the separate layout assessment.
stdout Doing analysis at TEMP = 27.000000 and TNOM = 27.000000
stdout Using SPARSE 1.3 as Direct Linear Solver
stdout Operating point simulation skipped by 'uic',
stdout now using transient initial conditions.
 Reference value :  1.64481e-02
 Reference value :  8.68563e-02
 Reference value :  1.57768e-01
 Reference value :  2.27618e-01
 Reference value :  2.96993e-01
 Reference value :  3.67153e-01
 Reference value :  4.37113e-01
 Reference value :  5.06893e-01
 Reference value :  5.78373e-01
 Reference value :  6.49253e-01
 Reference value :  7.19553e-01
 Reference value :  7.90033e-01
 Reference value :  8.59713e-01
 Reference value :  9.30793e-01
 Reference value :  9.96593e-01
stdout No. of Data Rows : 50043
stdout rms_18a_c6          =  4.70527e+00 from=  8.00000e-01 to=  1.00000e+00
stdout dc_18a_c6           =  2.15674e-04 from=  8.00000e-01 to=  1.00000e+00
stdout rms_18a_c7          =  4.70527e+00 from=  8.00000e-01 to=  1.00000e+00
stdout dc_18a_c7           =  2.15674e-04 from=  8.00000e-01 to=  1.00000e+00
stdout rms_18b_c6          =  2.51843e+00 from=  8.00000e-01 to=  1.00000e+00
stdout dc_18b_c6           =  9.51179e-05 from=  8.00000e-01 to=  1.00000e+00
stdout rms_18b_c7          =  2.51843e+00 from=  8.00000e-01 to=  1.00000e+00
stdout dc_18b_c7           =  9.51179e-05 from=  8.00000e-01 to=  1.00000e+00
stdout rms_20a_c11         =  4.39705e+00 from=  8.00000e-01 to=  1.00000e+00
stdout dc_20a_c11          =  1.58530e-04 from=  8.00000e-01 to=  1.00000e+00
stdout rms_20b_c11         =  7.48193e+00 from=  8.00000e-01 to=  1.00000e+00
stdout dc_20b_c11          =  3.17060e-04 from=  8.00000e-01 to=  1.00000e+00
stdout rms_5a_c5           =  2.63341e+00 from=  8.00000e-01 to=  1.00000e+00
stdout dc_5a_c5            =  9.78362e-05 from=  8.00000e-01 to=  1.00000e+00
stdout rms_12a_c30         =  3.15603e+00 from=  8.00000e-01 to=  1.00000e+00
stdout dc_12a_c30          =  1.58530e-04 from=  8.00000e-01 to=  1.00000e+00
