stdout Note: No compatibility mode selected!
stdout Circuit: bridge loss sensitivity: br1 stps20m100st to220 with individual boyd 577202b00000g sinks. other low-voltage bridges stps20m100sg d2pak. 50 c ambient. electrical winding/load assumptions remain to be measured. d2pak lumped temperatures are screening estimates; geometry thermal_mesh.py is the separate layout assessment.
stdout Doing analysis at TEMP = 27.000000 and TNOM = 27.000000
stdout Using SPARSE 1.3 as Direct Linear Solver
stdout Operating point simulation skipped by 'uic',
stdout now using transient initial conditions.
 Reference value :  6.66596e-02
 Reference value :  1.38157e-01
 Reference value :  2.09437e-01
 Reference value :  2.80902e-01
 Reference value :  3.52085e-01
 Reference value :  4.22865e-01
 Reference value :  4.94059e-01
 Reference value :  5.65564e-01
 Reference value :  6.36796e-01
 Reference value :  7.08092e-01
 Reference value :  7.79628e-01
 Reference value :  8.50960e-01
 Reference value :  9.22313e-01
 Reference value :  9.93428e-01
stdout No. of Data Rows : 50210
stdout rms_18a_c6          =  4.33242e+00 from=  8.00000e-01 to=  1.00000e+00
stdout dc_18a_c6           =  2.83151e-04 from=  8.00000e-01 to=  1.00000e+00
stdout rms_18a_c7          =  4.33242e+00 from=  8.00000e-01 to=  1.00000e+00
stdout dc_18a_c7           =  2.83151e-04 from=  8.00000e-01 to=  1.00000e+00
stdout rms_18b_c6          =  2.46455e+00 from=  8.00000e-01 to=  1.00000e+00
stdout dc_18b_c6           =  1.34995e-04 from=  8.00000e-01 to=  1.00000e+00
stdout rms_18b_c7          =  2.46455e+00 from=  8.00000e-01 to=  1.00000e+00
stdout dc_18b_c7           =  1.34995e-04 from=  8.00000e-01 to=  1.00000e+00
stdout rms_20a_c11         =  4.30995e+00 from=  8.00000e-01 to=  1.00000e+00
stdout dc_20a_c11          =  2.24975e-04 from=  8.00000e-01 to=  1.00000e+00
stdout rms_20b_c11         =  7.32894e+00 from=  8.00000e-01 to=  1.00000e+00
stdout dc_20b_c11          =  4.50007e-04 from=  8.00000e-01 to=  1.00000e+00
stdout rms_5a_c5           =  2.83963e+00 from=  8.00000e-01 to=  1.00000e+00
stdout dc_5a_c5            =  1.56979e-04 from=  8.00000e-01 to=  1.00000e+00
stdout rms_12a_c30         =  3.07357e+00 from=  8.00000e-01 to=  1.00000e+00
stdout dc_12a_c30          =  2.24951e-04 from=  8.00000e-01 to=  1.00000e+00
