stdout Note: No compatibility mode selected!
stdout Circuit: bridge loss sensitivity: br1 stps20m100st to220 with individual boyd 577202b00000g sinks. other low-voltage bridges stps20m100sg d2pak. 50 c ambient. electrical winding/load assumptions remain to be measured. d2pak lumped temperatures are screening estimates; geometry thermal_mesh.py is the separate layout assessment.
stdout Doing analysis at TEMP = 27.000000 and TNOM = 27.000000
stdout Using SPARSE 1.3 as Direct Linear Solver
stdout Operating point simulation skipped by 'uic',
stdout now using transient initial conditions.
 Reference value :  5.15811e-02
 Reference value :  1.21934e-01
 Reference value :  1.90882e-01
 Reference value :  2.60376e-01
 Reference value :  3.30667e-01
 Reference value :  4.01182e-01
 Reference value :  4.71052e-01
 Reference value :  5.40999e-01
 Reference value :  6.11176e-01
 Reference value :  6.80892e-01
 Reference value :  7.50638e-01
 Reference value :  8.20428e-01
 Reference value :  8.90770e-01
 Reference value :  9.60753e-01
stdout No. of Data Rows : 50165
stdout rms_18a_c6          =  2.87953e+00 from=  8.00000e-01 to=  1.00000e+00
stdout dc_18a_c6           =  1.05572e-04 from=  8.00000e-01 to=  1.00000e+00
stdout rms_18a_c7          =  5.10876e+00 from=  8.00000e-01 to=  1.00000e+00
stdout dc_18a_c7           =  1.72900e-04 from=  8.00000e-01 to=  1.00000e+00
stdout rms_18b_c6          =  1.67613e+00 from=  8.00000e-01 to=  1.00000e+00
stdout dc_18b_c6           =  5.17728e-05 from=  8.00000e-01 to=  1.00000e+00
stdout rms_18b_c7          =  3.01418e+00 from=  8.00000e-01 to=  1.00000e+00
stdout dc_18b_c7           =  8.49834e-05 from=  8.00000e-01 to=  1.00000e+00
stdout rms_20a_c11         =  3.77516e+00 from=  8.00000e-01 to=  1.00000e+00
stdout dc_20a_c11          =  1.13993e-04 from=  8.00000e-01 to=  1.00000e+00
stdout rms_20b_c11         =  6.31232e+00 from=  8.00000e-01 to=  1.00000e+00
stdout dc_20b_c11          =  2.27951e-04 from=  8.00000e-01 to=  1.00000e+00
stdout rms_5a_c5           =  2.65524e+00 from=  8.00000e-01 to=  1.00000e+00
stdout dc_5a_c5            =  8.68318e-05 from=  8.00000e-01 to=  1.00000e+00
stdout rms_12a_c30         =  2.87756e+00 from=  8.00000e-01 to=  1.00000e+00
stdout dc_12a_c30          =  1.13942e-04 from=  8.00000e-01 to=  1.00000e+00
