stdout Note: No compatibility mode selected!
stdout Circuit: bridge loss sensitivity: br1 stps20m100st to220 with individual boyd 577202b00000g sinks. other low-voltage bridges stps20m100sg d2pak. 50 c ambient. electrical winding/load assumptions remain to be measured. d2pak lumped temperatures are screening estimates; geometry thermal_mesh.py is the separate layout assessment.
stdout Doing analysis at TEMP = 27.000000 and TNOM = 27.000000
stdout Using SPARSE 1.3 as Direct Linear Solver
stdout Operating point simulation skipped by 'uic',
stdout now using transient initial conditions.
 Reference value :  2.47801e-02
stdout No. of Data Rows : 2206
stderr doAnalyses: TRAN:  Timestep too small; time = 0.0433387, timestep = 2.5e-17: trouble with node "d412a#internal"
stderr run simulation(s) aborted
stderr out of interval
stderr meas tran rms_18a_c6 rms i(vc18a_c6) from=800m to=1 failed!
stdout dc_18a_c6           =  0.00000e+00 from=  8.00000e-01 to=  4.33387e-02
stderr out of interval
stderr meas tran rms_18a_c7 rms i(vc18a_c7) from=800m to=1 failed!
stdout dc_18a_c7           =  0.00000e+00 from=  8.00000e-01 to=  4.33387e-02
stderr out of interval
stderr meas tran rms_18b_c6 rms i(vc18b_c6) from=800m to=1 failed!
stdout dc_18b_c6           =  0.00000e+00 from=  8.00000e-01 to=  4.33387e-02
stderr out of interval
stderr meas tran rms_18b_c7 rms i(vc18b_c7) from=800m to=1 failed!
stdout dc_18b_c7           =  0.00000e+00 from=  8.00000e-01 to=  4.33387e-02
stderr out of interval
stderr meas tran rms_20a_c11 rms i(vc20a_c11) from=800m to=1 failed!
stdout dc_20a_c11          =  0.00000e+00 from=  8.00000e-01 to=  4.33387e-02
stderr out of interval
stderr meas tran rms_20b_c11 rms i(vc20b_c11) from=800m to=1 failed!
stdout dc_20b_c11          =  0.00000e+00 from=  8.00000e-01 to=  4.33387e-02
stderr out of interval
stderr meas tran rms_5a_c5 rms i(vc5a_c5) from=800m to=1 failed!
stdout dc_5a_c5            =  0.00000e+00 from=  8.00000e-01 to=  4.33387e-02
stderr out of interval
stderr meas tran rms_12a_c30 rms i(vc12a_c30) from=800m to=1 failed!
stdout dc_12a_c30          =  0.00000e+00 from=  8.00000e-01 to=  4.33387e-02
