stdout Note: No compatibility mode selected!
stdout Circuit: bridge loss sensitivity: br1 stps20m100st to220 with individual boyd 577202b00000g sinks. other low-voltage bridges stps20m100sg d2pak. 50 c ambient. electrical winding/load assumptions remain to be measured. d2pak lumped temperatures are screening estimates; geometry thermal_mesh.py is the separate layout assessment.
stdout Doing analysis at TEMP = 27.000000 and TNOM = 27.000000
stdout Using SPARSE 1.3 as Direct Linear Solver
stdout Operating point simulation skipped by 'uic',
stdout now using transient initial conditions.
 Reference value :  5.31386e-02
 Reference value :  1.24952e-01
 Reference value :  1.97432e-01
 Reference value :  2.69304e-01
 Reference value :  3.41533e-01
 Reference value :  4.13624e-01
 Reference value :  4.85632e-01
 Reference value :  5.57143e-01
 Reference value :  6.28787e-01
 Reference value :  7.00642e-01
 Reference value :  7.72948e-01
 Reference value :  8.45245e-01
 Reference value :  9.17986e-01
 Reference value :  9.90115e-01
stdout No. of Data Rows : 50240
stdout rms_18a_c6          =  4.11646e+00 from=  8.00000e-01 to=  1.00000e+00
stdout dc_18a_c6           =  5.96155e-05 from=  8.00000e-01 to=  1.00000e+00
stdout rms_18a_c7          =  4.11646e+00 from=  8.00000e-01 to=  1.00000e+00
stdout dc_18a_c7           =  5.96155e-05 from=  8.00000e-01 to=  1.00000e+00
stdout rms_18b_c6          =  2.38681e+00 from=  8.00000e-01 to=  1.00000e+00
stdout dc_18b_c6           =  2.89111e-05 from=  8.00000e-01 to=  1.00000e+00
stdout rms_18b_c7          =  2.38681e+00 from=  8.00000e-01 to=  1.00000e+00
stdout dc_18b_c7           =  2.89111e-05 from=  8.00000e-01 to=  1.00000e+00
stdout rms_20a_c11         =  4.09532e+00 from=  8.00000e-01 to=  1.00000e+00
stdout dc_20a_c11          =  4.82101e-05 from=  8.00000e-01 to=  1.00000e+00
stdout rms_20b_c11         =  6.92652e+00 from=  8.00000e-01 to=  1.00000e+00
stdout dc_20b_c11          =  9.65886e-05 from=  8.00000e-01 to=  1.00000e+00
stdout rms_5a_c5           =  2.75688e+00 from=  8.00000e-01 to=  1.00000e+00
stdout dc_5a_c5            =  3.45890e-05 from=  8.00000e-01 to=  1.00000e+00
stdout rms_12a_c30         =  3.00394e+00 from=  8.00000e-01 to=  1.00000e+00
stdout dc_12a_c30          =  4.82901e-05 from=  8.00000e-01 to=  1.00000e+00
