stdout Note: No compatibility mode selected!
stdout Circuit: bridge loss sensitivity: br1 stps20m100st to220 with individual boyd 577202b00000g sinks. other low-voltage bridges stps20m100sg d2pak. 50 c ambient. electrical winding/load assumptions remain to be measured. d2pak lumped temperatures are screening estimates; geometry thermal_mesh.py is the separate layout assessment.
stdout Doing analysis at TEMP = 27.000000 and TNOM = 27.000000
stdout Using KLU as Direct Linear Solver
stdout Operating point simulation skipped by 'uic',
stdout now using transient initial conditions.
 Reference value :  1.61082e-02
 Reference value :  6.34582e-02
 Reference value :  1.08341e-01
 Reference value :  1.53604e-01
 Reference value :  1.97725e-01
 Reference value :  2.42767e-01
 Reference value :  2.87879e-01
 Reference value :  3.32843e-01
 Reference value :  3.76997e-01
 Reference value :  4.21980e-01
 Reference value :  4.66416e-01
 Reference value :  5.11238e-01
 Reference value :  5.54434e-01
 Reference value :  5.98580e-01
 Reference value :  6.40026e-01
 Reference value :  6.84575e-01
 Reference value :  7.28184e-01
 Reference value :  7.72647e-01
 Reference value :  8.16869e-01
 Reference value :  8.61637e-01
 Reference value :  9.05566e-01
 Reference value :  9.49920e-01
 Reference value :  9.92236e-01
stdout No. of Data Rows : 103446
stdout sim_end = 1.000000e+00
stdout iavg_18a            =  6.50264e+00 from=  8.00000e-01 to=  1.00000e+00
stdout irms_18a            =  1.14519e+01 from=  8.00000e-01 to=  1.00000e+00
stdout pd_18a = 2.803244e+00
stdout iavg_5a             =  1.68001e+00 from=  8.00000e-01 to=  1.00000e+00
stdout irms_5a             =  3.43382e+00 from=  8.00000e-01 to=  1.00000e+00
stdout pd_5a = 5.806458e-01
stdout iavg_20a            =  2.50000e+00 from=  8.00000e-01 to=  1.00000e+00
stdout irms_20a            =  5.30149e+00 from=  8.00000e-01 to=  1.00000e+00
stdout pd_20a = 9.326889e-01
stdout iavg_12b            =  3.00000e+00 from=  8.00000e-01 to=  1.00000e+00
stdout irms_12b            =  4.69561e+00 from=  8.00000e-01 to=  1.00000e+00
stdout pd_12b = 1.043318e+00
