stdout Note: No compatibility mode selected!
stdout Circuit: bridge loss sensitivity: br1 stps20m100st to220 with individual boyd 577202b00000g sinks. other low-voltage bridges stps20m100sg d2pak. 50 c ambient. electrical winding/load assumptions remain to be measured. d2pak lumped temperatures are screening estimates; geometry thermal_mesh.py is the separate layout assessment.
stdout Doing analysis at TEMP = 27.000000 and TNOM = 27.000000
stdout Using KLU as Direct Linear Solver
stdout Operating point simulation skipped by 'uic',
stdout now using transient initial conditions.
 Reference value :  2.23951e-02
 Reference value :  6.96767e-02
 Reference value :  1.15340e-01
 Reference value :  1.57427e-01
 Reference value :  2.02054e-01
 Reference value :  2.46570e-01
 Reference value :  2.90944e-01
 Reference value :  3.34200e-01
 Reference value :  3.79644e-01
 Reference value :  4.25230e-01
 Reference value :  4.65120e-01
 Reference value :  5.05310e-01
 Reference value :  5.47644e-01
 Reference value :  5.90314e-01
 Reference value :  6.32064e-01
 Reference value :  6.72427e-01
 Reference value :  7.12920e-01
 Reference value :  7.54800e-01
 Reference value :  7.96965e-01
 Reference value :  8.39584e-01
 Reference value :  8.76610e-01
 Reference value :  9.17404e-01
 Reference value :  9.63270e-01
stdout No. of Data Rows : 102615
stdout sim_end = 1.000000e+00
stdout iavg_18a            =  7.05137e+00 from=  8.00000e-01 to=  1.00000e+00
stdout irms_18a            =  1.24363e+01 from=  8.00000e-01 to=  1.00000e+00
stdout pd_18a = 3.120717e+00
stdout iavg_5a             =  1.49449e+00 from=  8.00000e-01 to=  1.00000e+00
stdout irms_5a             =  3.15897e+00 from=  8.00000e-01 to=  1.00000e+00
stdout pd_5a = 5.132119e-01
stdout iavg_20a            =  2.50005e+00 from=  8.00000e-01 to=  1.00000e+00
stdout irms_20a            =  5.38013e+00 from=  8.00000e-01 to=  1.00000e+00
stdout pd_20a = 9.381630e-01
stdout iavg_12b            =  3.00006e+00 from=  8.00000e-01 to=  1.00000e+00
stdout irms_12b            =  4.77184e+00 from=  8.00000e-01 to=  1.00000e+00
stdout pd_12b = 1.048026e+00
