stdout Note: No compatibility mode selected!
stdout Circuit: bridge loss sensitivity: br1 stps20m100st to220 with individual boyd 577202b00000g sinks. other low-voltage bridges stps20m100sg d2pak. 50 c ambient. electrical winding/load assumptions remain to be measured. d2pak lumped temperatures are screening estimates; geometry thermal_mesh.py is the separate layout assessment.
stdout Doing analysis at TEMP = 27.000000 and TNOM = 27.000000
stdout Using KLU as Direct Linear Solver
stdout Operating point simulation skipped by 'uic',
stdout now using transient initial conditions.
 Reference value :  3.23209e-02
 Reference value :  7.72534e-02
 Reference value :  1.20610e-01
 Reference value :  1.63952e-01
 Reference value :  2.07287e-01
 Reference value :  2.49123e-01
 Reference value :  2.91800e-01
 Reference value :  3.35530e-01
 Reference value :  3.78619e-01
 Reference value :  4.21705e-01
 Reference value :  4.64503e-01
 Reference value :  5.05409e-01
 Reference value :  5.47015e-01
 Reference value :  5.89780e-01
 Reference value :  6.32737e-01
 Reference value :  6.76203e-01
 Reference value :  7.19045e-01
 Reference value :  7.61552e-01
 Reference value :  8.04649e-01
 Reference value :  8.47918e-01
 Reference value :  8.91960e-01
 Reference value :  9.35110e-01
 Reference value :  9.75543e-01
stdout No. of Data Rows : 103660
stdout sim_end = 1.000000e+00
stdout iavg_18a            =  7.03111e+00 from=  8.00000e-01 to=  1.00000e+00
stdout irms_18a            =  1.23718e+01 from=  8.00000e-01 to=  1.00000e+00
stdout pd_18a = 3.104235e+00
stdout iavg_5a             =  1.50004e+00 from=  8.00000e-01 to=  1.00000e+00
stdout irms_5a             =  3.15844e+00 from=  8.00000e-01 to=  1.00000e+00
stdout pd_5a = 5.148534e-01
stdout iavg_20a            =  2.50005e+00 from=  8.00000e-01 to=  1.00000e+00
stdout irms_20a            =  5.36073e+00 from=  8.00000e-01 to=  1.00000e+00
stdout pd_20a = 9.368073e-01
stdout iavg_12b            =  3.00005e+00 from=  8.00000e-01 to=  1.00000e+00
stdout irms_12b            =  4.76782e+00 from=  8.00000e-01 to=  1.00000e+00
stdout pd_12b = 1.047775e+00
