stdout Note: No compatibility mode selected!
stdout Circuit: bridge loss sensitivity: br1 stps20m100st to220 with individual boyd 577202b00000g sinks. other low-voltage bridges stps20m100sg d2pak. 50 c ambient. electrical winding/load assumptions remain to be measured. d2pak lumped temperatures are screening estimates; geometry thermal_mesh.py is the separate layout assessment.
stdout Doing analysis at TEMP = 27.000000 and TNOM = 27.000000
stdout Using KLU as Direct Linear Solver
stdout Operating point simulation skipped by 'uic',
stdout now using transient initial conditions.
 Reference value :  3.27651e-02
 Reference value :  7.74657e-02
 Reference value :  1.23819e-01
 Reference value :  1.69655e-01
 Reference value :  2.15230e-01
 Reference value :  2.60475e-01
 Reference value :  3.06440e-01
 Reference value :  3.53260e-01
 Reference value :  3.99525e-01
 Reference value :  4.44870e-01
 Reference value :  4.91565e-01
 Reference value :  5.37875e-01
 Reference value :  5.81911e-01
 Reference value :  6.26640e-01
 Reference value :  6.71475e-01
 Reference value :  7.15050e-01
 Reference value :  7.61325e-01
 Reference value :  8.06100e-01
 Reference value :  8.52351e-01
 Reference value :  8.98245e-01
 Reference value :  9.42740e-01
 Reference value :  9.86270e-01
stdout No. of Data Rows : 102207
stdout sim_end = 1.000000e+00
stdout iavg_18a            =  5.91557e+00 from=  8.00000e-01 to=  1.00000e+00
stdout irms_18a            =  1.03108e+01 from=  8.00000e-01 to=  1.00000e+00
stdout pd_18a = 2.465705e+00
stdout iavg_5a             =  1.96277e+00 from=  8.00000e-01 to=  1.00000e+00
stdout irms_5a             =  3.79655e+00 from=  8.00000e-01 to=  1.00000e+00
stdout pd_5a = 6.825190e-01
stdout iavg_20a            =  2.50007e+00 from=  8.00000e-01 to=  1.00000e+00
stdout irms_20a            =  5.14522e+00 from=  8.00000e-01 to=  1.00000e+00
stdout pd_20a = 9.220965e-01
stdout iavg_12b            =  3.00008e+00 from=  8.00000e-01 to=  1.00000e+00
stdout irms_12b            =  4.59782e+00 from=  8.00000e-01 to=  1.00000e+00
stdout pd_12b = 1.037433e+00
