stdout Note: No compatibility mode selected!
stdout Circuit: bridge loss sensitivity: br1 stps20m100st to220 with individual boyd 577202b00000g sinks. other low-voltage bridges stps20m100sg d2pak. 50 c ambient. electrical winding/load assumptions remain to be measured. d2pak lumped temperatures are screening estimates; geometry thermal_mesh.py is the separate layout assessment.
stdout Doing analysis at TEMP = 27.000000 and TNOM = 27.000000
stdout Using KLU as Direct Linear Solver
stdout Operating point simulation skipped by 'uic',
stdout now using transient initial conditions.
 Reference value :  2.73361e-02
 Reference value :  7.52088e-02
 Reference value :  1.21550e-01
 Reference value :  1.66838e-01
 Reference value :  2.12415e-01
 Reference value :  2.58411e-01
 Reference value :  3.04239e-01
 Reference value :  3.49045e-01
 Reference value :  3.94952e-01
 Reference value :  4.40802e-01
 Reference value :  4.84249e-01
 Reference value :  5.27732e-01
 Reference value :  5.73704e-01
 Reference value :  6.17250e-01
 Reference value :  6.63199e-01
 Reference value :  7.07684e-01
 Reference value :  7.53352e-01
 Reference value :  7.98922e-01
 Reference value :  8.44939e-01
 Reference value :  8.88926e-01
 Reference value :  9.35174e-01
 Reference value :  9.78841e-01
stdout No. of Data Rows : 102265
stdout sim_end = 1.000000e+00
stdout iavg_18a            =  5.94937e+00 from=  8.00000e-01 to=  1.00000e+00
stdout irms_18a            =  1.04248e+01 from=  8.00000e-01 to=  1.00000e+00
stdout pd_18a = 2.491204e+00
stdout iavg_5a             =  1.93371e+00 from=  8.00000e-01 to=  1.00000e+00
stdout irms_5a             =  3.78440e+00 from=  8.00000e-01 to=  1.00000e+00
stdout pd_5a = 6.732032e-01
stdout iavg_20a            =  2.50003e+00 from=  8.00000e-01 to=  1.00000e+00
stdout irms_20a            =  5.19234e+00 from=  8.00000e-01 to=  1.00000e+00
stdout pd_20a = 9.252499e-01
stdout iavg_12b            =  3.00003e+00 from=  8.00000e-01 to=  1.00000e+00
stdout irms_12b            =  4.60774e+00 from=  8.00000e-01 to=  1.00000e+00
stdout pd_12b = 1.038012e+00
