stdout Note: No compatibility mode selected!
stdout Circuit: bridge loss sensitivity: br1 stps20m100st to220 with individual boyd 577202b00000g sinks. other low-voltage bridges stps20m100sg d2pak. 50 c ambient. electrical winding/load assumptions remain to be measured. d2pak lumped temperatures are screening estimates; geometry thermal_mesh.py is the separate layout assessment.
stdout Doing analysis at TEMP = 27.000000 and TNOM = 27.000000
stdout Using KLU as Direct Linear Solver
stdout Operating point simulation skipped by 'uic',
stdout now using transient initial conditions.
 Reference value :  2.65026e-02
 Reference value :  7.37656e-02
 Reference value :  1.17934e-01
 Reference value :  1.63823e-01
 Reference value :  2.09345e-01
 Reference value :  2.55220e-01
 Reference value :  3.00061e-01
 Reference value :  3.46066e-01
 Reference value :  3.91787e-01
 Reference value :  4.37672e-01
 Reference value :  4.82374e-01
 Reference value :  5.28449e-01
 Reference value :  5.74170e-01
 Reference value :  6.20106e-01
 Reference value :  6.65057e-01
 Reference value :  7.10672e-01
 Reference value :  7.53009e-01
 Reference value :  7.99070e-01
 Reference value :  8.43921e-01
 Reference value :  8.89330e-01
 Reference value :  9.33974e-01
 Reference value :  9.77224e-01
stdout No. of Data Rows : 103427
stdout sim_end = 1.000000e+00
stdout iavg_18a            =  6.47470e+00 from=  8.00000e-01 to=  1.00000e+00
stdout irms_18a            =  1.13612e+01 from=  8.00000e-01 to=  1.00000e+00
stdout pd_18a = 2.781413e+00
stdout iavg_5a             =  1.69283e+00 from=  8.00000e-01 to=  1.00000e+00
stdout irms_5a             =  3.43597e+00 from=  8.00000e-01 to=  1.00000e+00
stdout pd_5a = 5.845871e-01
stdout iavg_20a            =  2.50001e+00 from=  8.00000e-01 to=  1.00000e+00
stdout irms_20a            =  5.26990e+00 from=  8.00000e-01 to=  1.00000e+00
stdout pd_20a = 9.305190e-01
stdout iavg_12b            =  3.00001e+00 from=  8.00000e-01 to=  1.00000e+00
stdout irms_12b            =  4.68907e+00 from=  8.00000e-01 to=  1.00000e+00
stdout pd_12b = 1.042920e+00
