stdout Note: No compatibility mode selected!
stdout Circuit: bridge loss sensitivity: br1 stps20m100st to220 with individual boyd 577202b00000g sinks. other low-voltage bridges stps20m100sg d2pak. 50 c ambient. electrical winding/load assumptions remain to be measured. d2pak lumped temperatures are screening estimates; geometry thermal_mesh.py is the separate layout assessment.
stdout Doing analysis at TEMP = 27.000000 and TNOM = 27.000000
stdout Using SPARSE 1.3 as Direct Linear Solver
stdout Operating point simulation skipped by 'uic',
stdout now using transient initial conditions.
 Reference value :  2.49317e-02
 Reference value :  6.52301e-02
 Reference value :  1.05348e-01
 Reference value :  1.44955e-01
 Reference value :  1.84301e-01
 Reference value :  2.23937e-01
 Reference value :  2.63457e-01
 Reference value :  3.03397e-01
 Reference value :  3.43147e-01
 Reference value :  3.82783e-01
 Reference value :  4.22273e-01
 Reference value :  4.61645e-01
 Reference value :  4.95397e-01
 Reference value :  5.35117e-01
 Reference value :  5.74227e-01
 Reference value :  6.13717e-01
 Reference value :  6.53167e-01
 Reference value :  6.92573e-01
 Reference value :  7.32183e-01
 Reference value :  7.71775e-01
 Reference value :  8.11545e-01
 Reference value :  8.49375e-01
 Reference value :  8.86397e-01
 Reference value :  9.25047e-01
 Reference value :  9.64527e-01
stdout No. of Data Rows : 101360
stdout rms_18a_c6          =  4.47123e+00 from=  8.00000e-01 to=  1.00000e+00
stdout dc_18a_c6           =  8.53139e-05 from=  8.00000e-01 to=  1.00000e+00
stdout rms_18a_c7          =  4.47123e+00 from=  8.00000e-01 to=  1.00000e+00
stdout dc_18a_c7           =  8.53139e-05 from=  8.00000e-01 to=  1.00000e+00
stdout rms_18b_c6          =  2.44017e+00 from=  8.00000e-01 to=  1.00000e+00
stdout dc_18b_c6           =  3.71715e-05 from=  8.00000e-01 to=  1.00000e+00
stdout rms_18b_c7          =  2.44017e+00 from=  8.00000e-01 to=  1.00000e+00
stdout dc_18b_c7           =  3.71715e-05 from=  8.00000e-01 to=  1.00000e+00
stdout rms_20a_c11         =  4.18211e+00 from=  8.00000e-01 to=  1.00000e+00
stdout dc_20a_c11          =  6.19525e-05 from=  8.00000e-01 to=  1.00000e+00
stdout rms_20b_c11         =  7.08252e+00 from=  8.00000e-01 to=  1.00000e+00
stdout dc_20b_c11          =  1.23681e-04 from=  8.00000e-01 to=  1.00000e+00
stdout rms_5a_c5           =  2.55148e+00 from=  8.00000e-01 to=  1.00000e+00
stdout dc_5a_c5            =  3.90985e-05 from=  8.00000e-01 to=  1.00000e+00
stdout rms_12a_c30         =  3.08629e+00 from=  8.00000e-01 to=  1.00000e+00
stdout dc_12a_c30          =  6.17756e-05 from=  8.00000e-01 to=  1.00000e+00
