stdout Note: No compatibility mode selected!
stdout Circuit: bridge loss sensitivity: br1 stps20m100st to220 with individual boyd 577202b00000g sinks. other low-voltage bridges stps20m100sg d2pak. 50 c ambient. electrical winding/load assumptions remain to be measured. d2pak lumped temperatures are screening estimates; geometry thermal_mesh.py is the separate layout assessment.
stdout Doing analysis at TEMP = 27.000000 and TNOM = 27.000000
stdout Using SPARSE 1.3 as Direct Linear Solver
stdout Operating point simulation skipped by 'uic',
stdout now using transient initial conditions.
 Reference value :  3.39247e-02
 Reference value :  7.48303e-02
 Reference value :  1.14700e-01
 Reference value :  1.54938e-01
 Reference value :  1.94936e-01
 Reference value :  2.35187e-01
 Reference value :  2.74967e-01
 Reference value :  3.14987e-01
 Reference value :  3.54777e-01
 Reference value :  3.94527e-01
 Reference value :  4.34747e-01
 Reference value :  4.75217e-01
 Reference value :  5.15107e-01
 Reference value :  5.55477e-01
 Reference value :  5.95297e-01
 Reference value :  6.34897e-01
 Reference value :  6.69405e-01
 Reference value :  7.09825e-01
 Reference value :  7.50615e-01
 Reference value :  7.90995e-01
 Reference value :  8.31315e-01
 Reference value :  8.71305e-01
 Reference value :  9.11475e-01
 Reference value :  9.51985e-01
 Reference value :  9.89775e-01
stdout No. of Data Rows : 101360
stdout rms_18a_c6          =  3.55381e+00 from=  8.00000e-01 to=  1.00000e+00
stdout dc_18a_c6           =  7.26811e-05 from=  8.00000e-01 to=  1.00000e+00
stdout rms_18a_c7          =  5.69892e+00 from=  8.00000e-01 to=  1.00000e+00
stdout dc_18a_c7           =  1.11594e-04 from=  8.00000e-01 to=  1.00000e+00
stdout rms_18b_c6          =  1.89598e+00 from=  8.00000e-01 to=  1.00000e+00
stdout dc_18b_c6           =  2.97327e-05 from=  8.00000e-01 to=  1.00000e+00
stdout rms_18b_c7          =  3.09359e+00 from=  8.00000e-01 to=  1.00000e+00
stdout dc_18b_c7           =  4.46103e-05 from=  8.00000e-01 to=  1.00000e+00
stdout rms_20a_c11         =  4.17011e+00 from=  8.00000e-01 to=  1.00000e+00
stdout dc_20a_c11          =  6.19525e-05 from=  8.00000e-01 to=  1.00000e+00
stdout rms_20b_c11         =  7.04542e+00 from=  8.00000e-01 to=  1.00000e+00
stdout dc_20b_c11          =  1.23508e-04 from=  8.00000e-01 to=  1.00000e+00
stdout rms_5a_c5           =  2.55135e+00 from=  8.00000e-01 to=  1.00000e+00
stdout dc_5a_c5            =  3.92968e-05 from=  8.00000e-01 to=  1.00000e+00
stdout rms_12a_c30         =  3.08252e+00 from=  8.00000e-01 to=  1.00000e+00
stdout dc_12a_c30          =  6.18083e-05 from=  8.00000e-01 to=  1.00000e+00
