stdout Note: No compatibility mode selected!
stdout Circuit: bridge loss sensitivity: br1 stps20m100st to220 with individual boyd 577202b00000g sinks. other low-voltage bridges stps20m100sg d2pak. 50 c ambient. electrical winding/load assumptions remain to be measured. d2pak lumped temperatures are screening estimates; geometry thermal_mesh.py is the separate layout assessment.
stdout Doing analysis at TEMP = 27.000000 and TNOM = 27.000000
stdout Using SPARSE 1.3 as Direct Linear Solver
stdout Operating point simulation skipped by 'uic',
stdout now using transient initial conditions.
 Reference value :  2.54498e-02
 Reference value :  6.36186e-02
 Reference value :  1.02095e-01
 Reference value :  1.40236e-01
 Reference value :  1.77996e-01
 Reference value :  2.16383e-01
 Reference value :  2.54803e-01
 Reference value :  2.93033e-01
 Reference value :  3.32046e-01
 Reference value :  3.71046e-01
 Reference value :  4.09176e-01
 Reference value :  4.47331e-01
 Reference value :  4.85753e-01
 Reference value :  5.23973e-01
 Reference value :  5.62296e-01
 Reference value :  6.00516e-01
 Reference value :  6.38226e-01
 Reference value :  6.76043e-01
 Reference value :  7.14203e-01
 Reference value :  7.52366e-01
 Reference value :  7.89966e-01
 Reference value :  8.27401e-01
 Reference value :  8.65503e-01
 Reference value :  9.03183e-01
 Reference value :  9.40816e-01
 Reference value :  9.79366e-01
stdout No. of Data Rows : 101257
stdout rms_18a_c6          =  4.10428e+00 from=  8.00000e-01 to=  1.00000e+00
stdout dc_18a_c6           =  1.00870e-04 from=  8.00000e-01 to=  1.00000e+00
stdout rms_18a_c7          =  4.10428e+00 from=  8.00000e-01 to=  1.00000e+00
stdout dc_18a_c7           =  1.00870e-04 from=  8.00000e-01 to=  1.00000e+00
stdout rms_18b_c6          =  2.38497e+00 from=  8.00000e-01 to=  1.00000e+00
stdout dc_18b_c6           =  4.61606e-05 from=  8.00000e-01 to=  1.00000e+00
stdout rms_18b_c7          =  2.38497e+00 from=  8.00000e-01 to=  1.00000e+00
stdout dc_18b_c7           =  4.61606e-05 from=  8.00000e-01 to=  1.00000e+00
stdout rms_20a_c11         =  4.08836e+00 from=  8.00000e-01 to=  1.00000e+00
stdout dc_20a_c11          =  7.69343e-05 from=  8.00000e-01 to=  1.00000e+00
stdout rms_20b_c11         =  6.90486e+00 from=  8.00000e-01 to=  1.00000e+00
stdout dc_20b_c11          =  1.53752e-04 from=  8.00000e-01 to=  1.00000e+00
stdout rms_5a_c5           =  2.75746e+00 from=  8.00000e-01 to=  1.00000e+00
stdout dc_5a_c5            =  5.53823e-05 from=  8.00000e-01 to=  1.00000e+00
stdout rms_12a_c30         =  3.00175e+00 from=  8.00000e-01 to=  1.00000e+00
stdout dc_12a_c30          =  7.68096e-05 from=  8.00000e-01 to=  1.00000e+00
