stdout Note: No compatibility mode selected!
stdout Circuit: bridge loss sensitivity: br1 stps20m100st to220 with individual boyd 577202b00000g sinks. other low-voltage bridges stps20m100sg d2pak. 50 c ambient. electrical winding/load assumptions remain to be measured. d2pak lumped temperatures are screening estimates; geometry thermal_mesh.py is the separate layout assessment.
stdout Doing analysis at TEMP = 27.000000 and TNOM = 27.000000
stdout Using SPARSE 1.3 as Direct Linear Solver
stdout Operating point simulation skipped by 'uic',
stdout now using transient initial conditions.
 Reference value :  3.38611e-03
 Reference value :  4.05702e-02
 Reference value :  7.73517e-02
 Reference value :  1.15623e-01
 Reference value :  1.52977e-01
 Reference value :  1.89814e-01
 Reference value :  2.26866e-01
 Reference value :  2.63817e-01
 Reference value :  3.00755e-01
 Reference value :  3.37527e-01
 Reference value :  3.74537e-01
 Reference value :  4.11585e-01
 Reference value :  4.48485e-01
 Reference value :  4.84367e-01
 Reference value :  5.21185e-01
 Reference value :  5.57825e-01
 Reference value :  5.94917e-01
 Reference value :  6.31225e-01
 Reference value :  6.67855e-01
 Reference value :  7.04657e-01
 Reference value :  7.42653e-01
 Reference value :  7.79375e-01
 Reference value :  8.16347e-01
 Reference value :  8.53187e-01
 Reference value :  8.90165e-01
 Reference value :  9.27440e-01
 Reference value :  9.64187e-01
 Reference value :  9.99015e-01
stdout No. of Data Rows : 101365
stdout rms_18a_c6          =  4.70528e+00 from=  8.00000e-01 to=  1.00000e+00
stdout dc_18a_c6           =  8.95879e-05 from=  8.00000e-01 to=  1.00000e+00
stdout rms_18a_c7          =  4.70528e+00 from=  8.00000e-01 to=  1.00000e+00
stdout dc_18a_c7           =  8.95879e-05 from=  8.00000e-01 to=  1.00000e+00
stdout rms_18b_c6          =  2.51843e+00 from=  8.00000e-01 to=  1.00000e+00
stdout dc_18b_c6           =  3.71715e-05 from=  8.00000e-01 to=  1.00000e+00
stdout rms_18b_c7          =  2.51843e+00 from=  8.00000e-01 to=  1.00000e+00
stdout dc_18b_c7           =  3.71715e-05 from=  8.00000e-01 to=  1.00000e+00
stdout rms_20a_c11         =  4.39704e+00 from=  8.00000e-01 to=  1.00000e+00
stdout dc_20a_c11          =  6.19525e-05 from=  8.00000e-01 to=  1.00000e+00
stdout rms_20b_c11         =  7.48194e+00 from=  8.00000e-01 to=  1.00000e+00
stdout dc_20b_c11          =  1.24819e-04 from=  8.00000e-01 to=  1.00000e+00
stdout rms_5a_c5           =  2.63341e+00 from=  8.00000e-01 to=  1.00000e+00
stdout dc_5a_c5            =  3.82315e-05 from=  8.00000e-01 to=  1.00000e+00
stdout rms_12a_c30         =  3.15603e+00 from=  8.00000e-01 to=  1.00000e+00
stdout dc_12a_c30          =  6.18297e-05 from=  8.00000e-01 to=  1.00000e+00
