stdout Note: No compatibility mode selected!
stdout Circuit: bridge loss sensitivity: br1 stps20m100st to220 with individual boyd 577202b00000g sinks. other low-voltage bridges stps20m100sg d2pak. 50 c ambient. electrical winding/load assumptions remain to be measured. d2pak lumped temperatures are screening estimates; geometry thermal_mesh.py is the separate layout assessment.
stdout Doing analysis at TEMP = 27.000000 and TNOM = 27.000000
stdout Using SPARSE 1.3 as Direct Linear Solver
stdout Operating point simulation skipped by 'uic',
stdout now using transient initial conditions.
 Reference value :  1.00000e-07
 Reference value :  3.89233e-02
 Reference value :  7.85634e-02
 Reference value :  1.17216e-01
 Reference value :  1.56137e-01
 Reference value :  1.94715e-01
 Reference value :  2.33537e-01
 Reference value :  2.72473e-01
 Reference value :  3.11355e-01
 Reference value :  3.49965e-01
 Reference value :  3.88705e-01
 Reference value :  4.27410e-01
 Reference value :  4.66337e-01
 Reference value :  5.05017e-01
 Reference value :  5.43457e-01
 Reference value :  5.82143e-01
 Reference value :  6.20585e-01
 Reference value :  6.58835e-01
 Reference value :  6.97516e-01
 Reference value :  7.36137e-01
 Reference value :  7.74407e-01
 Reference value :  8.12847e-01
 Reference value :  8.51895e-01
 Reference value :  8.90295e-01
 Reference value :  9.28945e-01
 Reference value :  9.67400e-01
stdout No. of Data Rows : 101358
stdout rms_18a_c6          =  3.17553e+00 from=  8.00000e-01 to=  1.00000e+00
stdout dc_18a_c6           =  6.35549e-05 from=  8.00000e-01 to=  1.00000e+00
stdout rms_18a_c7          =  5.50133e+00 from=  8.00000e-01 to=  1.00000e+00
stdout dc_18a_c7           =  1.01053e-04 from=  8.00000e-01 to=  1.00000e+00
stdout rms_18b_c6          =  1.73679e+00 from=  8.00000e-01 to=  1.00000e+00
stdout dc_18b_c6           =  2.87013e-05 from=  8.00000e-01 to=  1.00000e+00
stdout rms_18b_c7          =  3.06012e+00 from=  8.00000e-01 to=  1.00000e+00
stdout dc_18b_c7           =  4.56415e-05 from=  8.00000e-01 to=  1.00000e+00
stdout rms_20a_c11         =  3.85897e+00 from=  8.00000e-01 to=  1.00000e+00
stdout dc_20a_c11          =  6.19530e-05 from=  8.00000e-01 to=  1.00000e+00
stdout rms_20b_c11         =  6.46483e+00 from=  8.00000e-01 to=  1.00000e+00
stdout dc_20b_c11          =  1.29667e-04 from=  8.00000e-01 to=  1.00000e+00
stdout rms_5a_c5           =  2.44457e+00 from=  8.00000e-01 to=  1.00000e+00
stdout dc_5a_c5            =  4.26756e-05 from=  8.00000e-01 to=  1.00000e+00
stdout rms_12a_c30         =  2.95898e+00 from=  8.00000e-01 to=  1.00000e+00
stdout dc_12a_c30          =  6.17687e-05 from=  8.00000e-01 to=  1.00000e+00
