stdout Note: No compatibility mode selected!
stdout Circuit: bridge loss sensitivity: br1 stps20m100st to220 with individual boyd 577202b00000g sinks. other low-voltage bridges stps20m100sg d2pak. 50 c ambient. electrical winding/load assumptions remain to be measured. d2pak lumped temperatures are screening estimates; geometry thermal_mesh.py is the separate layout assessment.
stdout Doing analysis at TEMP = 27.000000 and TNOM = 27.000000
stdout Using SPARSE 1.3 as Direct Linear Solver
stdout Operating point simulation skipped by 'uic',
stdout now using transient initial conditions.
 Reference value :  2.58077e-02
 Reference value :  6.50764e-02
 Reference value :  1.03771e-01
 Reference value :  1.42185e-01
 Reference value :  1.80876e-01
 Reference value :  2.19326e-01
 Reference value :  2.58136e-01
 Reference value :  2.96977e-01
 Reference value :  3.36023e-01
 Reference value :  3.74853e-01
 Reference value :  4.13473e-01
 Reference value :  4.52366e-01
 Reference value :  4.91286e-01
 Reference value :  5.29696e-01
 Reference value :  5.68526e-01
 Reference value :  6.07301e-01
 Reference value :  6.46313e-01
 Reference value :  6.85063e-01
 Reference value :  7.24033e-01
 Reference value :  7.62893e-01
 Reference value :  8.02136e-01
 Reference value :  8.40816e-01
 Reference value :  8.79546e-01
 Reference value :  9.18056e-01
 Reference value :  9.56623e-01
 Reference value :  9.95213e-01
stdout No. of Data Rows : 101260
stdout rms_18a_c6          =  4.46310e+00 from=  8.00000e-01 to=  1.00000e+00
stdout dc_18a_c6           =  9.77950e-05 from=  8.00000e-01 to=  1.00000e+00
stdout rms_18a_c7          =  4.46310e+00 from=  8.00000e-01 to=  1.00000e+00
stdout dc_18a_c7           =  9.77950e-05 from=  8.00000e-01 to=  1.00000e+00
stdout rms_18b_c6          =  2.51501e+00 from=  8.00000e-01 to=  1.00000e+00
stdout dc_18b_c6           =  4.61606e-05 from=  8.00000e-01 to=  1.00000e+00
stdout rms_18b_c7          =  2.51501e+00 from=  8.00000e-01 to=  1.00000e+00
stdout dc_18b_c7           =  4.61606e-05 from=  8.00000e-01 to=  1.00000e+00
stdout rms_20a_c11         =  4.45751e+00 from=  8.00000e-01 to=  1.00000e+00
stdout dc_20a_c11          =  7.69344e-05 from=  8.00000e-01 to=  1.00000e+00
stdout rms_20b_c11         =  7.58876e+00 from=  8.00000e-01 to=  1.00000e+00
stdout dc_20b_c11          =  1.58200e-04 from=  8.00000e-01 to=  1.00000e+00
stdout rms_5a_c5           =  2.90454e+00 from=  8.00000e-01 to=  1.00000e+00
stdout dc_5a_c5            =  5.30287e-05 from=  8.00000e-01 to=  1.00000e+00
stdout rms_12a_c30         =  3.11569e+00 from=  8.00000e-01 to=  1.00000e+00
stdout dc_12a_c30          =  7.69278e-05 from=  8.00000e-01 to=  1.00000e+00
