stdout Note: No compatibility mode selected!
stdout Circuit: bridge loss sensitivity: br1 stps20m100st to220 with individual boyd 577202b00000g sinks. other low-voltage bridges stps20m100sg d2pak. 50 c ambient. electrical winding/load assumptions remain to be measured. d2pak lumped temperatures are screening estimates; geometry thermal_mesh.py is the separate layout assessment.
stdout Doing analysis at TEMP = 27.000000 and TNOM = 27.000000
stdout Using SPARSE 1.3 as Direct Linear Solver
stdout Operating point simulation skipped by 'uic',
stdout now using transient initial conditions.
 Reference value :  2.02624e-02
 Reference value :  5.51667e-02
 Reference value :  9.00130e-02
 Reference value :  1.24890e-01
 Reference value :  1.59166e-01
 Reference value :  1.93293e-01
 Reference value :  2.30006e-01
 Reference value :  2.66977e-01
 Reference value :  3.03423e-01
 Reference value :  3.40186e-01
 Reference value :  3.76763e-01
 Reference value :  4.14313e-01
 Reference value :  4.51296e-01
 Reference value :  4.87612e-01
 Reference value :  5.23813e-01
 Reference value :  5.60756e-01
 Reference value :  5.97191e-01
 Reference value :  6.33483e-01
 Reference value :  6.69656e-01
 Reference value :  7.05683e-01
 Reference value :  7.41966e-01
 Reference value :  7.78016e-01
 Reference value :  8.14333e-01
 Reference value :  8.50676e-01
 Reference value :  8.85743e-01
 Reference value :  9.21286e-01
 Reference value :  9.58096e-01
 Reference value :  9.92206e-01
stdout No. of Data Rows : 101257
stdout rms_18a_c6          =  3.26221e+00 from=  8.00000e-01 to=  1.00000e+00
stdout dc_18a_c6           =  7.91565e-05 from=  8.00000e-01 to=  1.00000e+00
stdout rms_18a_c7          =  5.22967e+00 from=  8.00000e-01 to=  1.00000e+00
stdout dc_18a_c7           =  1.19691e-04 from=  8.00000e-01 to=  1.00000e+00
stdout rms_18b_c6          =  1.85606e+00 from=  8.00000e-01 to=  1.00000e+00
stdout dc_18b_c6           =  3.68988e-05 from=  8.00000e-01 to=  1.00000e+00
stdout rms_18b_c7          =  3.02155e+00 from=  8.00000e-01 to=  1.00000e+00
stdout dc_18b_c7           =  5.54224e-05 from=  8.00000e-01 to=  1.00000e+00
stdout rms_20a_c11         =  4.07566e+00 from=  8.00000e-01 to=  1.00000e+00
stdout dc_20a_c11          =  7.69343e-05 from=  8.00000e-01 to=  1.00000e+00
stdout rms_20b_c11         =  6.86551e+00 from=  8.00000e-01 to=  1.00000e+00
stdout dc_20b_c11          =  1.53667e-04 from=  8.00000e-01 to=  1.00000e+00
stdout rms_5a_c5           =  2.75855e+00 from=  8.00000e-01 to=  1.00000e+00
stdout dc_5a_c5            =  5.59739e-05 from=  8.00000e-01 to=  1.00000e+00
stdout rms_12a_c30         =  2.99774e+00 from=  8.00000e-01 to=  1.00000e+00
stdout dc_12a_c30          =  7.68430e-05 from=  8.00000e-01 to=  1.00000e+00
