stdout Note: No compatibility mode selected!
stdout Circuit: bridge loss sensitivity: br1 stps20m100st to220 with individual boyd 577202b00000g sinks. other low-voltage bridges stps20m100sg d2pak. 50 c ambient. electrical winding/load assumptions remain to be measured. d2pak lumped temperatures are screening estimates; geometry thermal_mesh.py is the separate layout assessment.
stdout Doing analysis at TEMP = 27.000000 and TNOM = 27.000000
stdout Using SPARSE 1.3 as Direct Linear Solver
stdout Operating point simulation skipped by 'uic',
stdout now using transient initial conditions.
 Reference value :  1.14285e-02
 Reference value :  4.80248e-02
 Reference value :  8.55747e-02
 Reference value :  1.22605e-01
 Reference value :  1.59572e-01
 Reference value :  1.96575e-01
 Reference value :  2.34926e-01
 Reference value :  2.71975e-01
 Reference value :  3.08825e-01
 Reference value :  3.45827e-01
 Reference value :  3.82803e-01
 Reference value :  4.19475e-01
 Reference value :  4.56367e-01
 Reference value :  4.93007e-01
 Reference value :  5.29945e-01
 Reference value :  5.66960e-01
 Reference value :  6.03517e-01
 Reference value :  6.40465e-01
 Reference value :  6.77250e-01
 Reference value :  7.13967e-01
 Reference value :  7.50605e-01
 Reference value :  7.87250e-01
 Reference value :  8.23927e-01
 Reference value :  8.61565e-01
 Reference value :  8.98025e-01
 Reference value :  9.34767e-01
 Reference value :  9.71465e-01
stdout No. of Data Rows : 101365
stdout rms_18a_c6          =  4.86493e+00 from=  8.00000e-01 to=  1.00000e+00
stdout dc_18a_c6           =  8.54380e-05 from=  8.00000e-01 to=  1.00000e+00
stdout rms_18a_c7          =  4.86493e+00 from=  8.00000e-01 to=  1.00000e+00
stdout dc_18a_c7           =  8.54380e-05 from=  8.00000e-01 to=  1.00000e+00
stdout rms_18b_c6          =  2.57176e+00 from=  8.00000e-01 to=  1.00000e+00
stdout dc_18b_c6           =  3.71713e-05 from=  8.00000e-01 to=  1.00000e+00
stdout rms_18b_c7          =  2.57176e+00 from=  8.00000e-01 to=  1.00000e+00
stdout dc_18b_c7           =  3.71713e-05 from=  8.00000e-01 to=  1.00000e+00
stdout rms_20a_c11         =  4.55656e+00 from=  8.00000e-01 to=  1.00000e+00
stdout dc_20a_c11          =  6.19522e-05 from=  8.00000e-01 to=  1.00000e+00
stdout rms_20b_c11         =  7.77550e+00 from=  8.00000e-01 to=  1.00000e+00
stdout dc_20b_c11          =  1.33800e-04 from=  8.00000e-01 to=  1.00000e+00
stdout rms_5a_c5           =  2.69734e+00 from=  8.00000e-01 to=  1.00000e+00
stdout dc_5a_c5            =  3.77187e-05 from=  8.00000e-01 to=  1.00000e+00
stdout rms_12a_c30         =  3.20084e+00 from=  8.00000e-01 to=  1.00000e+00
stdout dc_12a_c30          =  6.19023e-05 from=  8.00000e-01 to=  1.00000e+00
