stdout Note: No compatibility mode selected!
stdout Circuit: bridge loss sensitivity: br1 stps20m100st to220 with individual boyd 577202b00000g sinks. other low-voltage bridges stps20m100sg d2pak. 50 c ambient. electrical winding/load assumptions remain to be measured. d2pak lumped temperatures are screening estimates; geometry thermal_mesh.py is the separate layout assessment.
stdout Doing analysis at TEMP = 27.000000 and TNOM = 27.000000
stdout Using SPARSE 1.3 as Direct Linear Solver
stdout Operating point simulation skipped by 'uic',
stdout now using transient initial conditions.
 Reference value :  1.64606e-03
 Reference value :  3.92999e-02
 Reference value :  7.68026e-02
 Reference value :  1.14152e-01
 Reference value :  1.51729e-01
 Reference value :  1.90134e-01
 Reference value :  2.27440e-01
 Reference value :  2.64907e-01
 Reference value :  3.02108e-01
 Reference value :  3.39305e-01
 Reference value :  3.76617e-01
 Reference value :  4.13587e-01
 Reference value :  4.50665e-01
 Reference value :  4.87795e-01
 Reference value :  5.25187e-01
 Reference value :  5.62373e-01
 Reference value :  5.99565e-01
 Reference value :  6.36877e-01
 Reference value :  6.74107e-01
 Reference value :  7.11155e-01
 Reference value :  7.48125e-01
 Reference value :  7.86017e-01
 Reference value :  8.23267e-01
 Reference value :  8.60335e-01
 Reference value :  8.97280e-01
 Reference value :  9.34437e-01
 Reference value :  9.71555e-01
stdout No. of Data Rows : 101360
stdout rms_18a_c6          =  3.82460e+00 from=  8.00000e-01 to=  1.00000e+00
stdout dc_18a_c6           =  6.88444e-05 from=  8.00000e-01 to=  1.00000e+00
stdout rms_18a_c7          =  5.83078e+00 from=  8.00000e-01 to=  1.00000e+00
stdout dc_18a_c7           =  1.02151e-04 from=  8.00000e-01 to=  1.00000e+00
stdout rms_18b_c6          =  2.01986e+00 from=  8.00000e-01 to=  1.00000e+00
stdout dc_18b_c6           =  2.98020e-05 from=  8.00000e-01 to=  1.00000e+00
stdout rms_18b_c7          =  3.10101e+00 from=  8.00000e-01 to=  1.00000e+00
stdout dc_18b_c7           =  4.45410e-05 from=  8.00000e-01 to=  1.00000e+00
stdout rms_20a_c11         =  4.42940e+00 from=  8.00000e-01 to=  1.00000e+00
stdout dc_20a_c11          =  6.19525e-05 from=  8.00000e-01 to=  1.00000e+00
stdout rms_20b_c11         =  7.52022e+00 from=  8.00000e-01 to=  1.00000e+00
stdout dc_20b_c11          =  1.23491e-04 from=  8.00000e-01 to=  1.00000e+00
stdout rms_5a_c5           =  2.65152e+00 from=  8.00000e-01 to=  1.00000e+00
stdout dc_5a_c5            =  3.82758e-05 from=  8.00000e-01 to=  1.00000e+00
stdout rms_12a_c30         =  3.16640e+00 from=  8.00000e-01 to=  1.00000e+00
stdout dc_12a_c30          =  6.19180e-05 from=  8.00000e-01 to=  1.00000e+00
