stdout Note: No compatibility mode selected!
stdout Circuit: bridge loss sensitivity: br1 stps20m100st to220 with individual boyd 577202b00000g sinks. other low-voltage bridges stps20m100sg d2pak. 50 c ambient. electrical winding/load assumptions remain to be measured. d2pak lumped temperatures are screening estimates; geometry thermal_mesh.py is the separate layout assessment.
stdout Doing analysis at TEMP = 27.000000 and TNOM = 27.000000
stdout Using SPARSE 1.3 as Direct Linear Solver
stdout Operating point simulation skipped by 'uic',
stdout now using transient initial conditions.
 Reference value :  1.12346e-02
 Reference value :  4.90869e-02
 Reference value :  8.68224e-02
 Reference value :  1.23577e-01
 Reference value :  1.60956e-01
 Reference value :  1.98056e-01
 Reference value :  2.35193e-01
 Reference value :  2.72746e-01
 Reference value :  3.11246e-01
 Reference value :  3.48446e-01
 Reference value :  3.85393e-01
 Reference value :  4.22366e-01
 Reference value :  4.59446e-01
 Reference value :  4.96813e-01
 Reference value :  5.33423e-01
 Reference value :  5.70686e-01
 Reference value :  6.07371e-01
 Reference value :  6.44373e-01
 Reference value :  6.81646e-01
 Reference value :  7.18526e-01
 Reference value :  7.55463e-01
 Reference value :  7.92256e-01
 Reference value :  8.29216e-01
 Reference value :  8.66263e-01
 Reference value :  9.04513e-01
 Reference value :  9.42176e-01
 Reference value :  9.79506e-01
stdout No. of Data Rows : 101258
stdout rms_18a_c6          =  2.91514e+00 from=  8.00000e-01 to=  1.00000e+00
stdout dc_18a_c6           =  7.34759e-05 from=  8.00000e-01 to=  1.00000e+00
stdout rms_18a_c7          =  5.04838e+00 from=  8.00000e-01 to=  1.00000e+00
stdout dc_18a_c7           =  1.17132e-04 from=  8.00000e-01 to=  1.00000e+00
stdout rms_18b_c6          =  1.69943e+00 from=  8.00000e-01 to=  1.00000e+00
stdout dc_18b_c6           =  3.56307e-05 from=  8.00000e-01 to=  1.00000e+00
stdout rms_18b_c7          =  2.98783e+00 from=  8.00000e-01 to=  1.00000e+00
stdout dc_18b_c7           =  5.66905e-05 from=  8.00000e-01 to=  1.00000e+00
stdout rms_20a_c11         =  3.76842e+00 from=  8.00000e-01 to=  1.00000e+00
stdout dc_20a_c11          =  7.69348e-05 from=  8.00000e-01 to=  1.00000e+00
stdout rms_20b_c11         =  6.29118e+00 from=  8.00000e-01 to=  1.00000e+00
stdout dc_20b_c11          =  1.58789e-04 from=  8.00000e-01 to=  1.00000e+00
stdout rms_5a_c5           =  2.65735e+00 from=  8.00000e-01 to=  1.00000e+00
stdout dc_5a_c5            =  5.90231e-05 from=  8.00000e-01 to=  1.00000e+00
stdout rms_12a_c30         =  2.87474e+00 from=  8.00000e-01 to=  1.00000e+00
stdout dc_12a_c30          =  7.68020e-05 from=  8.00000e-01 to=  1.00000e+00
