stdout Note: No compatibility mode selected!
stdout Circuit: bridge loss sensitivity: br1 stps20m100st to220 with individual boyd 577202b00000g sinks. other low-voltage bridges stps20m100sg d2pak. 50 c ambient. electrical winding/load assumptions remain to be measured. d2pak lumped temperatures are screening estimates; geometry thermal_mesh.py is the separate layout assessment.
stdout Doing analysis at TEMP = 27.000000 and TNOM = 27.000000
stdout Using SPARSE 1.3 as Direct Linear Solver
stdout Operating point simulation skipped by 'uic',
stdout now using transient initial conditions.
 Reference value :  2.92494e-02
 Reference value :  6.84306e-02
 Reference value :  1.07422e-01
 Reference value :  1.46091e-01
 Reference value :  1.83793e-01
 Reference value :  2.21876e-01
 Reference value :  2.59716e-01
 Reference value :  2.97756e-01
 Reference value :  3.35903e-01
 Reference value :  3.74003e-01
 Reference value :  4.12256e-01
 Reference value :  4.50406e-01
 Reference value :  4.88146e-01
 Reference value :  5.26143e-01
 Reference value :  5.64083e-01
 Reference value :  6.00496e-01
 Reference value :  6.36923e-01
 Reference value :  6.73323e-01
 Reference value :  7.09706e-01
 Reference value :  7.46203e-01
 Reference value :  7.82376e-01
 Reference value :  8.18826e-01
 Reference value :  8.55273e-01
 Reference value :  8.91516e-01
 Reference value :  9.27620e-01
 Reference value :  9.63933e-01
 Reference value :  9.98226e-01
stdout No. of Data Rows : 101257
stdout rms_18a_c6          =  3.50917e+00 from=  8.00000e-01 to=  1.00000e+00
stdout dc_18a_c6           =  7.83589e-05 from=  8.00000e-01 to=  1.00000e+00
stdout rms_18a_c7          =  5.34925e+00 from=  8.00000e-01 to=  1.00000e+00
stdout dc_18a_c7           =  1.16618e-04 from=  8.00000e-01 to=  1.00000e+00
stdout rms_18b_c6          =  1.97631e+00 from=  8.00000e-01 to=  1.00000e+00
stdout dc_18b_c6           =  3.69853e-05 from=  8.00000e-01 to=  1.00000e+00
stdout rms_18b_c7          =  3.03114e+00 from=  8.00000e-01 to=  1.00000e+00
stdout dc_18b_c7           =  5.53359e-05 from=  8.00000e-01 to=  1.00000e+00
stdout rms_20a_c11         =  4.33101e+00 from=  8.00000e-01 to=  1.00000e+00
stdout dc_20a_c11          =  7.69343e-05 from=  8.00000e-01 to=  1.00000e+00
stdout rms_20b_c11         =  7.33329e+00 from=  8.00000e-01 to=  1.00000e+00
stdout dc_20b_c11          =  1.53642e-04 from=  8.00000e-01 to=  1.00000e+00
stdout rms_5a_c5           =  2.85879e+00 from=  8.00000e-01 to=  1.00000e+00
stdout dc_5a_c5            =  5.40155e-05 from=  8.00000e-01 to=  1.00000e+00
stdout rms_12a_c30         =  3.08116e+00 from=  8.00000e-01 to=  1.00000e+00
stdout dc_12a_c30          =  7.69465e-05 from=  8.00000e-01 to=  1.00000e+00
