stdout Note: No compatibility mode selected!
stdout Circuit: bridge loss sensitivity: br1 stps20m100st to220 with individual boyd 577202b00000g sinks. other low-voltage bridges stps20m100sg d2pak. 50 c ambient. electrical winding/load assumptions remain to be measured. d2pak lumped temperatures are screening estimates; geometry thermal_mesh.py is the separate layout assessment.
stdout Doing analysis at TEMP = 27.000000 and TNOM = 27.000000
stdout Using SPARSE 1.3 as Direct Linear Solver
stdout Operating point simulation skipped by 'uic',
stdout now using transient initial conditions.
 Reference value :  1.98962e-02
 Reference value :  5.81886e-02
 Reference value :  9.57606e-02
 Reference value :  1.32606e-01
 Reference value :  1.69829e-01
 Reference value :  2.06535e-01
 Reference value :  2.43567e-01
 Reference value :  2.80353e-01
 Reference value :  3.16895e-01
 Reference value :  3.53613e-01
 Reference value :  3.90382e-01
 Reference value :  4.27273e-01
 Reference value :  4.64347e-01
 Reference value :  5.01051e-01
 Reference value :  5.38184e-01
 Reference value :  5.74751e-01
 Reference value :  6.11477e-01
 Reference value :  6.47449e-01
 Reference value :  6.84193e-01
 Reference value :  7.20519e-01
 Reference value :  7.56749e-01
 Reference value :  7.89065e-01
 Reference value :  8.18480e-01
 Reference value :  8.54442e-01
 Reference value :  8.90553e-01
 Reference value :  9.27442e-01
 Reference value :  9.64494e-01
 Reference value :  9.97432e-01
stdout No. of Data Rows : 101986
stdout rms_18a_c6          =  3.13578e+00 from=  8.00000e-01 to=  1.00000e+00
stdout dc_18a_c6           =  5.71526e-05 from=  8.00000e-01 to=  1.00000e+00
stdout rms_18a_c7          =  5.56510e+00 from=  8.00000e-01 to=  1.00000e+00
stdout dc_18a_c7           =  9.37199e-05 from=  8.00000e-01 to=  1.00000e+00
stdout rms_18b_c6          =  1.71312e+00 from=  8.00000e-01 to=  1.00000e+00
stdout dc_18b_c6           =  2.56879e-05 from=  8.00000e-01 to=  1.00000e+00
stdout rms_18b_c7          =  3.08658e+00 from=  8.00000e-01 to=  1.00000e+00
stdout dc_18b_c7           =  4.20504e-05 from=  8.00000e-01 to=  1.00000e+00
stdout rms_20a_c11         =  3.86532e+00 from=  8.00000e-01 to=  1.00000e+00
stdout dc_20a_c11          =  5.64509e-05 from=  8.00000e-01 to=  1.00000e+00
stdout rms_20b_c11         =  6.48471e+00 from=  8.00000e-01 to=  1.00000e+00
stdout dc_20b_c11          =  1.19483e-04 from=  8.00000e-01 to=  1.00000e+00
stdout rms_5a_c5           =  2.44373e+00 from=  8.00000e-01 to=  1.00000e+00
stdout dc_5a_c5            =  4.13073e-05 from=  8.00000e-01 to=  1.00000e+00
stdout rms_12a_c30         =  2.96162e+00 from=  8.00000e-01 to=  1.00000e+00
stdout dc_12a_c30          =  5.60434e-05 from=  8.00000e-01 to=  1.00000e+00
