stdout Note: No compatibility mode selected!
stdout Circuit: bridge loss sensitivity: br1 stps20m100st to220 with individual boyd 577202b00000g sinks. other low-voltage bridges stps20m100sg d2pak. 50 c ambient. electrical winding/load assumptions remain to be measured. d2pak lumped temperatures are screening estimates; geometry thermal_mesh.py is the separate layout assessment.
stdout Doing analysis at TEMP = 27.000000 and TNOM = 27.000000
stdout Using SPARSE 1.3 as Direct Linear Solver
stdout Operating point simulation skipped by 'uic',
stdout now using transient initial conditions.
 Reference value :  1.17550e-02
 Reference value :  4.81696e-02
 Reference value :  8.57094e-02
 Reference value :  1.21074e-01
 Reference value :  1.56414e-01
 Reference value :  1.92001e-01
 Reference value :  2.27704e-01
 Reference value :  2.63265e-01
 Reference value :  2.98286e-01
 Reference value :  3.33738e-01
 Reference value :  3.68690e-01
 Reference value :  4.03942e-01
 Reference value :  4.39101e-01
 Reference value :  4.73970e-01
 Reference value :  5.09151e-01
 Reference value :  5.44190e-01
 Reference value :  5.79161e-01
 Reference value :  6.14134e-01
 Reference value :  6.48881e-01
 Reference value :  6.83979e-01
 Reference value :  7.19045e-01
 Reference value :  7.53887e-01
 Reference value :  7.88808e-01
 Reference value :  8.23200e-01
 Reference value :  8.58578e-01
 Reference value :  8.94479e-01
 Reference value :  9.30403e-01
 Reference value :  9.65182e-01
 Reference value :  9.98184e-01
stdout No. of Data Rows : 101983
stdout rms_18a_c6          =  3.52695e+00 from=  8.00000e-01 to=  1.00000e+00
stdout dc_18a_c6           =  1.17607e-04 from=  8.00000e-01 to=  1.00000e+00
stdout rms_18a_c7          =  5.75942e+00 from=  8.00000e-01 to=  1.00000e+00
stdout dc_18a_c7           =  1.82162e-04 from=  8.00000e-01 to=  1.00000e+00
stdout rms_18b_c6          =  1.87519e+00 from=  8.00000e-01 to=  1.00000e+00
stdout dc_18b_c6           =  4.76977e-05 from=  8.00000e-01 to=  1.00000e+00
stdout rms_18b_c7          =  3.11977e+00 from=  8.00000e-01 to=  1.00000e+00
stdout dc_18b_c7           =  7.20687e-05 from=  8.00000e-01 to=  1.00000e+00
stdout rms_20a_c11         =  4.18029e+00 from=  8.00000e-01 to=  1.00000e+00
stdout dc_20a_c11          =  9.98017e-05 from=  8.00000e-01 to=  1.00000e+00
stdout rms_20b_c11         =  7.07687e+00 from=  8.00000e-01 to=  1.00000e+00
stdout dc_20b_c11          =  1.98860e-04 from=  8.00000e-01 to=  1.00000e+00
stdout rms_5a_c5           =  2.55146e+00 from=  8.00000e-01 to=  1.00000e+00
stdout dc_5a_c5            =  6.30410e-05 from=  8.00000e-01 to=  1.00000e+00
stdout rms_12a_c30         =  3.08572e+00 from=  8.00000e-01 to=  1.00000e+00
stdout dc_12a_c30          =  9.94828e-05 from=  8.00000e-01 to=  1.00000e+00
