stdout Note: No compatibility mode selected!
stdout Circuit: bridge loss sensitivity: br1 stps20m100st to220 with individual boyd 577202b00000g sinks. other low-voltage bridges stps20m100sg d2pak. 50 c ambient. electrical winding/load assumptions remain to be measured. d2pak lumped temperatures are screening estimates; geometry thermal_mesh.py is the separate layout assessment.
stdout Doing analysis at TEMP = 27.000000 and TNOM = 27.000000
stdout Using SPARSE 1.3 as Direct Linear Solver
stdout Operating point simulation skipped by 'uic',
stdout now using transient initial conditions.
 Reference value :  1.42776e-02
 Reference value :  5.30891e-02
 Reference value :  9.24768e-02
 Reference value :  1.29646e-01
 Reference value :  1.68310e-01
 Reference value :  2.06860e-01
 Reference value :  2.46378e-01
 Reference value :  2.85046e-01
 Reference value :  3.23337e-01
 Reference value :  3.61405e-01
 Reference value :  3.99597e-01
 Reference value :  4.37745e-01
 Reference value :  4.76127e-01
 Reference value :  5.14173e-01
 Reference value :  5.52521e-01
 Reference value :  5.90473e-01
 Reference value :  6.29111e-01
 Reference value :  6.67413e-01
 Reference value :  7.05895e-01
 Reference value :  7.44048e-01
 Reference value :  7.82490e-01
 Reference value :  8.20788e-01
 Reference value :  8.59230e-01
 Reference value :  8.97641e-01
 Reference value :  9.35805e-01
 Reference value :  9.74007e-01
stdout No. of Data Rows : 101927
stdout rms_18a_c6          =  3.51006e+00 from=  8.00000e-01 to=  1.00000e+00
stdout dc_18a_c6           =  8.51765e-05 from=  8.00000e-01 to=  1.00000e+00
stdout rms_18a_c7          =  5.38284e+00 from=  8.00000e-01 to=  1.00000e+00
stdout dc_18a_c7           =  1.26471e-04 from=  8.00000e-01 to=  1.00000e+00
stdout rms_18b_c6          =  1.96938e+00 from=  8.00000e-01 to=  1.00000e+00
stdout dc_18b_c6           =  3.94779e-05 from=  8.00000e-01 to=  1.00000e+00
stdout rms_18b_c7          =  3.04417e+00 from=  8.00000e-01 to=  1.00000e+00
stdout dc_18b_c7           =  5.89202e-05 from=  8.00000e-01 to=  1.00000e+00
stdout rms_20a_c11         =  4.34688e+00 from=  8.00000e-01 to=  1.00000e+00
stdout dc_20a_c11          =  8.19984e-05 from=  8.00000e-01 to=  1.00000e+00
stdout rms_20b_c11         =  7.38183e+00 from=  8.00000e-01 to=  1.00000e+00
stdout dc_20b_c11          =  1.64559e-04 from=  8.00000e-01 to=  1.00000e+00
stdout rms_5a_c5           =  2.85944e+00 from=  8.00000e-01 to=  1.00000e+00
stdout dc_5a_c5            =  5.71981e-05 from=  8.00000e-01 to=  1.00000e+00
stdout rms_12a_c30         =  3.08503e+00 from=  8.00000e-01 to=  1.00000e+00
stdout dc_12a_c30          =  8.18910e-05 from=  8.00000e-01 to=  1.00000e+00
