stdout Note: No compatibility mode selected!
stdout Circuit: bridge loss sensitivity: br1 stps20m100st to220 with individual boyd 577202b00000g sinks. other low-voltage bridges stps20m100sg d2pak. 50 c ambient. electrical winding/load assumptions remain to be measured. d2pak lumped temperatures are screening estimates; geometry thermal_mesh.py is the separate layout assessment.
stdout Doing analysis at TEMP = 27.000000 and TNOM = 27.000000
stdout Using SPARSE 1.3 as Direct Linear Solver
stdout Operating point simulation skipped by 'uic',
stdout now using transient initial conditions.
 Reference value :  3.74203e-02
 Reference value :  7.82285e-02
 Reference value :  1.18434e-01
 Reference value :  1.58752e-01
 Reference value :  1.98469e-01
 Reference value :  2.38329e-01
 Reference value :  2.78781e-01
 Reference value :  3.19118e-01
 Reference value :  3.59530e-01
 Reference value :  3.99427e-01
 Reference value :  4.39699e-01
 Reference value :  4.80141e-01
 Reference value :  5.20468e-01
 Reference value :  5.60563e-01
 Reference value :  6.00947e-01
 Reference value :  6.41233e-01
 Reference value :  6.81600e-01
 Reference value :  7.21668e-01
 Reference value :  7.61305e-01
 Reference value :  8.00797e-01
 Reference value :  8.34820e-01
 Reference value :  8.74077e-01
 Reference value :  9.14055e-01
 Reference value :  9.53341e-01
 Reference value :  9.90703e-01
stdout No. of Data Rows : 101919
stdout rms_18a_c6          =  3.23750e+00 from=  8.00000e-01 to=  1.00000e+00
stdout dc_18a_c6           =  8.75486e-05 from=  8.00000e-01 to=  1.00000e+00
stdout rms_18a_c7          =  5.28494e+00 from=  8.00000e-01 to=  1.00000e+00
stdout dc_18a_c7           =  1.34581e-04 from=  8.00000e-01 to=  1.00000e+00
stdout rms_18b_c6          =  1.83601e+00 from=  8.00000e-01 to=  1.00000e+00
stdout dc_18b_c6           =  3.91999e-05 from=  8.00000e-01 to=  1.00000e+00
stdout rms_18b_c7          =  3.04724e+00 from=  8.00000e-01 to=  1.00000e+00
stdout dc_18b_c7           =  5.91982e-05 from=  8.00000e-01 to=  1.00000e+00
stdout rms_20a_c11         =  4.08643e+00 from=  8.00000e-01 to=  1.00000e+00
stdout dc_20a_c11          =  8.19984e-05 from=  8.00000e-01 to=  1.00000e+00
stdout rms_20b_c11         =  6.89887e+00 from=  8.00000e-01 to=  1.00000e+00
stdout dc_20b_c11          =  1.63365e-04 from=  8.00000e-01 to=  1.00000e+00
stdout rms_5a_c5           =  2.75763e+00 from=  8.00000e-01 to=  1.00000e+00
stdout dc_5a_c5            =  5.92365e-05 from=  8.00000e-01 to=  1.00000e+00
stdout rms_12a_c30         =  3.00115e+00 from=  8.00000e-01 to=  1.00000e+00
stdout dc_12a_c30          =  8.17250e-05 from=  8.00000e-01 to=  1.00000e+00
