stdout Note: No compatibility mode selected!
stdout Circuit: bridge loss sensitivity: br1 stps20m100st to220 with individual boyd 577202b00000g sinks. other low-voltage bridges stps20m100sg d2pak. 50 c ambient. electrical winding/load assumptions remain to be measured. d2pak lumped temperatures are screening estimates; geometry thermal_mesh.py is the separate layout assessment.
stdout Doing analysis at TEMP = 27.000000 and TNOM = 27.000000
stdout Using SPARSE 1.3 as Direct Linear Solver
stdout Operating point simulation skipped by 'uic',
stdout now using transient initial conditions.
 Reference value :  1.06744e-02
 Reference value :  4.94940e-02
 Reference value :  8.77151e-02
 Reference value :  1.26563e-01
 Reference value :  1.65157e-01
 Reference value :  2.03854e-01
 Reference value :  2.37547e-01
 Reference value :  2.74917e-01
 Reference value :  3.13983e-01
 Reference value :  3.52983e-01
 Reference value :  3.92508e-01
 Reference value :  4.30430e-01
 Reference value :  4.68797e-01
 Reference value :  5.05764e-01
 Reference value :  5.42347e-01
 Reference value :  5.78913e-01
 Reference value :  6.15407e-01
 Reference value :  6.52103e-01
 Reference value :  6.88714e-01
 Reference value :  7.25434e-01
 Reference value :  7.62084e-01
 Reference value :  7.99155e-01
 Reference value :  8.36885e-01
 Reference value :  8.74142e-01
 Reference value :  9.11006e-01
 Reference value :  9.47960e-01
 Reference value :  9.82830e-01
stdout No. of Data Rows : 101994
stdout rms_18a_c6          =  3.82566e+00 from=  8.00000e-01 to=  1.00000e+00
stdout dc_18a_c6           =  7.00630e-05 from=  8.00000e-01 to=  1.00000e+00
stdout rms_18a_c7          =  5.86773e+00 from=  8.00000e-01 to=  1.00000e+00
stdout dc_18a_c7           =  1.03566e-04 from=  8.00000e-01 to=  1.00000e+00
stdout rms_18b_c6          =  2.01230e+00 from=  8.00000e-01 to=  1.00000e+00
stdout dc_18b_c6           =  2.97059e-05 from=  8.00000e-01 to=  1.00000e+00
stdout rms_18b_c7          =  3.11445e+00 from=  8.00000e-01 to=  1.00000e+00
stdout dc_18b_c7           =  4.42337e-05 from=  8.00000e-01 to=  1.00000e+00
stdout rms_20a_c11         =  4.44442e+00 from=  8.00000e-01 to=  1.00000e+00
stdout dc_20a_c11          =  6.16134e-05 from=  8.00000e-01 to=  1.00000e+00
stdout rms_20b_c11         =  7.56610e+00 from=  8.00000e-01 to=  1.00000e+00
stdout dc_20b_c11          =  1.24152e-04 from=  8.00000e-01 to=  1.00000e+00
stdout rms_5a_c5           =  2.65297e+00 from=  8.00000e-01 to=  1.00000e+00
stdout dc_5a_c5            =  3.78841e-05 from=  8.00000e-01 to=  1.00000e+00
stdout rms_12a_c30         =  3.17005e+00 from=  8.00000e-01 to=  1.00000e+00
stdout dc_12a_c30          =  6.14587e-05 from=  8.00000e-01 to=  1.00000e+00
