stdout Note: No compatibility mode selected!
stdout Circuit: bridge loss sensitivity: br1 stps20m100st to220 with individual boyd 577202b00000g sinks. other low-voltage bridges stps20m100sg d2pak. 50 c ambient. electrical winding/load assumptions remain to be measured. d2pak lumped temperatures are screening estimates; geometry thermal_mesh.py is the separate layout assessment.
stdout Doing analysis at TEMP = 27.000000 and TNOM = 27.000000
stdout Using SPARSE 1.3 as Direct Linear Solver
stdout Operating point simulation skipped by 'uic',
stdout now using transient initial conditions.
 Reference value :  2.65777e-02
 Reference value :  6.66527e-02
 Reference value :  1.05904e-01
 Reference value :  1.45018e-01
 Reference value :  1.83690e-01
 Reference value :  2.22498e-01
 Reference value :  2.61065e-01
 Reference value :  2.99537e-01
 Reference value :  3.38395e-01
 Reference value :  3.77020e-01
 Reference value :  4.15413e-01
 Reference value :  4.52280e-01
 Reference value :  4.88995e-01
 Reference value :  5.27300e-01
 Reference value :  5.65683e-01
 Reference value :  6.04941e-01
 Reference value :  6.43797e-01
 Reference value :  6.82580e-01
 Reference value :  7.21328e-01
 Reference value :  7.60253e-01
 Reference value :  7.93887e-01
 Reference value :  8.32710e-01
 Reference value :  8.71428e-01
 Reference value :  9.10253e-01
 Reference value :  9.48957e-01
 Reference value :  9.85685e-01
stdout No. of Data Rows : 101927
stdout rms_18a_c6          =  4.11647e+00 from=  8.00000e-01 to=  1.00000e+00
stdout dc_18a_c6           =  1.11581e-04 from=  8.00000e-01 to=  1.00000e+00
stdout rms_18a_c7          =  4.11647e+00 from=  8.00000e-01 to=  1.00000e+00
stdout dc_18a_c7           =  1.11581e-04 from=  8.00000e-01 to=  1.00000e+00
stdout rms_18b_c6          =  2.38680e+00 from=  8.00000e-01 to=  1.00000e+00
stdout dc_18b_c6           =  4.91991e-05 from=  8.00000e-01 to=  1.00000e+00
stdout rms_18b_c7          =  2.38680e+00 from=  8.00000e-01 to=  1.00000e+00
stdout dc_18b_c7           =  4.91991e-05 from=  8.00000e-01 to=  1.00000e+00
stdout rms_20a_c11         =  4.09532e+00 from=  8.00000e-01 to=  1.00000e+00
stdout dc_20a_c11          =  8.19984e-05 from=  8.00000e-01 to=  1.00000e+00
stdout rms_20b_c11         =  6.92651e+00 from=  8.00000e-01 to=  1.00000e+00
stdout dc_20b_c11          =  1.63876e-04 from=  8.00000e-01 to=  1.00000e+00
stdout rms_5a_c5           =  2.75687e+00 from=  8.00000e-01 to=  1.00000e+00
stdout dc_5a_c5            =  5.88101e-05 from=  8.00000e-01 to=  1.00000e+00
stdout rms_12a_c30         =  3.00394e+00 from=  8.00000e-01 to=  1.00000e+00
stdout dc_12a_c30          =  8.16827e-05 from=  8.00000e-01 to=  1.00000e+00
