stdout Note: No compatibility mode selected!
stdout Circuit: bridge loss sensitivity: br1 stps20m100st to220 with individual boyd 577202b00000g sinks. other low-voltage bridges stps20m100sg d2pak. 50 c ambient. electrical winding/load assumptions remain to be measured. d2pak lumped temperatures are screening estimates; geometry thermal_mesh.py is the separate layout assessment.
stdout Doing analysis at TEMP = 27.000000 and TNOM = 27.000000
stdout Using SPARSE 1.3 as Direct Linear Solver
stdout Operating point simulation skipped by 'uic',
stdout now using transient initial conditions.
 Reference value :  2.19146e-02
 Reference value :  6.30465e-02
 Reference value :  1.02678e-01
 Reference value :  1.42550e-01
 Reference value :  1.81840e-01
 Reference value :  2.21538e-01
 Reference value :  2.60985e-01
 Reference value :  3.00587e-01
 Reference value :  3.39763e-01
 Reference value :  3.79831e-01
 Reference value :  4.19468e-01
 Reference value :  4.59450e-01
 Reference value :  4.99117e-01
 Reference value :  5.38955e-01
 Reference value :  5.78541e-01
 Reference value :  6.18093e-01
 Reference value :  6.57140e-01
 Reference value :  6.96718e-01
 Reference value :  7.36285e-01
 Reference value :  7.75877e-01
 Reference value :  8.15023e-01
 Reference value :  8.54681e-01
 Reference value :  8.94278e-01
 Reference value :  9.34260e-01
 Reference value :  9.73777e-01
stdout No. of Data Rows : 101925
stdout rms_18a_c6          =  2.87953e+00 from=  8.00000e-01 to=  1.00000e+00
stdout dc_18a_c6           =  7.76732e-05 from=  8.00000e-01 to=  1.00000e+00
stdout rms_18a_c7          =  5.10876e+00 from=  8.00000e-01 to=  1.00000e+00
stdout dc_18a_c7           =  1.27781e-04 from=  8.00000e-01 to=  1.00000e+00
stdout rms_18b_c6          =  1.67613e+00 from=  8.00000e-01 to=  1.00000e+00
stdout dc_18b_c6           =  3.72925e-05 from=  8.00000e-01 to=  1.00000e+00
stdout rms_18b_c7          =  3.01418e+00 from=  8.00000e-01 to=  1.00000e+00
stdout dc_18b_c7           =  6.11056e-05 from=  8.00000e-01 to=  1.00000e+00
stdout rms_20a_c11         =  3.77516e+00 from=  8.00000e-01 to=  1.00000e+00
stdout dc_20a_c11          =  8.19990e-05 from=  8.00000e-01 to=  1.00000e+00
stdout rms_20b_c11         =  6.31232e+00 from=  8.00000e-01 to=  1.00000e+00
stdout dc_20b_c11          =  1.69844e-04 from=  8.00000e-01 to=  1.00000e+00
stdout rms_5a_c5           =  2.65524e+00 from=  8.00000e-01 to=  1.00000e+00
stdout dc_5a_c5            =  6.32133e-05 from=  8.00000e-01 to=  1.00000e+00
stdout rms_12a_c30         =  2.87756e+00 from=  8.00000e-01 to=  1.00000e+00
stdout dc_12a_c30          =  8.16687e-05 from=  8.00000e-01 to=  1.00000e+00
