stdout Note: No compatibility mode selected!
stdout Circuit: bridge loss sensitivity: br1 stps20m100st to220 with individual boyd 577202b00000g sinks. other low-voltage bridges stps20m100sg d2pak. 50 c ambient. electrical winding/load assumptions remain to be measured. d2pak lumped temperatures are screening estimates; geometry thermal_mesh.py is the separate layout assessment.
stdout Doing analysis at TEMP = 27.000000 and TNOM = 27.000000
stdout Using SPARSE 1.3 as Direct Linear Solver
stdout Operating point simulation skipped by 'uic',
stdout now using transient initial conditions.
 Reference value :  6.70968e-03
 Reference value :  4.61119e-02
 Reference value :  8.51490e-02
 Reference value :  1.23392e-01
 Reference value :  1.61574e-01
 Reference value :  1.99597e-01
 Reference value :  2.37715e-01
 Reference value :  2.75737e-01
 Reference value :  3.13935e-01
 Reference value :  3.52240e-01
 Reference value :  3.90243e-01
 Reference value :  4.28831e-01
 Reference value :  4.67193e-01
 Reference value :  5.05351e-01
 Reference value :  5.43477e-01
 Reference value :  5.81710e-01
 Reference value :  6.19638e-01
 Reference value :  6.58260e-01
 Reference value :  6.96678e-01
 Reference value :  7.34990e-01
 Reference value :  7.72991e-01
 Reference value :  8.11015e-01
 Reference value :  8.48777e-01
 Reference value :  8.86905e-01
 Reference value :  9.25117e-01
 Reference value :  9.63695e-01
 Reference value :  9.99777e-01
stdout No. of Data Rows : 101927
stdout rms_18a_c6          =  4.33242e+00 from=  8.00000e-01 to=  1.00000e+00
stdout dc_18a_c6           =  1.05962e-04 from=  8.00000e-01 to=  1.00000e+00
stdout rms_18a_c7          =  4.33242e+00 from=  8.00000e-01 to=  1.00000e+00
stdout dc_18a_c7           =  1.05962e-04 from=  8.00000e-01 to=  1.00000e+00
stdout rms_18b_c6          =  2.46455e+00 from=  8.00000e-01 to=  1.00000e+00
stdout dc_18b_c6           =  4.91991e-05 from=  8.00000e-01 to=  1.00000e+00
stdout rms_18b_c7          =  2.46455e+00 from=  8.00000e-01 to=  1.00000e+00
stdout dc_18b_c7           =  4.91991e-05 from=  8.00000e-01 to=  1.00000e+00
stdout rms_20a_c11         =  4.30994e+00 from=  8.00000e-01 to=  1.00000e+00
stdout dc_20a_c11          =  8.19984e-05 from=  8.00000e-01 to=  1.00000e+00
stdout rms_20b_c11         =  7.32895e+00 from=  8.00000e-01 to=  1.00000e+00
stdout dc_20b_c11          =  1.72603e-04 from=  8.00000e-01 to=  1.00000e+00
stdout rms_5a_c5           =  2.83963e+00 from=  8.00000e-01 to=  1.00000e+00
stdout dc_5a_c5            =  5.72063e-05 from=  8.00000e-01 to=  1.00000e+00
stdout rms_12a_c30         =  3.07357e+00 from=  8.00000e-01 to=  1.00000e+00
stdout dc_12a_c30          =  8.17707e-05 from=  8.00000e-01 to=  1.00000e+00
