stdout Note: No compatibility mode selected!
stdout Circuit: bridge loss sensitivity: br1 stps20m100st to220 with individual boyd 577202b00000g sinks. other low-voltage bridges stps20m100sg d2pak. 50 c ambient. electrical winding/load assumptions remain to be measured. d2pak lumped temperatures are screening estimates; geometry thermal_mesh.py is the separate layout assessment.
stdout Doing analysis at TEMP = 27.000000 and TNOM = 27.000000
stdout Using KLU as Direct Linear Solver
stdout Operating point simulation skipped by 'uic',
stdout now using transient initial conditions.
 Reference value :  3.66888e-02
 Reference value :  1.10515e-01
 Reference value :  1.77870e-01
 Reference value :  2.48830e-01
 Reference value :  3.18935e-01
 Reference value :  3.92254e-01
 Reference value :  4.63190e-01
 Reference value :  5.35967e-01
 Reference value :  6.06293e-01
 Reference value :  6.74528e-01
 Reference value :  7.40641e-01
 Reference value :  8.08804e-01
 Reference value :  8.78582e-01
 Reference value :  9.48023e-01
stdout No. of Data Rows : 51877
stdout rms_18a_c6          =  3.91237e+00 from=  8.00000e-01 to=  1.00000e+00
stdout dc_18a_c6           =  2.01854e-04 from=  8.00000e-01 to=  1.00000e+00
stdout rms_18a_c7          =  5.96722e+00 from=  8.00000e-01 to=  1.00000e+00
stdout dc_18a_c7           =  2.93532e-04 from=  8.00000e-01 to=  1.00000e+00
stdout rms_18b_c6          =  2.05012e+00 from=  8.00000e-01 to=  1.00000e+00
stdout dc_18b_c6           =  8.53365e-05 from=  8.00000e-01 to=  1.00000e+00
stdout rms_18b_c7          =  3.14977e+00 from=  8.00000e-01 to=  1.00000e+00
stdout dc_18b_c7           =  1.27095e-04 from=  8.00000e-01 to=  1.00000e+00
stdout rms_20a_c11         =  4.48320e+00 from=  8.00000e-01 to=  1.00000e+00
stdout dc_20a_c11          =  1.77039e-04 from=  8.00000e-01 to=  1.00000e+00
stdout rms_20b_c11         =  7.61760e+00 from=  8.00000e-01 to=  1.00000e+00
stdout dc_20b_c11          =  3.49331e-04 from=  8.00000e-01 to=  1.00000e+00
stdout rms_5a_c5           =  2.67496e+00 from=  8.00000e-01 to=  1.00000e+00
stdout dc_5a_c5            =  1.08960e-04 from=  8.00000e-01 to=  1.00000e+00
stdout rms_12a_c30         =  3.18184e+00 from=  8.00000e-01 to=  1.00000e+00
stdout dc_12a_c30          =  1.76394e-04 from=  8.00000e-01 to=  1.00000e+00
