stdout Note: No compatibility mode selected!
stdout Circuit: bridge loss sensitivity: br1 stps20m100st to220 with individual boyd 577202b00000g sinks. other low-voltage bridges stps20m100sg d2pak. 50 c ambient. electrical winding/load assumptions remain to be measured. d2pak lumped temperatures are screening estimates; geometry thermal_mesh.py is the separate layout assessment.
stdout Doing analysis at TEMP = 27.000000 and TNOM = 27.000000
stdout Using KLU as Direct Linear Solver
stdout Operating point simulation skipped by 'uic',
stdout now using transient initial conditions.
 Reference value :  1.95290e-02
 Reference value :  9.50007e-02
 Reference value :  1.67968e-01
 Reference value :  2.39780e-01
 Reference value :  3.12301e-01
 Reference value :  3.82977e-01
 Reference value :  4.53783e-01
 Reference value :  5.23362e-01
 Reference value :  5.92147e-01
 Reference value :  6.59692e-01
 Reference value :  7.31701e-01
 Reference value :  8.02835e-01
 Reference value :  8.73962e-01
 Reference value :  9.46964e-01
stdout No. of Data Rows : 51990
stdout rms_18a_c6          =  4.18599e+00 from=  8.00000e-01 to=  1.00000e+00
stdout dc_18a_c6           =  2.93514e-04 from=  8.00000e-01 to=  1.00000e+00
stdout rms_18a_c7          =  4.18599e+00 from=  8.00000e-01 to=  1.00000e+00
stdout dc_18a_c7           =  2.93514e-04 from=  8.00000e-01 to=  1.00000e+00
stdout rms_18b_c6          =  2.41576e+00 from=  8.00000e-01 to=  1.00000e+00
stdout dc_18b_c6           =  1.24510e-04 from=  8.00000e-01 to=  1.00000e+00
stdout rms_18b_c7          =  2.41576e+00 from=  8.00000e-01 to=  1.00000e+00
stdout dc_18b_c7           =  1.24510e-04 from=  8.00000e-01 to=  1.00000e+00
stdout rms_20a_c11         =  4.12843e+00 from=  8.00000e-01 to=  1.00000e+00
stdout dc_20a_c11          =  2.07545e-04 from=  8.00000e-01 to=  1.00000e+00
stdout rms_20b_c11         =  6.97977e+00 from=  8.00000e-01 to=  1.00000e+00
stdout dc_20b_c11          =  4.12599e-04 from=  8.00000e-01 to=  1.00000e+00
stdout rms_5a_c5           =  2.77423e+00 from=  8.00000e-01 to=  1.00000e+00
stdout dc_5a_c5            =  1.48818e-04 from=  8.00000e-01 to=  1.00000e+00
stdout rms_12a_c30         =  3.01573e+00 from=  8.00000e-01 to=  1.00000e+00
stdout dc_12a_c30          =  2.05975e-04 from=  8.00000e-01 to=  1.00000e+00
