stdout Note: No compatibility mode selected!
stdout Circuit: bridge loss sensitivity: br1 stps20m100st to220 with individual boyd 577202b00000g sinks. other low-voltage bridges stps20m100sg d2pak. 50 c ambient. electrical winding/load assumptions remain to be measured. d2pak lumped temperatures are screening estimates; geometry thermal_mesh.py is the separate layout assessment.
stdout Doing analysis at TEMP = 27.000000 and TNOM = 27.000000
stdout Using KLU as Direct Linear Solver
stdout Operating point simulation skipped by 'uic',
stdout now using transient initial conditions.
 Reference value :  1.25525e-02
 Reference value :  8.69789e-02
 Reference value :  1.59592e-01
 Reference value :  2.32120e-01
 Reference value :  3.02828e-01
 Reference value :  3.73692e-01
 Reference value :  4.45987e-01
 Reference value :  5.20750e-01
 Reference value :  5.91477e-01
 Reference value :  6.64254e-01
 Reference value :  7.33588e-01
 Reference value :  8.05108e-01
 Reference value :  8.77423e-01
 Reference value :  9.46349e-01
stdout No. of Data Rows : 51894
stdout rms_18a_c6          =  4.56058e+00 from=  8.00000e-01 to=  1.00000e+00
stdout dc_18a_c6           =  2.86276e-04 from=  8.00000e-01 to=  1.00000e+00
stdout rms_18a_c7          =  4.56058e+00 from=  8.00000e-01 to=  1.00000e+00
stdout dc_18a_c7           =  2.86276e-04 from=  8.00000e-01 to=  1.00000e+00
stdout rms_18b_c6          =  2.47130e+00 from=  8.00000e-01 to=  1.00000e+00
stdout dc_18b_c6           =  1.08421e-04 from=  8.00000e-01 to=  1.00000e+00
stdout rms_18b_c7          =  2.47130e+00 from=  8.00000e-01 to=  1.00000e+00
stdout dc_18b_c7           =  1.08421e-04 from=  8.00000e-01 to=  1.00000e+00
stdout rms_20a_c11         =  4.22270e+00 from=  8.00000e-01 to=  1.00000e+00
stdout dc_20a_c11          =  1.80735e-04 from=  8.00000e-01 to=  1.00000e+00
stdout rms_20b_c11         =  7.15828e+00 from=  8.00000e-01 to=  1.00000e+00
stdout dc_20b_c11          =  3.58847e-04 from=  8.00000e-01 to=  1.00000e+00
stdout rms_5a_c5           =  2.56804e+00 from=  8.00000e-01 to=  1.00000e+00
stdout dc_5a_c5            =  1.13630e-04 from=  8.00000e-01 to=  1.00000e+00
stdout rms_12a_c30         =  3.10033e+00 from=  8.00000e-01 to=  1.00000e+00
stdout dc_12a_c30          =  1.78972e-04 from=  8.00000e-01 to=  1.00000e+00
