stdout Note: No compatibility mode selected!
stdout Circuit: bridge loss sensitivity: br1 stps20m100st to220 with individual boyd 577202b00000g sinks. other low-voltage bridges stps20m100sg d2pak. 50 c ambient. electrical winding/load assumptions remain to be measured. d2pak lumped temperatures are screening estimates; geometry thermal_mesh.py is the separate layout assessment.
stdout Doing analysis at TEMP = 27.000000 and TNOM = 27.000000
stdout Using KLU as Direct Linear Solver
stdout Operating point simulation skipped by 'uic',
stdout now using transient initial conditions.
 Reference value :  4.76089e-02
 Reference value :  1.20176e-01
 Reference value :  1.90962e-01
 Reference value :  2.62737e-01
 Reference value :  3.33655e-01
 Reference value :  4.06963e-01
 Reference value :  4.80412e-01
 Reference value :  5.52052e-01
 Reference value :  6.19543e-01
 Reference value :  6.91808e-01
 Reference value :  7.62758e-01
 Reference value :  8.31525e-01
 Reference value :  9.00121e-01
 Reference value :  9.72181e-01
stdout No. of Data Rows : 51975
stdout rms_18a_c6          =  4.56768e+00 from=  8.00000e-01 to=  1.00000e+00
stdout dc_18a_c6           =  2.93650e-05 from=  8.00000e-01 to=  1.00000e+00
stdout rms_18a_c7          =  4.56768e+00 from=  8.00000e-01 to=  1.00000e+00
stdout dc_18a_c7           =  2.93650e-05 from=  8.00000e-01 to=  1.00000e+00
stdout rms_18b_c6          =  2.55497e+00 from=  8.00000e-01 to=  1.00000e+00
stdout dc_18b_c6           =  1.80141e-06 from=  8.00000e-01 to=  1.00000e+00
stdout rms_18b_c7          =  2.55497e+00 from=  8.00000e-01 to=  1.00000e+00
stdout dc_18b_c7           =  1.80141e-06 from=  8.00000e-01 to=  1.00000e+00
stdout rms_20a_c11         =  4.51919e+00 from=  8.00000e-01 to=  1.00000e+00
stdout dc_20a_c11          =  2.99514e-06 from=  8.00000e-01 to=  1.00000e+00
stdout rms_20b_c11         =  7.70177e+00 from=  8.00000e-01 to=  1.00000e+00
stdout dc_20b_c11          =  1.33937e-04 from=  8.00000e-01 to=  1.00000e+00
stdout rms_5a_c5           =  2.93319e+00 from=  8.00000e-01 to=  1.00000e+00
stdout dc_5a_c5            =  2.06647e-06 from=  8.00000e-01 to=  1.00000e+00
stdout rms_12a_c30         =  3.13171e+00 from=  8.00000e-01 to=  1.00000e+00
stdout dc_12a_c30          =  2.66124e-06 from=  8.00000e-01 to=  1.00000e+00
