stdout Note: No compatibility mode selected!
stdout Circuit: bridge loss sensitivity: br1 stps20m100st to220 with individual boyd 577202b00000g sinks. other low-voltage bridges stps20m100sg d2pak. 50 c ambient. electrical winding/load assumptions remain to be measured. d2pak lumped temperatures are screening estimates; geometry thermal_mesh.py is the separate layout assessment.
stdout Doing analysis at TEMP = 27.000000 and TNOM = 27.000000
stdout Using KLU as Direct Linear Solver
stdout Operating point simulation skipped by 'uic',
stdout now using transient initial conditions.
 Reference value :  3.94898e-02
 Reference value :  1.15185e-01
 Reference value :  1.86816e-01
 Reference value :  2.61321e-01
 Reference value :  3.35692e-01
 Reference value :  4.08326e-01
 Reference value :  4.80453e-01
 Reference value :  5.53407e-01
 Reference value :  6.25076e-01
 Reference value :  6.95657e-01
 Reference value :  7.66677e-01
 Reference value :  8.40250e-01
 Reference value :  9.11848e-01
 Reference value :  9.79683e-01
stdout No. of Data Rows : 51972
stdout rms_18a_c6          =  3.58909e+00 from=  8.00000e-01 to=  1.00000e+00
stdout dc_18a_c6           =  1.79108e-04 from=  8.00000e-01 to=  1.00000e+00
stdout rms_18a_c7          =  5.47347e+00 from=  8.00000e-01 to=  1.00000e+00
stdout dc_18a_c7           =  2.66178e-04 from=  8.00000e-01 to=  1.00000e+00
stdout rms_18b_c6          =  2.00626e+00 from=  8.00000e-01 to=  1.00000e+00
stdout dc_18b_c6           =  7.70207e-05 from=  8.00000e-01 to=  1.00000e+00
stdout rms_18b_c7          =  3.07921e+00 from=  8.00000e-01 to=  1.00000e+00
stdout dc_18b_c7           =  1.14668e-04 from=  8.00000e-01 to=  1.00000e+00
stdout rms_20a_c11         =  4.38390e+00 from=  8.00000e-01 to=  1.00000e+00
stdout dc_20a_c11          =  1.59748e-04 from=  8.00000e-01 to=  1.00000e+00
stdout rms_20b_c11         =  7.42899e+00 from=  8.00000e-01 to=  1.00000e+00
stdout dc_20b_c11          =  3.14322e-04 from=  8.00000e-01 to=  1.00000e+00
stdout rms_5a_c5           =  2.88296e+00 from=  8.00000e-01 to=  1.00000e+00
stdout dc_5a_c5            =  1.11652e-04 from=  8.00000e-01 to=  1.00000e+00
stdout rms_12a_c30         =  3.09650e+00 from=  8.00000e-01 to=  1.00000e+00
stdout dc_12a_c30          =  1.59331e-04 from=  8.00000e-01 to=  1.00000e+00
