stdout Note: No compatibility mode selected!
stdout Circuit: bridge loss sensitivity: br1 stps20m100st to220 with individual boyd 577202b00000g sinks. other low-voltage bridges stps20m100sg d2pak. 50 c ambient. electrical winding/load assumptions remain to be measured. d2pak lumped temperatures are screening estimates; geometry thermal_mesh.py is the separate layout assessment.
stdout Doing analysis at TEMP = 27.000000 and TNOM = 27.000000
stdout Using KLU as Direct Linear Solver
stdout Operating point simulation skipped by 'uic',
stdout now using transient initial conditions.
 Reference value :  3.51071e-03
 Reference value :  7.73077e-02
 Reference value :  1.37068e-01
 Reference value :  2.07170e-01
 Reference value :  2.80196e-01
 Reference value :  3.52437e-01
 Reference value :  4.24648e-01
 Reference value :  4.96672e-01
 Reference value :  5.68157e-01
 Reference value :  6.39805e-01
 Reference value :  7.12833e-01
 Reference value :  7.88400e-01
 Reference value :  8.62967e-01
 Reference value :  9.36932e-01
stdout No. of Data Rows : 51857
stdout rms_18a_c6          =  3.23350e+00 from=  8.00000e-01 to=  1.00000e+00
stdout dc_18a_c6           =  1.19695e-04 from=  8.00000e-01 to=  1.00000e+00
stdout rms_18a_c7          =  5.60666e+00 from=  8.00000e-01 to=  1.00000e+00
stdout dc_18a_c7           =  1.92234e-04 from=  8.00000e-01 to=  1.00000e+00
stdout rms_18b_c6          =  1.75609e+00 from=  8.00000e-01 to=  1.00000e+00
stdout dc_18b_c6           =  5.04998e-05 from=  8.00000e-01 to=  1.00000e+00
stdout rms_18b_c7          =  3.09761e+00 from=  8.00000e-01 to=  1.00000e+00
stdout dc_18b_c7           =  7.98462e-05 from=  8.00000e-01 to=  1.00000e+00
stdout rms_20a_c11         =  3.88657e+00 from=  8.00000e-01 to=  1.00000e+00
stdout dc_20a_c11          =  1.08630e-04 from=  8.00000e-01 to=  1.00000e+00
stdout rms_20b_c11         =  6.51685e+00 from=  8.00000e-01 to=  1.00000e+00
stdout dc_20b_c11          =  2.76610e-04 from=  8.00000e-01 to=  1.00000e+00
stdout rms_5a_c5           =  2.45472e+00 from=  8.00000e-01 to=  1.00000e+00
stdout dc_5a_c5            =  9.82863e-05 from=  8.00000e-01 to=  1.00000e+00
stdout rms_12a_c30         =  2.97102e+00 from=  8.00000e-01 to=  1.00000e+00
stdout dc_12a_c30          =  1.06729e-04 from=  8.00000e-01 to=  1.00000e+00
