stdout Note: No compatibility mode selected!
stdout Circuit: bridge loss sensitivity: br1 stps20m100st to220 with individual boyd 577202b00000g sinks. other low-voltage bridges stps20m100sg d2pak. 50 c ambient. electrical winding/load assumptions remain to be measured. d2pak lumped temperatures are screening estimates; geometry thermal_mesh.py is the separate layout assessment.
stdout Doing analysis at TEMP = 27.000000 and TNOM = 27.000000
stdout Using KLU as Direct Linear Solver
stdout Operating point simulation skipped by 'uic',
stdout now using transient initial conditions.
 Reference value :  8.59451e-03
 Reference value :  8.64303e-02
 Reference value :  1.58272e-01
 Reference value :  2.31849e-01
 Reference value :  3.03013e-01
 Reference value :  3.72306e-01
 Reference value :  4.43527e-01
 Reference value :  5.16918e-01
 Reference value :  5.86900e-01
 Reference value :  6.57279e-01
 Reference value :  7.30115e-01
 Reference value :  8.03689e-01
 Reference value :  8.76688e-01
 Reference value :  9.49986e-01
stdout No. of Data Rows : 51856
stdout rms_18a_c6          =  3.62715e+00 from=  8.00000e-01 to=  1.00000e+00
stdout dc_18a_c6           =  2.63576e-04 from=  8.00000e-01 to=  1.00000e+00
stdout rms_18a_c7          =  5.82247e+00 from=  8.00000e-01 to=  1.00000e+00
stdout dc_18a_c7           =  3.98018e-04 from=  8.00000e-01 to=  1.00000e+00
stdout rms_18b_c6          =  1.92050e+00 from=  8.00000e-01 to=  1.00000e+00
stdout dc_18b_c6           =  1.09599e-04 from=  8.00000e-01 to=  1.00000e+00
stdout rms_18b_c7          =  3.13811e+00 from=  8.00000e-01 to=  1.00000e+00
stdout dc_18b_c7           =  1.63932e-04 from=  8.00000e-01 to=  1.00000e+00
stdout rms_20a_c11         =  4.20997e+00 from=  8.00000e-01 to=  1.00000e+00
stdout dc_20a_c11          =  2.28000e-04 from=  8.00000e-01 to=  1.00000e+00
stdout rms_20b_c11         =  7.11895e+00 from=  8.00000e-01 to=  1.00000e+00
stdout dc_20b_c11          =  4.48764e-04 from=  8.00000e-01 to=  1.00000e+00
stdout rms_5a_c5           =  2.56771e+00 from=  8.00000e-01 to=  1.00000e+00
stdout dc_5a_c5            =  1.44087e-04 from=  8.00000e-01 to=  1.00000e+00
stdout rms_12a_c30         =  3.09648e+00 from=  8.00000e-01 to=  1.00000e+00
stdout dc_12a_c30          =  2.26268e-04 from=  8.00000e-01 to=  1.00000e+00
