stdout Note: No compatibility mode selected!
stdout Circuit: bridge loss sensitivity: br1 stps20m100st to220 with individual boyd 577202b00000g sinks. other low-voltage bridges stps20m100sg d2pak. 50 c ambient. electrical winding/load assumptions remain to be measured. d2pak lumped temperatures are screening estimates; geometry thermal_mesh.py is the separate layout assessment.
stdout Doing analysis at TEMP = 27.000000 and TNOM = 27.000000
stdout Using KLU as Direct Linear Solver
stdout Operating point simulation skipped by 'uic',
stdout now using transient initial conditions.
 Reference value :  9.52193e-03
 Reference value :  8.64766e-02
 Reference value :  1.57364e-01
 Reference value :  2.27263e-01
 Reference value :  2.97622e-01
 Reference value :  3.65652e-01
 Reference value :  4.32541e-01
 Reference value :  4.99147e-01
 Reference value :  5.66862e-01
 Reference value :  6.35022e-01
 Reference value :  7.00475e-01
 Reference value :  7.69274e-01
 Reference value :  8.39750e-01
 Reference value :  9.11286e-01
 Reference value :  9.79908e-01
stdout No. of Data Rows : 51952
stdout rms_18a_c6          =  2.96935e+00 from=  8.00000e-01 to=  1.00000e+00
stdout dc_18a_c6           =  1.47499e-04 from=  8.00000e-01 to=  1.00000e+00
stdout rms_18a_c7          =  5.14695e+00 from=  8.00000e-01 to=  1.00000e+00
stdout dc_18a_c7           =  2.41757e-04 from=  8.00000e-01 to=  1.00000e+00
stdout rms_18b_c6          =  1.71856e+00 from=  8.00000e-01 to=  1.00000e+00
stdout dc_18b_c6           =  6.16408e-05 from=  8.00000e-01 to=  1.00000e+00
stdout rms_18b_c7          =  3.02486e+00 from=  8.00000e-01 to=  1.00000e+00
stdout dc_18b_c7           =  9.75796e-05 from=  8.00000e-01 to=  1.00000e+00
stdout rms_20a_c11         =  3.79571e+00 from=  8.00000e-01 to=  1.00000e+00
stdout dc_20a_c11          =  1.32693e-04 from=  8.00000e-01 to=  1.00000e+00
stdout rms_20b_c11         =  6.34274e+00 from=  8.00000e-01 to=  1.00000e+00
stdout dc_20b_c11          =  3.20025e-04 from=  8.00000e-01 to=  1.00000e+00
stdout rms_5a_c5           =  2.66699e+00 from=  8.00000e-01 to=  1.00000e+00
stdout dc_5a_c5            =  1.05266e-04 from=  8.00000e-01 to=  1.00000e+00
stdout rms_12a_c30         =  2.88674e+00 from=  8.00000e-01 to=  1.00000e+00
stdout dc_12a_c30          =  1.30932e-04 from=  8.00000e-01 to=  1.00000e+00
