stdout Note: No compatibility mode selected!
stdout Circuit: bridge loss sensitivity: br1 stps20m100st to220 with individual boyd 577202b00000g sinks. other low-voltage bridges stps20m100sg d2pak. 50 c ambient. electrical winding/load assumptions remain to be measured. d2pak lumped temperatures are screening estimates; geometry thermal_mesh.py is the separate layout assessment.
stdout Doing analysis at TEMP = 27.000000 and TNOM = 27.000000
stdout Using KLU as Direct Linear Solver
stdout Operating point simulation skipped by 'uic',
stdout now using transient initial conditions.
 Reference value :  1.24684e-02
 Reference value :  8.39717e-02
 Reference value :  1.55725e-01
 Reference value :  2.24191e-01
 Reference value :  2.94743e-01
 Reference value :  3.66923e-01
 Reference value :  4.38512e-01
 Reference value :  5.11428e-01
 Reference value :  5.81755e-01
 Reference value :  6.52964e-01
 Reference value :  7.25687e-01
 Reference value :  7.99255e-01
 Reference value :  8.70591e-01
 Reference value :  9.43208e-01
stdout No. of Data Rows : 51942
stdout rms_18a_c6          =  4.80903e+00 from=  8.00000e-01 to=  1.00000e+00
stdout dc_18a_c6           =  2.62241e-04 from=  8.00000e-01 to=  1.00000e+00
stdout rms_18a_c7          =  4.80903e+00 from=  8.00000e-01 to=  1.00000e+00
stdout dc_18a_c7           =  2.62241e-04 from=  8.00000e-01 to=  1.00000e+00
stdout rms_18b_c6          =  2.55483e+00 from=  8.00000e-01 to=  1.00000e+00
stdout dc_18b_c6           =  1.12787e-04 from=  8.00000e-01 to=  1.00000e+00
stdout rms_18b_c7          =  2.55483e+00 from=  8.00000e-01 to=  1.00000e+00
stdout dc_18b_c7           =  1.12787e-04 from=  8.00000e-01 to=  1.00000e+00
stdout rms_20a_c11         =  4.44921e+00 from=  8.00000e-01 to=  1.00000e+00
stdout dc_20a_c11          =  1.87984e-04 from=  8.00000e-01 to=  1.00000e+00
stdout rms_20b_c11         =  7.57828e+00 from=  8.00000e-01 to=  1.00000e+00
stdout dc_20b_c11          =  4.25709e-04 from=  8.00000e-01 to=  1.00000e+00
stdout rms_5a_c5           =  2.65575e+00 from=  8.00000e-01 to=  1.00000e+00
stdout dc_5a_c5            =  1.15538e-04 from=  8.00000e-01 to=  1.00000e+00
stdout rms_12a_c30         =  3.17130e+00 from=  8.00000e-01 to=  1.00000e+00
stdout dc_12a_c30          =  1.86721e-04 from=  8.00000e-01 to=  1.00000e+00
