stdout Note: No compatibility mode selected!
stdout Circuit: bridge loss sensitivity: br1 stps20m100st to220 with individual boyd 577202b00000g sinks. other low-voltage bridges stps20m100sg d2pak. 50 c ambient. electrical winding/load assumptions remain to be measured. d2pak lumped temperatures are screening estimates; geometry thermal_mesh.py is the separate layout assessment.
stdout Doing analysis at TEMP = 27.000000 and TNOM = 27.000000
stdout Using KLU as Direct Linear Solver
stdout Operating point simulation skipped by 'uic',
stdout now using transient initial conditions.
 Reference value :  3.79909e-02
 Reference value :  1.05659e-01
 Reference value :  1.71795e-01
 Reference value :  2.37286e-01
 Reference value :  3.02534e-01
 Reference value :  3.68188e-01
 Reference value :  4.26765e-01
 Reference value :  4.94838e-01
 Reference value :  5.62784e-01
 Reference value :  6.34335e-01
 Reference value :  7.05840e-01
 Reference value :  7.73432e-01
 Reference value :  8.41080e-01
 Reference value :  9.10047e-01
 Reference value :  9.79293e-01
stdout No. of Data Rows : 52266
stdout rms_18a_c6          =  2.93260e+00 from=  8.00000e-01 to=  1.00000e+00
stdout dc_18a_c6           =  4.45432e-05 from=  8.00000e-01 to=  1.00000e+00
stdout rms_18a_c7          =  5.20711e+00 from=  8.00000e-01 to=  1.00000e+00
stdout dc_18a_c7           =  8.38928e-05 from=  8.00000e-01 to=  1.00000e+00
stdout rms_18b_c6          =  1.69519e+00 from=  8.00000e-01 to=  1.00000e+00
stdout dc_18b_c6           =  5.05379e-06 from=  8.00000e-01 to=  1.00000e+00
stdout rms_18b_c7          =  3.05151e+00 from=  8.00000e-01 to=  1.00000e+00
stdout dc_18b_c7           =  7.58871e-06 from=  8.00000e-01 to=  1.00000e+00
stdout rms_20a_c11         =  3.80274e+00 from=  8.00000e-01 to=  1.00000e+00
stdout dc_20a_c11          =  1.05814e-05 from=  8.00000e-01 to=  1.00000e+00
stdout rms_20b_c11         =  6.36478e+00 from=  8.00000e-01 to=  1.00000e+00
stdout dc_20b_c11          =  1.03069e-04 from=  8.00000e-01 to=  1.00000e+00
stdout rms_5a_c5           =  2.66497e+00 from=  8.00000e-01 to=  1.00000e+00
stdout dc_5a_c5            =  2.32663e-05 from=  8.00000e-01 to=  1.00000e+00
stdout rms_12a_c30         =  2.88960e+00 from=  8.00000e-01 to=  1.00000e+00
stdout dc_12a_c30          =  7.71106e-06 from=  8.00000e-01 to=  1.00000e+00
