stdout Note: No compatibility mode selected!
stdout Circuit: bridge loss sensitivity: br1 stps20m100st to220 with individual boyd 577202b00000g sinks. other low-voltage bridges stps20m100sg d2pak. 50 c ambient. electrical winding/load assumptions remain to be measured. d2pak lumped temperatures are screening estimates; geometry thermal_mesh.py is the separate layout assessment.
stdout Doing analysis at TEMP = 27.000000 and TNOM = 27.000000
stdout Using KLU as Direct Linear Solver
stdout Operating point simulation skipped by 'uic',
stdout now using transient initial conditions.
 Reference value :  3.65985e-02
 Reference value :  1.12321e-01
 Reference value :  1.88405e-01
 Reference value :  2.63907e-01
 Reference value :  3.38086e-01
 Reference value :  4.13187e-01
 Reference value :  4.89157e-01
 Reference value :  5.64712e-01
 Reference value :  6.35042e-01
 Reference value :  7.05335e-01
 Reference value :  7.73040e-01
 Reference value :  8.48046e-01
 Reference value :  9.21645e-01
 Reference value :  9.94507e-01
stdout No. of Data Rows : 52258
stdout rms_18a_c6          =  4.42826e+00 from=  8.00000e-01 to=  1.00000e+00
stdout dc_18a_c6           =  2.24946e-04 from=  8.00000e-01 to=  1.00000e+00
stdout rms_18a_c7          =  4.42826e+00 from=  8.00000e-01 to=  1.00000e+00
stdout dc_18a_c7           =  2.24946e-04 from=  8.00000e-01 to=  1.00000e+00
stdout rms_18b_c6          =  2.50071e+00 from=  8.00000e-01 to=  1.00000e+00
stdout dc_18b_c6           =  9.35471e-05 from=  8.00000e-01 to=  1.00000e+00
stdout rms_18b_c7          =  2.50071e+00 from=  8.00000e-01 to=  1.00000e+00
stdout dc_18b_c7           =  9.35471e-05 from=  8.00000e-01 to=  1.00000e+00
stdout rms_20a_c11         =  4.36211e+00 from=  8.00000e-01 to=  1.00000e+00
stdout dc_20a_c11          =  1.55902e-04 from=  8.00000e-01 to=  1.00000e+00
stdout rms_20b_c11         =  7.42640e+00 from=  8.00000e-01 to=  1.00000e+00
stdout dc_20b_c11          =  4.78178e-04 from=  8.00000e-01 to=  1.00000e+00
stdout rms_5a_c5           =  2.86289e+00 from=  8.00000e-01 to=  1.00000e+00
stdout dc_5a_c5            =  1.08240e-04 from=  8.00000e-01 to=  1.00000e+00
stdout rms_12a_c30         =  3.08881e+00 from=  8.00000e-01 to=  1.00000e+00
stdout dc_12a_c30          =  1.54044e-04 from=  8.00000e-01 to=  1.00000e+00
