stdout Note: No compatibility mode selected!
stdout Circuit: bridge loss sensitivity: br1 stps20m100st to220 with individual boyd 577202b00000g sinks. other low-voltage bridges stps20m100sg d2pak. 50 c ambient. electrical winding/load assumptions remain to be measured. d2pak lumped temperatures are screening estimates; geometry thermal_mesh.py is the separate layout assessment.
stdout Doing analysis at TEMP = 27.000000 and TNOM = 27.000000
stdout Using KLU as Direct Linear Solver
stdout Operating point simulation skipped by 'uic',
stdout now using transient initial conditions.
 Reference value :  1.23571e-02
 Reference value :  8.55642e-02
 Reference value :  1.58216e-01
 Reference value :  2.29659e-01
 Reference value :  3.02669e-01
 Reference value :  3.73846e-01
 Reference value :  4.44185e-01
 Reference value :  5.17293e-01
 Reference value :  5.86410e-01
 Reference value :  6.58558e-01
 Reference value :  7.31397e-01
 Reference value :  8.05739e-01
 Reference value :  8.71842e-01
 Reference value :  9.41965e-01
stdout No. of Data Rows : 52181
stdout rms_18a_c6          =  3.19363e+00 from=  8.00000e-01 to=  1.00000e+00
stdout dc_18a_c6           =  1.02741e-04 from=  8.00000e-01 to=  1.00000e+00
stdout rms_18a_c7          =  5.67231e+00 from=  8.00000e-01 to=  1.00000e+00
stdout dc_18a_c7           =  1.71444e-04 from=  8.00000e-01 to=  1.00000e+00
stdout rms_18b_c6          =  1.73234e+00 from=  8.00000e-01 to=  1.00000e+00
stdout dc_18b_c6           =  4.07795e-05 from=  8.00000e-01 to=  1.00000e+00
stdout rms_18b_c7          =  3.12436e+00 from=  8.00000e-01 to=  1.00000e+00
stdout dc_18b_c7           =  6.61929e-05 from=  8.00000e-01 to=  1.00000e+00
stdout rms_20a_c11         =  3.89320e+00 from=  8.00000e-01 to=  1.00000e+00
stdout dc_20a_c11          =  8.90013e-05 from=  8.00000e-01 to=  1.00000e+00
stdout rms_20b_c11         =  6.53759e+00 from=  8.00000e-01 to=  1.00000e+00
stdout dc_20b_c11          =  2.66351e-04 from=  8.00000e-01 to=  1.00000e+00
stdout rms_5a_c5           =  2.45395e+00 from=  8.00000e-01 to=  1.00000e+00
stdout dc_5a_c5            =  9.37067e-05 from=  8.00000e-01 to=  1.00000e+00
stdout rms_12a_c30         =  2.97370e+00 from=  8.00000e-01 to=  1.00000e+00
stdout dc_12a_c30          =  8.59761e-05 from=  8.00000e-01 to=  1.00000e+00
