stdout Note: No compatibility mode selected!
stdout Circuit: bridge loss sensitivity: br1 stps20m100st to220 with individual boyd 577202b00000g sinks. other low-voltage bridges stps20m100sg d2pak. 50 c ambient. electrical winding/load assumptions remain to be measured. d2pak lumped temperatures are screening estimates; geometry thermal_mesh.py is the separate layout assessment.
stdout Doing analysis at TEMP = 27.000000 and TNOM = 27.000000
stdout Using KLU as Direct Linear Solver
stdout Operating point simulation skipped by 'uic',
stdout now using transient initial conditions.
 Reference value :  3.81862e-02
 Reference value :  1.07911e-01
 Reference value :  1.77295e-01
 Reference value :  2.44001e-01
 Reference value :  3.11233e-01
 Reference value :  3.81321e-01
 Reference value :  4.46743e-01
 Reference value :  5.12429e-01
 Reference value :  5.76258e-01
 Reference value :  6.43450e-01
 Reference value :  7.13093e-01
 Reference value :  7.78236e-01
 Reference value :  8.45853e-01
 Reference value :  9.16288e-01
 Reference value :  9.80789e-01
stdout No. of Data Rows : 52176
stdout rms_18a_c6          =  4.82670e+00 from=  8.00000e-01 to=  1.00000e+00
stdout dc_18a_c6           =  3.21956e-04 from=  8.00000e-01 to=  1.00000e+00
stdout rms_18a_c7          =  4.82670e+00 from=  8.00000e-01 to=  1.00000e+00
stdout dc_18a_c7           =  3.21956e-04 from=  8.00000e-01 to=  1.00000e+00
stdout rms_18b_c6          =  2.55712e+00 from=  8.00000e-01 to=  1.00000e+00
stdout dc_18b_c6           =  1.32097e-04 from=  8.00000e-01 to=  1.00000e+00
stdout rms_18b_c7          =  2.55712e+00 from=  8.00000e-01 to=  1.00000e+00
stdout dc_18b_c7           =  1.32097e-04 from=  8.00000e-01 to=  1.00000e+00
stdout rms_20a_c11         =  4.45897e+00 from=  8.00000e-01 to=  1.00000e+00
stdout dc_20a_c11          =  2.20121e-04 from=  8.00000e-01 to=  1.00000e+00
stdout rms_20b_c11         =  7.60848e+00 from=  8.00000e-01 to=  1.00000e+00
stdout dc_20b_c11          =  6.22446e-04 from=  8.00000e-01 to=  1.00000e+00
stdout rms_5a_c5           =  2.65668e+00 from=  8.00000e-01 to=  1.00000e+00
stdout dc_5a_c5            =  1.34920e-04 from=  8.00000e-01 to=  1.00000e+00
stdout rms_12a_c30         =  3.17364e+00 from=  8.00000e-01 to=  1.00000e+00
stdout dc_12a_c30          =  2.18075e-04 from=  8.00000e-01 to=  1.00000e+00
