stdout Note: No compatibility mode selected!
stdout Circuit: bridge loss sensitivity: br1 stps20m100st to220 with individual boyd 577202b00000g sinks. other low-voltage bridges stps20m100sg d2pak. 50 c ambient. electrical winding/load assumptions remain to be measured. d2pak lumped temperatures are screening estimates; geometry thermal_mesh.py is the separate layout assessment.
stdout Doing analysis at TEMP = 27.000000 and TNOM = 27.000000
stdout Using KLU as Direct Linear Solver
stdout Operating point simulation skipped by 'uic',
stdout now using transient initial conditions.
 Reference value :  3.64551e-02
 Reference value :  1.06075e-01
 Reference value :  1.72759e-01
 Reference value :  2.39680e-01
 Reference value :  3.10026e-01
 Reference value :  3.78857e-01
 Reference value :  4.49480e-01
 Reference value :  5.19068e-01
 Reference value :  5.85504e-01
 Reference value :  6.49421e-01
 Reference value :  7.15608e-01
 Reference value :  7.85084e-01
 Reference value :  8.49082e-01
 Reference value :  9.14467e-01
 Reference value :  9.76541e-01
stdout No. of Data Rows : 52282
stdout rms_18a_c6          =  4.19877e+00 from=  8.00000e-01 to=  1.00000e+00
stdout dc_18a_c6           =  1.16720e-04 from=  8.00000e-01 to=  1.00000e+00
stdout rms_18a_c7          =  4.19877e+00 from=  8.00000e-01 to=  1.00000e+00
stdout dc_18a_c7           =  1.16720e-04 from=  8.00000e-01 to=  1.00000e+00
stdout rms_18b_c6          =  2.41773e+00 from=  8.00000e-01 to=  1.00000e+00
stdout dc_18b_c6           =  2.56920e-05 from=  8.00000e-01 to=  1.00000e+00
stdout rms_18b_c7          =  2.41773e+00 from=  8.00000e-01 to=  1.00000e+00
stdout dc_18b_c7           =  2.56920e-05 from=  8.00000e-01 to=  1.00000e+00
stdout rms_20a_c11         =  4.13582e+00 from=  8.00000e-01 to=  1.00000e+00
stdout dc_20a_c11          =  4.28145e-05 from=  8.00000e-01 to=  1.00000e+00
stdout rms_20b_c11         =  7.00274e+00 from=  8.00000e-01 to=  1.00000e+00
stdout dc_20b_c11          =  9.15301e-05 from=  8.00000e-01 to=  1.00000e+00
stdout rms_5a_c5           =  2.77376e+00 from=  8.00000e-01 to=  1.00000e+00
stdout dc_5a_c5            =  3.06756e-05 from=  8.00000e-01 to=  1.00000e+00
stdout rms_12a_c30         =  3.01796e+00 from=  8.00000e-01 to=  1.00000e+00
stdout dc_12a_c30          =  4.01144e-05 from=  8.00000e-01 to=  1.00000e+00
