stdout Note: No compatibility mode selected!
stdout Circuit: bridge loss sensitivity: br1 stps20m100st to220 with individual boyd 577202b00000g sinks. other low-voltage bridges stps20m100sg d2pak. 50 c ambient. electrical winding/load assumptions remain to be measured. d2pak lumped temperatures are screening estimates; geometry thermal_mesh.py is the separate layout assessment.
stdout Doing analysis at TEMP = 27.000000 and TNOM = 27.000000
stdout Using KLU as Direct Linear Solver
stdout Operating point simulation skipped by 'uic',
stdout now using transient initial conditions.
 Reference value :  4.46930e-02
 Reference value :  1.14130e-01
 Reference value :  1.85897e-01
 Reference value :  2.58151e-01
 Reference value :  3.30742e-01
 Reference value :  4.01318e-01
 Reference value :  4.73976e-01
 Reference value :  5.46083e-01
 Reference value :  6.19365e-01
 Reference value :  6.89765e-01
 Reference value :  7.63516e-01
 Reference value :  8.35638e-01
 Reference value :  9.07577e-01
 Reference value :  9.71588e-01
stdout No. of Data Rows : 52132
stdout rms_18a_c6          =  3.60025e+00 from=  8.00000e-01 to=  1.00000e+00
stdout dc_18a_c6           =  2.52692e-04 from=  8.00000e-01 to=  1.00000e+00
stdout rms_18a_c7          =  5.88577e+00 from=  8.00000e-01 to=  1.00000e+00
stdout dc_18a_c7           =  3.89016e-04 from=  8.00000e-01 to=  1.00000e+00
stdout rms_18b_c6          =  1.89943e+00 from=  8.00000e-01 to=  1.00000e+00
stdout dc_18b_c6           =  9.85211e-05 from=  8.00000e-01 to=  1.00000e+00
stdout rms_18b_c7          =  3.16492e+00 from=  8.00000e-01 to=  1.00000e+00
stdout dc_18b_c7           =  1.47783e-04 from=  8.00000e-01 to=  1.00000e+00
stdout rms_20a_c11         =  4.22078e+00 from=  8.00000e-01 to=  1.00000e+00
stdout dc_20a_c11          =  2.05174e-04 from=  8.00000e-01 to=  1.00000e+00
stdout rms_20b_c11         =  7.15231e+00 from=  8.00000e-01 to=  1.00000e+00
stdout dc_20b_c11          =  4.02262e-04 from=  8.00000e-01 to=  1.00000e+00
stdout rms_5a_c5           =  2.56799e+00 from=  8.00000e-01 to=  1.00000e+00
stdout dc_5a_c5            =  1.29134e-04 from=  8.00000e-01 to=  1.00000e+00
stdout rms_12a_c30         =  3.09975e+00 from=  8.00000e-01 to=  1.00000e+00
stdout dc_12a_c30          =  2.02490e-04 from=  8.00000e-01 to=  1.00000e+00
