stdout Note: No compatibility mode selected!
stdout Circuit: bridge loss sensitivity: br1 stps20m100st to220 with individual boyd 577202b00000g sinks. other low-voltage bridges stps20m100sg d2pak. 50 c ambient. electrical winding/load assumptions remain to be measured. d2pak lumped temperatures are screening estimates; geometry thermal_mesh.py is the separate layout assessment.
stdout Doing analysis at TEMP = 27.000000 and TNOM = 27.000000
stdout Using KLU as Direct Linear Solver
stdout Operating point simulation skipped by 'uic',
stdout now using transient initial conditions.
 Reference value :  2.71797e-03
 Reference value :  8.07061e-02
 Reference value :  1.54264e-01
 Reference value :  2.26062e-01
 Reference value :  2.98698e-01
 Reference value :  3.73014e-01
 Reference value :  4.46140e-01
 Reference value :  5.18963e-01
 Reference value :  5.92257e-01
 Reference value :  6.65046e-01
 Reference value :  7.39828e-01
 Reference value :  8.14373e-01
 Reference value :  8.85954e-01
 Reference value :  9.58010e-01
stdout No. of Data Rows : 52299
stdout rms_18a_c6          =  4.58638e+00 from=  8.00000e-01 to=  1.00000e+00
stdout dc_18a_c6           =  9.91317e-05 from=  8.00000e-01 to=  1.00000e+00
stdout rms_18a_c7          =  4.58638e+00 from=  8.00000e-01 to=  1.00000e+00
stdout dc_18a_c7           =  9.91317e-05 from=  8.00000e-01 to=  1.00000e+00
stdout rms_18b_c6          =  2.55776e+00 from=  8.00000e-01 to=  1.00000e+00
stdout dc_18b_c6           =  1.42218e-05 from=  8.00000e-01 to=  1.00000e+00
stdout rms_18b_c7          =  2.55776e+00 from=  8.00000e-01 to=  1.00000e+00
stdout dc_18b_c7           =  1.42218e-05 from=  8.00000e-01 to=  1.00000e+00
stdout rms_20a_c11         =  4.53243e+00 from=  8.00000e-01 to=  1.00000e+00
stdout dc_20a_c11          =  2.38050e-05 from=  8.00000e-01 to=  1.00000e+00
stdout rms_20b_c11         =  7.74218e+00 from=  8.00000e-01 to=  1.00000e+00
stdout dc_20b_c11          =  9.44956e-05 from=  8.00000e-01 to=  1.00000e+00
stdout rms_5a_c5           =  2.93455e+00 from=  8.00000e-01 to=  1.00000e+00
stdout dc_5a_c5            =  1.62621e-05 from=  8.00000e-01 to=  1.00000e+00
stdout rms_12a_c30         =  3.13439e+00 from=  8.00000e-01 to=  1.00000e+00
stdout dc_12a_c30          =  2.31422e-05 from=  8.00000e-01 to=  1.00000e+00
