stdout Note: No compatibility mode selected!
stdout Circuit: bridge loss sensitivity: br1 stps20m100st to220 with individual boyd 577202b00000g sinks. other low-voltage bridges stps20m100sg d2pak. 50 c ambient. electrical winding/load assumptions remain to be measured. d2pak lumped temperatures are screening estimates; geometry thermal_mesh.py is the separate layout assessment.
stdout Doing analysis at TEMP = 27.000000 and TNOM = 27.000000
stdout Using KLU as Direct Linear Solver
stdout Operating point simulation skipped by 'uic',
stdout now using transient initial conditions.
 Reference value :  6.72429e-02
 Reference value :  1.39708e-01
 Reference value :  2.10039e-01
 Reference value :  2.79754e-01
 Reference value :  3.45389e-01
 Reference value :  4.12235e-01
 Reference value :  4.82300e-01
 Reference value :  5.51951e-01
 Reference value :  6.23222e-01
 Reference value :  6.95282e-01
 Reference value :  7.66443e-01
 Reference value :  8.37429e-01
 Reference value :  9.07605e-01
 Reference value :  9.75595e-01
stdout No. of Data Rows : 52288
stdout rms_18a_c6          =  3.30422e+00 from=  8.00000e-01 to=  1.00000e+00
stdout dc_18a_c6           =  8.50340e-05 from=  8.00000e-01 to=  1.00000e+00
stdout rms_18a_c7          =  5.39996e+00 from=  8.00000e-01 to=  1.00000e+00
stdout dc_18a_c7           =  1.29339e-04 from=  8.00000e-01 to=  1.00000e+00
stdout rms_18b_c6          =  1.86005e+00 from=  8.00000e-01 to=  1.00000e+00
stdout dc_18b_c6           =  3.26669e-05 from=  8.00000e-01 to=  1.00000e+00
stdout rms_18b_c7          =  3.09178e+00 from=  8.00000e-01 to=  1.00000e+00
stdout dc_18b_c7           =  4.79066e-05 from=  8.00000e-01 to=  1.00000e+00
stdout rms_20a_c11         =  4.12639e+00 from=  8.00000e-01 to=  1.00000e+00
stdout dc_20a_c11          =  6.71235e-05 from=  8.00000e-01 to=  1.00000e+00
stdout rms_20b_c11         =  6.97344e+00 from=  8.00000e-01 to=  1.00000e+00
stdout dc_20b_c11          =  1.26387e-04 from=  8.00000e-01 to=  1.00000e+00
stdout rms_5a_c5           =  2.77437e+00 from=  8.00000e-01 to=  1.00000e+00
stdout dc_5a_c5            =  4.94509e-05 from=  8.00000e-01 to=  1.00000e+00
stdout rms_12a_c30         =  3.01511e+00 from=  8.00000e-01 to=  1.00000e+00
stdout dc_12a_c30          =  6.45884e-05 from=  8.00000e-01 to=  1.00000e+00
