stdout Note: No compatibility mode selected!
stdout Circuit: bridge loss sensitivity: br1 stps20m100st to220 with individual boyd 577202b00000g sinks. other low-voltage bridges stps20m100sg d2pak. 50 c ambient. electrical winding/load assumptions remain to be measured. d2pak lumped temperatures are screening estimates; geometry thermal_mesh.py is the separate layout assessment.
stdout Doing analysis at TEMP = 27.000000 and TNOM = 27.000000
stdout Using KLU as Direct Linear Solver
stdout Operating point simulation skipped by 'uic',
stdout now using transient initial conditions.
 Reference value :  1.34144e-02
 Reference value :  8.40195e-02
 Reference value :  1.50796e-01
 Reference value :  2.20387e-01
 Reference value :  2.91962e-01
 Reference value :  3.60127e-01
 Reference value :  4.23804e-01
 Reference value :  4.93082e-01
 Reference value :  5.62912e-01
 Reference value :  6.31802e-01
 Reference value :  7.03636e-01
 Reference value :  7.72978e-01
 Reference value :  8.42845e-01
 Reference value :  9.08190e-01
 Reference value :  9.72473e-01
stdout No. of Data Rows : 52129
stdout rms_18a_c6          =  3.91422e+00 from=  8.00000e-01 to=  1.00000e+00
stdout dc_18a_c6           =  8.88460e-05 from=  8.00000e-01 to=  1.00000e+00
stdout rms_18a_c7          =  6.00704e+00 from=  8.00000e-01 to=  1.00000e+00
stdout dc_18a_c7           =  1.23159e-04 from=  8.00000e-01 to=  1.00000e+00
stdout rms_18b_c6          =  2.04236e+00 from=  8.00000e-01 to=  1.00000e+00
stdout dc_18b_c6           =  3.19966e-05 from=  8.00000e-01 to=  1.00000e+00
stdout rms_18b_c7          =  3.16393e+00 from=  8.00000e-01 to=  1.00000e+00
stdout dc_18b_c7           =  4.62548e-05 from=  8.00000e-01 to=  1.00000e+00
stdout rms_20a_c11         =  4.49949e+00 from=  8.00000e-01 to=  1.00000e+00
stdout dc_20a_c11          =  6.52682e-05 from=  8.00000e-01 to=  1.00000e+00
stdout rms_20b_c11         =  7.66726e+00 from=  8.00000e-01 to=  1.00000e+00
stdout dc_20b_c11          =  1.82275e-04 from=  8.00000e-01 to=  1.00000e+00
stdout rms_5a_c5           =  2.67679e+00 from=  8.00000e-01 to=  1.00000e+00
stdout dc_5a_c5            =  3.99426e-05 from=  8.00000e-01 to=  1.00000e+00
stdout rms_12a_c30         =  3.18558e+00 from=  8.00000e-01 to=  1.00000e+00
stdout dc_12a_c30          =  6.40844e-05 from=  8.00000e-01 to=  1.00000e+00
