stdout Note: No compatibility mode selected!
stdout Circuit: bridge loss sensitivity: br1 stps20m100st to220 with individual boyd 577202b00000g sinks. other low-voltage bridges stps20m100sg d2pak. 50 c ambient. electrical winding/load assumptions remain to be measured. d2pak lumped temperatures are screening estimates; geometry thermal_mesh.py is the separate layout assessment.
stdout Doing analysis at TEMP = 27.000000 and TNOM = 27.000000
stdout Using KLU as Direct Linear Solver
stdout Operating point simulation skipped by 'uic',
stdout now using transient initial conditions.
 Reference value :  3.40098e-02
 Reference value :  1.05601e-01
 Reference value :  1.76576e-01
 Reference value :  2.42663e-01
 Reference value :  3.13192e-01
 Reference value :  3.83459e-01
 Reference value :  4.54977e-01
 Reference value :  5.24679e-01
 Reference value :  5.94923e-01
 Reference value :  6.66988e-01
 Reference value :  7.36297e-01
 Reference value :  8.06313e-01
 Reference value :  8.76903e-01
 Reference value :  9.47778e-01
stdout No. of Data Rows : 52195
stdout rms_18a_c6          =  4.57466e+00 from=  8.00000e-01 to=  1.00000e+00
stdout dc_18a_c6           =  1.10962e-04 from=  8.00000e-01 to=  1.00000e+00
stdout rms_18a_c7          =  4.57466e+00 from=  8.00000e-01 to=  1.00000e+00
stdout dc_18a_c7           =  1.10962e-04 from=  8.00000e-01 to=  1.00000e+00
stdout rms_18b_c6          =  2.47317e+00 from=  8.00000e-01 to=  1.00000e+00
stdout dc_18b_c6           =  1.91910e-05 from=  8.00000e-01 to=  1.00000e+00
stdout rms_18b_c7          =  2.47317e+00 from=  8.00000e-01 to=  1.00000e+00
stdout dc_18b_c7           =  1.91910e-05 from=  8.00000e-01 to=  1.00000e+00
stdout rms_20a_c11         =  4.22969e+00 from=  8.00000e-01 to=  1.00000e+00
stdout dc_20a_c11          =  3.20054e-05 from=  8.00000e-01 to=  1.00000e+00
stdout rms_20b_c11         =  7.17993e+00 from=  8.00000e-01 to=  1.00000e+00
stdout dc_20b_c11          =  7.08370e-05 from=  8.00000e-01 to=  1.00000e+00
stdout rms_5a_c5           =  2.56821e+00 from=  8.00000e-01 to=  1.00000e+00
stdout dc_5a_c5            =  2.00435e-05 from=  8.00000e-01 to=  1.00000e+00
stdout rms_12a_c30         =  3.10243e+00 from=  8.00000e-01 to=  1.00000e+00
stdout dc_12a_c30          =  2.89370e-05 from=  8.00000e-01 to=  1.00000e+00
