stdout Note: No compatibility mode selected!
stdout Circuit: u21 reservoir candidate: added_f60_line1.1_esr0.1_imb1_phase90; 10 w constant-power regulator approximation
stdout Doing analysis at TEMP = 27.000000 and TNOM = 27.000000
stdout Using KLU as Direct Linear Solver
stdout Operating point simulation skipped by 'uic',
stdout now using transient initial conditions.
 Reference value :  6.44358e-02
 Reference value :  2.97126e-01
stdout No. of Data Rows : 50020
stdout sim_end = 5.000000000000e-01
stdout input_min           =  1.55142e+01 at=  4.15706e-01
stdout input_max           =  1.62083e+01 at=  4.92236e-01
stdout bridge_peak         =  1.09041e+02 at=  1.00292e-07
stdout bridge_i2t_start    =  1.68231e+01 from=  1.00000e-07 to=  3.00000e-02
stdout bridge_power        =  2.80463e+00 from=  4.00000e-01 to=  5.00000e-01
stdout rms_c6              =  4.43072e+00 from=  4.00000e-01 to=  5.00000e-01
stdout rms_c7              =  3.52576e+00 from=  4.00000e-01 to=  5.00000e-01
stdout rms_dedicated       =  1.20977e+00 from=  4.00000e-01 to=  5.00000e-01
stdout isolate_peak        =  3.58123e+01 at=  1.00292e-07
stdout isolate_power_avg   =  2.79537e-01 from=  4.00000e-01 to=  5.00000e-01
