stdout Note: No compatibility mode selected!
stdout Circuit: u21 reservoir candidate: added_f50_line0.9_esr0.1_imb1_phase90; 10 w constant-power regulator approximation
stdout Doing analysis at TEMP = 27.000000 and TNOM = 27.000000
stdout Using KLU as Direct Linear Solver
stdout Operating point simulation skipped by 'uic',
stdout now using transient initial conditions.
 Reference value :  9.06575e-03
 Reference value :  2.28816e-01
 Reference value :  4.56296e-01
stdout No. of Data Rows : 50020
stdout sim_end = 5.000000000000e-01
stdout input_min           =  1.20920e+01 at=  4.98536e-01
stdout input_max           =  1.29937e+01 at=  4.00776e-01
stdout bridge_peak         =  8.80223e+01 at=  1.00294e-07
stdout bridge_i2t_start    =  1.18086e+01 from=  1.00000e-07 to=  3.00000e-02
stdout bridge_power        =  2.20106e+00 from=  4.00000e-01 to=  5.00000e-01
stdout rms_c6              =  3.36488e+00 from=  4.00000e-01 to=  5.00000e-01
stdout rms_c7              =  2.92228e+00 from=  4.00000e-01 to=  5.00000e-01
stdout rms_dedicated       =  1.38915e+00 from=  4.00000e-01 to=  5.00000e-01
stdout isolate_peak        =  2.84699e+01 at=  1.00294e-07
stdout isolate_power_avg   =  3.59099e-01 from=  4.00000e-01 to=  5.00000e-01
