stdout Note: No compatibility mode selected!
stdout Circuit: u21 reservoir candidate: added_f50_line1.1_esr0.05_imb1_phase0; 10 w constant-power regulator approximation
stdout Doing analysis at TEMP = 27.000000 and TNOM = 27.000000
stdout Using KLU as Direct Linear Solver
stdout Operating point simulation skipped by 'uic',
stdout now using transient initial conditions.
 Reference value :  2.96015e-02
 Reference value :  2.52472e-01
 Reference value :  4.75202e-01
stdout No. of Data Rows : 50037
stdout sim_end = 5.000000000000e-01
stdout input_min           =  1.55768e+01 at=  4.94122e-01
stdout input_max           =  1.62458e+01 at=  4.96032e-01
stdout bridge_peak         =  7.29509e+01 at=  3.74154e-03
stdout bridge_i2t_start    =  2.28456e+01 from=  1.00000e-07 to=  3.00000e-02
stdout bridge_power        =  2.89592e+00 from=  4.00000e-01 to=  5.00000e-01
stdout rms_c6              =  3.92983e+00 from=  4.00000e-01 to=  5.00000e-01
stdout rms_c7              =  4.48238e+00 from=  4.00000e-01 to=  5.00000e-01
stdout rms_dedicated       =  1.27447e+00 from=  4.00000e-01 to=  5.00000e-01
stdout isolate_peak        =  2.06844e+01 at=  3.48154e-03
stdout isolate_power_avg   =  2.82939e-01 from=  4.00000e-01 to=  5.00000e-01
