stdout Note: No compatibility mode selected!
stdout Circuit: u21 reservoir candidate: added_f50_line1.1_esr0.02_imb1_phase0; 10 w constant-power regulator approximation
stdout Doing analysis at TEMP = 27.000000 and TNOM = 27.000000
stdout Using KLU as Direct Linear Solver
stdout Operating point simulation skipped by 'uic',
stdout now using transient initial conditions.
 Reference value :  7.07946e-02
 Reference value :  2.86165e-01
stdout No. of Data Rows : 50033
stdout sim_end = 5.000000000000e-01
stdout input_min           =  1.56633e+01 at=  4.94425e-01
stdout input_max           =  1.62911e+01 at=  4.86345e-01
stdout bridge_peak         =  7.71192e+01 at=  3.66462e-03
stdout bridge_i2t_start    =  2.49453e+01 from=  1.00000e-07 to=  3.00000e-02
stdout bridge_power        =  2.97883e+00 from=  4.00000e-01 to=  5.00000e-01
stdout rms_c6              =  3.66095e+00 from=  4.00000e-01 to=  5.00000e-01
stdout rms_c7              =  5.09996e+00 from=  4.00000e-01 to=  5.00000e-01
stdout rms_dedicated       =  1.33651e+00 from=  4.00000e-01 to=  5.00000e-01
stdout isolate_peak        =  2.12928e+01 at=  3.56462e-03
stdout isolate_power_avg   =  2.86302e-01 from=  4.00000e-01 to=  5.00000e-01
