stdout Note: No compatibility mode selected!
stdout Circuit: u21 reservoir candidate: added_f50_line0.9_esr0.1_imb0_phase90; 10 w constant-power regulator approximation
stdout Doing analysis at TEMP = 27.000000 and TNOM = 27.000000
stdout Using KLU as Direct Linear Solver
stdout Operating point simulation skipped by 'uic',
stdout now using transient initial conditions.
 Reference value :  1.10446e-01
 Reference value :  3.40156e-01
stdout No. of Data Rows : 50020
stdout sim_end = 5.000000000000e-01
stdout input_min           =  1.21173e+01 at=  4.28686e-01
stdout input_max           =  1.30171e+01 at=  4.00926e-01
stdout bridge_peak         =  9.19472e+01 at=  1.00295e-07
stdout bridge_i2t_start    =  1.18640e+01 from=  1.00000e-07 to=  3.00000e-02
stdout bridge_power        =  2.24181e+00 from=  4.00000e-01 to=  5.00000e-01
stdout rms_c6              =  3.19388e+00 from=  4.00000e-01 to=  5.00000e-01
stdout rms_c7              =  3.19388e+00 from=  4.00000e-01 to=  5.00000e-01
stdout rms_dedicated       =  1.38592e+00 from=  4.00000e-01 to=  5.00000e-01
stdout isolate_peak        =  2.40310e+01 at=  1.00295e-07
stdout isolate_power_avg   =  3.58224e-01 from=  4.00000e-01 to=  5.00000e-01
