stdout Note: No compatibility mode selected!
stdout Circuit: u21 reservoir candidate: added_f50_line0.9_esr0.02_imb1_phase0; 10 w constant-power regulator approximation
stdout Doing analysis at TEMP = 27.000000 and TNOM = 27.000000
stdout Using KLU as Direct Linear Solver
stdout Operating point simulation skipped by 'uic',
stdout now using transient initial conditions.
 Reference value :  1.00000e-07
 Reference value :  2.32990e-01
 Reference value :  4.66020e-01
stdout No. of Data Rows : 50028
stdout sim_end = 5.000000000000e-01
stdout input_min           =  1.22622e+01 at=  4.04060e-01
stdout input_max           =  1.30094e+01 at=  4.16380e-01
stdout bridge_peak         =  6.24625e+01 at=  3.68031e-03
stdout bridge_i2t_start    =  1.62933e+01 from=  1.00000e-07 to=  3.00000e-02
stdout bridge_power        =  2.32931e+00 from=  4.00000e-01 to=  5.00000e-01
stdout rms_c6              =  2.89179e+00 from=  4.00000e-01 to=  5.00000e-01
stdout rms_c7              =  4.02916e+00 from=  4.00000e-01 to=  5.00000e-01
stdout rms_dedicated       =  1.48871e+00 from=  4.00000e-01 to=  5.00000e-01
stdout isolate_peak        =  1.72449e+01 at=  3.58031e-03
stdout isolate_power_avg   =  3.64250e-01 from=  4.00000e-01 to=  5.00000e-01
