stdout Note: No compatibility mode selected!
stdout Circuit: u21 reservoir candidate: added_f60_line0.9_esr0.05_imb1_phase0; 10 w constant-power regulator approximation
stdout Doing analysis at TEMP = 27.000000 and TNOM = 27.000000
stdout Using KLU as Direct Linear Solver
stdout Operating point simulation skipped by 'uic',
stdout now using transient initial conditions.
 Reference value :  2.73669e-02
 Reference value :  2.58027e-01
 Reference value :  4.89517e-01
stdout No. of Data Rows : 50037
stdout sim_end = 5.000000000000e-01
stdout input_min           =  1.22193e+01 at=  4.94797e-01
stdout input_max           =  1.28930e+01 at=  4.55037e-01
stdout bridge_peak         =  6.30323e+01 at=  3.23689e-03
stdout bridge_i2t_start    =  1.45410e+01 from=  1.00000e-07 to=  3.00000e-02
stdout bridge_power        =  2.28427e+00 from=  4.00000e-01 to=  5.00000e-01
stdout rms_c6              =  3.24410e+00 from=  4.00000e-01 to=  5.00000e-01
stdout rms_c7              =  3.47382e+00 from=  4.00000e-01 to=  5.00000e-01
stdout rms_dedicated       =  1.42897e+00 from=  4.00000e-01 to=  5.00000e-01
stdout isolate_peak        =  1.80858e+01 at=  3.03689e-03
stdout isolate_power_avg   =  3.61737e-01 from=  4.00000e-01 to=  5.00000e-01
