stdout Note: No compatibility mode selected!
stdout Circuit: u21 reservoir candidate: added_f50_line1.1_esr0.1_imb0_phase0; 10 w constant-power regulator approximation
stdout Doing analysis at TEMP = 27.000000 and TNOM = 27.000000
stdout Using KLU as Direct Linear Solver
stdout Operating point simulation skipped by 'uic',
stdout now using transient initial conditions.
 Reference value :  1.35779e-01
 Reference value :  3.63009e-01
stdout No. of Data Rows : 50039
stdout sim_end = 5.000000000000e-01
stdout input_min           =  1.55335e+01 at=  4.04039e-01
stdout input_max           =  1.63124e+01 at=  4.05889e-01
stdout bridge_peak         =  6.71195e+01 at=  3.67944e-03
stdout bridge_i2t_start    =  1.91468e+01 from=  1.00000e-07 to=  3.00000e-02
stdout bridge_power        =  2.85230e+00 from=  4.00000e-01 to=  5.00000e-01
stdout rms_c6              =  4.02308e+00 from=  4.00000e-01 to=  5.00000e-01
stdout rms_c7              =  4.02308e+00 from=  4.00000e-01 to=  5.00000e-01
stdout rms_dedicated       =  1.21987e+00 from=  4.00000e-01 to=  5.00000e-01
stdout isolate_peak        =  2.08504e+01 at=  3.70944e-03
stdout isolate_power_avg   =  2.79271e-01 from=  4.00000e-01 to=  5.00000e-01
