stdout Note: No compatibility mode selected!
stdout Circuit: u21 reservoir candidate: added_f50_line0.9_esr0.05_imb0_phase90; 10 w constant-power regulator approximation
stdout Doing analysis at TEMP = 27.000000 and TNOM = 27.000000
stdout Using KLU as Direct Linear Solver
stdout Operating point simulation skipped by 'uic',
stdout now using transient initial conditions.
 Reference value :  8.53656e-02
 Reference value :  3.16166e-01
stdout No. of Data Rows : 50020
stdout sim_end = 5.000000000000e-01
stdout input_min           =  1.22713e+01 at=  4.09016e-01
stdout input_max           =  1.30690e+01 at=  4.81196e-01
stdout bridge_peak         =  1.01820e+02 at=  1.00298e-07
stdout bridge_i2t_start    =  1.34272e+01 from=  1.00000e-07 to=  3.00000e-02
stdout bridge_power        =  2.28962e+00 from=  4.00000e-01 to=  5.00000e-01
stdout rms_c6              =  3.37458e+00 from=  4.00000e-01 to=  5.00000e-01
stdout rms_c7              =  3.37458e+00 from=  4.00000e-01 to=  5.00000e-01
stdout rms_dedicated       =  1.47268e+00 from=  4.00000e-01 to=  5.00000e-01
stdout isolate_peak        =  2.49737e+01 at=  4.75566e-04
stdout isolate_power_avg   =  3.62071e-01 from=  4.00000e-01 to=  5.00000e-01
