stdout Note: No compatibility mode selected!
stdout Circuit: u21 reservoir candidate: added_f60_line0.9_esr0.05_imb0_phase0; 10 w constant-power regulator approximation
stdout Doing analysis at TEMP = 27.000000 and TNOM = 27.000000
stdout Using KLU as Direct Linear Solver
stdout Operating point simulation skipped by 'uic',
stdout now using transient initial conditions.
 Reference value :  1.35720e-01
 Reference value :  3.63420e-01
stdout No. of Data Rows : 50034
stdout sim_end = 5.000000000000e-01
stdout input_min           =  1.22837e+01 at=  4.19990e-01
stdout input_max           =  1.29628e+01 at=  4.05160e-01
stdout bridge_peak         =  6.15985e+01 at=  3.12039e-03
stdout bridge_i2t_start    =  1.33843e+01 from=  1.00000e-07 to=  3.00000e-02
stdout bridge_power        =  2.30528e+00 from=  4.00000e-01 to=  5.00000e-01
stdout rms_c6              =  3.39474e+00 from=  4.00000e-01 to=  5.00000e-01
stdout rms_c7              =  3.39474e+00 from=  4.00000e-01 to=  5.00000e-01
stdout rms_dedicated       =  1.45160e+00 from=  4.00000e-01 to=  5.00000e-01
stdout isolate_peak        =  1.94579e+01 at=  3.17039e-03
stdout isolate_power_avg   =  3.61746e-01 from=  4.00000e-01 to=  5.00000e-01
