stdout Note: No compatibility mode selected!
stdout Circuit: u21 reservoir candidate: added_f60_line1.1_esr0.02_imb0_phase0; 10 w constant-power regulator approximation
stdout Doing analysis at TEMP = 27.000000 and TNOM = 27.000000
stdout Using KLU as Direct Linear Solver
stdout Operating point simulation skipped by 'uic',
stdout now using transient initial conditions.
 Reference value :  1.93254e-01
 Reference value :  4.26284e-01
stdout No. of Data Rows : 50036
stdout sim_end = 5.000000000000e-01
stdout input_min           =  1.57984e+01 at=  4.03864e-01
stdout input_max           =  1.63310e+01 at=  4.47014e-01
stdout bridge_peak         =  7.88817e+01 at=  3.05407e-03
stdout bridge_i2t_start    =  2.17159e+01 from=  1.00000e-07 to=  3.00000e-02
stdout bridge_power        =  2.99870e+00 from=  4.00000e-01 to=  5.00000e-01
stdout rms_c6              =  4.46535e+00 from=  4.00000e-01 to=  5.00000e-01
stdout rms_c7              =  4.46535e+00 from=  4.00000e-01 to=  5.00000e-01
stdout rms_dedicated       =  1.37894e+00 from=  4.00000e-01 to=  5.00000e-01
stdout isolate_peak        =  2.52144e+01 at=  3.10407e-03
stdout isolate_power_avg   =  2.88104e-01 from=  4.00000e-01 to=  5.00000e-01
