stdout Note: No compatibility mode selected!
stdout Circuit: u21 reservoir candidate: added_f60_line0.9_esr0.02_imb1_phase0; 10 w constant-power regulator approximation
stdout Doing analysis at TEMP = 27.000000 and TNOM = 27.000000
stdout Using KLU as Direct Linear Solver
stdout Operating point simulation skipped by 'uic',
stdout now using transient initial conditions.
 Reference value :  1.15376e-02
 Reference value :  2.36098e-01
 Reference value :  4.64098e-01
stdout No. of Data Rows : 50033
stdout sim_end = 5.000000000000e-01
stdout input_min           =  1.22908e+01 at=  4.86708e-01
stdout input_max           =  1.29148e+01 at=  4.05328e-01
stdout bridge_peak         =  6.68943e+01 at=  3.18763e-03
stdout bridge_i2t_start    =  1.59934e+01 from=  1.00000e-07 to=  3.00000e-02
stdout bridge_power        =  2.34006e+00 from=  4.00000e-01 to=  5.00000e-01
stdout rms_c6              =  2.95646e+00 from=  4.00000e-01 to=  5.00000e-01
stdout rms_c7              =  4.01661e+00 from=  4.00000e-01 to=  5.00000e-01
stdout rms_dedicated       =  1.47469e+00 from=  4.00000e-01 to=  5.00000e-01
stdout isolate_peak        =  1.85719e+01 at=  3.10763e-03
stdout isolate_power_avg   =  3.64015e-01 from=  4.00000e-01 to=  5.00000e-01
