stdout Note: No compatibility mode selected!
stdout Circuit: u21 reservoir candidate: added_f60_line1.1_esr0.05_imb0_phase90; 10 w constant-power regulator approximation
stdout Doing analysis at TEMP = 27.000000 and TNOM = 27.000000
stdout Using KLU as Direct Linear Solver
stdout Operating point simulation skipped by 'uic',
stdout now using transient initial conditions.
 Reference value :  1.85886e-01
 Reference value :  3.86656e-01
stdout No. of Data Rows : 50020
stdout sim_end = 5.000000000000e-01
stdout input_min           =  1.56643e+01 at=  4.57776e-01
stdout input_max           =  1.62443e+01 at=  4.09296e-01
stdout bridge_peak         =  1.26083e+02 at=  1.00296e-07
stdout bridge_i2t_start    =  1.91403e+01 from=  1.00000e-07 to=  3.00000e-02
stdout bridge_power        =  2.94503e+00 from=  4.00000e-01 to=  5.00000e-01
stdout rms_c6              =  4.28105e+00 from=  4.00000e-01 to=  5.00000e-01
stdout rms_c7              =  4.28105e+00 from=  4.00000e-01 to=  5.00000e-01
stdout rms_dedicated       =  1.28720e+00 from=  4.00000e-01 to=  5.00000e-01
stdout isolate_peak        =  3.12244e+01 at=  4.15677e-04
stdout isolate_power_avg   =  2.83178e-01 from=  4.00000e-01 to=  5.00000e-01
