stdout Note: No compatibility mode selected!
stdout Circuit: u21 reservoir candidate: added_f60_line1.1_esr0.02_imb1_phase90; 10 w constant-power regulator approximation
stdout Doing analysis at TEMP = 27.000000 and TNOM = 27.000000
stdout Using KLU as Direct Linear Solver
stdout Operating point simulation skipped by 'uic',
stdout now using transient initial conditions.
 Reference value :  4.20256e-02
 Reference value :  2.73226e-01
stdout No. of Data Rows : 50020
stdout sim_end = 5.000000000000e-01
stdout input_min           =  1.56490e+01 at=  4.24516e-01
stdout input_max           =  1.61748e+01 at=  4.59466e-01
stdout bridge_peak         =  1.33283e+02 at=  1.00298e-07
stdout bridge_i2t_start    =  2.21688e+01 from=  1.00000e-07 to=  3.00000e-02
stdout bridge_power        =  2.99281e+00 from=  4.00000e-01 to=  5.00000e-01
stdout rms_c6              =  3.74153e+00 from=  4.00000e-01 to=  5.00000e-01
stdout rms_c7              =  5.08029e+00 from=  4.00000e-01 to=  5.00000e-01
stdout rms_dedicated       =  1.32168e+00 from=  4.00000e-01 to=  5.00000e-01
stdout isolate_peak        =  3.26063e+01 at=  3.45572e-04
stdout isolate_power_avg   =  2.86149e-01 from=  4.00000e-01 to=  5.00000e-01
