stdout Note: No compatibility mode selected!
stdout Circuit: u21 reservoir candidate: added_f50_line1.1_esr0.05_imb0_phase90; 10 w constant-power regulator approximation
stdout Doing analysis at TEMP = 27.000000 and TNOM = 27.000000
stdout Using KLU as Direct Linear Solver
stdout Operating point simulation skipped by 'uic',
stdout now using transient initial conditions.
 Reference value :  8.95057e-02
 Reference value :  3.13366e-01
stdout No. of Data Rows : 50020
stdout sim_end = 5.000000000000e-01
stdout input_min           =  1.56986e+01 at=  4.99356e-01
stdout input_max           =  1.63749e+01 at=  4.01166e-01
stdout bridge_peak         =  1.26083e+02 at=  1.00296e-07
stdout bridge_i2t_start    =  2.06223e+01 from=  1.00000e-07 to=  3.00000e-02
stdout bridge_power        =  2.92455e+00 from=  4.00000e-01 to=  5.00000e-01
stdout rms_c6              =  4.25886e+00 from=  4.00000e-01 to=  5.00000e-01
stdout rms_c7              =  4.25886e+00 from=  4.00000e-01 to=  5.00000e-01
stdout rms_dedicated       =  1.30633e+00 from=  4.00000e-01 to=  5.00000e-01
stdout isolate_peak        =  3.13639e+01 at=  4.45677e-04
stdout isolate_power_avg   =  2.83227e-01 from=  4.00000e-01 to=  5.00000e-01
