stdout Note: No compatibility mode selected!
stdout Circuit: u21 reservoir candidate: added_f50_line0.9_esr0.1_imb0_phase0; 10 w constant-power regulator approximation
stdout Doing analysis at TEMP = 27.000000 and TNOM = 27.000000
stdout Using KLU as Direct Linear Solver
stdout Operating point simulation skipped by 'uic',
stdout now using transient initial conditions.
 Reference value :  1.65258e-01
 Reference value :  3.89528e-01
stdout No. of Data Rows : 50034
stdout sim_end = 5.000000000000e-01
stdout input_min           =  1.21173e+01 at=  4.03688e-01
stdout input_max           =  1.30171e+01 at=  4.95918e-01
stdout bridge_peak         =  5.43574e+01 at=  3.69824e-03
stdout bridge_i2t_start    =  1.25069e+01 from=  1.00000e-07 to=  3.00000e-02
stdout bridge_power        =  2.24281e+00 from=  4.00000e-01 to=  5.00000e-01
stdout rms_c6              =  3.19388e+00 from=  4.00000e-01 to=  5.00000e-01
stdout rms_c7              =  3.19388e+00 from=  4.00000e-01 to=  5.00000e-01
stdout rms_dedicated       =  1.38592e+00 from=  4.00000e-01 to=  5.00000e-01
stdout isolate_peak        =  1.68663e+01 at=  3.72824e-03
stdout isolate_power_avg   =  3.58341e-01 from=  4.00000e-01 to=  5.00000e-01
