stdout Note: No compatibility mode selected!
stdout Circuit: u21 reservoir candidate: added_f60_line0.9_esr0.05_imb0_phase90; 10 w constant-power regulator approximation
stdout Doing analysis at TEMP = 27.000000 and TNOM = 27.000000
stdout Using KLU as Direct Linear Solver
stdout Operating point simulation skipped by 'uic',
stdout now using transient initial conditions.
 Reference value :  8.45556e-02
 Reference value :  3.09866e-01
stdout No. of Data Rows : 50020
stdout sim_end = 5.000000000000e-01
stdout input_min           =  1.22837e+01 at=  4.74156e-01
stdout input_max           =  1.29628e+01 at=  4.59326e-01
stdout bridge_peak         =  1.01820e+02 at=  1.00298e-07
stdout bridge_i2t_start    =  1.24602e+01 from=  1.00000e-07 to=  3.00000e-02
stdout bridge_power        =  2.30442e+00 from=  4.00000e-01 to=  5.00000e-01
stdout rms_c6              =  3.39474e+00 from=  4.00000e-01 to=  5.00000e-01
stdout rms_c7              =  3.39474e+00 from=  4.00000e-01 to=  5.00000e-01
stdout rms_dedicated       =  1.45160e+00 from=  4.00000e-01 to=  5.00000e-01
stdout isolate_peak        =  2.48418e+01 at=  4.45566e-04
stdout isolate_power_avg   =  3.61651e-01 from=  4.00000e-01 to=  5.00000e-01
