stdout Note: No compatibility mode selected!
stdout Circuit: u21 reservoir candidate: added_f50_line1.1_esr0.1_imb0_phase90; 10 w constant-power regulator approximation
stdout Doing analysis at TEMP = 27.000000 and TNOM = 27.000000
stdout Using KLU as Direct Linear Solver
stdout Operating point simulation skipped by 'uic',
stdout now using transient initial conditions.
 Reference value :  7.86758e-02
 Reference value :  3.02926e-01
stdout No. of Data Rows : 50020
stdout sim_end = 5.000000000000e-01
stdout input_min           =  1.55334e+01 at=  4.19036e-01
stdout input_max           =  1.63124e+01 at=  4.90886e-01
stdout bridge_peak         =  1.13869e+02 at=  1.00293e-07
stdout bridge_i2t_start    =  1.82193e+01 from=  1.00000e-07 to=  3.00000e-02
stdout bridge_power        =  2.85097e+00 from=  4.00000e-01 to=  5.00000e-01
stdout rms_c6              =  4.02308e+00 from=  4.00000e-01 to=  5.00000e-01
stdout rms_c7              =  4.02308e+00 from=  4.00000e-01 to=  5.00000e-01
stdout rms_dedicated       =  1.21987e+00 from=  4.00000e-01 to=  5.00000e-01
stdout isolate_peak        =  3.03481e+01 at=  1.00293e-07
stdout isolate_power_avg   =  2.79163e-01 from=  4.00000e-01 to=  5.00000e-01
