stdout Note: No compatibility mode selected!
stdout Circuit: u21 reservoir candidate: added_f60_line1.1_esr0.05_imb0_phase0; 10 w constant-power regulator approximation
stdout Doing analysis at TEMP = 27.000000 and TNOM = 27.000000
stdout Using KLU as Direct Linear Solver
stdout Operating point simulation skipped by 'uic',
stdout now using transient initial conditions.
 Reference value :  1.00000e-07
 Reference value :  2.32295e-01
 Reference value :  4.65335e-01
stdout No. of Data Rows : 50039
stdout sim_end = 5.000000000000e-01
stdout input_min           =  1.56643e+01 at=  4.70275e-01
stdout input_max           =  1.62443e+01 at=  4.96795e-01
stdout bridge_peak         =  7.60790e+01 at=  3.10491e-03
stdout bridge_i2t_start    =  2.05120e+01 from=  1.00000e-07 to=  3.00000e-02
stdout bridge_power        =  2.94628e+00 from=  4.00000e-01 to=  5.00000e-01
stdout rms_c6              =  4.28105e+00 from=  4.00000e-01 to=  5.00000e-01
stdout rms_c7              =  4.28105e+00 from=  4.00000e-01 to=  5.00000e-01
stdout rms_dedicated       =  1.28720e+00 from=  4.00000e-01 to=  5.00000e-01
stdout isolate_peak        =  2.40458e+01 at=  3.15491e-03
stdout isolate_power_avg   =  2.83271e-01 from=  4.00000e-01 to=  5.00000e-01
