stdout Note: No compatibility mode selected!
stdout Circuit: u21 reservoir candidate: added_f60_line1.1_esr0.05_imb1_phase0; 10 w constant-power regulator approximation
stdout Doing analysis at TEMP = 27.000000 and TNOM = 27.000000
stdout Using KLU as Direct Linear Solver
stdout Operating point simulation skipped by 'uic',
stdout now using transient initial conditions.
 Reference value :  1.01700e-01
 Reference value :  3.20200e-01
stdout No. of Data Rows : 50042
stdout sim_end = 5.000000000000e-01
stdout input_min           =  1.55778e+01 at=  4.61750e-01
stdout input_max           =  1.61522e+01 at=  4.96670e-01
stdout bridge_peak         =  7.78526e+01 at=  3.22982e-03
stdout bridge_i2t_start    =  2.22856e+01 from=  1.00000e-07 to=  3.00000e-02
stdout bridge_power        =  2.91093e+00 from=  4.00000e-01 to=  5.00000e-01
stdout rms_c6              =  4.10370e+00 from=  4.00000e-01 to=  5.00000e-01
stdout rms_c7              =  4.37998e+00 from=  4.00000e-01 to=  5.00000e-01
stdout rms_dedicated       =  1.26348e+00 from=  4.00000e-01 to=  5.00000e-01
stdout isolate_peak        =  2.23535e+01 at=  3.01982e-03
stdout isolate_power_avg   =  2.82964e-01 from=  4.00000e-01 to=  5.00000e-01
