stdout Note: No compatibility mode selected!
stdout Circuit: u21 reservoir candidate: added_f60_line1.1_esr0.02_imb1_phase0; 10 w constant-power regulator approximation
stdout Doing analysis at TEMP = 27.000000 and TNOM = 27.000000
stdout Using KLU as Direct Linear Solver
stdout Operating point simulation skipped by 'uic',
stdout now using transient initial conditions.
 Reference value :  1.03421e-01
 Reference value :  3.25951e-01
stdout No. of Data Rows : 50037
stdout sim_end = 5.000000000000e-01
stdout input_min           =  1.56490e+01 at=  4.78681e-01
stdout input_max           =  1.61748e+01 at=  4.05301e-01
stdout bridge_peak         =  8.26191e+01 at=  3.17050e-03
stdout bridge_i2t_start    =  2.45098e+01 from=  1.00000e-07 to=  3.00000e-02
stdout bridge_power        =  2.99397e+00 from=  4.00000e-01 to=  5.00000e-01
stdout rms_c6              =  3.74153e+00 from=  4.00000e-01 to=  5.00000e-01
stdout rms_c7              =  5.08029e+00 from=  4.00000e-01 to=  5.00000e-01
stdout rms_dedicated       =  1.32168e+00 from=  4.00000e-01 to=  5.00000e-01
stdout isolate_peak        =  2.29407e+01 at=  3.10050e-03
stdout isolate_power_avg   =  2.86238e-01 from=  4.00000e-01 to=  5.00000e-01
