stdout Note: No compatibility mode selected!
stdout Circuit: u21 reservoir candidate: added_f50_line0.9_esr0.05_imb1_phase90; 10 w constant-power regulator approximation
stdout Doing analysis at TEMP = 27.000000 and TNOM = 27.000000
stdout Using KLU as Direct Linear Solver
stdout Operating point simulation skipped by 'uic',
stdout now using transient initial conditions.
 Reference value :  2.14336e-01
 Reference value :  4.45946e-01
stdout No. of Data Rows : 50020
stdout sim_end = 5.000000000000e-01
stdout input_min           =  1.21822e+01 at=  4.08776e-01
stdout input_max           =  1.29712e+01 at=  4.41076e-01
stdout bridge_peak         =  9.90296e+01 at=  1.00297e-07
stdout bridge_i2t_start    =  1.38385e+01 from=  1.00000e-07 to=  3.00000e-02
stdout bridge_power        =  2.27330e+00 from=  4.00000e-01 to=  5.00000e-01
stdout rms_c6              =  3.10592e+00 from=  4.00000e-01 to=  5.00000e-01
stdout rms_c7              =  3.55264e+00 from=  4.00000e-01 to=  5.00000e-01
stdout rms_dedicated       =  1.43888e+00 from=  4.00000e-01 to=  5.00000e-01
stdout isolate_peak        =  2.73609e+01 at=  7.56115e-05
stdout isolate_power_avg   =  3.61758e-01 from=  4.00000e-01 to=  5.00000e-01
