stdout Note: No compatibility mode selected!
stdout Circuit: u21 reservoir candidate: added_f50_line1.1_esr0.02_imb0_phase0; 10 w constant-power regulator approximation
stdout Doing analysis at TEMP = 27.000000 and TNOM = 27.000000
stdout Using KLU as Direct Linear Solver
stdout Operating point simulation skipped by 'uic',
stdout now using transient initial conditions.
 Reference value :  1.79143e-01
 Reference value :  4.11883e-01
stdout No. of Data Rows : 50032
stdout sim_end = 5.000000000000e-01
stdout input_min           =  1.58377e+01 at=  4.94613e-01
stdout input_max           =  1.64724e+01 at=  4.96373e-01
stdout bridge_peak         =  7.30999e+01 at=  3.52341e-03
stdout bridge_i2t_start    =  2.18589e+01 from=  1.00000e-07 to=  3.00000e-02
stdout bridge_power        =  2.97589e+00 from=  4.00000e-01 to=  5.00000e-01
stdout rms_c6              =  4.43004e+00 from=  4.00000e-01 to=  5.00000e-01
stdout rms_c7              =  4.43004e+00 from=  4.00000e-01 to=  5.00000e-01
stdout rms_dedicated       =  1.39376e+00 from=  4.00000e-01 to=  5.00000e-01
stdout isolate_peak        =  2.32891e+01 at=  3.54341e-03
stdout isolate_power_avg   =  2.87826e-01 from=  4.00000e-01 to=  5.00000e-01
