stdout Note: gnd in a subcircuit is not set to 0 automatically
stdout Note: Compatibility modes selected: ps
stdout Circuit: ti tps54360 transient model, 12v actual compensation, vin=13.0
stdout Reducing trtol to 1 for xspice 'A' devices
stdout Doing analysis at TEMP = 27.000000 and TNOM = 27.000000
stdout Using SPARSE 1.3 as Direct Linear Solver
stdout Initial Transient Solution
stdout --------------------------
stdout Node                                   Voltage
stdout ----                                   -------
stdout vin                                          0
stdout vinf                              -2.08005e-08
stdout xu.set0                                      0
stdout xu.u6_n16588693                           0.86
stdout xu.x_u6_u134.yint                            1
stdout xu.x_u6_u134.e_abmgate_int1                  1
stdout xu.u6_n16564386                              0
stdout xu.sdwn                                      1
stdout xu.u6_n16543632                              1
stdout xu.u6_n16489275                    1.14396e-60
stdout xu.x_u6_u603.x1.yint1                        0
stdout xu.x_u6_u603.x1.e_abmgate1_int1               0
stdout xu.sysclk                                    0
stdout xu.x_u6_u603.x1.yint2                        0
stdout xu.x_u6_u603.x1.yint3                        1
stdout xu.x_u6_u603.x1.e_abmgate2_int1               1
stdout xu.x_u6_u603.clkdel                          1
stdout xu.x_u6_u603.x2.yint                         0
stdout xu.x_u6_u603.x2.e_abmgate_int1               0
stdout xu.x_u6_u603.clkint                          0
stdout xu.x_u6_u603.qint                            0
stdout xu.x_u6_u603.gq_int1                        -1
stdout xu.u6_pwm                                    0
stdout xu.set1                                      1
stdout xu.x_u6_u603.my5                             1
stdout xu.x_u6_u603.qqq                             0
stdout xu.x_u6_u603.x3.yint1                        0
stdout xu.x_u6_u603.x3.e_abmgate1_int1               0
stdout xu.x_u6_u603.x3.yint2                        0
stdout xu.x_u6_u603.x3.yint3                        0
stdout xu.x_u6_u603.x3.e_abmgate2_int1               0
stdout xu.x_u6_u603.qqqd1                           0
stdout xu.pwm_clk                                   0
stdout xu.x_u6_u603.qbr                             1
stdout xu.x_u6_u603.eqb_int1                        1
stdout xu.n16528816                                 1
stdout xu.u6_n16489469                    3.43757e-12
stdout xu.e_u6_abm148_int1                3.43757e-12
stdout xu.u6_vrampin                      3.43757e-06
stdout xu.u6_n16502082                      -1.22e-06
stdout xu.e_u6_abm163_int1                  -1.22e-06
stdout xu.u6_n16488977                    2.49722e-06
stdout xu.u6_vramp                        3.43757e-12
stdout xu.u6_iswf                                -0.1
stdout xu.e_u6_abm152_int1                       -0.1
stdout xu.isw                            -2.08008e-15
stdout xu.u6_n16489395                              0
stdout xu.u6_n165858563                         0.024
stdout xu.x_u6_u602.yint                            0
stdout xu.x_u6_u602.e_abmgate_int1                  0
stdout xu.u6_n16575036                              0
stdout xu.boot_uvlo                                 0
stdout xu.u6_ovtp                                   1
stdout xu.u6_n16531938                      -0.111508
stdout xu.e_u6_abm165_int1                  -0.111508
stdout xu.u6_ictrl                          -0.111508
stdout xu.e_u6_abm164_int1                2.49722e-06
stdout comp                                  0.594386
stdout xu.g_u6_abmi4_int1                -0.000343757
stdout xu.if2ia                           0.000343757
stdout xu.e_u6_abm151_int1                          0
stdout xu.pwm_final                                 0
stdout xu.x_u6_u599.yint1                           0
stdout xu.x_u6_u599.e_abmgate1_int1                 0
stdout xu.x_u6_u599.yint2                           0
stdout xu.x_u6_u599.yint3                           1
stdout xu.x_u6_u599.e_abmgate2_int1                 1
stdout xu.u6_n16489527                              1
stdout xu.x_u6_u600.yint                            0
stdout xu.x_u6_u600.e_abm_int1                      0
stdout xu.x_u6_u598.yint                            0
stdout xu.x_u6_u598.e_abmgate_int1                  0
stdout xu.x_u6_u604.inp1                        0.436
stdout xu.x_u6_u604.inm1                       -0.424
stdout xu.vsenseint                      -2.23507e-15
stdout xu.x_u6_u604.inm2                       -0.436
stdout xu.x_u6_u604.ehys_int1                  -0.012
stdout xu.x_u6_u604.1                               1
stdout xu.x_u6_u604.eout_int1                       1
stdout xu.u3_n16489962                              1
stdout xu.u3_n16638112                   -2.23507e-15
stdout rt                                    0.999996
stdout xu.u3_n16667294                   2.09934e-140
stdout xu.u3_n16667366                   1.24615e-122
stdout xu.u3_n166379101                           0.6
stdout xu.u3_n16638088                            0.6
stdout xu.u3_n16490102                              5
stdout xu.u3_ramp                         5.07254e-05
stdout xu.u3_n16650384                    5.07254e-05
stdout xu.i_rt                            4.16675e-06
stdout xu.u3_n16523619                              1
stdout xu.e_u3_abm164_int1               -2.23507e-15
stdout fb                                -2.23507e-15
stdout xu.x_u3_u6.yint                              1
stdout xu.x_u3_u6.e_abm_int1                        1
stdout xu.u3_n16637796                            0.4
stdout xu.u3_out2                                   1
stdout xu.fsw                             0.000405803
stdout xu.e_u3_abm1_int1                  0.000405803
stdout xu.u3_n16505459                              1
stdout xu.x_u3_u131.yint                            0
stdout xu.x_u3_u131.e_abm_int1                      0
stdout xu.u3_sysclk1                                0
stdout xu.x_u3_u7.yint                              1
stdout xu.x_u3_u7.e_abm_int1                        1
stdout xu.u3_out3                                   1
stdout xu.x_u3_u138.yint                            0
stdout xu.x_u3_u138.e_abmgate_int1                  0
stdout xu.x_u3_u135.yint1                           0
stdout xu.x_u3_u135.e_abmgate1_int1                 0
stdout xu.x_u3_u135.yint2                           0
stdout xu.x_u3_u135.yint3                           0
stdout xu.x_u3_u135.e_abmgate2_int1                 0
stdout xu.u3_n16517387                              0
stdout xu.u3_n16676060                    0.000343757
stdout xu.e_u3_abm166_int1                0.000343757
stdout xu.u3_out1                                   1
stdout xu.u3_n16668029                            0.2
stdout xu.x_u3_u134.yint                            1
stdout xu.x_u3_u134.e_abmgate_int1                  1
stdout xu.u3_n16517226                              1
stdout xu.e_u3_abm165_int1                5.07254e-05
stdout xu.u3_n166679551                           0.2
stdout xu.e_u3_abm7_int1                          0.2
stdout xu.u3_n166378601                           0.4
stdout xu.x_u3_u136.yint                            0
stdout xu.x_u3_u136.e_abmgate_int1                  0
stdout xu.u3_n16667326                              1
stdout xu.x_u3_u8.yint                              1
stdout xu.x_u3_u8.e_abm_int1                        1
stdout xu.e_u3_abm4_int1                          0.4
stdout xu.x_u3_u137.yint1                           0
stdout xu.x_u3_u137.e_abmgate1_int1                 0
stdout xu.x_u3_u137.yint2                           0
stdout xu.x_u3_u137.yint3                           1
stdout xu.x_u3_u137.e_abmgate2_int1                 1
stdout xu.e_u3_abm6_int1                          0.6
stdout xu.x_u8_u606.yint                            0
stdout xu.x_u8_u606.e_abmgate_int1                  0
stdout xu.u8_sdwn_n                                 0
stdout xu.x_u8_u613.yint                            0
stdout xu.x_u8_u613.e_abmgate_int1                  0
stdout xu.u8_n7365280                               0
stdout xu.u8_n73698801                              6
stdout xu.u8_n7345383                               6
stdout xu.u8_n7274256                               0
stdout xu.x_u8_u608.yint                            0
stdout xu.x_u8_u608.e_abmgate_int1                  0
stdout xu.u8_hdrvin                                 0
stdout xu.u8_n7342498                               0
stdout xu.u8_n7274022                               0
stdout xu.x_u8_u602.yint                            1
stdout xu.x_u8_u602.e_abmgate_int1                  1
stdout xu.u8_out                                    0
stdout xu.u8_boot_on                                1
stdout xu.x_u8_u607.yint                            0
stdout xu.x_u8_u607.e_abmgate_int1                  0
stdout xu.u8_ldrv                                   1
stdout xu.enab                                      0
stdout xu.u8_boot_sw_on                             0
stdout xu.x_u8_u612.yint1                           1
stdout xu.x_u8_u612.e_abmgate1_int1                 1
stdout xu.u8_n7274198                               1
stdout xu.x_u8_u612.yint2                           1
stdout xu.x_u8_u612.yint3                           1
stdout xu.x_u8_u612.e_abmgate2_int1                 1
stdout xu.u8_n7343256                               1
stdout xu.x_u8_u609.yint                            1
stdout xu.x_u8_u609.e_abmgate_int1                  1
stdout xu.u8_n7274032                               1
stdout xu.u8_n7273984                    -2.08005e-08
stdout xu.e_u8_abm2_int1                            6
stdout boot                              -1.89229e-11
stdout xu.x_u8_u610.yint                            1
stdout xu.x_u8_u610.e_abmgate_int1                  1
stdout xu.x_u8_u604.yint                            0
stdout xu.x_u8_u604.e_abmgate_int1                  0
stdout xu.u8_n7347010                    -1.88893e-11
stdout xu.e_u8_abm169_int1               -1.88893e-11
stdout sw                                -3.35784e-14
stdout xu.x_u8_u611.yint1                           0
stdout xu.x_u8_u611.e_abmgate1_int1                 0
stdout xu.x_u8_u611.yint2                           0
stdout xu.x_u8_u611.yint3                           0
stdout xu.x_u8_u611.e_abmgate2_int1                 0
stdout xu.hdrv                           -3.35973e-14
stdout xu.x_u8_u605.yint                            1
stdout xu.x_u8_u605.e_abmgate_int1                  1
stdout xu.e_u8_abm167_int1                          0
stdout xu.x_u8_u5.yint                              0
stdout xu.x_u8_u5.e_abm_int1                        0
stdout xu.u5_n16512904                          7e-05
stdout xu.ocb                                       0
stdout xu.g_u5_abm2i1_int1                -2.6488e-06
stdout xu.vref_gm                             -0.0344
stdout xu.u5_vgm                              7.7e-05
stdout xu.u5_n16513008                              2
stdout xu.u5_n16513064                        7.7e-05
stdout xu.e_u5_abm177_int1                    7.7e-05
stdout xu.x_u5_u603.yint                            0
stdout xu.x_u5_u603.e_abmgate_int1                  0
stdout xu.u5_n16513124                              0
stdout xu.u5_n16512948                          7e-05
stdout xu.u5_n16513186                              0
stdout xu.e_u5_abm8_int1                            0
stdout xu.u5_n16513014                            0.6
stdout xu.x_u5_u614.yint                            0
stdout xu.x_u5_u614.e_abmgate_int1                  0
stdout xu.u5_n16513160                              0
stdout xu.e_u5_abm171_int1                      7e-05
stdout xu.ss_tr                                     0
stdout xu.x_u11_u604.yint                           1
stdout xu.x_u11_u604.e_abmgate_int1                 1
stdout xu.u11_n16496294                             1
stdout xu.ss_disch                                  0
stdout xu.e_u11_abm173_int1                         0
stdout xu.u11_n6045136                              0
stdout xu.x_u11_u601.yint                           1
stdout xu.x_u11_u601.e_abmgate_int1                 1
stdout xu.u11_uvlo                                  1
stdout xu.x_u11_u603.yint                           0
stdout xu.x_u11_u603.e_abmgate_int1                 0
stdout xu.u11_n6045130                              0
stdout xu.u11_n6045018                            4.3
stdout xu.x_u11_u602.yint                           1
stdout xu.x_u11_u602.e_abm_int1                     1
stdout en                                   0.0207963
stdout xu.u1_n7335522                               0
stdout xu.e_u1_abm173_int1                          0
stdout xu.u1_n7335540                               0
stdout xu.e_u1_abm1_int1                            0
stdout xu.g_u1_abmii1_int1                    1.2e-06
stdout xu.u7_indelayed2                    1.0379e-57
stdout xu.u7_n16490100                              1
stdout xu.u7_n16489586                              1
stdout xu.x_u7_u6.yint                              0
stdout xu.x_u7_u6.e_abmgate_int1                    0
stdout xu.u7_or2out2                                0
stdout xu.u7_or2out1                                0
stdout xu.u7_n16489522                              0
stdout xu.u7_indelayed1                   4.65239e-57
stdout xu.x_u7_u826.yint1                           0
stdout xu.x_u7_u826.e_abmgate1_int1                 0
stdout xu.x_u7_u826.yint2                           0
stdout xu.x_u7_u826.yint3                           1
stdout xu.x_u7_u826.e_abmgate2_int1                 1
stdout xu.u7_n16509390                              1
stdout xu.x_u7_u825.yint                            0
stdout xu.x_u7_u825.e_abmgate_int1                  0
stdout xu.u7_n16509288                              0
stdout xu.e_u7_abm13_int1                           1
stdout xu.x_u7_u823.yint                            0
stdout xu.x_u7_u823.e_abmgate_int1                  0
stdout xu.u7_n16497188                              1
stdout xu.x_u7_u827.yint                            0
stdout xu.x_u7_u827.e_abmgate_int1                  0
stdout xu.x_u7_u822.yint1                           0
stdout xu.x_u7_u822.e_abmgate1_int1                 0
stdout xu.x_u7_u822.yint2                           0
stdout xu.x_u7_u822.yint3                           1
stdout xu.x_u7_u822.e_abmgate2_int1                 1
stdout xu.x_u7_u824.yint                            0
stdout xu.x_u7_u824.e_abmgate_int1                  0
stdout xu.u4_n7398284                         -0.0344
stdout xu.e_u4_abm178_int1                    -0.0344
stdout xu.u4_n7404432                         -0.0344
stdout xu.u4_n7398466                               0
stdout xu.e_u4_abm180_int1                          0
stdout xu.u4_n7397990                             1.7
stdout xu.g_u4_abmii1_int1                          0
stdout xu.u4_n16518371                              0
stdout xu.u4_n7404426                         -0.0344
stdout xu.x_u4_u1.yint                              0
stdout xu.x_u4_u1.e_abmgate_int1                    0
stdout xu.u4_n7398492                               0
stdout xu.e_u4_abm179_int1                    -0.0344
stdout xu.u4_n7398290                         -0.0344
stdout xu.g_u4_abmi5_int1                           0
stdout xu.e_u4_abm174_int1                    -0.0344
stdout vout                               -3.3526e-14
stdout cc                                    0.594386
stdout linductor                         -3.35784e-14
stdout c1                                           0
stdout c2                                           0
stdout b.xu.be_u4_abm174#branch                     0
stdout b.xu.bg_u4_abmi5#branch                      0
stdout b.xu.be_u4_abm179#branch                     0
stdout b.xu.x_u4_u1.be_abmgate#branch               0
stdout b.xu.bg_u4_abmii1#branch                     0
stdout b.xu.be_u4_abm180#branch                     0
stdout b.xu.be_u4_abm178#branch                     0
stdout b.xu.x_u7_u824.be_abmgate#branch               0
stdout b.xu.x_u7_u822.be_abmgate2#branch               0
stdout b.xu.x_u7_u822.be_abmgate1#branch               0
stdout b.xu.x_u7_u827.be_abmgate#branch               0
stdout b.xu.x_u7_u823.be_abmgate#branch               0
stdout b.xu.be_u7_abm13#branch                      0
stdout b.xu.x_u7_u825.be_abmgate#branch               0
stdout b.xu.x_u7_u826.be_abmgate2#branch               0
stdout b.xu.x_u7_u826.be_abmgate1#branch               0
stdout b.xu.x_u7_u6.be_abmgate#branch               0
stdout b.xu.bg_u1_abmii1#branch                     0
stdout b.xu.be_u1_abm1#branch                       0
stdout b.xu.be_u1_abm173#branch                     0
stdout b.xu.x_u11_u602.be_abm#branch                0
stdout b.xu.x_u11_u603.be_abmgate#branch               0
stdout b.xu.x_u11_u601.be_abmgate#branch               0
stdout b.xu.be_u11_abm173#branch                    0
stdout b.xu.x_u11_u604.be_abmgate#branch               0
stdout b.xu.be_u5_abm171#branch                     0
stdout b.xu.x_u5_u614.be_abmgate#branch               0
stdout b.xu.be_u5_abm8#branch                       0
stdout b.xu.x_u5_u603.be_abmgate#branch               0
stdout b.xu.be_u5_abm177#branch                     0
stdout b.xu.bg_u5_abm2i1#branch                     0
stdout b.xu.x_u8_u5.be_abm#branch                   0
stdout b.xu.be_u8_abm167#branch                     0
stdout b.xu.x_u8_u605.be_abmgate#branch               0
stdout b.xu.x_u8_u611.be_abmgate2#branch               0
stdout b.xu.x_u8_u611.be_abmgate1#branch               0
stdout b.xu.be_u8_abm169#branch                     0
stdout b.xu.x_u8_u604.be_abmgate#branch               0
stdout b.xu.x_u8_u610.be_abmgate#branch               0
stdout b.xu.be_u8_abm2#branch                       0
stdout b.xu.x_u8_u609.be_abmgate#branch               0
stdout b.xu.x_u8_u612.be_abmgate2#branch               0
stdout b.xu.x_u8_u612.be_abmgate1#branch               0
stdout b.xu.x_u8_u607.be_abmgate#branch               0
stdout b.xu.x_u8_u602.be_abmgate#branch               0
stdout b.xu.x_u8_u608.be_abmgate#branch               0
stdout b.xu.x_u8_u613.be_abmgate#branch               0
stdout b.xu.x_u8_u606.be_abmgate#branch               0
stdout b.xu.be_u3_abm6#branch                       0
stdout b.xu.x_u3_u137.be_abmgate2#branch               0
stdout b.xu.x_u3_u137.be_abmgate1#branch               0
stdout b.xu.be_u3_abm4#branch                       0
stdout b.xu.x_u3_u8.be_abm#branch                   0
stdout b.xu.x_u3_u136.be_abmgate#branch               0
stdout b.xu.be_u3_abm7#branch                       0
stdout b.xu.be_u3_abm165#branch                     0
stdout v.xu.v_u3_v44#branch              -4.16675e-06
stdout b.xu.x_u3_u134.be_abmgate#branch               0
stdout b.xu.be_u3_abm166#branch                     0
stdout b.xu.x_u3_u135.be_abmgate2#branch               0
stdout b.xu.x_u3_u135.be_abmgate1#branch               0
stdout b.xu.x_u3_u138.be_abmgate#branch               0
stdout b.xu.x_u3_u7.be_abm#branch                   0
stdout b.xu.x_u3_u131.be_abm#branch                 0
stdout b.xu.be_u3_abm1#branch                       0
stdout b.xu.x_u3_u6.be_abm#branch                   0
stdout b.xu.be_u3_abm164#branch                     0
stdout b.xu.x_u6_u604.beout#branch                  0
stdout b.xu.x_u6_u604.behys#branch                  0
stdout b.xu.x_u6_u598.be_abmgate#branch               0
stdout b.xu.x_u6_u600.be_abm#branch                 0
stdout b.xu.x_u6_u599.be_abmgate2#branch               0
stdout b.xu.x_u6_u599.be_abmgate1#branch               0
stdout b.xu.be_u6_abm151#branch                     0
stdout b.xu.bg_u6_abmi4#branch                      0
stdout b.xu.be_u6_abm164#branch                     0
stdout b.xu.be_u6_abm165#branch                     0
stdout b.xu.x_u6_u602.be_abmgate#branch               0
stdout b.xu.be_u6_abm152#branch                     0
stdout b.xu.be_u6_abm163#branch                     0
stdout b.xu.be_u6_abm148#branch                     0
stdout b.xu.x_u6_u603.beqb#branch                   0
stdout b.xu.x_u6_u603.x3.be_abmgate2#branch               0
stdout b.xu.x_u6_u603.x3.be_abmgate1#branch               0
stdout b.xu.x_u6_u603.bgq#branch                    0
stdout b.xu.x_u6_u603.x2.be_abmgate#branch               0
stdout b.xu.x_u6_u603.x1.be_abmgate2#branch               0
stdout b.xu.x_u6_u603.x1.be_abmgate1#branch               0
stdout b.xu.x_u6_u134.be_abmgate#branch               0
stdout h.xu.x_u8_h1.h_u8_h1#branch                  0
stdout v.xu.x_u8_h1.vh_u8_h1#branch      -2.08008e-15
stdout h.xu.x_u3_h1.h_u3_h1#branch        -8.3335e-06
stdout v.xu.x_u3_h1.vh_u3_h1#branch      -4.16675e-06
stdout l1#branch                         -2.09649e-15
stdout e.xu.e_u4_abm174#branch                      0
stdout e.xu.e_u4_abm179#branch                      0
stdout e.xu.x_u4_u1.e_abmgate#branch                0
stdout e.xu.e_u4_abm180#branch                      0
stdout e.xu.e_u4_abm178#branch                      0
stdout e.xu.x_u7_u824.e_abmgate#branch               0
stdout e.xu.x_u7_u822.e_abmgate2#branch               0
stdout e.xu.x_u7_u822.e_abmgate1#branch               0
stdout e.xu.x_u7_u827.e_abmgate#branch               0
stdout e.xu.x_u7_u823.e_abmgate#branch               0
stdout e.xu.e_u7_abm13#branch                       0
stdout e.xu.x_u7_u825.e_abmgate#branch               0
stdout e.xu.x_u7_u826.e_abmgate2#branch               0
stdout e.xu.x_u7_u826.e_abmgate1#branch               0
stdout e.xu.x_u7_u6.e_abmgate#branch                0
stdout e.xu.e_u1_abm1#branch                        0
stdout e.xu.e_u1_abm173#branch            2.11086e-10
stdout e.xu.x_u11_u602.e_abm#branch                 0
stdout e.xu.x_u11_u603.e_abmgate#branch               0
stdout e.xu.x_u11_u601.e_abmgate#branch               0
stdout e.xu.e_u11_abm173#branch                     0
stdout e.xu.x_u11_u604.e_abmgate#branch               0
stdout e.xu.e_u5_abm171#branch                      0
stdout e.xu.x_u5_u614.e_abmgate#branch               0
stdout e.xu.e_u5_abm8#branch                        0
stdout e.xu.x_u5_u603.e_abmgate#branch               0
stdout e.xu.e_u5_abm177#branch                      0
stdout e.xu.x_u8_u5.e_abm#branch                    0
stdout e.xu.e_u8_abm167#branch                      0
stdout e.xu.x_u8_u605.e_abmgate#branch               0
stdout e.xu.x_u8_u611.e_abmgate2#branch               0
stdout e.xu.x_u8_u611.e_abmgate1#branch               0
stdout e.xu.e_u8_abm169#branch                      0
stdout e.xu.x_u8_u604.e_abmgate#branch               0
stdout e.xu.x_u8_u610.e_abmgate#branch               0
stdout e.xu.e_u8_abm2#branch                        0
stdout e.xu.x_u8_u609.e_abmgate#branch      -1.001e-09
stdout e.xu.x_u8_u612.e_abmgate2#branch               0
stdout e.xu.x_u8_u612.e_abmgate1#branch               0
stdout e.xu.x_u8_u607.e_abmgate#branch               0
stdout e.xu.x_u8_u602.e_abmgate#branch               0
stdout e.xu.x_u8_u608.e_abmgate#branch               0
stdout e.xu.x_u8_u613.e_abmgate#branch               0
stdout e.xu.x_u8_u606.e_abmgate#branch               0
stdout e.xu.e_u3_abm6#branch                        0
stdout e.xu.x_u3_u137.e_abmgate2#branch               0
stdout e.xu.x_u3_u137.e_abmgate1#branch               0
stdout e.xu.e_u3_abm4#branch                        0
stdout e.xu.x_u3_u8.e_abm#branch                    0
stdout e.xu.x_u3_u136.e_abmgate#branch    2.09934e-140
stdout e.xu.e_u3_abm7#branch                        0
stdout e.xu.e_u3_abm165#branch                      0
stdout e.xu.x_u3_u134.e_abmgate#branch      -1.001e-09
stdout e.xu.e_u3_abm166#branch                      0
stdout e.xu.x_u3_u135.e_abmgate2#branch               0
stdout e.xu.x_u3_u135.e_abmgate1#branch               0
stdout e.xu.x_u3_u138.e_abmgate#branch               0
stdout e.xu.x_u3_u7.e_abm#branch                    0
stdout e.xu.x_u3_u131.e_abm#branch                  0
stdout e.xu.e_u3_abm1#branch                        0
stdout e.xu.x_u3_u6.e_abm#branch                    0
stdout e.xu.e_u3_abm164#branch                      0
stdout e.xu.x_u6_u604.eout#branch                   0
stdout e.xu.x_u6_u604.ehys#branch            4.36e-05
stdout e.xu.x_u6_u604.ein#branch            -4.36e-05
stdout e.xu.x_u6_u598.e_abmgate#branch               0
stdout e.xu.x_u6_u600.e_abm#branch                  0
stdout e.xu.x_u6_u599.e_abmgate2#branch               0
stdout e.xu.x_u6_u599.e_abmgate1#branch               0
stdout e.xu.e_u6_abm151#branch           -6.32869e-77
stdout e.xu.e_u6_abm164#branch                      0
stdout e.xu.e_u6_abm165#branch                      0
stdout e.xu.x_u6_u602.e_abmgate#branch               0
stdout e.xu.e_u6_abm152#branch                      0
stdout e.xu.e_u6_abm163#branch                      0
stdout e.xu.e_u6_abm148#branch                      0
stdout e.xu.x_u6_u603.eqb#branch                    0
stdout e.xu.x_u6_u603.x3.e_abmgate2#branch               0
stdout e.xu.x_u6_u603.x3.e_abmgate1#branch               0
stdout e.xu.x_u6_u603.eq#branch                     0
stdout e.xu.x_u6_u603.x2.e_abmgate#branch               0
stdout e.xu.x_u6_u603.x1.e_abmgate2#branch               0
stdout e.xu.x_u6_u603.x1.e_abmgate1#branch               0
stdout e.xu.x_u6_u134.e_abmgate#branch      -1.001e-09
stdout v.xu.v_u4_v70#branch                -1.701e-12
stdout v.xu.v_u11_v64#branch                        0
stdout v.xu.v_u5_v5#branch                -2.6696e-06
stdout v.xu.v_u5_v6#branch               -1.40661e-12
stdout v.xu.v_u3_v45#branch              -5.07254e-05
stdout v.xu.v_u3_v46#branch                         0
stdout v.xu.v_v46#branch                            0
stdout v.xu.v_u6_v2#branch                          0
stdout v.xu.x_u6_u603.v1#branch            -1.001e-12
stdout v.xu.v_u6_v1#branch                          0
stdout v.xu.v_v47#branch                            0
stdout vin#branch                        -1.04003e-06
 Reference value :  5.23391e-05
 Reference value :  1.07251e-04
 Reference value :  1.64572e-04
 Reference value :  2.04999e-04
 Reference value :  2.35350e-04
 Reference value :  2.53553e-04
 Reference value :  2.75321e-04
 Reference value :  3.00451e-04
 Reference value :  3.19690e-04
 Reference value :  3.39534e-04
 Reference value :  3.73207e-04
 Reference value :  3.96472e-04
 Reference value :  4.15634e-04
 Reference value :  4.34916e-04
 Reference value :  4.54061e-04
 Reference value :  4.73474e-04
 Reference value :  4.93031e-04
 Reference value :  5.13084e-04
 Reference value :  5.36816e-04
 Reference value :  5.67322e-04
 Reference value :  5.89087e-04
 Reference value :  6.08385e-04
 Reference value :  6.29337e-04
 Reference value :  6.48744e-04
 Reference value :  6.85584e-04
 Reference value :  7.05025e-04
 Reference value :  7.26155e-04
 Reference value :  7.50373e-04
 Reference value :  7.82206e-04
 Reference value :  8.01489e-04
 Reference value :  8.23218e-04
 Reference value :  8.42711e-04
 Reference value :  8.78674e-04
 Reference value :  8.98173e-04
 Reference value :  9.20070e-04
 Reference value :  9.55922e-04
 Reference value :  9.75190e-04
 Reference value :  9.97413e-04
 Reference value :  1.01683e-03
 Reference value :  1.05208e-03
 Reference value :  1.07142e-03
 Reference value :  1.09420e-03
 Reference value :  1.12098e-03
 Reference value :  1.14852e-03
 Reference value :  1.16801e-03
 Reference value :  1.19112e-03
 Reference value :  1.21068e-03
 Reference value :  1.24525e-03
 Reference value :  1.26455e-03
 Reference value :  1.28814e-03
 Reference value :  1.30763e-03
 Reference value :  1.34141e-03
 Reference value :  1.36073e-03
 Reference value :  1.38486e-03
 Reference value :  1.41856e-03
 Reference value :  1.42985e-03
 Reference value :  1.44218e-03
 Reference value :  1.45867e-03
 Reference value :  1.47102e-03
 Reference value :  1.48068e-03
 Reference value :  1.49716e-03
 Reference value :  1.50958e-03
 Reference value :  1.52280e-03
 Reference value :  1.53597e-03
 Reference value :  1.54867e-03
 Reference value :  1.56064e-03
 Reference value :  1.57471e-03
 Reference value :  1.58585e-03
 Reference value :  1.60235e-03
 Reference value :  1.61350e-03
 Reference value :  1.62643e-03
 Reference value :  1.64235e-03
 Reference value :  1.65211e-03
 Reference value :  1.66507e-03
 Reference value :  1.68091e-03
 Reference value :  1.69069e-03
 Reference value :  1.70373e-03
 Reference value :  1.71950e-03
 Reference value :  1.72934e-03
 Reference value :  1.74249e-03
 Reference value :  1.75819e-03
 Reference value :  1.77151e-03
 Reference value :  1.78697e-03
 Reference value :  1.80036e-03
 Reference value :  1.81575e-03
 Reference value :  1.82546e-03
 Reference value :  1.83893e-03
 Reference value :  1.85433e-03
 Reference value :  1.86396e-03
 Reference value :  1.87767e-03
 Reference value :  1.89284e-03
 Reference value :  1.90262e-03
 Reference value :  1.91640e-03
 Reference value :  1.93140e-03
 Reference value :  1.94110e-03
 Reference value :  1.95515e-03
 Reference value :  1.97007e-03
 Reference value :  1.98405e-03
 Reference value :  1.99804e-03
 Reference value :  2.00843e-03
 Reference value :  2.02258e-03
 Reference value :  2.03727e-03
 Reference value :  2.04706e-03
 Reference value :  2.06140e-03
 Reference value :  2.07604e-03
 Reference value :  2.08591e-03
 Reference value :  2.09524e-03
 Reference value :  2.10253e-03
 Reference value :  2.10984e-03
 Reference value :  2.11712e-03
 Reference value :  2.12194e-03
 Reference value :  2.12932e-03
 Reference value :  2.13650e-03
 Reference value :  2.14147e-03
 Reference value :  2.14871e-03
 Reference value :  2.15593e-03
 Reference value :  2.16334e-03
 Reference value :  2.17048e-03
 Reference value :  2.17801e-03
 Reference value :  2.18498e-03
 Reference value :  2.19237e-03
 Reference value :  2.19959e-03
 Reference value :  2.20697e-03
 Reference value :  2.21405e-03
 Reference value :  2.21906e-03
 Reference value :  2.22649e-03
 Reference value :  2.23352e-03
 Reference value :  2.24101e-03
 Reference value :  2.24599e-03
 Reference value :  2.25298e-03
 Reference value :  2.26056e-03
 Reference value :  2.26751e-03
 Reference value :  2.27508e-03
 Reference value :  2.28211e-03
 Reference value :  2.28973e-03
 Reference value :  2.29658e-03
 Reference value :  2.30410e-03
 Reference value :  2.30915e-03
 Reference value :  2.31604e-03
 Reference value :  2.32376e-03
 Reference value :  2.33062e-03
 Reference value :  2.33829e-03
 Reference value :  2.34518e-03
 Reference value :  2.35289e-03
 Reference value :  2.35966e-03
 Reference value :  2.36460e-03
 Reference value :  2.37233e-03
 Reference value :  2.37919e-03
 Reference value :  2.38688e-03
 Reference value :  2.39367e-03
 Reference value :  2.39850e-03
 Reference value :  2.40636e-03
 Reference value :  2.41307e-03
 Reference value :  2.42087e-03
 Reference value :  2.42761e-03
 Reference value :  2.43544e-03
 Reference value :  2.44211e-03
 Reference value :  2.45002e-03
 Reference value :  2.45671e-03
 Reference value :  2.46448e-03
 Reference value :  2.47126e-03
 Reference value :  2.47906e-03
 Reference value :  2.48582e-03
 Reference value :  2.49082e-03
 Reference value :  2.49863e-03
 Reference value :  2.50530e-03
 Reference value :  2.51325e-03
 Reference value :  2.51982e-03
 Reference value :  2.52774e-03
 Reference value :  2.53435e-03
 Reference value :  2.54224e-03
 Reference value :  2.54878e-03
 Reference value :  2.55678e-03
 Reference value :  2.56335e-03
 Reference value :  2.56835e-03
 Reference value :  2.57628e-03
 Reference value :  2.58288e-03
 Reference value :  2.59086e-03
 Reference value :  2.59743e-03
 Reference value :  2.60275e-03
 Reference value :  2.61200e-03
 Reference value :  2.61683e-03
 Reference value :  2.62638e-03
 Reference value :  2.63157e-03
 Reference value :  2.64106e-03
 Reference value :  2.64595e-03
 Reference value :  2.65414e-03
 Reference value :  2.66056e-03
 Reference value :  2.66876e-03
 Reference value :  2.67512e-03
 Reference value :  2.68012e-03
 Reference value :  2.68975e-03
 Reference value :  2.69469e-03
 Reference value :  2.70299e-03
 Reference value :  2.70928e-03
 Reference value :  2.71754e-03
 Reference value :  2.72386e-03
 Reference value :  2.73206e-03
 Reference value :  2.73833e-03
 Reference value :  2.74330e-03
 Reference value :  2.75282e-03
 Reference value :  2.75888e-03
 Reference value :  2.76604e-03
 Reference value :  2.77232e-03
 Reference value :  2.78068e-03
 Reference value :  2.78689e-03
 Reference value :  2.79518e-03
 Reference value :  2.80023e-03
 Reference value :  2.80636e-03
 Reference value :  2.81181e-03
 Reference value :  2.81489e-03
 Reference value :  2.81970e-03
 Reference value :  2.82399e-03
 Reference value :  2.82654e-03
 Reference value :  2.83132e-03
 Reference value :  2.83447e-03
 Reference value :  2.83723e-03
 Reference value :  2.84175e-03
 Reference value :  2.84430e-03
 Reference value :  2.84857e-03
 Reference value :  2.85166e-03
 Reference value :  2.85415e-03
 Reference value :  2.85844e-03
 Reference value :  2.86152e-03
 Reference value :  2.86577e-03
 Reference value :  2.86884e-03
 Reference value :  2.87322e-03
 Reference value :  2.87797e-03
 Reference value :  2.88106e-03
 Reference value :  2.88551e-03
 Reference value :  2.88911e-03
 Reference value :  2.89272e-03
 Reference value :  2.89580e-03
 Reference value :  2.90060e-03
 Reference value :  2.90310e-03
 Reference value :  2.90754e-03
 Reference value :  2.91220e-03
 Reference value :  2.91528e-03
 Reference value :  2.91958e-03
 Reference value :  2.92261e-03
 Reference value :  2.92698e-03
 Reference value :  2.92993e-03
 Reference value :  2.93248e-03
 Reference value :  2.93676e-03
 Reference value :  2.93972e-03
 Reference value :  2.94406e-03
 Reference value :  2.94682e-03
 Reference value :  2.94954e-03
 Reference value :  2.95391e-03
 Reference value :  2.95689e-03
 Reference value :  2.95955e-03
 Reference value :  2.96424e-03
 Reference value :  2.96677e-03
 Reference value :  2.97110e-03
 Reference value :  2.97407e-03
 Reference value :  2.97845e-03
 Reference value :  2.98141e-03
 Reference value :  2.98580e-03
 Reference value :  2.98876e-03
 Reference value :  2.99316e-03
 Reference value :  2.99612e-03
 Reference value :  3.00093e-03
 Reference value :  3.00342e-03
 Reference value :  3.00823e-03
 Reference value :  3.01267e-03
 Reference value :  3.01561e-03
 Reference value :  3.01815e-03
 Reference value :  3.02250e-03
 Reference value :  3.02554e-03
 Reference value :  3.03036e-03
 Reference value :  3.03285e-03
 Reference value :  3.03728e-03
 Reference value :  3.04021e-03
 Reference value :  3.04463e-03
 Reference value :  3.04711e-03
 Reference value :  3.05016e-03
 Reference value :  3.05485e-03
 Reference value :  3.05731e-03
 Reference value :  3.06174e-03
 Reference value :  3.06462e-03
 Reference value :  3.06722e-03
 Reference value :  3.07148e-03
 Reference value :  3.07392e-03
 Reference value :  3.07682e-03
 Reference value :  3.08127e-03
 Reference value :  3.08415e-03
 Reference value :  3.08665e-03
 Reference value :  3.09108e-03
 Reference value :  3.09397e-03
 Reference value :  3.09714e-03
 Reference value :  3.10088e-03
 Reference value :  3.10377e-03
 Reference value :  3.10820e-03
 Reference value :  3.11108e-03
 Reference value :  3.11551e-03
 Reference value :  3.11838e-03
 Reference value :  3.12279e-03
 Reference value :  3.12573e-03
 Reference value :  3.13020e-03
 Reference value :  3.13306e-03
 Reference value :  3.13756e-03
 Reference value :  3.14038e-03
 Reference value :  3.14306e-03
 Reference value :  3.14769e-03
 Reference value :  3.15014e-03
 Reference value :  3.15465e-03
 Reference value :  3.15768e-03
 Reference value :  3.16241e-03
 Reference value :  3.16687e-03
 Reference value :  3.16974e-03
 Reference value :  3.17458e-03
 Reference value :  3.17905e-03
 Reference value :  3.18193e-03
 Reference value :  3.18675e-03
 Reference value :  3.19129e-03
 Reference value :  3.19399e-03
 Reference value :  3.19857e-03
 Reference value :  3.20109e-03
 Reference value :  3.20391e-03
 Reference value :  3.20845e-03
 Reference value :  3.21126e-03
 Reference value :  3.21580e-03
 Reference value :  3.22066e-03
 Reference value :  3.22346e-03
 Reference value :  3.22799e-03
 Reference value :  3.23082e-03
 Reference value :  3.23537e-03
 Reference value :  3.23826e-03
 Reference value :  3.24303e-03
 Reference value :  3.24752e-03
 Reference value :  3.25035e-03
 Reference value :  3.25486e-03
 Reference value :  3.25773e-03
 Reference value :  3.26248e-03
 Reference value :  3.26552e-03
 Reference value :  3.26988e-03
 Reference value :  3.27438e-03
 Reference value :  3.27722e-03
 Reference value :  3.28182e-03
 Reference value :  3.28658e-03
 Reference value :  3.28939e-03
 Reference value :  3.29396e-03
 Reference value :  3.29676e-03
 Reference value :  3.30130e-03
 Reference value :  3.30411e-03
 Reference value :  3.30860e-03
 Reference value :  3.31142e-03
 Reference value :  3.31391e-03
 Reference value :  3.31851e-03
 Reference value :  3.32337e-03
 Reference value :  3.32611e-03
 Reference value :  3.32866e-03
 Reference value :  3.33345e-03
 Reference value :  3.33806e-03
 Reference value :  3.34082e-03
 Reference value :  3.34543e-03
 Reference value :  3.34821e-03
 Reference value :  3.35284e-03
 Reference value :  3.35563e-03
 Reference value :  3.36044e-03
 Reference value :  3.36508e-03
 Reference value :  3.36779e-03
 Reference value :  3.37241e-03
 Reference value :  3.37515e-03
 Reference value :  3.37974e-03
 Reference value :  3.38248e-03
 Reference value :  3.38710e-03
 Reference value :  3.39195e-03
 Reference value :  3.39467e-03
 Reference value :  3.39929e-03
 Reference value :  3.40210e-03
 Reference value :  3.40686e-03
 Reference value :  3.41143e-03
 Reference value :  3.41419e-03
 Reference value :  3.41907e-03
 Reference value :  3.42156e-03
 Reference value :  3.42620e-03
 Reference value :  3.42892e-03
 Reference value :  3.43376e-03
 Reference value :  3.43838e-03
 Reference value :  3.44111e-03
 Reference value :  3.44574e-03
 Reference value :  3.44844e-03
 Reference value :  3.45307e-03
 Reference value :  3.45574e-03
 Reference value :  3.46043e-03
 Reference value :  3.46307e-03
 Reference value :  3.46793e-03
 Reference value :  3.47253e-03
 Reference value :  3.47528e-03
 Reference value :  3.47992e-03
 Reference value :  3.48260e-03
 Reference value :  3.48508e-03
 Reference value :  3.48993e-03
 Reference value :  3.49459e-03
 Reference value :  3.49729e-03
 Reference value :  3.50193e-03
 Reference value :  3.50460e-03
 Reference value :  3.50714e-03
 Reference value :  3.51175e-03
 Reference value :  3.51443e-03
 Reference value :  3.51927e-03
 Reference value :  3.52389e-03
 Reference value :  3.52660e-03
 Reference value :  3.52906e-03
 Reference value :  3.53371e-03
 Reference value :  3.53851e-03
 Reference value :  3.54126e-03
 Reference value :  3.54596e-03
 Reference value :  3.54873e-03
 Reference value :  3.55354e-03
 Reference value :  3.55820e-03
 Reference value :  3.56090e-03
 Reference value :  3.56553e-03
 Reference value :  3.56822e-03
 Reference value :  3.57282e-03
 Reference value :  3.57558e-03
 Reference value :  3.58027e-03
 Reference value :  3.58294e-03
 Reference value :  3.58766e-03
 Reference value :  3.59031e-03
 Reference value :  3.59488e-03
 Reference value :  3.59760e-03
 Reference value :  3.60246e-03
 Reference value :  3.60714e-03
 Reference value :  3.60978e-03
 Reference value :  3.61444e-03
 Reference value :  3.61714e-03
 Reference value :  3.62182e-03
 Reference value :  3.62447e-03
 Reference value :  3.62920e-03
 Reference value :  3.63184e-03
 Reference value :  3.63658e-03
 Reference value :  3.63919e-03
 Reference value :  3.64391e-03
 Reference value :  3.64652e-03
 Reference value :  3.65122e-03
 Reference value :  3.65389e-03
 Reference value :  3.65844e-03
 Reference value :  3.66123e-03
 Reference value :  3.66594e-03
 Reference value :  3.66865e-03
 Reference value :  3.67339e-03
 Reference value :  3.67810e-03
 Reference value :  3.68075e-03
 Reference value :  3.68550e-03
 Reference value :  3.68814e-03
 Reference value :  3.69284e-03
 Reference value :  3.69548e-03
 Reference value :  3.70020e-03
 Reference value :  3.70286e-03
 Reference value :  3.70755e-03
 Reference value :  3.71242e-03
 Reference value :  3.71509e-03
 Reference value :  3.71978e-03
 Reference value :  3.72245e-03
 Reference value :  3.72712e-03
 Reference value :  3.72980e-03
 Reference value :  3.73455e-03
 Reference value :  3.73718e-03
 Reference value :  3.74189e-03
 Reference value :  3.74456e-03
 Reference value :  3.74927e-03
 Reference value :  3.75190e-03
 Reference value :  3.75441e-03
 Reference value :  3.75926e-03
 Reference value :  3.76398e-03
 Reference value :  3.76666e-03
 Reference value :  3.77136e-03
 Reference value :  3.77400e-03
 Reference value :  3.77873e-03
 Reference value :  3.78153e-03
 Reference value :  3.78630e-03
 Reference value :  3.79095e-03
 Reference value :  3.79361e-03
 Reference value :  3.79835e-03
 Reference value :  3.80102e-03
 Reference value :  3.80583e-03
 Reference value :  3.80833e-03
 Reference value :  3.81306e-03
 Reference value :  3.81569e-03
 Reference value :  3.82041e-03
 Reference value :  3.82303e-03
 Reference value :  3.82775e-03
 Reference value :  3.83044e-03
 Reference value :  3.83525e-03
 Reference value :  3.83774e-03
 Reference value :  3.84240e-03
 Reference value :  3.84508e-03
 Reference value :  3.84978e-03
 Reference value :  3.85467e-03
 Reference value :  3.85734e-03
 Reference value :  3.86198e-03
 Reference value :  3.86468e-03
 Reference value :  3.86941e-03
 Reference value :  3.87204e-03
 Reference value :  3.87676e-03
 Reference value :  3.87939e-03
 Reference value :  3.88412e-03
 Reference value :  3.88673e-03
 Reference value :  3.89162e-03
 Reference value :  3.89637e-03
 Reference value :  3.89902e-03
 Reference value :  3.90374e-03
 Reference value :  3.90641e-03
 Reference value :  3.91118e-03
 Reference value :  3.91376e-03
 Reference value :  3.91850e-03
 Reference value :  3.92149e-03
 Reference value :  3.92590e-03
 Reference value :  3.93073e-03
 Reference value :  3.93340e-03
 Reference value :  3.93808e-03
 Reference value :  3.94076e-03
 Reference value :  3.94547e-03
 Reference value :  3.94813e-03
 Reference value :  3.95284e-03
 Reference value :  3.95548e-03
 Reference value :  3.96023e-03
 Reference value :  3.96285e-03
 Reference value :  3.96751e-03
 Reference value :  3.97017e-03
 Reference value :  3.97493e-03
 Reference value :  3.97972e-03
 Reference value :  3.98240e-03
 Reference value :  3.98712e-03
 Reference value :  3.98975e-03
 Reference value :  3.99442e-03
 Reference value :  3.99709e-03
 Reference value :  4.00178e-03
 Reference value :  4.00442e-03
 Reference value :  4.00916e-03
 Reference value :  4.01182e-03
 Reference value :  4.01654e-03
 Reference value :  4.01917e-03
 Reference value :  4.02406e-03
 Reference value :  4.02882e-03
 Reference value :  4.03142e-03
 Reference value :  4.03616e-03
 Reference value :  4.03878e-03
 Reference value :  4.04353e-03
 Reference value :  4.04612e-03
 Reference value :  4.05083e-03
 Reference value :  4.05348e-03
 Reference value :  4.05821e-03
 Reference value :  4.06083e-03
 Reference value :  4.06554e-03
 Reference value :  4.06825e-03
 Reference value :  4.07306e-03
 Reference value :  4.07727e-03
 Reference value :  4.08039e-03
 Reference value :  4.08294e-03
 Reference value :  4.08776e-03
 Reference value :  4.09247e-03
 Reference value :  4.09513e-03
 Reference value :  4.09977e-03
 Reference value :  4.10247e-03
 Reference value :  4.10497e-03
 Reference value :  4.10986e-03
 Reference value :  4.11450e-03
 Reference value :  4.11717e-03
 Reference value :  4.12188e-03
 Reference value :  4.12453e-03
 Reference value :  4.12941e-03
 Reference value :  4.13216e-03
 Reference value :  4.13679e-03
 Reference value :  4.14147e-03
 Reference value :  4.14411e-03
 Reference value :  4.14662e-03
 Reference value :  4.15148e-03
 Reference value :  4.15622e-03
 Reference value :  4.15886e-03
 Reference value :  4.16373e-03
 Reference value :  4.16625e-03
 Reference value :  4.17091e-03
 Reference value :  4.17351e-03
 Reference value :  4.17836e-03
 Reference value :  4.18082e-03
 Reference value :  4.18552e-03
 Reference value :  4.18818e-03
 Reference value :  4.19291e-03
 Reference value :  4.19548e-03
 Reference value :  4.20017e-03
 Reference value :  4.20280e-03
 Reference value :  4.20744e-03
 Reference value :  4.21009e-03
 Reference value :  4.21494e-03
 Reference value :  4.21748e-03
 Reference value :  4.22230e-03
 Reference value :  4.22485e-03
 Reference value :  4.22968e-03
 Reference value :  4.23440e-03
 Reference value :  4.23707e-03
 Reference value :  4.24172e-03
 Reference value :  4.24442e-03
 Reference value :  4.24911e-03
 Reference value :  4.25181e-03
 Reference value :  4.25651e-03
 Reference value :  4.25915e-03
 Reference value :  4.26387e-03
 Reference value :  4.26653e-03
 Reference value :  4.27126e-03
 Reference value :  4.27392e-03
 Reference value :  4.27864e-03
 Reference value :  4.28128e-03
 Reference value :  4.28601e-03
 Reference value :  4.28872e-03
 Reference value :  4.29333e-03
 Reference value :  4.29601e-03
 Reference value :  4.30070e-03
 Reference value :  4.30330e-03
 Reference value :  4.30800e-03
 Reference value :  4.31064e-03
 Reference value :  4.31535e-03
 Reference value :  4.31801e-03
 Reference value :  4.32285e-03
 Reference value :  4.32757e-03
 Reference value :  4.33025e-03
 Reference value :  4.33498e-03
 Reference value :  4.33756e-03
 Reference value :  4.34226e-03
 Reference value :  4.34491e-03
 Reference value :  4.34982e-03
 Reference value :  4.35230e-03
 Reference value :  4.35704e-03
 Reference value :  4.35969e-03
 Reference value :  4.36439e-03
 Reference value :  4.36706e-03
 Reference value :  4.37181e-03
 Reference value :  4.37446e-03
 Reference value :  4.37921e-03
 Reference value :  4.38200e-03
 Reference value :  4.38668e-03
 Reference value :  4.39139e-03
 Reference value :  4.39404e-03
 Reference value :  4.39880e-03
 Reference value :  4.40141e-03
 Reference value :  4.40626e-03
 Reference value :  4.41099e-03
 Reference value :  4.41369e-03
 Reference value :  4.41848e-03
 Reference value :  4.42313e-03
 Reference value :  4.42580e-03
 Reference value :  4.43047e-03
 Reference value :  4.43311e-03
 Reference value :  4.43776e-03
 Reference value :  4.44049e-03
 Reference value :  4.44520e-03
 Reference value :  4.44787e-03
 Reference value :  4.45259e-03
 Reference value :  4.45524e-03
 Reference value :  4.45998e-03
 Reference value :  4.46261e-03
 Reference value :  4.46736e-03
 Reference value :  4.47001e-03
 Reference value :  4.47485e-03
 Reference value :  4.47733e-03
 Reference value :  4.48205e-03
 Reference value :  4.48471e-03
 Reference value :  4.48945e-03
 Reference value :  4.49204e-03
 Reference value :  4.49672e-03
 Reference value :  4.49935e-03
 Reference value :  4.50412e-03
 Reference value :  4.50671e-03
 Reference value :  4.51145e-03
 Reference value :  4.51408e-03
 Reference value :  4.51873e-03
 Reference value :  4.52141e-03
 Reference value :  4.52507e-03
 Reference value :  4.52872e-03
 Reference value :  4.53131e-03
 Reference value :  4.53589e-03
 Reference value :  4.53854e-03
 Reference value :  4.54323e-03
 Reference value :  4.54587e-03
 Reference value :  4.55064e-03
 Reference value :  4.55326e-03
 Reference value :  4.55800e-03
 Reference value :  4.56057e-03
 Reference value :  4.56530e-03
 Reference value :  4.56791e-03
 Reference value :  4.57253e-03
 Reference value :  4.57520e-03
 Reference value :  4.57776e-03
 Reference value :  4.58243e-03
 Reference value :  4.58505e-03
 Reference value :  4.58977e-03
 Reference value :  4.59241e-03
 Reference value :  4.59715e-03
 Reference value :  4.59978e-03
 Reference value :  4.60455e-03
 Reference value :  4.60716e-03
 Reference value :  4.61192e-03
 Reference value :  4.61452e-03
 Reference value :  4.61924e-03
 Reference value :  4.62191e-03
 Reference value :  4.62658e-03
 Reference value :  4.62924e-03
 Reference value :  4.63399e-03
 Reference value :  4.63662e-03
 Reference value :  4.64135e-03
 Reference value :  4.64398e-03
 Reference value :  4.64887e-03
 Reference value :  4.65359e-03
 Reference value :  4.65624e-03
 Reference value :  4.66088e-03
 Reference value :  4.66360e-03
 Reference value :  4.66834e-03
 Reference value :  4.67097e-03
 Reference value :  4.67570e-03
 Reference value :  4.67833e-03
 Reference value :  4.68309e-03
 Reference value :  4.68571e-03
 Reference value :  4.68985e-03
 Reference value :  4.69286e-03
 Reference value :  4.69551e-03
 Reference value :  4.70017e-03
 Reference value :  4.70265e-03
 Reference value :  4.70536e-03
 Reference value :  4.70996e-03
 Reference value :  4.71258e-03
 Reference value :  4.71732e-03
 Reference value :  4.71993e-03
 Reference value :  4.72467e-03
 Reference value :  4.72730e-03
 Reference value :  4.73201e-03
 Reference value :  4.73465e-03
 Reference value :  4.73938e-03
 Reference value :  4.74202e-03
 Reference value :  4.74672e-03
 Reference value :  4.74937e-03
 Reference value :  4.75194e-03
 Reference value :  4.75676e-03
 Reference value :  4.76090e-03
 Reference value :  4.76410e-03
 Reference value :  4.76656e-03
 Reference value :  4.76911e-03
 Reference value :  4.77377e-03
 Reference value :  4.77641e-03
 Reference value :  4.78102e-03
 Reference value :  4.78371e-03
 Reference value :  4.78844e-03
 Reference value :  4.79107e-03
 Reference value :  4.79577e-03
 Reference value :  4.79843e-03
 Reference value :  4.80100e-03
 Reference value :  4.80560e-03
 Reference value :  4.80878e-03
 Reference value :  4.81309e-03
 Reference value :  4.81559e-03
 Reference value :  4.82031e-03
 Reference value :  4.82294e-03
 Reference value :  4.82770e-03
 Reference value :  4.83028e-03
 Reference value :  4.83502e-03
 Reference value :  4.83762e-03
 Reference value :  4.84234e-03
 Reference value :  4.84499e-03
 Reference value :  4.84980e-03
 Reference value :  4.85229e-03
 Reference value :  4.85702e-03
 Reference value :  4.85966e-03
 Reference value :  4.86431e-03
 Reference value :  4.86700e-03
 Reference value :  4.86962e-03
 Reference value :  4.87433e-03
 Reference value :  4.87685e-03
 Reference value :  4.88155e-03
 Reference value :  4.88413e-03
 Reference value :  4.88880e-03
 Reference value :  4.89147e-03
 Reference value :  4.89619e-03
 Reference value :  4.89878e-03
 Reference value :  4.90343e-03
 Reference value :  4.90606e-03
 Reference value :  4.90853e-03
 Reference value :  4.91341e-03
 Reference value :  4.91604e-03
 Reference value :  4.92073e-03
 Reference value :  4.92319e-03
 Reference value :  4.92793e-03
 Reference value :  4.93057e-03
 Reference value :  4.93528e-03
 Reference value :  4.93794e-03
 Reference value :  4.94048e-03
 Reference value :  4.94515e-03
 Reference value :  4.94778e-03
 Reference value :  4.95248e-03
 Reference value :  4.95512e-03
 Reference value :  4.95986e-03
 Reference value :  4.96246e-03
 Reference value :  4.96517e-03
 Reference value :  4.96979e-03
 Reference value :  4.97257e-03
 Reference value :  4.97715e-03
 Reference value :  4.97963e-03
 Reference value :  4.98429e-03
 Reference value :  4.98690e-03
 Reference value :  4.99155e-03
 Reference value :  4.99408e-03
 Reference value :  4.99708e-03
 Reference value :  5.00154e-03
 Reference value :  5.00405e-03
 Reference value :  5.00878e-03
 Reference value :  5.01139e-03
 Reference value :  5.01612e-03
 Reference value :  5.01873e-03
 Reference value :  5.02344e-03
 Reference value :  5.02610e-03
 Reference value :  5.03081e-03
 Reference value :  5.03346e-03
 Reference value :  5.03627e-03
 Reference value :  5.04065e-03
 Reference value :  5.04325e-03
 Reference value :  5.04796e-03
 Reference value :  5.05057e-03
 Reference value :  5.05305e-03
 Reference value :  5.05776e-03
 Reference value :  5.06041e-03
 Reference value :  5.06526e-03
 Reference value :  5.06775e-03
 Reference value :  5.07248e-03
 Reference value :  5.07510e-03
 Reference value :  5.07764e-03
 Reference value :  5.08246e-03
 Reference value :  5.08493e-03
 Reference value :  5.08966e-03
 Reference value :  5.09230e-03
 Reference value :  5.09703e-03
 Reference value :  5.09960e-03
 Reference value :  5.10418e-03
 Reference value :  5.10675e-03
 Reference value :  5.11156e-03
 Reference value :  5.11429e-03
 Reference value :  5.11680e-03
 Reference value :  5.12163e-03
 Reference value :  5.12411e-03
 Reference value :  5.12881e-03
 Reference value :  5.13144e-03
 Reference value :  5.13400e-03
 Reference value :  5.13880e-03
 Reference value :  5.14127e-03
 Reference value :  5.14600e-03
 Reference value :  5.14862e-03
 Reference value :  5.15335e-03
 Reference value :  5.15594e-03
 Reference value :  5.16067e-03
 Reference value :  5.16319e-03
 Reference value :  5.16581e-03
 Reference value :  5.17049e-03
 Reference value :  5.17314e-03
 Reference value :  5.17787e-03
 Reference value :  5.18052e-03
 Reference value :  5.18526e-03
 Reference value :  5.18787e-03
 Reference value :  5.19260e-03
 Reference value :  5.19529e-03
 Reference value :  5.20000e-03
 Reference value :  5.20258e-03
 Reference value :  5.20735e-03
 Reference value :  5.20995e-03
 Reference value :  5.21461e-03
 Reference value :  5.21733e-03
 Reference value :  5.22215e-03
 Reference value :  5.22683e-03
 Reference value :  5.22947e-03
 Reference value :  5.23221e-03
 Reference value :  5.23681e-03
 Reference value :  5.23929e-03
 Reference value :  5.24399e-03
 Reference value :  5.24657e-03
 Reference value :  5.24906e-03
 Reference value :  5.25382e-03
 Reference value :  5.25642e-03
 Reference value :  5.26121e-03
 Reference value :  5.26375e-03
 Reference value :  5.26850e-03
 Reference value :  5.27113e-03
 Reference value :  5.27385e-03
 Reference value :  5.27834e-03
 Reference value :  5.28097e-03
 Reference value :  5.28582e-03
 Reference value :  5.28831e-03
 Reference value :  5.29306e-03
 Reference value :  5.29567e-03
 Reference value :  5.30041e-03
 Reference value :  5.30296e-03
 Reference value :  5.30767e-03
 Reference value :  5.31025e-03
 Reference value :  5.31275e-03
 Reference value :  5.31749e-03
 Reference value :  5.32008e-03
 Reference value :  5.32497e-03
 Reference value :  5.32745e-03
 Reference value :  5.33221e-03
 Reference value :  5.33476e-03
 Reference value :  5.33940e-03
 Reference value :  5.34211e-03
 Reference value :  5.34459e-03
 Reference value :  5.34932e-03
 Reference value :  5.35197e-03
 Reference value :  5.35667e-03
 Reference value :  5.35930e-03
 Reference value :  5.36407e-03
 Reference value :  5.36665e-03
 Reference value :  5.37137e-03
 Reference value :  5.37402e-03
 Reference value :  5.37650e-03
 Reference value :  5.38126e-03
 Reference value :  5.38388e-03
 Reference value :  5.38649e-03
 Reference value :  5.39109e-03
 Reference value :  5.39400e-03
 Reference value :  5.39863e-03
 Reference value :  5.40119e-03
 Reference value :  5.40594e-03
 Reference value :  5.40845e-03
 Reference value :  5.41321e-03
 Reference value :  5.41609e-03
 Reference value :  5.42062e-03
 Reference value :  5.42309e-03
 Reference value :  5.42786e-03
 Reference value :  5.43048e-03
 Reference value :  5.43519e-03
 Reference value :  5.43782e-03
 Reference value :  5.44031e-03
 Reference value :  5.44518e-03
 Reference value :  5.44766e-03
 Reference value :  5.45233e-03
 Reference value :  5.45498e-03
 Reference value :  5.45974e-03
 Reference value :  5.46234e-03
 Reference value :  5.46709e-03
 Reference value :  5.46970e-03
 Reference value :  5.47217e-03
 Reference value :  5.47701e-03
 Reference value :  5.47952e-03
 Reference value :  5.48428e-03
 Reference value :  5.48685e-03
 Reference value :  5.49157e-03
 Reference value :  5.49422e-03
 Reference value :  5.49893e-03
 Reference value :  5.50155e-03
 Reference value :  5.50631e-03
 Reference value :  5.50891e-03
 Reference value :  5.51145e-03
 Reference value :  5.51606e-03
 Reference value :  5.51875e-03
 Reference value :  5.52345e-03
 Reference value :  5.52601e-03
 Reference value :  5.53071e-03
 Reference value :  5.53333e-03
 Reference value :  5.53806e-03
 Reference value :  5.54068e-03
 Reference value :  5.54325e-03
 Reference value :  5.54791e-03
 Reference value :  5.55049e-03
 Reference value :  5.55523e-03
 Reference value :  5.55777e-03
 Reference value :  5.56032e-03
 Reference value :  5.56512e-03
 Reference value :  5.56761e-03
 Reference value :  5.57230e-03
 Reference value :  5.57497e-03
 Reference value :  5.57974e-03
 Reference value :  5.58235e-03
 Reference value :  5.58701e-03
 Reference value :  5.58963e-03
 Reference value :  5.59218e-03
 Reference value :  5.59687e-03
 Reference value :  5.59948e-03
 Reference value :  5.60420e-03
 Reference value :  5.60681e-03
 Reference value :  5.61158e-03
 Reference value :  5.61415e-03
 Reference value :  5.61889e-03
 Reference value :  5.62152e-03
 Reference value :  5.62625e-03
 Reference value :  5.62885e-03
 Reference value :  5.63137e-03
 Reference value :  5.63620e-03
 Reference value :  5.64091e-03
 Reference value :  5.64348e-03
 Reference value :  5.64602e-03
 Reference value :  5.65064e-03
 Reference value :  5.65330e-03
 Reference value :  5.65802e-03
 Reference value :  5.66068e-03
 Reference value :  5.66545e-03
 Reference value :  5.66802e-03
 Reference value :  5.67279e-03
 Reference value :  5.67534e-03
 Reference value :  5.67783e-03
 Reference value :  5.68257e-03
 Reference value :  5.68521e-03
 Reference value :  5.68996e-03
 Reference value :  5.69260e-03
 Reference value :  5.69733e-03
 Reference value :  5.69994e-03
 Reference value :  5.70468e-03
 Reference value :  5.70725e-03
 Reference value :  5.71194e-03
 Reference value :  5.71458e-03
 Reference value :  5.71708e-03
 Reference value :  5.72195e-03
 Reference value :  5.72449e-03
 Reference value :  5.72930e-03
 Reference value :  5.73397e-03
 Reference value :  5.73651e-03
 Reference value :  5.73939e-03
 Reference value :  5.74386e-03
 Reference value :  5.74646e-03
 Reference value :  5.75122e-03
 Reference value :  5.75380e-03
 Reference value :  5.75852e-03
 Reference value :  5.76108e-03
 Reference value :  5.76363e-03
 Reference value :  5.76842e-03
 Reference value :  5.77314e-03
 Reference value :  5.77577e-03
 Reference value :  5.77833e-03
 Reference value :  5.78301e-03
 Reference value :  5.78562e-03
 Reference value :  5.79034e-03
 Reference value :  5.79294e-03
 Reference value :  5.79768e-03
 Reference value :  5.80031e-03
 Reference value :  5.80501e-03
 Reference value :  5.80763e-03
 Reference value :  5.81011e-03
 Reference value :  5.81485e-03
 Reference value :  5.81746e-03
 Reference value :  5.81998e-03
 Reference value :  5.82464e-03
 Reference value :  5.82726e-03
 Reference value :  5.83197e-03
 Reference value :  5.83463e-03
 Reference value :  5.83864e-03
 Reference value :  5.84198e-03
 Reference value :  5.84449e-03
 Reference value :  5.84917e-03
 Reference value :  5.85174e-03
 Reference value :  5.85427e-03
 Reference value :  5.85897e-03
 Reference value :  5.86152e-03
 Reference value :  5.86619e-03
 Reference value :  5.86886e-03
 Reference value :  5.87361e-03
 Reference value :  5.87617e-03
 Reference value :  5.88091e-03
 Reference value :  5.88351e-03
 Reference value :  5.88824e-03
 Reference value :  5.89095e-03
 Reference value :  5.89563e-03
 Reference value :  5.90003e-03
 Reference value :  5.90311e-03
 Reference value :  5.90560e-03
 Reference value :  5.91032e-03
 Reference value :  5.91294e-03
 Reference value :  5.91546e-03
 Reference value :  5.92008e-03
 Reference value :  5.92279e-03
 Reference value :  5.92741e-03
 Reference value :  5.93001e-03
 Reference value :  5.93475e-03
 Reference value :  5.93739e-03
 Reference value :  5.94213e-03
 Reference value :  5.94476e-03
 Reference value :  5.94943e-03
 Reference value :  5.95202e-03
 Reference value :  5.95675e-03
 Reference value :  5.95935e-03
 Reference value :  5.96409e-03
 Reference value :  5.96668e-03
 Reference value :  5.97143e-03
 Reference value :  5.97412e-03
 Reference value :  5.97878e-03
 Reference value :  5.98139e-03
 Reference value :  5.98615e-03
 Reference value :  5.98879e-03
 Reference value :  5.99341e-03
 Reference value :  5.99609e-03
 Reference value :  5.99862e-03
 Reference value :  6.00347e-03
 Reference value :  6.00812e-03
 Reference value :  6.01067e-03
 Reference value :  6.01327e-03
 Reference value :  6.01793e-03
 Reference value :  6.02056e-03
 Reference value :  6.02531e-03
 Reference value :  6.02794e-03
 Reference value :  6.03268e-03
 Reference value :  6.03529e-03
 Reference value :  6.03777e-03
 Reference value :  6.04248e-03
 Reference value :  6.04514e-03
 Reference value :  6.04983e-03
 Reference value :  6.05282e-03
 Reference value :  6.05738e-03
 Reference value :  6.06212e-03
 Reference value :  6.06475e-03
 Reference value :  6.06768e-03
 Reference value :  6.07209e-03
 Reference value :  6.07459e-03
 Reference value :  6.07930e-03
 Reference value :  6.08196e-03
 Reference value :  6.08659e-03
 Reference value :  6.08930e-03
 Reference value :  6.09178e-03
 Reference value :  6.09647e-03
 Reference value :  6.09907e-03
 Reference value :  6.10159e-03
 Reference value :  6.10640e-03
 Reference value :  6.10906e-03
 Reference value :  6.11374e-03
 Reference value :  6.11622e-03
 Reference value :  6.12092e-03
 Reference value :  6.12356e-03
 Reference value :  6.12828e-03
 Reference value :  6.13090e-03
 Reference value :  6.13565e-03
 Reference value :  6.13829e-03
 Reference value :  6.14304e-03
 Reference value :  6.14564e-03
 Reference value :  6.14810e-03
 Reference value :  6.15299e-03
 Reference value :  6.15673e-03
 Reference value :  6.16033e-03
 Reference value :  6.16282e-03
 Reference value :  6.16769e-03
 Reference value :  6.17033e-03
 Reference value :  6.17491e-03
 Reference value :  6.17754e-03
 Reference value :  6.18226e-03
 Reference value :  6.18489e-03
 Reference value :  6.18739e-03
 Reference value :  6.19215e-03
 Reference value :  6.19476e-03
 Reference value :  6.19946e-03
 Reference value :  6.20210e-03
 Reference value :  6.20463e-03
 Reference value :  6.20927e-03
 Reference value :  6.21235e-03
 Reference value :  6.21679e-03
 Reference value :  6.22147e-03
 Reference value :  6.22414e-03
 Reference value :  6.22695e-03
 Reference value :  6.23148e-03
 Reference value :  6.23622e-03
 Reference value :  6.23885e-03
 Reference value :  6.24360e-03
 Reference value :  6.24623e-03
 Reference value :  6.25099e-03
 Reference value :  6.25367e-03
 Reference value :  6.25839e-03
 Reference value :  6.26113e-03
 Reference value :  6.26591e-03
 Reference value :  6.27065e-03
 Reference value :  6.27328e-03
 Reference value :  6.27802e-03
 Reference value :  6.28065e-03
 Reference value :  6.28539e-03
 Reference value :  6.28797e-03
 Reference value :  6.29267e-03
 Reference value :  6.29531e-03
 Reference value :  6.29776e-03
 Reference value :  6.30248e-03
 Reference value :  6.30511e-03
 Reference value :  6.30984e-03
 Reference value :  6.31244e-03
 Reference value :  6.31714e-03
 Reference value :  6.31981e-03
 Reference value :  6.32231e-03
 Reference value :  6.32702e-03
 Reference value :  6.32963e-03
 Reference value :  6.33210e-03
 Reference value :  6.33684e-03
 Reference value :  6.33941e-03
 Reference value :  6.34196e-03
 Reference value :  6.34663e-03
 Reference value :  6.34924e-03
 Reference value :  6.35396e-03
 Reference value :  6.35660e-03
 Reference value :  6.35910e-03
 Reference value :  6.36391e-03
 Reference value :  6.36856e-03
 Reference value :  6.37120e-03
 Reference value :  6.37369e-03
 Reference value :  6.37851e-03
 Reference value :  6.38100e-03
 Reference value :  6.38569e-03
 Reference value :  6.38827e-03
 Reference value :  6.39266e-03
 Reference value :  6.39565e-03
 Reference value :  6.39814e-03
 Reference value :  6.40280e-03
 Reference value :  6.40547e-03
 Reference value :  6.41011e-03
 Reference value :  6.41275e-03
 Reference value :  6.41522e-03
 Reference value :  6.42002e-03
 Reference value :  6.42254e-03
 Reference value :  6.42737e-03
 Reference value :  6.42986e-03
 Reference value :  6.43454e-03
 Reference value :  6.43720e-03
 Reference value :  6.44188e-03
 Reference value :  6.44456e-03
 Reference value :  6.44887e-03
 Reference value :  6.45191e-03
 Reference value :  6.45663e-03
 Reference value :  6.45928e-03
 Reference value :  6.46403e-03
 Reference value :  6.46662e-03
 Reference value :  6.47149e-03
 Reference value :  6.47401e-03
 Reference value :  6.47882e-03
 Reference value :  6.48131e-03
 Reference value :  6.48599e-03
 Reference value :  6.48868e-03
 Reference value :  6.49334e-03
 Reference value :  6.49600e-03
 Reference value :  6.50075e-03
 Reference value :  6.50339e-03
 Reference value :  6.50810e-03
 Reference value :  6.51073e-03
 Reference value :  6.51545e-03
 Reference value :  6.51811e-03
 Reference value :  6.52066e-03
 Reference value :  6.52546e-03
 Reference value :  6.52792e-03
 Reference value :  6.53266e-03
 Reference value :  6.53528e-03
 Reference value :  6.53993e-03
 Reference value :  6.54261e-03
 Reference value :  6.54517e-03
 Reference value :  6.54998e-03
 Reference value :  6.55255e-03
 Reference value :  6.55724e-03
 Reference value :  6.55983e-03
 Reference value :  6.56242e-03
 Reference value :  6.56706e-03
 Reference value :  6.56967e-03
 Reference value :  6.57439e-03
 Reference value :  6.57708e-03
 Reference value :  6.58168e-03
 Reference value :  6.58427e-03
 Reference value :  6.58682e-03
 Reference value :  6.59164e-03
 Reference value :  6.59643e-03
 Reference value :  6.59911e-03
 Reference value :  6.60385e-03
 Reference value :  6.60648e-03
 Reference value :  6.60904e-03
 Reference value :  6.61383e-03
 Reference value :  6.61657e-03
 Reference value :  6.62110e-03
 Reference value :  6.62593e-03
 Reference value :  6.62858e-03
 Reference value :  6.63115e-03
 Reference value :  6.63596e-03
 Reference value :  6.64070e-03
 Reference value :  6.64334e-03
 Reference value :  6.64807e-03
 Reference value :  6.65068e-03
 Reference value :  6.65408e-03
 Reference value :  6.65806e-03
 Reference value :  6.66060e-03
 Reference value :  6.66530e-03
 Reference value :  6.66790e-03
 Reference value :  6.67262e-03
 Reference value :  6.67525e-03
 Reference value :  6.68014e-03
 Reference value :  6.68489e-03
 Reference value :  6.68748e-03
 Reference value :  6.69000e-03
 Reference value :  6.69482e-03
 Reference value :  6.69736e-03
 Reference value :  6.70217e-03
 Reference value :  6.70470e-03
 Reference value :  6.70945e-03
 Reference value :  6.71217e-03
 Reference value :  6.71680e-03
 Reference value :  6.71936e-03
 Reference value :  6.72414e-03
 Reference value :  6.72698e-03
 Reference value :  6.73143e-03
 Reference value :  6.73405e-03
 Reference value :  6.73881e-03
 Reference value :  6.74136e-03
 Reference value :  6.74616e-03
 Reference value :  6.75087e-03
 Reference value :  6.75353e-03
 Reference value :  6.75828e-03
 Reference value :  6.76087e-03
 Reference value :  6.76560e-03
 Reference value :  6.76824e-03
 Reference value :  6.77298e-03
 Reference value :  6.77560e-03
 Reference value :  6.78026e-03
 Reference value :  6.78295e-03
 Reference value :  6.78769e-03
 Reference value :  6.79033e-03
 Reference value :  6.79505e-03
 Reference value :  6.79771e-03
 Reference value :  6.80243e-03
 Reference value :  6.80728e-03
 Reference value :  6.80995e-03
 Reference value :  6.81466e-03
 Reference value :  6.81736e-03
 Reference value :  6.82220e-03
 Reference value :  6.82469e-03
 Reference value :  6.82942e-03
 Reference value :  6.83201e-03
 Reference value :  6.83689e-03
 Reference value :  6.84163e-03
 Reference value :  6.84427e-03
 Reference value :  6.84902e-03
 Reference value :  6.85385e-03
 Reference value :  6.85650e-03
 Reference value :  6.86127e-03
 Reference value :  6.86388e-03
 Reference value :  6.86864e-03
 Reference value :  6.87149e-03
 Reference value :  6.87612e-03
 Reference value :  6.87861e-03
 Reference value :  6.88334e-03
 Reference value :  6.88596e-03
 Reference value :  6.89070e-03
 Reference value :  6.89551e-03
 Reference value :  6.89820e-03
 Reference value :  6.90306e-03
 Reference value :  6.90560e-03
 Reference value :  6.91027e-03
 Reference value :  6.91287e-03
 Reference value :  6.91768e-03
 Reference value :  6.92244e-03
 Reference value :  6.92507e-03
 Reference value :  6.92981e-03
 Reference value :  6.93241e-03
 Reference value :  6.93724e-03
 Reference value :  6.94194e-03
 Reference value :  6.94457e-03
 Reference value :  6.94927e-03
 Reference value :  6.95192e-03
 Reference value :  6.95664e-03
 Reference value :  6.95928e-03
 Reference value :  6.96391e-03
 Reference value :  6.96657e-03
 Reference value :  6.97129e-03
 Reference value :  6.97392e-03
 Reference value :  6.97663e-03
 Reference value :  6.98128e-03
 Reference value :  6.98597e-03
 Reference value :  6.98864e-03
 Reference value :  6.99337e-03
 Reference value :  6.99602e-03
 Reference value :  7.00075e-03
 Reference value :  7.00341e-03
 Reference value :  7.00828e-03
 Reference value :  7.01301e-03
 Reference value :  7.01563e-03
 Reference value :  7.02036e-03
 Reference value :  7.02300e-03
 Reference value :  7.02696e-03
 Reference value :  7.03039e-03
 Reference value :  7.03514e-03
 Reference value :  7.03779e-03
 Reference value :  7.04251e-03
 Reference value :  7.04516e-03
 Reference value :  7.04986e-03
 Reference value :  7.05249e-03
 Reference value :  7.05728e-03
 Reference value :  7.05992e-03
 Reference value :  7.06460e-03
 Reference value :  7.06725e-03
 Reference value :  7.07207e-03
 Reference value :  7.07648e-03
 Reference value :  7.07942e-03
 Reference value :  7.08192e-03
 Reference value :  7.08679e-03
 Reference value :  7.08928e-03
 Reference value :  7.09404e-03
 Reference value :  7.09667e-03
 Reference value :  7.10140e-03
 Reference value :  7.10402e-03
 Reference value :  7.10875e-03
 Reference value :  7.11135e-03
 Reference value :  7.11620e-03
 Reference value :  7.11910e-03
 Reference value :  7.12356e-03
 Reference value :  7.12828e-03
 Reference value :  7.13089e-03
 Reference value :  7.13338e-03
 Reference value :  7.13810e-03
 Reference value :  7.14086e-03
 Reference value :  7.14565e-03
 Reference value :  7.15034e-03
 Reference value :  7.15301e-03
 Reference value :  7.15789e-03
 Reference value :  7.16254e-03
 Reference value :  7.16526e-03
 Reference value :  7.16999e-03
 Reference value :  7.17265e-03
 Reference value :  7.17752e-03
 Reference value :  7.18217e-03
 Reference value :  7.18483e-03
 Reference value :  7.18953e-03
 Reference value :  7.19221e-03
 Reference value :  7.19691e-03
 Reference value :  7.19954e-03
 Reference value :  7.20210e-03
 Reference value :  7.20690e-03
 Reference value :  7.21162e-03
 Reference value :  7.21424e-03
 Reference value :  7.21898e-03
 Reference value :  7.22160e-03
 Reference value :  7.22633e-03
 Reference value :  7.22896e-03
 Reference value :  7.23370e-03
 Reference value :  7.23632e-03
 Reference value :  7.23880e-03
 Reference value :  7.24362e-03
 Reference value :  7.24837e-03
 Reference value :  7.25105e-03
 Reference value :  7.25577e-03
 Reference value :  7.25842e-03
 Reference value :  7.26316e-03
 Reference value :  7.26587e-03
 Reference value :  7.27067e-03
 Reference value :  7.27338e-03
 Reference value :  7.27790e-03
 Reference value :  7.28052e-03
 Reference value :  7.28522e-03
 Reference value :  7.28784e-03
 Reference value :  7.29269e-03
 Reference value :  7.29520e-03
 Reference value :  7.30005e-03
 Reference value :  7.30471e-03
 Reference value :  7.30742e-03
 Reference value :  7.30999e-03
 Reference value :  7.31481e-03
 Reference value :  7.31953e-03
 Reference value :  7.32221e-03
 Reference value :  7.32694e-03
 Reference value :  7.32959e-03
 Reference value :  7.33441e-03
 Reference value :  7.33714e-03
 Reference value :  7.34178e-03
 Reference value :  7.34650e-03
 Reference value :  7.34920e-03
 Reference value :  7.35397e-03
 Reference value :  7.35644e-03
 Reference value :  7.36118e-03
 Reference value :  7.36378e-03
 Reference value :  7.36851e-03
 Reference value :  7.37112e-03
 Reference value :  7.37600e-03
 Reference value :  7.37864e-03
 Reference value :  7.38336e-03
 Reference value :  7.38809e-03
 Reference value :  7.39075e-03
 Reference value :  7.39548e-03
 Reference value :  7.39809e-03
 Reference value :  7.40296e-03
 Reference value :  7.40547e-03
 Reference value :  7.40810e-03
 Reference value :  7.41261e-03
 Reference value :  7.41521e-03
 Reference value :  7.41989e-03
 Reference value :  7.42254e-03
 Reference value :  7.42725e-03
 Reference value :  7.42994e-03
 Reference value :  7.43467e-03
 Reference value :  7.43731e-03
 Reference value :  7.44205e-03
 Reference value :  7.44466e-03
 Reference value :  7.44952e-03
 Reference value :  7.45427e-03
 Reference value :  7.45695e-03
 Reference value :  7.46170e-03
 Reference value :  7.46435e-03
 Reference value :  7.46908e-03
 Reference value :  7.47172e-03
 Reference value :  7.47658e-03
 Reference value :  7.48135e-03
 Reference value :  7.48395e-03
 Reference value :  7.48869e-03
 Reference value :  7.49133e-03
 Reference value :  7.49607e-03
 Reference value :  7.49868e-03
 Reference value :  7.50336e-03
 Reference value :  7.50603e-03
 Reference value :  7.51078e-03
 Reference value :  7.51459e-03
 Reference value :  7.51825e-03
 Reference value :  7.52298e-03
 Reference value :  7.52561e-03
 Reference value :  7.53037e-03
 Reference value :  7.53518e-03
 Reference value :  7.53789e-03
 Reference value :  7.54265e-03
 Reference value :  7.54528e-03
 Reference value :  7.55000e-03
 Reference value :  7.55262e-03
 Reference value :  7.55517e-03
 Reference value :  7.55985e-03
 Reference value :  7.56259e-03
 Reference value :  7.56717e-03
 Reference value :  7.56978e-03
 Reference value :  7.57466e-03
 Reference value :  7.57929e-03
 Reference value :  7.58197e-03
 Reference value :  7.58684e-03
 Reference value :  7.58933e-03
 Reference value :  7.59421e-03
 Reference value :  7.59678e-03
 Reference value :  7.60143e-03
 Reference value :  7.60406e-03
 Reference value :  7.60879e-03
 Reference value :  7.61140e-03
 Reference value :  7.61386e-03
 Reference value :  7.61859e-03
 Reference value :  7.62125e-03
 Reference value :  7.62609e-03
 Reference value :  7.63073e-03
 Reference value :  7.63343e-03
 Reference value :  7.63815e-03
 Reference value :  7.64079e-03
 Reference value :  7.64547e-03
 Reference value :  7.64818e-03
 Reference value :  7.65285e-03
 Reference value :  7.65765e-03
 Reference value :  7.66034e-03
 Reference value :  7.66522e-03
 Reference value :  7.66993e-03
 Reference value :  7.67255e-03
 Reference value :  7.67728e-03
 Reference value :  7.67991e-03
 Reference value :  7.68466e-03
 Reference value :  7.68727e-03
 Reference value :  7.69211e-03
 Reference value :  7.69680e-03
 Reference value :  7.69940e-03
 Reference value :  7.70413e-03
 Reference value :  7.70681e-03
 Reference value :  7.71145e-03
 Reference value :  7.71417e-03
 Reference value :  7.71662e-03
 Reference value :  7.72135e-03
 Reference value :  7.72400e-03
 Reference value :  7.72884e-03
 Reference value :  7.73134e-03
 Reference value :  7.73608e-03
 Reference value :  7.74095e-03
 Reference value :  7.74358e-03
 Reference value :  7.74820e-03
 Reference value :  7.75091e-03
 Reference value :  7.75567e-03
 Reference value :  7.75832e-03
 Reference value :  7.76304e-03
 Reference value :  7.76564e-03
 Reference value :  7.77039e-03
 Reference value :  7.77301e-03
 Reference value :  7.77768e-03
 Reference value :  7.78035e-03
 Reference value :  7.78507e-03
 Reference value :  7.78771e-03
 Reference value :  7.79257e-03
 Reference value :  7.79729e-03
 Reference value :  7.79993e-03
 Reference value :  7.80472e-03
 Reference value :  7.80729e-03
 Reference value :  7.81216e-03
 Reference value :  7.81679e-03
 Reference value :  7.81949e-03
 Reference value :  7.82422e-03
 Reference value :  7.82681e-03
 Reference value :  7.83149e-03
 Reference value :  7.83417e-03
 Reference value :  7.83900e-03
 Reference value :  7.84173e-03
 Reference value :  7.84619e-03
 Reference value :  7.84886e-03
 Reference value :  7.85371e-03
 Reference value :  7.85619e-03
 Reference value :  7.86092e-03
 Reference value :  7.86352e-03
 Reference value :  7.86824e-03
 Reference value :  7.87082e-03
 Reference value :  7.87555e-03
 Reference value :  7.87813e-03
 Reference value :  7.88286e-03
 Reference value :  7.88548e-03
 Reference value :  7.89018e-03
 Reference value :  7.89279e-03
 Reference value :  7.89754e-03
 Reference value :  7.90016e-03
 Reference value :  7.90490e-03
 Reference value :  7.90977e-03
 Reference value :  7.91240e-03
 Reference value :  7.91665e-03
 Reference value :  7.91978e-03
 Reference value :  7.92452e-03
 Reference value :  7.92717e-03
 Reference value :  7.93200e-03
 Reference value :  7.93555e-03
 Reference value :  7.93937e-03
 Reference value :  7.94404e-03
 Reference value :  7.94675e-03
 Reference value :  7.95147e-03
 Reference value :  7.95408e-03
 Reference value :  7.95883e-03
 Reference value :  7.96141e-03
 Reference value :  7.96616e-03
 Reference value :  7.96881e-03
 Reference value :  7.97372e-03
 Reference value :  7.97627e-03
 Reference value :  7.98110e-03
 Reference value :  7.98436e-03
 Reference value :  7.98831e-03
 Reference value :  7.99096e-03
 Reference value :  7.99580e-03
 Reference value :  7.99836e-03
stdout No. of Data Rows : 1303665
stdout output_ss           =  1.19314e+01 from=  4.00000e-03 to=  4.50001e-03
stdout output_peak         =  1.19957e+01 at=  7.82908e-03
stdout step_min            =  1.18275e+01 at=  4.69599e-03
stdout removal_peak        =  1.19943e+01 at=  6.96396e-03
stdout highload_ss         =  1.18643e+01 from=  5.50000e-03 to=  6.00001e-03
stdout inductor_peak       =  4.98178e+00 at=  1.93573e-03
stdout inductor_running_peak=  2.15904e+00 at=  5.21462e-03
