stdout Note: gnd in a subcircuit is not set to 0 automatically
stdout Note: Compatibility modes selected: ps
stdout Circuit: ti tps54360 transient model, 12v actual compensation, vin=20.69
stdout Reducing trtol to 1 for xspice 'A' devices
stdout Doing analysis at TEMP = 27.000000 and TNOM = 27.000000
stdout Using SPARSE 1.3 as Direct Linear Solver
stdout Initial Transient Solution
stdout --------------------------
stdout Node                                   Voltage
stdout ----                                   -------
stdout vin                                          0
stdout vinf                              -2.08005e-08
stdout xu.set0                                      0
stdout xu.u6_n16588693                           0.86
stdout xu.x_u6_u134.yint                            1
stdout xu.x_u6_u134.e_abmgate_int1                  1
stdout xu.u6_n16564386                              0
stdout xu.sdwn                                      1
stdout xu.u6_n16543632                              1
stdout xu.u6_n16489275                    1.14396e-60
stdout xu.x_u6_u603.x1.yint1                        0
stdout xu.x_u6_u603.x1.e_abmgate1_int1               0
stdout xu.sysclk                                    0
stdout xu.x_u6_u603.x1.yint2                        0
stdout xu.x_u6_u603.x1.yint3                        1
stdout xu.x_u6_u603.x1.e_abmgate2_int1               1
stdout xu.x_u6_u603.clkdel                          1
stdout xu.x_u6_u603.x2.yint                         0
stdout xu.x_u6_u603.x2.e_abmgate_int1               0
stdout xu.x_u6_u603.clkint                          0
stdout xu.x_u6_u603.qint                            0
stdout xu.x_u6_u603.gq_int1                        -1
stdout xu.u6_pwm                                    0
stdout xu.set1                                      1
stdout xu.x_u6_u603.my5                             1
stdout xu.x_u6_u603.qqq                             0
stdout xu.x_u6_u603.x3.yint1                        0
stdout xu.x_u6_u603.x3.e_abmgate1_int1               0
stdout xu.x_u6_u603.x3.yint2                        0
stdout xu.x_u6_u603.x3.yint3                        0
stdout xu.x_u6_u603.x3.e_abmgate2_int1               0
stdout xu.x_u6_u603.qqqd1                           0
stdout xu.pwm_clk                                   0
stdout xu.x_u6_u603.qbr                             1
stdout xu.x_u6_u603.eqb_int1                        1
stdout xu.n16528816                                 1
stdout xu.u6_n16489469                    3.43757e-12
stdout xu.e_u6_abm148_int1                3.43757e-12
stdout xu.u6_vrampin                      3.43757e-06
stdout xu.u6_n16502082                      -1.22e-06
stdout xu.e_u6_abm163_int1                  -1.22e-06
stdout xu.u6_n16488977                    2.49722e-06
stdout xu.u6_vramp                        3.43757e-12
stdout xu.u6_iswf                                -0.1
stdout xu.e_u6_abm152_int1                       -0.1
stdout xu.isw                            -2.08008e-15
stdout xu.u6_n16489395                              0
stdout xu.u6_n165858563                         0.024
stdout xu.x_u6_u602.yint                            0
stdout xu.x_u6_u602.e_abmgate_int1                  0
stdout xu.u6_n16575036                              0
stdout xu.boot_uvlo                                 0
stdout xu.u6_ovtp                                   1
stdout xu.u6_n16531938                      -0.111508
stdout xu.e_u6_abm165_int1                  -0.111508
stdout xu.u6_ictrl                          -0.111508
stdout xu.e_u6_abm164_int1                2.49722e-06
stdout comp                                  0.594386
stdout xu.g_u6_abmi4_int1                -0.000343757
stdout xu.if2ia                           0.000343757
stdout xu.e_u6_abm151_int1                          0
stdout xu.pwm_final                                 0
stdout xu.x_u6_u599.yint1                           0
stdout xu.x_u6_u599.e_abmgate1_int1                 0
stdout xu.x_u6_u599.yint2                           0
stdout xu.x_u6_u599.yint3                           1
stdout xu.x_u6_u599.e_abmgate2_int1                 1
stdout xu.u6_n16489527                              1
stdout xu.x_u6_u600.yint                            0
stdout xu.x_u6_u600.e_abm_int1                      0
stdout xu.x_u6_u598.yint                            0
stdout xu.x_u6_u598.e_abmgate_int1                  0
stdout xu.x_u6_u604.inp1                        0.436
stdout xu.x_u6_u604.inm1                       -0.424
stdout xu.vsenseint                      -2.23507e-15
stdout xu.x_u6_u604.inm2                       -0.436
stdout xu.x_u6_u604.ehys_int1                  -0.012
stdout xu.x_u6_u604.1                               1
stdout xu.x_u6_u604.eout_int1                       1
stdout xu.u3_n16489962                              1
stdout xu.u3_n16638112                   -2.23507e-15
stdout rt                                    0.999996
stdout xu.u3_n16667294                   2.09934e-140
stdout xu.u3_n16667366                   1.24615e-122
stdout xu.u3_n166379101                           0.6
stdout xu.u3_n16638088                            0.6
stdout xu.u3_n16490102                              5
stdout xu.u3_ramp                         5.07254e-05
stdout xu.u3_n16650384                    5.07254e-05
stdout xu.i_rt                            4.16675e-06
stdout xu.u3_n16523619                              1
stdout xu.e_u3_abm164_int1               -2.23507e-15
stdout fb                                -2.23507e-15
stdout xu.x_u3_u6.yint                              1
stdout xu.x_u3_u6.e_abm_int1                        1
stdout xu.u3_n16637796                            0.4
stdout xu.u3_out2                                   1
stdout xu.fsw                             0.000405803
stdout xu.e_u3_abm1_int1                  0.000405803
stdout xu.u3_n16505459                              1
stdout xu.x_u3_u131.yint                            0
stdout xu.x_u3_u131.e_abm_int1                      0
stdout xu.u3_sysclk1                                0
stdout xu.x_u3_u7.yint                              1
stdout xu.x_u3_u7.e_abm_int1                        1
stdout xu.u3_out3                                   1
stdout xu.x_u3_u138.yint                            0
stdout xu.x_u3_u138.e_abmgate_int1                  0
stdout xu.x_u3_u135.yint1                           0
stdout xu.x_u3_u135.e_abmgate1_int1                 0
stdout xu.x_u3_u135.yint2                           0
stdout xu.x_u3_u135.yint3                           0
stdout xu.x_u3_u135.e_abmgate2_int1                 0
stdout xu.u3_n16517387                              0
stdout xu.u3_n16676060                    0.000343757
stdout xu.e_u3_abm166_int1                0.000343757
stdout xu.u3_out1                                   1
stdout xu.u3_n16668029                            0.2
stdout xu.x_u3_u134.yint                            1
stdout xu.x_u3_u134.e_abmgate_int1                  1
stdout xu.u3_n16517226                              1
stdout xu.e_u3_abm165_int1                5.07254e-05
stdout xu.u3_n166679551                           0.2
stdout xu.e_u3_abm7_int1                          0.2
stdout xu.u3_n166378601                           0.4
stdout xu.x_u3_u136.yint                            0
stdout xu.x_u3_u136.e_abmgate_int1                  0
stdout xu.u3_n16667326                              1
stdout xu.x_u3_u8.yint                              1
stdout xu.x_u3_u8.e_abm_int1                        1
stdout xu.e_u3_abm4_int1                          0.4
stdout xu.x_u3_u137.yint1                           0
stdout xu.x_u3_u137.e_abmgate1_int1                 0
stdout xu.x_u3_u137.yint2                           0
stdout xu.x_u3_u137.yint3                           1
stdout xu.x_u3_u137.e_abmgate2_int1                 1
stdout xu.e_u3_abm6_int1                          0.6
stdout xu.x_u8_u606.yint                            0
stdout xu.x_u8_u606.e_abmgate_int1                  0
stdout xu.u8_sdwn_n                                 0
stdout xu.x_u8_u613.yint                            0
stdout xu.x_u8_u613.e_abmgate_int1                  0
stdout xu.u8_n7365280                               0
stdout xu.u8_n73698801                              6
stdout xu.u8_n7345383                               6
stdout xu.u8_n7274256                               0
stdout xu.x_u8_u608.yint                            0
stdout xu.x_u8_u608.e_abmgate_int1                  0
stdout xu.u8_hdrvin                                 0
stdout xu.u8_n7342498                               0
stdout xu.u8_n7274022                               0
stdout xu.x_u8_u602.yint                            1
stdout xu.x_u8_u602.e_abmgate_int1                  1
stdout xu.u8_out                                    0
stdout xu.u8_boot_on                                1
stdout xu.x_u8_u607.yint                            0
stdout xu.x_u8_u607.e_abmgate_int1                  0
stdout xu.u8_ldrv                                   1
stdout xu.enab                                      0
stdout xu.u8_boot_sw_on                             0
stdout xu.x_u8_u612.yint1                           1
stdout xu.x_u8_u612.e_abmgate1_int1                 1
stdout xu.u8_n7274198                               1
stdout xu.x_u8_u612.yint2                           1
stdout xu.x_u8_u612.yint3                           1
stdout xu.x_u8_u612.e_abmgate2_int1                 1
stdout xu.u8_n7343256                               1
stdout xu.x_u8_u609.yint                            1
stdout xu.x_u8_u609.e_abmgate_int1                  1
stdout xu.u8_n7274032                               1
stdout xu.u8_n7273984                    -2.08005e-08
stdout xu.e_u8_abm2_int1                            6
stdout boot                              -1.89229e-11
stdout xu.x_u8_u610.yint                            1
stdout xu.x_u8_u610.e_abmgate_int1                  1
stdout xu.x_u8_u604.yint                            0
stdout xu.x_u8_u604.e_abmgate_int1                  0
stdout xu.u8_n7347010                    -1.88893e-11
stdout xu.e_u8_abm169_int1               -1.88893e-11
stdout sw                                -3.35784e-14
stdout xu.x_u8_u611.yint1                           0
stdout xu.x_u8_u611.e_abmgate1_int1                 0
stdout xu.x_u8_u611.yint2                           0
stdout xu.x_u8_u611.yint3                           0
stdout xu.x_u8_u611.e_abmgate2_int1                 0
stdout xu.hdrv                           -3.35973e-14
stdout xu.x_u8_u605.yint                            1
stdout xu.x_u8_u605.e_abmgate_int1                  1
stdout xu.e_u8_abm167_int1                          0
stdout xu.x_u8_u5.yint                              0
stdout xu.x_u8_u5.e_abm_int1                        0
stdout xu.u5_n16512904                          7e-05
stdout xu.ocb                                       0
stdout xu.g_u5_abm2i1_int1                -2.6488e-06
stdout xu.vref_gm                             -0.0344
stdout xu.u5_vgm                              7.7e-05
stdout xu.u5_n16513008                              2
stdout xu.u5_n16513064                        7.7e-05
stdout xu.e_u5_abm177_int1                    7.7e-05
stdout xu.x_u5_u603.yint                            0
stdout xu.x_u5_u603.e_abmgate_int1                  0
stdout xu.u5_n16513124                              0
stdout xu.u5_n16512948                          7e-05
stdout xu.u5_n16513186                              0
stdout xu.e_u5_abm8_int1                            0
stdout xu.u5_n16513014                            0.6
stdout xu.x_u5_u614.yint                            0
stdout xu.x_u5_u614.e_abmgate_int1                  0
stdout xu.u5_n16513160                              0
stdout xu.e_u5_abm171_int1                      7e-05
stdout xu.ss_tr                                     0
stdout xu.x_u11_u604.yint                           1
stdout xu.x_u11_u604.e_abmgate_int1                 1
stdout xu.u11_n16496294                             1
stdout xu.ss_disch                                  0
stdout xu.e_u11_abm173_int1                         0
stdout xu.u11_n6045136                              0
stdout xu.x_u11_u601.yint                           1
stdout xu.x_u11_u601.e_abmgate_int1                 1
stdout xu.u11_uvlo                                  1
stdout xu.x_u11_u603.yint                           0
stdout xu.x_u11_u603.e_abmgate_int1                 0
stdout xu.u11_n6045130                              0
stdout xu.u11_n6045018                            4.3
stdout xu.x_u11_u602.yint                           1
stdout xu.x_u11_u602.e_abm_int1                     1
stdout en                                   0.0207963
stdout xu.u1_n7335522                               0
stdout xu.e_u1_abm173_int1                          0
stdout xu.u1_n7335540                               0
stdout xu.e_u1_abm1_int1                            0
stdout xu.g_u1_abmii1_int1                    1.2e-06
stdout xu.u7_indelayed2                    1.0379e-57
stdout xu.u7_n16490100                              1
stdout xu.u7_n16489586                              1
stdout xu.x_u7_u6.yint                              0
stdout xu.x_u7_u6.e_abmgate_int1                    0
stdout xu.u7_or2out2                                0
stdout xu.u7_or2out1                                0
stdout xu.u7_n16489522                              0
stdout xu.u7_indelayed1                   4.65239e-57
stdout xu.x_u7_u826.yint1                           0
stdout xu.x_u7_u826.e_abmgate1_int1                 0
stdout xu.x_u7_u826.yint2                           0
stdout xu.x_u7_u826.yint3                           1
stdout xu.x_u7_u826.e_abmgate2_int1                 1
stdout xu.u7_n16509390                              1
stdout xu.x_u7_u825.yint                            0
stdout xu.x_u7_u825.e_abmgate_int1                  0
stdout xu.u7_n16509288                              0
stdout xu.e_u7_abm13_int1                           1
stdout xu.x_u7_u823.yint                            0
stdout xu.x_u7_u823.e_abmgate_int1                  0
stdout xu.u7_n16497188                              1
stdout xu.x_u7_u827.yint                            0
stdout xu.x_u7_u827.e_abmgate_int1                  0
stdout xu.x_u7_u822.yint1                           0
stdout xu.x_u7_u822.e_abmgate1_int1                 0
stdout xu.x_u7_u822.yint2                           0
stdout xu.x_u7_u822.yint3                           1
stdout xu.x_u7_u822.e_abmgate2_int1                 1
stdout xu.x_u7_u824.yint                            0
stdout xu.x_u7_u824.e_abmgate_int1                  0
stdout xu.u4_n7398284                         -0.0344
stdout xu.e_u4_abm178_int1                    -0.0344
stdout xu.u4_n7404432                         -0.0344
stdout xu.u4_n7398466                               0
stdout xu.e_u4_abm180_int1                          0
stdout xu.u4_n7397990                             1.7
stdout xu.g_u4_abmii1_int1                          0
stdout xu.u4_n16518371                              0
stdout xu.u4_n7404426                         -0.0344
stdout xu.x_u4_u1.yint                              0
stdout xu.x_u4_u1.e_abmgate_int1                    0
stdout xu.u4_n7398492                               0
stdout xu.e_u4_abm179_int1                    -0.0344
stdout xu.u4_n7398290                         -0.0344
stdout xu.g_u4_abmi5_int1                           0
stdout xu.e_u4_abm174_int1                    -0.0344
stdout vout                               -3.3526e-14
stdout cc                                    0.594386
stdout linductor                         -3.35784e-14
stdout c1                                           0
stdout c2                                           0
stdout b.xu.be_u4_abm174#branch                     0
stdout b.xu.bg_u4_abmi5#branch                      0
stdout b.xu.be_u4_abm179#branch                     0
stdout b.xu.x_u4_u1.be_abmgate#branch               0
stdout b.xu.bg_u4_abmii1#branch                     0
stdout b.xu.be_u4_abm180#branch                     0
stdout b.xu.be_u4_abm178#branch                     0
stdout b.xu.x_u7_u824.be_abmgate#branch               0
stdout b.xu.x_u7_u822.be_abmgate2#branch               0
stdout b.xu.x_u7_u822.be_abmgate1#branch               0
stdout b.xu.x_u7_u827.be_abmgate#branch               0
stdout b.xu.x_u7_u823.be_abmgate#branch               0
stdout b.xu.be_u7_abm13#branch                      0
stdout b.xu.x_u7_u825.be_abmgate#branch               0
stdout b.xu.x_u7_u826.be_abmgate2#branch               0
stdout b.xu.x_u7_u826.be_abmgate1#branch               0
stdout b.xu.x_u7_u6.be_abmgate#branch               0
stdout b.xu.bg_u1_abmii1#branch                     0
stdout b.xu.be_u1_abm1#branch                       0
stdout b.xu.be_u1_abm173#branch                     0
stdout b.xu.x_u11_u602.be_abm#branch                0
stdout b.xu.x_u11_u603.be_abmgate#branch               0
stdout b.xu.x_u11_u601.be_abmgate#branch               0
stdout b.xu.be_u11_abm173#branch                    0
stdout b.xu.x_u11_u604.be_abmgate#branch               0
stdout b.xu.be_u5_abm171#branch                     0
stdout b.xu.x_u5_u614.be_abmgate#branch               0
stdout b.xu.be_u5_abm8#branch                       0
stdout b.xu.x_u5_u603.be_abmgate#branch               0
stdout b.xu.be_u5_abm177#branch                     0
stdout b.xu.bg_u5_abm2i1#branch                     0
stdout b.xu.x_u8_u5.be_abm#branch                   0
stdout b.xu.be_u8_abm167#branch                     0
stdout b.xu.x_u8_u605.be_abmgate#branch               0
stdout b.xu.x_u8_u611.be_abmgate2#branch               0
stdout b.xu.x_u8_u611.be_abmgate1#branch               0
stdout b.xu.be_u8_abm169#branch                     0
stdout b.xu.x_u8_u604.be_abmgate#branch               0
stdout b.xu.x_u8_u610.be_abmgate#branch               0
stdout b.xu.be_u8_abm2#branch                       0
stdout b.xu.x_u8_u609.be_abmgate#branch               0
stdout b.xu.x_u8_u612.be_abmgate2#branch               0
stdout b.xu.x_u8_u612.be_abmgate1#branch               0
stdout b.xu.x_u8_u607.be_abmgate#branch               0
stdout b.xu.x_u8_u602.be_abmgate#branch               0
stdout b.xu.x_u8_u608.be_abmgate#branch               0
stdout b.xu.x_u8_u613.be_abmgate#branch               0
stdout b.xu.x_u8_u606.be_abmgate#branch               0
stdout b.xu.be_u3_abm6#branch                       0
stdout b.xu.x_u3_u137.be_abmgate2#branch               0
stdout b.xu.x_u3_u137.be_abmgate1#branch               0
stdout b.xu.be_u3_abm4#branch                       0
stdout b.xu.x_u3_u8.be_abm#branch                   0
stdout b.xu.x_u3_u136.be_abmgate#branch               0
stdout b.xu.be_u3_abm7#branch                       0
stdout b.xu.be_u3_abm165#branch                     0
stdout v.xu.v_u3_v44#branch              -4.16675e-06
stdout b.xu.x_u3_u134.be_abmgate#branch               0
stdout b.xu.be_u3_abm166#branch                     0
stdout b.xu.x_u3_u135.be_abmgate2#branch               0
stdout b.xu.x_u3_u135.be_abmgate1#branch               0
stdout b.xu.x_u3_u138.be_abmgate#branch               0
stdout b.xu.x_u3_u7.be_abm#branch                   0
stdout b.xu.x_u3_u131.be_abm#branch                 0
stdout b.xu.be_u3_abm1#branch                       0
stdout b.xu.x_u3_u6.be_abm#branch                   0
stdout b.xu.be_u3_abm164#branch                     0
stdout b.xu.x_u6_u604.beout#branch                  0
stdout b.xu.x_u6_u604.behys#branch                  0
stdout b.xu.x_u6_u598.be_abmgate#branch               0
stdout b.xu.x_u6_u600.be_abm#branch                 0
stdout b.xu.x_u6_u599.be_abmgate2#branch               0
stdout b.xu.x_u6_u599.be_abmgate1#branch               0
stdout b.xu.be_u6_abm151#branch                     0
stdout b.xu.bg_u6_abmi4#branch                      0
stdout b.xu.be_u6_abm164#branch                     0
stdout b.xu.be_u6_abm165#branch                     0
stdout b.xu.x_u6_u602.be_abmgate#branch               0
stdout b.xu.be_u6_abm152#branch                     0
stdout b.xu.be_u6_abm163#branch                     0
stdout b.xu.be_u6_abm148#branch                     0
stdout b.xu.x_u6_u603.beqb#branch                   0
stdout b.xu.x_u6_u603.x3.be_abmgate2#branch               0
stdout b.xu.x_u6_u603.x3.be_abmgate1#branch               0
stdout b.xu.x_u6_u603.bgq#branch                    0
stdout b.xu.x_u6_u603.x2.be_abmgate#branch               0
stdout b.xu.x_u6_u603.x1.be_abmgate2#branch               0
stdout b.xu.x_u6_u603.x1.be_abmgate1#branch               0
stdout b.xu.x_u6_u134.be_abmgate#branch               0
stdout h.xu.x_u8_h1.h_u8_h1#branch                  0
stdout v.xu.x_u8_h1.vh_u8_h1#branch      -2.08008e-15
stdout h.xu.x_u3_h1.h_u3_h1#branch        -8.3335e-06
stdout v.xu.x_u3_h1.vh_u3_h1#branch      -4.16675e-06
stdout l1#branch                         -2.09649e-15
stdout e.xu.e_u4_abm174#branch                      0
stdout e.xu.e_u4_abm179#branch                      0
stdout e.xu.x_u4_u1.e_abmgate#branch                0
stdout e.xu.e_u4_abm180#branch                      0
stdout e.xu.e_u4_abm178#branch                      0
stdout e.xu.x_u7_u824.e_abmgate#branch               0
stdout e.xu.x_u7_u822.e_abmgate2#branch               0
stdout e.xu.x_u7_u822.e_abmgate1#branch               0
stdout e.xu.x_u7_u827.e_abmgate#branch               0
stdout e.xu.x_u7_u823.e_abmgate#branch               0
stdout e.xu.e_u7_abm13#branch                       0
stdout e.xu.x_u7_u825.e_abmgate#branch               0
stdout e.xu.x_u7_u826.e_abmgate2#branch               0
stdout e.xu.x_u7_u826.e_abmgate1#branch               0
stdout e.xu.x_u7_u6.e_abmgate#branch                0
stdout e.xu.e_u1_abm1#branch                        0
stdout e.xu.e_u1_abm173#branch            2.11086e-10
stdout e.xu.x_u11_u602.e_abm#branch                 0
stdout e.xu.x_u11_u603.e_abmgate#branch               0
stdout e.xu.x_u11_u601.e_abmgate#branch               0
stdout e.xu.e_u11_abm173#branch                     0
stdout e.xu.x_u11_u604.e_abmgate#branch               0
stdout e.xu.e_u5_abm171#branch                      0
stdout e.xu.x_u5_u614.e_abmgate#branch               0
stdout e.xu.e_u5_abm8#branch                        0
stdout e.xu.x_u5_u603.e_abmgate#branch               0
stdout e.xu.e_u5_abm177#branch                      0
stdout e.xu.x_u8_u5.e_abm#branch                    0
stdout e.xu.e_u8_abm167#branch                      0
stdout e.xu.x_u8_u605.e_abmgate#branch               0
stdout e.xu.x_u8_u611.e_abmgate2#branch               0
stdout e.xu.x_u8_u611.e_abmgate1#branch               0
stdout e.xu.e_u8_abm169#branch                      0
stdout e.xu.x_u8_u604.e_abmgate#branch               0
stdout e.xu.x_u8_u610.e_abmgate#branch               0
stdout e.xu.e_u8_abm2#branch                        0
stdout e.xu.x_u8_u609.e_abmgate#branch      -1.001e-09
stdout e.xu.x_u8_u612.e_abmgate2#branch               0
stdout e.xu.x_u8_u612.e_abmgate1#branch               0
stdout e.xu.x_u8_u607.e_abmgate#branch               0
stdout e.xu.x_u8_u602.e_abmgate#branch               0
stdout e.xu.x_u8_u608.e_abmgate#branch               0
stdout e.xu.x_u8_u613.e_abmgate#branch               0
stdout e.xu.x_u8_u606.e_abmgate#branch               0
stdout e.xu.e_u3_abm6#branch                        0
stdout e.xu.x_u3_u137.e_abmgate2#branch               0
stdout e.xu.x_u3_u137.e_abmgate1#branch               0
stdout e.xu.e_u3_abm4#branch                        0
stdout e.xu.x_u3_u8.e_abm#branch                    0
stdout e.xu.x_u3_u136.e_abmgate#branch    2.09934e-140
stdout e.xu.e_u3_abm7#branch                        0
stdout e.xu.e_u3_abm165#branch                      0
stdout e.xu.x_u3_u134.e_abmgate#branch      -1.001e-09
stdout e.xu.e_u3_abm166#branch                      0
stdout e.xu.x_u3_u135.e_abmgate2#branch               0
stdout e.xu.x_u3_u135.e_abmgate1#branch               0
stdout e.xu.x_u3_u138.e_abmgate#branch               0
stdout e.xu.x_u3_u7.e_abm#branch                    0
stdout e.xu.x_u3_u131.e_abm#branch                  0
stdout e.xu.e_u3_abm1#branch                        0
stdout e.xu.x_u3_u6.e_abm#branch                    0
stdout e.xu.e_u3_abm164#branch                      0
stdout e.xu.x_u6_u604.eout#branch                   0
stdout e.xu.x_u6_u604.ehys#branch            4.36e-05
stdout e.xu.x_u6_u604.ein#branch            -4.36e-05
stdout e.xu.x_u6_u598.e_abmgate#branch               0
stdout e.xu.x_u6_u600.e_abm#branch                  0
stdout e.xu.x_u6_u599.e_abmgate2#branch               0
stdout e.xu.x_u6_u599.e_abmgate1#branch               0
stdout e.xu.e_u6_abm151#branch           -6.32869e-77
stdout e.xu.e_u6_abm164#branch                      0
stdout e.xu.e_u6_abm165#branch                      0
stdout e.xu.x_u6_u602.e_abmgate#branch               0
stdout e.xu.e_u6_abm152#branch                      0
stdout e.xu.e_u6_abm163#branch                      0
stdout e.xu.e_u6_abm148#branch                      0
stdout e.xu.x_u6_u603.eqb#branch                    0
stdout e.xu.x_u6_u603.x3.e_abmgate2#branch               0
stdout e.xu.x_u6_u603.x3.e_abmgate1#branch               0
stdout e.xu.x_u6_u603.eq#branch                     0
stdout e.xu.x_u6_u603.x2.e_abmgate#branch               0
stdout e.xu.x_u6_u603.x1.e_abmgate2#branch               0
stdout e.xu.x_u6_u603.x1.e_abmgate1#branch               0
stdout e.xu.x_u6_u134.e_abmgate#branch      -1.001e-09
stdout v.xu.v_u4_v70#branch                -1.701e-12
stdout v.xu.v_u11_v64#branch                        0
stdout v.xu.v_u5_v5#branch                -2.6696e-06
stdout v.xu.v_u5_v6#branch               -1.40661e-12
stdout v.xu.v_u3_v45#branch              -5.07254e-05
stdout v.xu.v_u3_v46#branch                         0
stdout v.xu.v_v46#branch                            0
stdout v.xu.v_u6_v2#branch                          0
stdout v.xu.x_u6_u603.v1#branch            -1.001e-12
stdout v.xu.v_u6_v1#branch                          0
stdout v.xu.v_v47#branch                            0
stdout vin#branch                        -1.04003e-06
 Reference value :  0.00000e+00
 Reference value :  1.20390e-04
 Reference value :  2.08777e-04
 Reference value :  2.43227e-04
 Reference value :  2.93236e-04
 Reference value :  3.32045e-04
 Reference value :  3.89149e-04
 Reference value :  4.27645e-04
 Reference value :  4.66942e-04
 Reference value :  5.23957e-04
 Reference value :  5.63603e-04
 Reference value :  6.20781e-04
 Reference value :  6.60503e-04
 Reference value :  7.17199e-04
 Reference value :  7.57266e-04
 Reference value :  8.13824e-04
 Reference value :  8.53937e-04
 Reference value :  9.10219e-04
 Reference value :  9.68097e-04
 Reference value :  1.00676e-03
 Reference value :  1.05322e-03
 Reference value :  1.10303e-03
 Reference value :  1.14738e-03
 Reference value :  1.19896e-03
 Reference value :  1.24060e-03
 Reference value :  1.29555e-03
 Reference value :  1.33393e-03
 Reference value :  1.37531e-03
 Reference value :  1.40383e-03
 Reference value :  1.43128e-03
 Reference value :  1.45211e-03
 Reference value :  1.47198e-03
 Reference value :  1.49906e-03
 Reference value :  1.52034e-03
 Reference value :  1.54746e-03
 Reference value :  1.56675e-03
 Reference value :  1.58817e-03
 Reference value :  1.61513e-03
 Reference value :  1.63676e-03
 Reference value :  1.66356e-03
 Reference value :  1.68494e-03
 Reference value :  1.71166e-03
 Reference value :  1.73121e-03
 Reference value :  1.75302e-03
 Reference value :  1.77973e-03
 Reference value :  1.80084e-03
 Reference value :  1.82815e-03
 Reference value :  1.85704e-03
 Reference value :  1.87903e-03
 Reference value :  1.90819e-03
 Reference value :  1.93728e-03
 Reference value :  1.96615e-03
 Reference value :  1.99239e-03
 Reference value :  2.02132e-03
 Reference value :  2.04358e-03
 Reference value :  2.06748e-03
 Reference value :  2.08064e-03
 Reference value :  2.09531e-03
 Reference value :  2.10983e-03
 Reference value :  2.12443e-03
 Reference value :  2.13903e-03
 Reference value :  2.15357e-03
 Reference value :  2.16821e-03
 Reference value :  2.18290e-03
 Reference value :  2.19435e-03
 Reference value :  2.20901e-03
 Reference value :  2.22363e-03
 Reference value :  2.23828e-03
 Reference value :  2.25590e-03
 Reference value :  2.26745e-03
 Reference value :  2.28501e-03
 Reference value :  2.29956e-03
 Reference value :  2.31401e-03
 Reference value :  2.32558e-03
 Reference value :  2.33830e-03
 Reference value :  2.35286e-03
 Reference value :  2.36737e-03
 Reference value :  2.38195e-03
 Reference value :  2.39716e-03
 Reference value :  2.41099e-03
 Reference value :  2.42262e-03
 Reference value :  2.43527e-03
 Reference value :  2.44686e-03
 Reference value :  2.45953e-03
 Reference value :  2.47134e-03
 Reference value :  2.48583e-03
 Reference value :  2.49839e-03
 Reference value :  2.51006e-03
 Reference value :  2.52264e-03
 Reference value :  2.53238e-03
 Reference value :  2.54403e-03
 Reference value :  2.55658e-03
 Reference value :  2.56833e-03
 Reference value :  2.58076e-03
 Reference value :  2.59059e-03
 Reference value :  2.60517e-03
 Reference value :  2.61693e-03
 Reference value :  2.62939e-03
 Reference value :  2.63911e-03
 Reference value :  2.65093e-03
 Reference value :  2.66341e-03
 Reference value :  2.67317e-03
 Reference value :  2.68501e-03
 Reference value :  2.69746e-03
 Reference value :  2.70933e-03
 Reference value :  2.72170e-03
 Reference value :  2.73361e-03
 Reference value :  2.74596e-03
 Reference value :  2.75781e-03
 Reference value :  2.76749e-03
 Reference value :  2.77357e-03
 Reference value :  2.77962e-03
 Reference value :  2.78581e-03
 Reference value :  2.79089e-03
 Reference value :  2.79800e-03
 Reference value :  2.80404e-03
 Reference value :  2.81126e-03
 Reference value :  2.81743e-03
 Reference value :  2.82468e-03
 Reference value :  2.83071e-03
 Reference value :  2.83691e-03
 Reference value :  2.84301e-03
 Reference value :  2.84911e-03
 Reference value :  2.85518e-03
 Reference value :  2.86131e-03
 Reference value :  2.86735e-03
 Reference value :  2.87351e-03
 Reference value :  2.87959e-03
 Reference value :  2.88576e-03
 Reference value :  2.89183e-03
 Reference value :  2.89793e-03
 Reference value :  2.90399e-03
 Reference value :  2.91016e-03
 Reference value :  2.91622e-03
 Reference value :  2.92233e-03
 Reference value :  2.92838e-03
 Reference value :  2.93457e-03
 Reference value :  2.94067e-03
 Reference value :  2.94683e-03
 Reference value :  2.95411e-03
 Reference value :  2.96141e-03
 Reference value :  2.96753e-03
 Reference value :  2.97477e-03
 Reference value :  2.98097e-03
 Reference value :  2.98713e-03
 Reference value :  2.99330e-03
 Reference value :  3.00051e-03
 Reference value :  3.00543e-03
 Reference value :  3.01159e-03
 Reference value :  3.01660e-03
 Reference value :  3.02259e-03
 Reference value :  3.02872e-03
 Reference value :  3.03475e-03
 Reference value :  3.03968e-03
 Reference value :  3.04699e-03
 Reference value :  3.05194e-03
 Reference value :  3.05809e-03
 Reference value :  3.06415e-03
 Reference value :  3.07143e-03
 Reference value :  3.07759e-03
 Reference value :  3.08362e-03
 Reference value :  3.08869e-03
 Reference value :  3.09583e-03
 Reference value :  3.10204e-03
 Reference value :  3.10806e-03
 Reference value :  3.11422e-03
 Reference value :  3.12028e-03
 Reference value :  3.12643e-03
 Reference value :  3.13244e-03
 Reference value :  3.13858e-03
 Reference value :  3.14462e-03
 Reference value :  3.14956e-03
 Reference value :  3.15683e-03
 Reference value :  3.16184e-03
 Reference value :  3.16806e-03
 Reference value :  3.17414e-03
 Reference value :  3.18037e-03
 Reference value :  3.18641e-03
 Reference value :  3.19260e-03
 Reference value :  3.19863e-03
 Reference value :  3.20481e-03
 Reference value :  3.21078e-03
 Reference value :  3.21705e-03
 Reference value :  3.22304e-03
 Reference value :  3.22931e-03
 Reference value :  3.23535e-03
 Reference value :  3.24159e-03
 Reference value :  3.24761e-03
 Reference value :  3.25380e-03
 Reference value :  3.25979e-03
 Reference value :  3.26599e-03
 Reference value :  3.27199e-03
 Reference value :  3.27825e-03
 Reference value :  3.28427e-03
 Reference value :  3.29056e-03
 Reference value :  3.29654e-03
 Reference value :  3.30283e-03
 Reference value :  3.31015e-03
 Reference value :  3.31510e-03
 Reference value :  3.32241e-03
 Reference value :  3.32845e-03
 Reference value :  3.33470e-03
 Reference value :  3.34070e-03
 Reference value :  3.34567e-03
 Reference value :  3.35193e-03
 Reference value :  3.35789e-03
 Reference value :  3.36414e-03
 Reference value :  3.37008e-03
 Reference value :  3.37635e-03
 Reference value :  3.38129e-03
 Reference value :  3.38721e-03
 Reference value :  3.39212e-03
 Reference value :  3.39838e-03
 Reference value :  3.40444e-03
 Reference value :  3.41170e-03
 Reference value :  3.41797e-03
 Reference value :  3.42397e-03
 Reference value :  3.43026e-03
 Reference value :  3.43624e-03
 Reference value :  3.44356e-03
 Reference value :  3.44987e-03
 Reference value :  3.45581e-03
 Reference value :  3.46226e-03
 Reference value :  3.46942e-03
 Reference value :  3.47544e-03
 Reference value :  3.48168e-03
 Reference value :  3.48765e-03
 Reference value :  3.49496e-03
 Reference value :  3.50127e-03
 Reference value :  3.50719e-03
 Reference value :  3.51353e-03
 Reference value :  3.51945e-03
 Reference value :  3.52672e-03
 Reference value :  3.53313e-03
 Reference value :  3.53905e-03
 Reference value :  3.54537e-03
 Reference value :  3.55129e-03
 Reference value :  3.55861e-03
 Reference value :  3.56594e-03
 Reference value :  3.57232e-03
 Reference value :  3.57839e-03
 Reference value :  3.58547e-03
 Reference value :  3.59041e-03
 Reference value :  3.59667e-03
 Reference value :  3.60259e-03
 Reference value :  3.60893e-03
 Reference value :  3.61486e-03
 Reference value :  3.62121e-03
 Reference value :  3.62723e-03
 Reference value :  3.63447e-03
 Reference value :  3.64078e-03
 Reference value :  3.64671e-03
 Reference value :  3.65303e-03
 Reference value :  3.65896e-03
 Reference value :  3.66530e-03
 Reference value :  3.67025e-03
 Reference value :  3.67614e-03
 Reference value :  3.68244e-03
 Reference value :  3.68834e-03
 Reference value :  3.69329e-03
 Reference value :  3.69958e-03
 Reference value :  3.70550e-03
 Reference value :  3.71043e-03
 Reference value :  3.71669e-03
 Reference value :  3.72265e-03
 Reference value :  3.72767e-03
 Reference value :  3.73409e-03
 Reference value :  3.73995e-03
 Reference value :  3.74618e-03
 Reference value :  3.75210e-03
 Reference value :  3.75843e-03
 Reference value :  3.76435e-03
 Reference value :  3.76931e-03
 Reference value :  3.77557e-03
 Reference value :  3.78143e-03
 Reference value :  3.78637e-03
 Reference value :  3.79125e-03
 Reference value :  3.79758e-03
 Reference value :  3.80341e-03
 Reference value :  3.80835e-03
 Reference value :  3.81327e-03
 Reference value :  3.81962e-03
 Reference value :  3.82552e-03
 Reference value :  3.83039e-03
 Reference value :  3.83667e-03
 Reference value :  3.84231e-03
 Reference value :  3.84746e-03
 Reference value :  3.85238e-03
 Reference value :  3.85862e-03
 Reference value :  3.86455e-03
 Reference value :  3.86945e-03
 Reference value :  3.87455e-03
 Reference value :  3.87956e-03
 Reference value :  3.88555e-03
 Reference value :  3.89038e-03
 Reference value :  3.89617e-03
 Reference value :  3.90018e-03
 Reference value :  3.90603e-03
 Reference value :  3.91089e-03
 Reference value :  3.91576e-03
 Reference value :  3.92064e-03
 Reference value :  3.92561e-03
 Reference value :  3.93186e-03
 Reference value :  3.93542e-03
 Reference value :  3.94021e-03
 Reference value :  3.94508e-03
 Reference value :  3.94995e-03
 Reference value :  3.95480e-03
 Reference value :  3.95972e-03
 Reference value :  3.96461e-03
 Reference value :  3.96950e-03
 Reference value :  3.97340e-03
 Reference value :  3.97822e-03
 Reference value :  3.98318e-03
 Reference value :  3.98806e-03
 Reference value :  3.99287e-03
 Reference value :  3.99652e-03
 Reference value :  4.00277e-03
 Reference value :  4.00771e-03
 Reference value :  4.01118e-03
 Reference value :  4.01607e-03
 Reference value :  4.02083e-03
 Reference value :  4.02571e-03
 Reference value :  4.03004e-03
 Reference value :  4.03501e-03
 Reference value :  4.03796e-03
 Reference value :  4.04332e-03
 Reference value :  4.04795e-03
 Reference value :  4.05713e-03
 Reference value :  4.06977e-03
 Reference value :  4.23382e-03
 Reference value :  4.37714e-03
 Reference value :  4.52714e-03
 Reference value :  4.72124e-03
 Reference value :  4.92734e-03
 Reference value :  5.04477e-03
 Reference value :  5.07312e-03
 Reference value :  5.09261e-03
 Reference value :  5.11166e-03
 Reference value :  5.13073e-03
 Reference value :  5.14929e-03
 Reference value :  5.16957e-03
 Reference value :  5.18877e-03
 Reference value :  5.20807e-03
 Reference value :  5.23837e-03
 Reference value :  5.25809e-03
 Reference value :  5.27787e-03
 Reference value :  5.29929e-03
 Reference value :  5.32282e-03
 Reference value :  5.34217e-03
 Reference value :  5.36304e-03
 Reference value :  5.39158e-03
 Reference value :  5.41899e-03
 Reference value :  5.43822e-03
 Reference value :  5.45934e-03
 Reference value :  5.49578e-03
 Reference value :  5.51501e-03
 Reference value :  5.53840e-03
 Reference value :  5.57242e-03
 Reference value :  5.59206e-03
 Reference value :  5.61349e-03
 Reference value :  5.64777e-03
 Reference value :  5.66893e-03
 Reference value :  5.68854e-03
 Reference value :  5.71000e-03
 Reference value :  5.74469e-03
 Reference value :  5.76509e-03
 Reference value :  5.78716e-03
 Reference value :  5.81443e-03
 Reference value :  5.82588e-03
 Reference value :  5.84357e-03
 Reference value :  5.86291e-03
 Reference value :  5.87440e-03
 Reference value :  5.89203e-03
 Reference value :  5.90458e-03
 Reference value :  5.92281e-03
 Reference value :  5.94038e-03
 Reference value :  5.95967e-03
 Reference value :  5.97126e-03
 Reference value :  5.99056e-03
 Reference value :  6.00789e-03
 Reference value :  6.01962e-03
 Reference value :  6.03693e-03
 Reference value :  6.04863e-03
 Reference value :  6.06819e-03
 Reference value :  6.08544e-03
 Reference value :  6.09723e-03
 Reference value :  6.11435e-03
 Reference value :  6.12928e-03
 Reference value :  6.14338e-03
 Reference value :  6.16265e-03
 Reference value :  6.17238e-03
 Reference value :  6.19156e-03
 Reference value :  6.20369e-03
 Reference value :  6.22057e-03
 Reference value :  6.23258e-03
 Reference value :  6.25185e-03
 Reference value :  6.26894e-03
 Reference value :  6.28103e-03
 Reference value :  6.29676e-03
 Reference value :  6.31010e-03
 Reference value :  6.32685e-03
 Reference value :  6.33925e-03
 Reference value :  6.35580e-03
 Reference value :  6.37498e-03
 Reference value :  6.38740e-03
 Reference value :  6.40429e-03
 Reference value :  6.42213e-03
 Reference value :  6.43314e-03
 Reference value :  6.45245e-03
 Reference value :  6.46483e-03
 Reference value :  6.48134e-03
 Reference value :  6.50054e-03
 Reference value :  6.51308e-03
 Reference value :  6.52957e-03
 Reference value :  6.54609e-03
 Reference value :  6.56143e-03
 Reference value :  6.57770e-03
 Reference value :  6.59337e-03
 Reference value :  6.59985e-03
 Reference value :  6.60945e-03
 Reference value :  6.61763e-03
 Reference value :  6.62407e-03
 Reference value :  6.63370e-03
 Reference value :  6.64183e-03
 Reference value :  6.65148e-03
 Reference value :  6.65797e-03
 Reference value :  6.66614e-03
 Reference value :  6.67574e-03
 Reference value :  6.68224e-03
 Reference value :  6.69034e-03
 Reference value :  6.70009e-03
 Reference value :  6.70662e-03
 Reference value :  6.71454e-03
 Reference value :  6.72420e-03
 Reference value :  6.73070e-03
 Reference value :  6.73892e-03
 Reference value :  6.74844e-03
 Reference value :  6.75501e-03
 Reference value :  6.76307e-03
 Reference value :  6.77270e-03
 Reference value :  6.77922e-03
 Reference value :  6.78725e-03
 Reference value :  6.79697e-03
 Reference value :  6.80362e-03
 Reference value :  6.81324e-03
 Reference value :  6.82126e-03
 Reference value :  6.83020e-03
 Reference value :  6.83758e-03
 Reference value :  6.84566e-03
 Reference value :  6.85525e-03
 Reference value :  6.86340e-03
 Reference value :  6.87162e-03
 Reference value :  6.87953e-03
 Reference value :  6.88919e-03
 Reference value :  6.89890e-03
 Reference value :  6.90856e-03
 Reference value :  6.91532e-03
 Reference value :  6.92493e-03
 Reference value :  6.93472e-03
 Reference value :  6.94441e-03
 Reference value :  6.95411e-03
 Reference value :  6.96207e-03
 Reference value :  6.97169e-03
 Reference value :  6.98144e-03
 Reference value :  6.99123e-03
 Reference value :  7.00091e-03
 Reference value :  7.01067e-03
 Reference value :  7.02037e-03
 Reference value :  7.03016e-03
 Reference value :  7.03981e-03
 Reference value :  7.04954e-03
 Reference value :  7.05924e-03
 Reference value :  7.06893e-03
 Reference value :  7.07868e-03
 Reference value :  7.08839e-03
 Reference value :  7.09534e-03
 Reference value :  7.10787e-03
 Reference value :  7.11759e-03
 Reference value :  7.12733e-03
 Reference value :  7.13700e-03
 Reference value :  7.14678e-03
 Reference value :  7.15655e-03
 Reference value :  7.16628e-03
 Reference value :  7.17607e-03
 Reference value :  7.18591e-03
 Reference value :  7.19553e-03
 Reference value :  7.20520e-03
 Reference value :  7.21685e-03
 Reference value :  7.22663e-03
 Reference value :  7.23630e-03
 Reference value :  7.24605e-03
 Reference value :  7.25578e-03
 Reference value :  7.26809e-03
 Reference value :  7.27791e-03
 Reference value :  7.28767e-03
 Reference value :  7.29368e-03
 Reference value :  7.29855e-03
 Reference value :  7.30342e-03
 Reference value :  7.30831e-03
 Reference value :  7.31424e-03
 Reference value :  7.31921e-03
 Reference value :  7.32416e-03
 Reference value :  7.33040e-03
 Reference value :  7.33532e-03
 Reference value :  7.34123e-03
 Reference value :  7.34744e-03
 Reference value :  7.35344e-03
 Reference value :  7.35964e-03
 Reference value :  7.36568e-03
 Reference value :  7.37296e-03
 Reference value :  7.37794e-03
 Reference value :  7.38519e-03
 Reference value :  7.39244e-03
 Reference value :  7.39861e-03
 Reference value :  7.40466e-03
 Reference value :  7.41083e-03
 Reference value :  7.41689e-03
 Reference value :  7.42304e-03
 Reference value :  7.42906e-03
 Reference value :  7.43524e-03
 Reference value :  7.44127e-03
 Reference value :  7.44747e-03
 Reference value :  7.45351e-03
 Reference value :  7.45971e-03
 Reference value :  7.46468e-03
 Reference value :  7.47070e-03
 Reference value :  7.47683e-03
 Reference value :  7.48180e-03
 Reference value :  7.48907e-03
 Reference value :  7.49405e-03
 Reference value :  7.50128e-03
 Reference value :  7.50622e-03
 Reference value :  7.51230e-03
 Reference value :  7.51840e-03
 Reference value :  7.52448e-03
 Reference value :  7.53052e-03
 Reference value :  7.53544e-03
 Reference value :  7.54174e-03
 Reference value :  7.54768e-03
 Reference value :  7.55379e-03
 Reference value :  7.55992e-03
 Reference value :  7.56488e-03
 Reference value :  7.57098e-03
 Reference value :  7.57711e-03
 Reference value :  7.58323e-03
 Reference value :  7.58930e-03
 Reference value :  7.59547e-03
 Reference value :  7.60157e-03
 Reference value :  7.60769e-03
 Reference value :  7.61381e-03
 Reference value :  7.62116e-03
 Reference value :  7.62733e-03
 Reference value :  7.63348e-03
 Reference value :  7.64076e-03
 Reference value :  7.64692e-03
 Reference value :  7.65422e-03
 Reference value :  7.66030e-03
 Reference value :  7.66647e-03
 Reference value :  7.67263e-03
 Reference value :  7.67991e-03
 Reference value :  7.68482e-03
 Reference value :  7.69208e-03
 Reference value :  7.69829e-03
 Reference value :  7.70439e-03
 Reference value :  7.71060e-03
 Reference value :  7.71664e-03
 Reference value :  7.72392e-03
 Reference value :  7.72886e-03
 Reference value :  7.73577e-03
 Reference value :  7.74110e-03
 Reference value :  7.74730e-03
 Reference value :  7.75339e-03
 Reference value :  7.75958e-03
 Reference value :  7.76564e-03
 Reference value :  7.77055e-03
 Reference value :  7.77672e-03
 Reference value :  7.78277e-03
 Reference value :  7.79006e-03
 Reference value :  7.79626e-03
 Reference value :  7.80233e-03
 Reference value :  7.80849e-03
 Reference value :  7.81453e-03
 Reference value :  7.82072e-03
 Reference value :  7.82681e-03
 Reference value :  7.83301e-03
 Reference value :  7.83906e-03
 Reference value :  7.84635e-03
 Reference value :  7.85175e-03
 Reference value :  7.85863e-03
 Reference value :  7.86490e-03
 Reference value :  7.87093e-03
 Reference value :  7.87717e-03
 Reference value :  7.88317e-03
 Reference value :  7.88856e-03
 Reference value :  7.89427e-03
 Reference value :  7.90030e-03
 Reference value :  7.90676e-03
 Reference value :  7.91268e-03
 Reference value :  7.91998e-03
 Reference value :  7.92621e-03
 Reference value :  7.93218e-03
 Reference value :  7.93839e-03
 Reference value :  7.94442e-03
 Reference value :  7.95071e-03
 Reference value :  7.95670e-03
 Reference value :  7.96400e-03
 Reference value :  7.97025e-03
 Reference value :  7.97626e-03
 Reference value :  7.98251e-03
 Reference value :  7.98855e-03
 Reference value :  7.99577e-03
stdout No. of Data Rows : 785844
stdout output_peak         =  1.19736e+01 at=  3.97836e-03
stdout output_min          =  1.48125e-08 at=  2.00095e-05
stdout recovery            =  1.05356e+01 from=  7.50000e-03 to=  8.00000e-03
stdout inductor_peak       =  5.61913e+00 at=  5.04076e-03
stdout inductor_min        =  -3.93265e+01 at=  4.17599e-03
