stdout Note: No compatibility mode selected!
stdout Circuit: jlc-100 u20 startup; engineering averaged controller, not ti vendor model
stdout Doing analysis at TEMP = 27.000000 and TNOM = 27.000000
stdout Using KLU as Direct Linear Solver
stdout Operating point simulation skipped by 'uic',
stdout now using transient initial conditions.
 Reference value :  1.07531e-02
 Reference value :  3.16331e-02
 Reference value :  5.13291e-02
 Reference value :  7.19211e-02
 Reference value :  9.24591e-02
 Reference value :  1.13243e-01
stdout No. of Data Rows : 60134
stdout sim_end = 1.200000000000e-01
stdout output_peak         =  5.23112e+00 at=  1.22131e-02
stdout output_floor        =  0.00000e+00 at=  4.00000e-08
stdout settled_min         =  4.96098e+00 at=  1.19999e-01
stdout settled_max         =  4.96098e+00 at=  1.20000e-01
stdout step_min            =  4.96098e+00 at=  6.49991e-02
stdout step_max            =  4.96837e+00 at=  2.40011e-02
stdout input_min           =  8.21405e+00 at=  1.19057e-01
stdout inductor_average_peak=  3.29670e+00 at=  6.30677e-03
stdout inductor_average_min=  -1.13728e-18 at=  2.70737e-03
stdout shunt_current_peak  =  3.28797e+00 at=  1.22071e-02
stdout shunt_current_min   =  -5.00268e-19 at=  2.70611e-03
stdout secondary_rms       =  3.36302e+00 from=  1.00000e-01 to=  1.20000e-01
