stdout Note: No compatibility mode selected!
stdout Circuit: jlc-100 u20 loss_restart; engineering averaged controller, not ti vendor model
stdout Doing analysis at TEMP = 27.000000 and TNOM = 27.000000
stdout Using KLU as Direct Linear Solver
stdout Operating point simulation skipped by 'uic',
stdout now using transient initial conditions.
 Reference value :  1.26392e-03
 Reference value :  1.88393e-02
 Reference value :  3.75091e-02
 Reference value :  5.64131e-02
 Reference value :  7.53731e-02
 Reference value :  9.36677e-02
 Reference value :  1.12380e-01
stdout No. of Data Rows : 60353
stdout sim_end = 1.200000000000e-01
stdout output_peak         =  5.23151e+00 at=  1.20693e-02
stdout output_floor        =  0.00000e+00 at=  4.00000e-08
stdout settled_min         =  4.96087e+00 at=  1.20000e-01
stdout settled_max         =  4.97171e+00 at=  1.05002e-01
stdout step_min            =  3.00454e-26 at=  6.49991e-02
stdout step_max            =  4.96844e+00 at=  2.40013e-02
stdout input_min           =  1.08879e+01 at=  1.13126e-01
stdout inductor_average_peak=  3.29670e+00 at=  6.16132e-03
stdout inductor_average_min=  -1.18661e-18 at=  2.56146e-03
stdout shunt_current_peak  =  3.28797e+00 at=  1.20613e-02
stdout shunt_current_min   =  -5.11096e-19 at=  8.49993e-02
stdout secondary_rms       =  3.00587e+00 from=  1.00000e-01 to=  1.20000e-01
