stdout Note: No compatibility mode selected!
stdout Circuit: jlc-100 u20 load_step; engineering averaged controller, not ti vendor model
stdout Doing analysis at TEMP = 27.000000 and TNOM = 27.000000
stdout Using KLU as Direct Linear Solver
stdout Operating point simulation skipped by 'uic',
stdout now using transient initial conditions.
 Reference value :  1.31177e-02
 Reference value :  3.12438e-02
 Reference value :  4.99438e-02
 Reference value :  6.83930e-02
 Reference value :  8.72170e-02
 Reference value :  1.06321e-01
stdout No. of Data Rows : 60054
stdout sim_end = 1.200000000000e-01
stdout output_peak         =  5.13769e+00 at=  5.50070e-02
stdout output_floor        =  0.00000e+00 at=  4.00000e-08
stdout settled_min         =  4.96106e+00 at=  1.20000e-01
stdout settled_max         =  4.96106e+00 at=  1.05001e-01
stdout step_min            =  4.78447e+00 at=  2.50044e-02
stdout step_max            =  5.13769e+00 at=  5.50070e-02
stdout input_min           =  1.05641e+01 at=  1.14187e-01
stdout inductor_average_peak=  3.02410e+00 at=  2.53278e-02
stdout inductor_average_min=  -3.08791e-319 at=  1.94792e-03
stdout shunt_current_peak  =  3.02070e+00 at=  2.53298e-02
stdout shunt_current_min   =  0.00000e+00 at=  4.00000e-08
stdout secondary_rms       =  9.54738e-02 from=  1.00000e-01 to=  1.20000e-01
