stdout Note: No compatibility mode selected!
stdout Circuit: jlc-100 u20 prebiased; engineering averaged controller, not ti vendor model
stdout Doing analysis at TEMP = 27.000000 and TNOM = 27.000000
stdout Using KLU as Direct Linear Solver
stdout Operating point simulation skipped by 'uic',
stdout now using transient initial conditions.
 Reference value :  2.08192e-03
 Reference value :  2.10159e-02
 Reference value :  3.89488e-02
 Reference value :  5.80448e-02
 Reference value :  7.74388e-02
 Reference value :  9.69088e-02
 Reference value :  1.15739e-01
stdout No. of Data Rows : 60152
stdout sim_end = 1.200000000000e-01
stdout output_peak         =  4.99970e+00 at=  2.00000e-08
stdout output_floor        =  3.83425e+00 at=  3.04933e-02
stdout settled_min         =  4.96056e+00 at=  1.20000e-01
stdout settled_max         =  4.96056e+00 at=  1.05011e-01
stdout step_min            =  3.83425e+00 at=  3.04933e-02
stdout step_max            =  4.96695e+00 at=  3.15248e-02
stdout input_min           =  1.05966e+01 at=  1.11847e-01
stdout inductor_average_peak=  7.67744e-01 at=  3.08781e-02
stdout inductor_average_min=  -3.08791e-319 at=  1.94792e-03
stdout shunt_current_peak  =  7.53103e-01 at=  3.08801e-02
stdout shunt_current_min   =  3.56256e-04 at=  5.92000e-06
stdout secondary_rms       =  6.36046e-02 from=  1.00000e-01 to=  1.20000e-01
