stdout Note: No compatibility mode selected!
stdout Circuit: jlc-100 u20 startup; engineering averaged controller, not ti vendor model
stdout Doing analysis at TEMP = 27.000000 and TNOM = 27.000000
stdout Using KLU as Direct Linear Solver
stdout Operating point simulation skipped by 'uic',
stdout now using transient initial conditions.
 Reference value :  1.30207e-02
 Reference value :  3.32247e-02
 Reference value :  5.38767e-02
 Reference value :  7.39167e-02
 Reference value :  9.41927e-02
 Reference value :  1.14339e-01
stdout No. of Data Rows : 60069
stdout sim_end = 1.200000000000e-01
stdout output_peak         =  5.23127e+00 at=  1.17467e-02
stdout output_floor        =  0.00000e+00 at=  4.00000e-08
stdout settled_min         =  4.96113e+00 at=  1.19997e-01
stdout settled_max         =  4.96113e+00 at=  1.19998e-01
stdout step_min            =  4.96113e+00 at=  6.49987e-02
stdout step_max            =  4.96753e+00 at=  2.40007e-02
stdout input_min           =  1.10675e+01 at=  1.10997e-01
stdout inductor_average_peak=  3.29670e+00 at=  5.83880e-03
stdout inductor_average_min=  -1.21664e-18 at=  2.23972e-03
stdout shunt_current_peak  =  3.28797e+00 at=  1.17387e-02
stdout shunt_current_min   =  -5.00111e-19 at=  2.23810e-03
stdout secondary_rms       =  2.73135e+00 from=  1.00000e-01 to=  1.20000e-01
