stdout Note: No compatibility mode selected!
stdout Circuit: jlc-100 u20 startup; engineering averaged controller, not ti vendor model
stdout Doing analysis at TEMP = 27.000000 and TNOM = 27.000000
stdout Using KLU as Direct Linear Solver
stdout Operating point simulation skipped by 'uic',
stdout now using transient initial conditions.
 Reference value :  1.81913e-02
 Reference value :  3.68033e-02
 Reference value :  5.55173e-02
 Reference value :  7.45733e-02
 Reference value :  9.35153e-02
 Reference value :  1.11869e-01
stdout No. of Data Rows : 60075
stdout sim_end = 1.200000000000e-01
stdout output_peak         =  5.23151e+00 at=  1.20693e-02
stdout output_floor        =  0.00000e+00 at=  4.00000e-08
stdout settled_min         =  4.96138e+00 at=  1.20000e-01
stdout settled_max         =  4.96138e+00 at=  1.19999e-01
stdout step_min            =  4.96138e+00 at=  6.49993e-02
stdout step_max            =  4.96844e+00 at=  2.40013e-02
stdout input_min           =  1.09123e+01 at=  1.13137e-01
stdout inductor_average_peak=  3.29670e+00 at=  6.16132e-03
stdout inductor_average_min=  -1.18661e-18 at=  2.56146e-03
stdout shunt_current_peak  =  3.28797e+00 at=  1.20613e-02
stdout shunt_current_min   =  -5.00111e-19 at=  2.56011e-03
stdout secondary_rms       =  2.88566e+00 from=  1.00000e-01 to=  1.20000e-01
