stdout Note: No compatibility mode selected!
stdout Circuit: jlc-100 u20 prebiased; engineering averaged controller, not ti vendor model
stdout Doing analysis at TEMP = 27.000000 and TNOM = 27.000000
stdout Using KLU as Direct Linear Solver
stdout Operating point simulation skipped by 'uic',
stdout now using transient initial conditions.
 Reference value :  3.52992e-03
 Reference value :  2.29799e-02
 Reference value :  4.28711e-02
 Reference value :  6.30271e-02
 Reference value :  8.29291e-02
 Reference value :  1.02871e-01
stdout No. of Data Rows : 60083
stdout sim_end = 1.200000000000e-01
stdout output_peak         =  4.99970e+00 at=  2.00000e-08
stdout output_floor        =  3.91870e+00 at=  2.82748e-02
stdout settled_min         =  4.96071e+00 at=  1.19999e-01
stdout settled_max         =  4.96071e+00 at=  1.05007e-01
stdout step_min            =  3.91870e+00 at=  2.82748e-02
stdout step_max            =  4.96661e+00 at=  2.92491e-02
stdout input_min           =  1.31269e+01 at=  1.14277e-01
stdout inductor_average_peak=  7.67755e-01 at=  2.86600e-02
stdout inductor_average_min=  -3.08791e-319 at=  1.94792e-03
stdout shunt_current_peak  =  7.53113e-01 at=  2.86620e-02
stdout shunt_current_min   =  3.56256e-04 at=  5.92000e-06
stdout secondary_rms       =  7.30018e-02 from=  1.00000e-01 to=  1.20000e-01
