stdout Note: No compatibility mode selected!
stdout Circuit: jlc-100 u21 load_step; engineering averaged controller, not ti vendor model
stdout Doing analysis at TEMP = 27.000000 and TNOM = 27.000000
stdout Using KLU as Direct Linear Solver
stdout Operating point simulation skipped by 'uic',
stdout now using transient initial conditions.
 Reference value :  6.99473e-03
 Reference value :  2.47315e-02
 Reference value :  4.33837e-02
 Reference value :  6.25737e-02
 Reference value :  8.22777e-02
 Reference value :  1.00846e-01
 Reference value :  1.19966e-01
stdout No. of Data Rows : 60173
stdout sim_end = 1.200000000000e-01
stdout output_peak         =  1.21100e+01 at=  7.83473e-03
stdout output_floor        =  0.00000e+00 at=  4.00000e-08
stdout settled_min         =  1.19076e+01 at=  1.20000e-01
stdout settled_max         =  1.19087e+01 at=  1.05002e-01
stdout step_min            =  1.18961e+01 at=  2.50877e-02
stdout step_max            =  1.19731e+01 at=  5.50877e-02
stdout input_min           =  1.17278e+01 at=  1.10528e-01
stdout inductor_average_peak=  3.29670e+00 at=  7.71273e-03
stdout inductor_average_min=  -9.70146e-19 at=  3.38078e-03
stdout shunt_current_peak  =  1.48633e+00 at=  3.50673e-03
stdout shunt_current_min   =  -3.56261e-21 at=  3.37986e-03
stdout secondary_rms       =  8.40950e+00 from=  1.00000e-01 to=  1.20000e-01
