stdout Note: No compatibility mode selected!
stdout Circuit: jlc-100 u21 loss_restart; engineering averaged controller, not ti vendor model
stdout Doing analysis at TEMP = 27.000000 and TNOM = 27.000000
stdout Using KLU as Direct Linear Solver
stdout Operating point simulation skipped by 'uic',
stdout now using transient initial conditions.
 Reference value :  7.26901e-03
 Reference value :  2.67430e-02
 Reference value :  4.44846e-02
 Reference value :  6.36306e-02
 Reference value :  8.23026e-02
 Reference value :  1.01309e-01
 Reference value :  1.19613e-01
stdout No. of Data Rows : 60295
stdout sim_end = 1.200000000000e-01
stdout output_peak         =  1.22273e+01 at=  9.47091e-02
stdout output_floor        =  -3.44441e-14 at=  8.60454e-02
stdout settled_min         =  1.19570e+01 at=  1.20000e-01
stdout settled_max         =  1.20552e+01 at=  1.05001e-01
stdout step_min            =  7.77011e-25 at=  6.49986e-02
stdout step_max            =  1.20321e+01 at=  2.40010e-02
stdout input_min           =  1.40937e+01 at=  1.10453e-01
stdout inductor_average_peak=  3.29670e+00 at=  6.33901e-03
stdout inductor_average_min=  -1.21489e-18 at=  2.73924e-03
stdout shunt_current_peak  =  1.49999e+00 at=  2.83926e-03
stdout shunt_current_min   =  -8.73403e-13 at=  8.60454e-02
stdout secondary_rms       =  1.15765e+01 from=  1.00000e-01 to=  1.20000e-01
