stdout Note: No compatibility mode selected!
stdout Circuit: jlc-100 u21 prebiased; engineering averaged controller, not ti vendor model
stdout Doing analysis at TEMP = 27.000000 and TNOM = 27.000000
stdout Using KLU as Direct Linear Solver
stdout Operating point simulation skipped by 'uic',
stdout now using transient initial conditions.
 Reference value :  1.53879e-02
 Reference value :  3.47836e-02
 Reference value :  5.54976e-02
 Reference value :  7.60556e-02
 Reference value :  9.70336e-02
 Reference value :  1.17924e-01
stdout No. of Data Rows : 60161
stdout sim_end = 1.200000000000e-01
stdout output_peak         =  1.19995e+01 at=  2.00000e-08
stdout output_floor        =  1.07823e+01 at=  3.16450e-02
stdout settled_min         =  1.19067e+01 at=  1.18866e-01
stdout settled_max         =  1.19067e+01 at=  1.05002e-01
stdout step_min            =  1.07823e+01 at=  3.16450e-02
stdout step_max            =  1.19182e+01 at=  3.21546e-02
stdout input_min           =  1.17277e+01 at=  1.10528e-01
stdout inductor_average_peak=  2.99803e+00 at=  3.19926e-02
stdout inductor_average_min=  -3.08791e-319 at=  1.94792e-03
stdout shunt_current_peak  =  1.48631e+00 at=  3.17686e-02
stdout shunt_current_min   =  3.23259e-04 at=  5.92000e-06
stdout secondary_rms       =  8.40953e+00 from=  1.00000e-01 to=  1.20000e-01
