stdout Note: No compatibility mode selected!
stdout Circuit: jlc-100 u21 load_step; engineering averaged controller, not ti vendor model
stdout Doing analysis at TEMP = 27.000000 and TNOM = 27.000000
stdout Using KLU as Direct Linear Solver
stdout Operating point simulation skipped by 'uic',
stdout now using transient initial conditions.
 Reference value :  2.72390e-03
 Reference value :  2.10249e-02
 Reference value :  3.87815e-02
 Reference value :  5.71935e-02
 Reference value :  7.63375e-02
 Reference value :  9.55835e-02
 Reference value :  1.14064e-01
stdout No. of Data Rows : 60145
stdout sim_end = 1.200000000000e-01
stdout output_peak         =  1.21122e+01 at=  8.24591e-03
stdout output_floor        =  0.00000e+00 at=  4.00000e-08
stdout settled_min         =  1.19064e+01 at=  1.20000e-01
stdout settled_max         =  1.19075e+01 at=  1.05002e-01
stdout step_min            =  1.18965e+01 at=  2.50875e-02
stdout step_max            =  1.19723e+01 at=  5.50875e-02
stdout input_min           =  1.15343e+01 at=  1.12584e-01
stdout inductor_average_peak=  3.29670e+00 at=  4.29391e-03
stdout inductor_average_min=  -6.82933e-19 at=  3.80224e-03
stdout shunt_current_peak  =  1.48636e+00 at=  3.92791e-03
stdout shunt_current_min   =  -3.56261e-21 at=  3.80209e-03
stdout secondary_rms       =  8.69294e+00 from=  1.00000e-01 to=  1.20000e-01
