stdout Note: No compatibility mode selected!
stdout Circuit: jlc-100 u21 loss_restart; engineering averaged controller, not ti vendor model
stdout Doing analysis at TEMP = 27.000000 and TNOM = 27.000000
stdout Using KLU as Direct Linear Solver
stdout Operating point simulation skipped by 'uic',
stdout now using transient initial conditions.
 Reference value :  1.57732e-02
 Reference value :  3.47919e-02
 Reference value :  5.46471e-02
 Reference value :  7.51471e-02
 Reference value :  9.39479e-02
 Reference value :  1.13771e-01
stdout No. of Data Rows : 60608
stdout sim_end = 1.200000000000e-01
stdout output_peak         =  1.22842e+01 at=  1.01269e-01
stdout output_floor        =  -3.63294e-14 at=  8.62986e-02
stdout settled_min         =  1.20047e+01 at=  1.20000e-01
stdout settled_max         =  1.21974e+01 at=  1.05001e-01
stdout step_min            =  6.11396e-25 at=  6.49991e-02
stdout step_max            =  1.20424e+01 at=  2.40012e-02
stdout input_min           =  1.10389e+01 at=  1.12453e-01
stdout inductor_average_peak=  3.29670e+00 at=  7.40318e-03
stdout inductor_average_min=  -6.82933e-19 at=  3.80224e-03
stdout shunt_current_peak  =  1.50032e+00 at=  9.26699e-02
stdout shunt_current_min   =  -9.21205e-13 at=  8.62986e-02
stdout secondary_rms       =  1.01783e+01 from=  1.00000e-01 to=  1.20000e-01
