stdout Note: No compatibility mode selected!
stdout Circuit: jlc-100 u21 startup; engineering averaged controller, not ti vendor model
stdout Doing analysis at TEMP = 27.000000 and TNOM = 27.000000
stdout Using KLU as Direct Linear Solver
stdout Operating point simulation skipped by 'uic',
stdout now using transient initial conditions.
 Reference value :  5.94943e-03
 Reference value :  2.60252e-02
 Reference value :  4.54372e-02
 Reference value :  6.55292e-02
 Reference value :  8.56012e-02
 Reference value :  1.05301e-01
stdout No. of Data Rows : 60109
stdout sim_end = 1.200000000000e-01
stdout output_peak         =  1.22074e+01 at=  1.24852e-02
stdout output_floor        =  0.00000e+00 at=  4.00000e-08
stdout settled_min         =  1.19027e+01 at=  1.12479e-01
stdout settled_max         =  1.19075e+01 at=  1.05001e-01
stdout step_min            =  1.19109e+01 at=  6.24872e-02
stdout step_max            =  1.20424e+01 at=  2.40012e-02
stdout input_min           =  1.11263e+01 at=  1.12475e-01
stdout inductor_average_peak=  3.29670e+00 at=  7.40318e-03
stdout inductor_average_min=  -6.82933e-19 at=  3.80224e-03
stdout shunt_current_peak  =  1.50018e+00 at=  3.90143e-03
stdout shunt_current_min   =  -6.37452e-20 at=  3.80209e-03
stdout secondary_rms       =  9.63052e+00 from=  1.00000e-01 to=  1.20000e-01
