stdout Note: No compatibility mode selected!
stdout Circuit: jlc-100 u21 prebiased; engineering averaged controller, not ti vendor model
stdout Doing analysis at TEMP = 27.000000 and TNOM = 27.000000
stdout Using KLU as Direct Linear Solver
stdout Operating point simulation skipped by 'uic',
stdout now using transient initial conditions.
 Reference value :  1.91499e-02
 Reference value :  3.83401e-02
 Reference value :  5.80881e-02
 Reference value :  7.75641e-02
 Reference value :  9.67481e-02
 Reference value :  1.16684e-01
stdout No. of Data Rows : 60200
stdout sim_end = 1.200000000000e-01
stdout output_peak         =  1.19995e+01 at=  2.00000e-08
stdout output_floor        =  1.06156e+01 at=  3.59901e-02
stdout settled_min         =  1.19078e+01 at=  1.12588e-01
stdout settled_max         =  1.19079e+01 at=  1.05000e-01
stdout step_min            =  1.06156e+01 at=  3.59901e-02
stdout step_max            =  1.19250e+01 at=  3.65400e-02
stdout input_min           =  1.15343e+01 at=  1.12582e-01
stdout inductor_average_peak=  3.29647e+00 at=  3.63940e-02
stdout inductor_average_min=  -3.08791e-319 at=  1.94792e-03
stdout shunt_current_peak  =  1.48632e+00 at=  3.61123e-02
stdout shunt_current_min   =  3.23259e-04 at=  5.92000e-06
stdout secondary_rms       =  8.69297e+00 from=  1.00000e-01 to=  1.20000e-01
