stdout Note: No compatibility mode selected!
stdout Circuit: bridge loss sensitivity: br1 stps20m100st to220 with individual boyd 577202b00000g sinks. other low-voltage bridges stps20m100sg d2pak. 50 c ambient. electrical winding/load assumptions remain to be measured. d2pak lumped temperatures are screening estimates; geometry thermal_mesh.py is the separate layout assessment.
stdout Doing analysis at TEMP = 27.000000 and TNOM = 27.000000
stdout Using KLU as Direct Linear Solver
stdout Operating point simulation skipped by 'uic',
stdout now using transient initial conditions.
 Reference value :  3.32224e-02
 Reference value :  7.55456e-02
 Reference value :  1.15324e-01
 Reference value :  1.56434e-01
 Reference value :  1.97988e-01
 Reference value :  2.38686e-01
 Reference value :  2.78856e-01
 Reference value :  3.18631e-01
 Reference value :  3.57494e-01
 Reference value :  3.98310e-01
 Reference value :  4.40057e-01
 Reference value :  4.82334e-01
 Reference value :  5.25110e-01
 Reference value :  5.66087e-01
 Reference value :  6.08344e-01
 Reference value :  6.50390e-01
 Reference value :  6.91987e-01
 Reference value :  7.34961e-01
 Reference value :  7.76854e-01
 Reference value :  8.19466e-01
 Reference value :  8.62882e-01
 Reference value :  9.05833e-01
 Reference value :  9.47276e-01
 Reference value :  9.87712e-01
stdout No. of Data Rows : 103427
stdout sim_end = 1.000000e+00
stdout iavg_18a            =  6.47470e+00 from=  8.00000e-01 to=  1.00000e+00
stdout irms_18a            =  1.13612e+01 from=  8.00000e-01 to=  1.00000e+00
stdout pd_18a = 2.171001e+00
stdout iavg_5a             =  1.69283e+00 from=  8.00000e-01 to=  1.00000e+00
stdout irms_5a             =  3.43597e+00 from=  8.00000e-01 to=  1.00000e+00
stdout pd_5a = 5.845871e-01
stdout iavg_20a            =  2.50001e+00 from=  8.00000e-01 to=  1.00000e+00
stdout irms_20a            =  5.26990e+00 from=  8.00000e-01 to=  1.00000e+00
stdout pd_20a = 9.305190e-01
stdout iavg_12b            =  3.00001e+00 from=  8.00000e-01 to=  1.00000e+00
stdout irms_12b            =  4.68907e+00 from=  8.00000e-01 to=  1.00000e+00
stdout pd_12b = 1.042920e+00
