stdout Note: No compatibility mode selected!
stdout Circuit: bridge loss sensitivity: br1 stps20m100st to220 with individual boyd 577202b00000g sinks. other low-voltage bridges stps20m100sg d2pak. 50 c ambient. electrical winding/load assumptions remain to be measured. d2pak lumped temperatures are screening estimates; geometry thermal_mesh.py is the separate layout assessment.
stdout Doing analysis at TEMP = 27.000000 and TNOM = 27.000000
stdout Using KLU as Direct Linear Solver
stdout Operating point simulation skipped by 'uic',
stdout now using transient initial conditions.
 Reference value :  1.44355e-02
 Reference value :  5.94737e-02
 Reference value :  1.02742e-01
 Reference value :  1.45959e-01
 Reference value :  1.88785e-01
 Reference value :  2.31875e-01
 Reference value :  2.73822e-01
 Reference value :  3.16652e-01
 Reference value :  3.59112e-01
 Reference value :  4.01988e-01
 Reference value :  4.44199e-01
 Reference value :  4.87039e-01
 Reference value :  5.29906e-01
 Reference value :  5.72681e-01
 Reference value :  6.15114e-01
 Reference value :  6.57430e-01
 Reference value :  7.00141e-01
 Reference value :  7.42719e-01
 Reference value :  7.85339e-01
 Reference value :  8.27194e-01
 Reference value :  8.69975e-01
 Reference value :  9.12722e-01
 Reference value :  9.55052e-01
 Reference value :  9.95952e-01
stdout No. of Data Rows : 102265
stdout sim_end = 1.000000e+00
stdout iavg_18a            =  5.94937e+00 from=  8.00000e-01 to=  1.00000e+00
stdout irms_18a            =  1.04248e+01 from=  8.00000e-01 to=  1.00000e+00
stdout pd_18a = 1.964822e+00
stdout iavg_5a             =  1.93371e+00 from=  8.00000e-01 to=  1.00000e+00
stdout irms_5a             =  3.78440e+00 from=  8.00000e-01 to=  1.00000e+00
stdout pd_5a = 6.732032e-01
stdout iavg_20a            =  2.50003e+00 from=  8.00000e-01 to=  1.00000e+00
stdout irms_20a            =  5.19234e+00 from=  8.00000e-01 to=  1.00000e+00
stdout pd_20a = 9.252499e-01
stdout iavg_12b            =  3.00003e+00 from=  8.00000e-01 to=  1.00000e+00
stdout irms_12b            =  4.60774e+00 from=  8.00000e-01 to=  1.00000e+00
stdout pd_12b = 1.038012e+00
