stdout Note: No compatibility mode selected!
stdout Circuit: bridge loss sensitivity: br1 stps20m100st to220 with individual boyd 577202b00000g sinks. other low-voltage bridges stps20m100sg d2pak. 50 c ambient. electrical winding/load assumptions remain to be measured. d2pak lumped temperatures are screening estimates; geometry thermal_mesh.py is the separate layout assessment.
stdout Doing analysis at TEMP = 27.000000 and TNOM = 27.000000
stdout Using KLU as Direct Linear Solver
stdout Operating point simulation skipped by 'uic',
stdout now using transient initial conditions.
 Reference value :  3.23436e-02
 Reference value :  7.62124e-02
 Reference value :  1.16912e-01
 Reference value :  1.61061e-01
 Reference value :  2.03549e-01
 Reference value :  2.47515e-01
 Reference value :  2.91400e-01
 Reference value :  3.35940e-01
 Reference value :  3.78881e-01
 Reference value :  4.22941e-01
 Reference value :  4.66471e-01
 Reference value :  5.08973e-01
 Reference value :  5.45574e-01
 Reference value :  5.86857e-01
 Reference value :  6.28954e-01
 Reference value :  6.71092e-01
 Reference value :  7.13680e-01
 Reference value :  7.56462e-01
 Reference value :  8.00458e-01
 Reference value :  8.39905e-01
 Reference value :  8.78756e-01
 Reference value :  9.21013e-01
 Reference value :  9.62300e-01
 Reference value :  1.00000e+00
stdout No. of Data Rows : 103208
stdout sim_end = 1.000000e+00
stdout iavg_18a            =  5.93400e+00 from=  8.00000e-01 to=  1.00000e+00
stdout irms_18a            =  1.03727e+01 from=  8.00000e-01 to=  1.00000e+00
stdout pd_18a = 1.957317e+00
stdout iavg_5a             =  1.94689e+00 from=  8.00000e-01 to=  1.00000e+00
stdout irms_5a             =  3.78987e+00 from=  8.00000e-01 to=  1.00000e+00
stdout pd_5a = 6.774275e-01
stdout iavg_20a            =  2.50010e+00 from=  8.00000e-01 to=  1.00000e+00
stdout irms_20a            =  5.17086e+00 from=  8.00000e-01 to=  1.00000e+00
stdout pd_20a = 9.238274e-01
stdout iavg_12b            =  3.00012e+00 from=  8.00000e-01 to=  1.00000e+00
stdout irms_12b            =  4.60327e+00 from=  8.00000e-01 to=  1.00000e+00
stdout pd_12b = 1.037773e+00
