stdout Note: No compatibility mode selected!
stdout Circuit: bridge loss sensitivity: br1 stps20m100st to220 with individual boyd 577202b00000g sinks. other low-voltage bridges stps20m100sg d2pak. 50 c ambient. electrical winding/load assumptions remain to be measured. d2pak lumped temperatures are screening estimates; geometry thermal_mesh.py is the separate layout assessment.
stdout Doing analysis at TEMP = 27.000000 and TNOM = 27.000000
stdout Using KLU as Direct Linear Solver
stdout Operating point simulation skipped by 'uic',
stdout now using transient initial conditions.
 Reference value :  5.84071e-03
 Reference value :  4.99225e-02
 Reference value :  9.35888e-02
 Reference value :  1.33948e-01
 Reference value :  1.77829e-01
 Reference value :  2.22365e-01
 Reference value :  2.63872e-01
 Reference value :  3.07237e-01
 Reference value :  3.49563e-01
 Reference value :  3.93813e-01
 Reference value :  4.37932e-01
 Reference value :  4.81347e-01
 Reference value :  5.26163e-01
 Reference value :  5.70295e-01
 Reference value :  6.13942e-01
 Reference value :  6.57257e-01
 Reference value :  7.01403e-01
 Reference value :  7.45625e-01
 Reference value :  7.89750e-01
 Reference value :  8.33257e-01
 Reference value :  8.77649e-01
 Reference value :  9.22401e-01
 Reference value :  9.65690e-01
stdout No. of Data Rows : 103660
stdout sim_end = 1.000000e+00
stdout iavg_18a            =  7.03111e+00 from=  8.00000e-01 to=  1.00000e+00
stdout irms_18a            =  1.23718e+01 from=  8.00000e-01 to=  1.00000e+00
stdout pd_18a = 2.396568e+00
stdout iavg_5a             =  1.50004e+00 from=  8.00000e-01 to=  1.00000e+00
stdout irms_5a             =  3.15844e+00 from=  8.00000e-01 to=  1.00000e+00
stdout pd_5a = 5.148534e-01
stdout iavg_20a            =  2.50005e+00 from=  8.00000e-01 to=  1.00000e+00
stdout irms_20a            =  5.36073e+00 from=  8.00000e-01 to=  1.00000e+00
stdout pd_20a = 9.368073e-01
stdout iavg_12b            =  3.00005e+00 from=  8.00000e-01 to=  1.00000e+00
stdout irms_12b            =  4.76782e+00 from=  8.00000e-01 to=  1.00000e+00
stdout pd_12b = 1.047775e+00
