stdout Note: No compatibility mode selected!
stdout Circuit: bridge loss sensitivity: br1 stps20m100st to220 with individual boyd 577202b00000g sinks. other low-voltage bridges stps20m100sg d2pak. 50 c ambient. electrical winding/load assumptions remain to be measured. d2pak lumped temperatures are screening estimates; geometry thermal_mesh.py is the separate layout assessment.
stdout Doing analysis at TEMP = 27.000000 and TNOM = 27.000000
stdout Using KLU as Direct Linear Solver
stdout Operating point simulation skipped by 'uic',
stdout now using transient initial conditions.
 Reference value :  3.35671e-02
 Reference value :  7.59964e-02
 Reference value :  1.15000e-01
 Reference value :  1.57277e-01
 Reference value :  1.98584e-01
 Reference value :  2.40174e-01
 Reference value :  2.82131e-01
 Reference value :  3.24500e-01
 Reference value :  3.65980e-01
 Reference value :  4.07144e-01
 Reference value :  4.49464e-01
 Reference value :  4.91904e-01
 Reference value :  5.33060e-01
 Reference value :  5.75900e-01
 Reference value :  6.18074e-01
 Reference value :  6.60594e-01
 Reference value :  7.02517e-01
 Reference value :  7.44470e-01
 Reference value :  7.87154e-01
 Reference value :  8.29484e-01
 Reference value :  8.71384e-01
 Reference value :  9.12447e-01
 Reference value :  9.54470e-01
 Reference value :  9.95100e-01
stdout No. of Data Rows : 102615
stdout sim_end = 1.000000e+00
stdout iavg_18a            =  7.05137e+00 from=  8.00000e-01 to=  1.00000e+00
stdout irms_18a            =  1.24363e+01 from=  8.00000e-01 to=  1.00000e+00
stdout pd_18a = 2.406980e+00
stdout iavg_5a             =  1.49449e+00 from=  8.00000e-01 to=  1.00000e+00
stdout irms_5a             =  3.15897e+00 from=  8.00000e-01 to=  1.00000e+00
stdout pd_5a = 5.132119e-01
stdout iavg_20a            =  2.50005e+00 from=  8.00000e-01 to=  1.00000e+00
stdout irms_20a            =  5.38013e+00 from=  8.00000e-01 to=  1.00000e+00
stdout pd_20a = 9.381630e-01
stdout iavg_12b            =  3.00006e+00 from=  8.00000e-01 to=  1.00000e+00
stdout irms_12b            =  4.77184e+00 from=  8.00000e-01 to=  1.00000e+00
stdout pd_12b = 1.048026e+00
