stdout Note: No compatibility mode selected!
stdout Circuit: bridge loss sensitivity: br1 stps20m100st to220 with individual boyd 577202b00000g sinks. other low-voltage bridges stps20m100sg d2pak. 50 c ambient. electrical winding/load assumptions remain to be measured. d2pak lumped temperatures are screening estimates; geometry thermal_mesh.py is the separate layout assessment.
stdout Doing analysis at TEMP = 27.000000 and TNOM = 27.000000
stdout Using KLU as Direct Linear Solver
stdout Operating point simulation skipped by 'uic',
stdout now using transient initial conditions.
 Reference value :  3.58234e-02
 Reference value :  8.00505e-02
 Reference value :  1.23032e-01
 Reference value :  1.66902e-01
 Reference value :  2.10127e-01
 Reference value :  2.53092e-01
 Reference value :  2.95933e-01
 Reference value :  3.39327e-01
 Reference value :  3.82258e-01
 Reference value :  4.25432e-01
 Reference value :  4.68018e-01
 Reference value :  5.11128e-01
 Reference value :  5.54232e-01
 Reference value :  5.97549e-01
 Reference value :  6.40317e-01
 Reference value :  6.81749e-01
 Reference value :  7.24782e-01
 Reference value :  7.67848e-01
 Reference value :  8.09897e-01
 Reference value :  8.52762e-01
 Reference value :  8.96013e-01
 Reference value :  9.38977e-01
 Reference value :  9.80229e-01
stdout No. of Data Rows : 102404
stdout sim_end = 1.000000e+00
stdout iavg_18a            =  6.45381e+00 from=  8.00000e-01 to=  1.00000e+00
stdout irms_18a            =  1.12919e+01 from=  8.00000e-01 to=  1.00000e+00
stdout pd_18a = 2.160507e+00
stdout iavg_5a             =  1.70290e+00 from=  8.00000e-01 to=  1.00000e+00
stdout irms_5a             =  3.43762e+00 from=  8.00000e-01 to=  1.00000e+00
stdout pd_5a = 5.876830e-01
stdout iavg_20a            =  2.50011e+00 from=  8.00000e-01 to=  1.00000e+00
stdout irms_20a            =  5.24554e+00 from=  8.00000e-01 to=  1.00000e+00
stdout pd_20a = 9.288857e-01
stdout iavg_12b            =  3.00013e+00 from=  8.00000e-01 to=  1.00000e+00
stdout irms_12b            =  4.68392e+00 from=  8.00000e-01 to=  1.00000e+00
stdout pd_12b = 1.042644e+00
