stdout Note: No compatibility mode selected!
stdout Circuit: jlc-3 u20 load_step; engineering averaged controller, not ti vendor model
stdout Doing analysis at TEMP = 27.000000 and TNOM = 27.000000
stdout Using KLU as Direct Linear Solver
stdout Operating point simulation skipped by 'uic',
stdout now using transient initial conditions.
 Reference value :  6.73704e-03
 Reference value :  1.63927e-02
 Reference value :  2.61740e-02
 Reference value :  3.61020e-02
 Reference value :  4.59950e-02
 Reference value :  5.59387e-02
 Reference value :  6.59138e-02
 Reference value :  7.58398e-02
 Reference value :  8.57498e-02
 Reference value :  9.52798e-02
 Reference value :  1.04646e-01
 Reference value :  1.14543e-01
stdout No. of Data Rows : 120130
stdout sim_end = 1.200000000000e-01
stdout output_peak         =  5.03940e+00 at=  5.50360e-02
stdout output_floor        =  0.00000e+00 at=  1.00000e-08
stdout settled_min         =  4.94219e+00 at=  1.20000e-01
stdout settled_max         =  4.94219e+00 at=  1.05001e-01
stdout step_min            =  4.84504e+00 at=  2.50350e-02
stdout step_max            =  5.03940e+00 at=  5.50360e-02
stdout input_min           =  1.05570e+01 at=  1.14166e-01
stdout inductor_average_peak=  3.06754e+00 at=  2.50980e-02
stdout inductor_average_min=  -7.68803e-19 at=  3.21273e-03
stdout shunt_current_peak  =  3.06368e+00 at=  2.50980e-02
stdout shunt_current_min   =  -1.11936e-23 at=  3.21206e-03
stdout secondary_rms       =  1.05756e-01 from=  1.00000e-01 to=  1.20000e-01
