stdout Note: No compatibility mode selected!
stdout Circuit: jlc-3 u20 loss_restart; engineering averaged controller, not ti vendor model
stdout Doing analysis at TEMP = 27.000000 and TNOM = 27.000000
stdout Using KLU as Direct Linear Solver
stdout Operating point simulation skipped by 'uic',
stdout now using transient initial conditions.
 Reference value :  3.38960e-04
 Reference value :  9.76257e-03
 Reference value :  1.92736e-02
 Reference value :  2.88416e-02
 Reference value :  3.86151e-02
 Reference value :  4.89581e-02
 Reference value :  5.97221e-02
 Reference value :  6.97371e-02
 Reference value :  7.86491e-02
 Reference value :  8.73906e-02
 Reference value :  9.71859e-02
 Reference value :  1.06772e-01
 Reference value :  1.16373e-01
stdout No. of Data Rows : 120305
stdout sim_end = 1.200000000000e-01
stdout output_peak         =  5.09513e+00 at=  9.02599e-02
stdout output_floor        =  0.00000e+00 at=  1.00000e-08
stdout settled_min         =  4.94281e+00 at=  1.20000e-01
stdout settled_max         =  4.94449e+00 at=  1.05001e-01
stdout step_min            =  6.26023e-29 at=  6.49991e-02
stdout step_max            =  4.94348e+00 at=  2.40006e-02
stdout input_min           =  8.21948e+00 at=  1.10722e-01
stdout inductor_average_peak=  7.99201e+00 at=  9.01249e-02
stdout inductor_average_min=  -7.68803e-19 at=  2.82273e-03
stdout shunt_current_peak  =  3.83182e+00 at=  9.02479e-02
stdout shunt_current_min   =  -5.09164e-22 at=  8.53571e-02
stdout secondary_rms       =  3.36489e+00 from=  1.00000e-01 to=  1.20000e-01
