stdout Note: No compatibility mode selected!
stdout Circuit: jlc-3 u20 loss_restart; engineering averaged controller, not ti vendor model
stdout Doing analysis at TEMP = 27.000000 and TNOM = 27.000000
stdout Using KLU as Direct Linear Solver
stdout Operating point simulation skipped by 'uic',
stdout now using transient initial conditions.
 Reference value :  7.58167e-03
 Reference value :  1.70037e-02
 Reference value :  2.63201e-02
 Reference value :  3.59371e-02
 Reference value :  4.56931e-02
 Reference value :  5.52968e-02
 Reference value :  6.52488e-02
 Reference value :  7.48668e-02
 Reference value :  8.41118e-02
 Reference value :  9.32919e-02
 Reference value :  1.02287e-01
 Reference value :  1.11261e-01
stdout No. of Data Rows : 120300
stdout sim_end = 1.200000000000e-01
stdout output_peak         =  5.09471e+00 at=  8.99019e-02
stdout output_floor        =  0.00000e+00 at=  1.00000e-08
stdout settled_min         =  4.94240e+00 at=  1.20000e-01
stdout settled_max         =  4.94390e+00 at=  1.05001e-01
stdout step_min            =  4.34671e-26 at=  6.49998e-02
stdout step_max            =  4.94327e+00 at=  2.40007e-02
stdout input_min           =  1.08923e+01 at=  1.13124e-01
stdout inductor_average_peak=  7.99201e+00 at=  8.97679e-02
stdout inductor_average_min=  -2.17558e-19 at=  8.49999e-02
stdout shunt_current_peak  =  3.83182e+00 at=  8.98899e-02
stdout shunt_current_min   =  -5.26722e-22 at=  8.49999e-02
stdout secondary_rms       =  3.04917e+00 from=  1.00000e-01 to=  1.20000e-01
