stdout Note: No compatibility mode selected!
stdout Circuit: jlc-3 u20 startup; engineering averaged controller, not ti vendor model
stdout Doing analysis at TEMP = 27.000000 and TNOM = 27.000000
stdout Using KLU as Direct Linear Solver
stdout Operating point simulation skipped by 'uic',
stdout now using transient initial conditions.
 Reference value :  5.31960e-04
 Reference value :  1.04617e-02
 Reference value :  1.95157e-02
 Reference value :  2.91487e-02
 Reference value :  3.87137e-02
 Reference value :  4.85917e-02
 Reference value :  5.78567e-02
 Reference value :  6.78417e-02
 Reference value :  7.77847e-02
 Reference value :  8.76737e-02
 Reference value :  9.76097e-02
 Reference value :  1.07473e-01
 Reference value :  1.17354e-01
stdout No. of Data Rows : 120044
stdout sim_end = 1.200000000000e-01
stdout output_peak         =  5.09458e+00 at=  7.56467e-03
stdout output_floor        =  0.00000e+00 at=  1.00000e-08
stdout settled_min         =  4.94226e+00 at=  1.19999e-01
stdout settled_max         =  4.94226e+00 at=  1.20000e-01
stdout step_min            =  4.94226e+00 at=  6.49997e-02
stdout step_max            =  4.94327e+00 at=  2.40007e-02
stdout input_min           =  1.09356e+01 at=  1.13142e-01
stdout inductor_average_peak=  7.99201e+00 at=  7.43067e-03
stdout inductor_average_min=  7.05807e-319 at=  2.59496e-03
stdout shunt_current_peak  =  3.83182e+00 at=  7.55267e-03
stdout shunt_current_min   =  0.00000e+00 at=  1.00000e-08
stdout secondary_rms       =  2.85956e+00 from=  1.00000e-01 to=  1.20000e-01
