stdout Note: No compatibility mode selected!
stdout Circuit: jlc-3 u20 startup; engineering averaged controller, not ti vendor model
stdout Doing analysis at TEMP = 27.000000 and TNOM = 27.000000
stdout Using KLU as Direct Linear Solver
stdout Operating point simulation skipped by 'uic',
stdout now using transient initial conditions.
 Reference value :  3.62411e-03
 Reference value :  1.33947e-02
 Reference value :  2.33177e-02
 Reference value :  3.27477e-02
 Reference value :  4.22707e-02
 Reference value :  5.11657e-02
 Reference value :  6.06857e-02
 Reference value :  7.04007e-02
 Reference value :  8.03777e-02
 Reference value :  9.05317e-02
 Reference value :  1.00857e-01
 Reference value :  1.10922e-01
stdout No. of Data Rows : 120113
stdout sim_end = 1.200000000000e-01
stdout output_peak         =  5.09460e+00 at=  8.11475e-03
stdout output_floor        =  0.00000e+00 at=  1.00000e-08
stdout settled_min         =  4.94229e+00 at=  1.19999e-01
stdout settled_max         =  4.94229e+00 at=  1.20000e-01
stdout step_min            =  4.94229e+00 at=  6.49997e-02
stdout step_max            =  4.94348e+00 at=  2.40007e-02
stdout input_min           =  8.05055e+00 at=  1.12799e-01
stdout inductor_average_peak=  7.99201e+00 at=  7.98075e-03
stdout inductor_average_min=  -7.68803e-19 at=  3.21273e-03
stdout shunt_current_peak  =  3.83182e+00 at=  8.10275e-03
stdout shunt_current_min   =  -5.09164e-22 at=  3.21206e-03
stdout secondary_rms       =  3.44768e+00 from=  1.00000e-01 to=  1.20000e-01
