stdout Note: No compatibility mode selected!
stdout Circuit: jlc-3 u20 load_step; engineering averaged controller, not ti vendor model
stdout Doing analysis at TEMP = 27.000000 and TNOM = 27.000000
stdout Using KLU as Direct Linear Solver
stdout Operating point simulation skipped by 'uic',
stdout now using transient initial conditions.
 Reference value :  8.46649e-03
 Reference value :  1.82815e-02
 Reference value :  2.81038e-02
 Reference value :  3.78448e-02
 Reference value :  4.72938e-02
 Reference value :  5.66796e-02
 Reference value :  6.63336e-02
 Reference value :  7.61086e-02
 Reference value :  8.55976e-02
 Reference value :  9.50926e-02
 Reference value :  1.04774e-01
 Reference value :  1.14162e-01
stdout No. of Data Rows : 120092
stdout sim_end = 1.200000000000e-01
stdout output_peak         =  5.03953e+00 at=  5.50358e-02
stdout output_floor        =  0.00000e+00 at=  1.00000e-08
stdout settled_min         =  4.94232e+00 at=  1.20000e-01
stdout settled_max         =  4.94232e+00 at=  1.05001e-01
stdout step_min            =  4.84516e+00 at=  2.50348e-02
stdout step_max            =  5.03953e+00 at=  5.50358e-02
stdout input_min           =  1.05527e+01 at=  1.11793e-01
stdout inductor_average_peak=  3.06754e+00 at=  2.50978e-02
stdout inductor_average_min=  -7.68803e-19 at=  2.82273e-03
stdout shunt_current_peak  =  3.06368e+00 at=  2.50978e-02
stdout shunt_current_min   =  -1.13802e-23 at=  2.82206e-03
stdout secondary_rms       =  1.00448e-01 from=  1.00000e-01 to=  1.20000e-01
