stdout Note: No compatibility mode selected!
stdout Circuit: jlc-3 u20 loss_restart; engineering averaged controller, not ti vendor model
stdout Doing analysis at TEMP = 27.000000 and TNOM = 27.000000
stdout Using KLU as Direct Linear Solver
stdout Operating point simulation skipped by 'uic',
stdout now using transient initial conditions.
 Reference value :  3.21282e-03
 Reference value :  1.24797e-02
 Reference value :  2.20857e-02
 Reference value :  3.16234e-02
 Reference value :  4.10699e-02
 Reference value :  5.15309e-02
 Reference value :  6.17229e-02
 Reference value :  7.18999e-02
 Reference value :  8.04409e-02
 Reference value :  8.97762e-02
 Reference value :  9.92752e-02
 Reference value :  1.08770e-01
 Reference value :  1.18229e-01
stdout No. of Data Rows : 120279
stdout sim_end = 1.200000000000e-01
stdout output_peak         =  5.09510e+00 at=  8.99022e-02
stdout output_floor        =  -2.64119e-122 at=  8.50003e-02
stdout settled_min         =  4.94279e+00 at=  1.20000e-01
stdout settled_max         =  4.94429e+00 at=  1.05000e-01
stdout step_min            =  4.07368e-28 at=  6.49999e-02
stdout step_max            =  4.94348e+00 at=  2.40007e-02
stdout input_min           =  8.03327e+00 at=  1.12791e-01
stdout inductor_average_peak=  7.99201e+00 at=  8.97682e-02
stdout inductor_average_min=  -7.68803e-19 at=  3.21273e-03
stdout shunt_current_peak  =  3.83182e+00 at=  8.98912e-02
stdout shunt_current_min   =  -5.09164e-22 at=  3.21206e-03
stdout secondary_rms       =  3.53894e+00 from=  1.00000e-01 to=  1.20000e-01
