stdout Note: No compatibility mode selected!
stdout Circuit: jlc-3 u20 prebiased; engineering averaged controller, not ti vendor model
stdout Doing analysis at TEMP = 27.000000 and TNOM = 27.000000
stdout Using KLU as Direct Linear Solver
stdout Operating point simulation skipped by 'uic',
stdout now using transient initial conditions.
 Reference value :  5.44496e-03
 Reference value :  1.52170e-02
 Reference value :  2.52727e-02
 Reference value :  3.37286e-02
 Reference value :  4.35336e-02
 Reference value :  5.33206e-02
 Reference value :  6.32166e-02
 Reference value :  7.30086e-02
 Reference value :  8.26756e-02
 Reference value :  9.23566e-02
 Reference value :  1.02173e-01
 Reference value :  1.11684e-01
stdout No. of Data Rows : 120047
stdout sim_end = 1.200000000000e-01
stdout output_peak         =  4.99979e+00 at=  1.00000e-08
stdout output_floor        =  4.21948e+00 at=  3.04110e-02
stdout settled_min         =  4.94247e+00 at=  1.07698e-01
stdout settled_max         =  4.94247e+00 at=  1.05001e-01
stdout step_min            =  4.21948e+00 at=  3.04110e-02
stdout step_max            =  4.94788e+00 at=  3.10096e-02
stdout input_min           =  1.31222e+01 at=  1.11876e-01
stdout inductor_average_peak=  1.13750e+00 at=  3.05436e-02
stdout inductor_average_min=  0.00000e+00 at=  3.04084e-02
stdout shunt_current_peak  =  1.12245e+00 at=  3.05446e-02
stdout shunt_current_min   =  2.23076e-04 at=  2.96000e-06
stdout secondary_rms       =  7.36633e-02 from=  1.00000e-01 to=  1.20000e-01
