stdout Note: No compatibility mode selected!
stdout Circuit: jlc-3 u20 startup; engineering averaged controller, not ti vendor model
stdout Doing analysis at TEMP = 27.000000 and TNOM = 27.000000
stdout Using KLU as Direct Linear Solver
stdout Operating point simulation skipped by 'uic',
stdout now using transient initial conditions.
 Reference value :  6.82257e-03
 Reference value :  1.71606e-02
 Reference value :  2.72396e-02
 Reference value :  3.74666e-02
 Reference value :  4.76396e-02
 Reference value :  5.77186e-02
 Reference value :  6.79496e-02
 Reference value :  7.81066e-02
 Reference value :  8.80716e-02
 Reference value :  9.81486e-02
 Reference value :  1.08417e-01
 Reference value :  1.18691e-01
stdout No. of Data Rows : 120075
stdout sim_end = 1.200000000000e-01
stdout output_peak         =  5.09474e+00 at=  7.72457e-03
stdout output_floor        =  0.00000e+00 at=  1.00000e-08
stdout settled_min         =  4.94242e+00 at=  1.20000e-01
stdout settled_max         =  4.94242e+00 at=  1.19999e-01
stdout step_min            =  4.94242e+00 at=  6.49996e-02
stdout step_max            =  4.94348e+00 at=  2.40006e-02
stdout input_min           =  8.23053e+00 at=  1.19060e-01
stdout inductor_average_peak=  7.99201e+00 at=  7.59057e-03
stdout inductor_average_min=  -7.68803e-19 at=  2.82273e-03
stdout shunt_current_peak  =  3.83182e+00 at=  7.71257e-03
stdout shunt_current_min   =  -5.09164e-22 at=  2.82206e-03
stdout secondary_rms       =  3.32344e+00 from=  1.00000e-01 to=  1.20000e-01
