stdout Note: No compatibility mode selected!
stdout Circuit: jlc-3 u20 prebiased; engineering averaged controller, not ti vendor model
stdout Doing analysis at TEMP = 27.000000 and TNOM = 27.000000
stdout Using KLU as Direct Linear Solver
stdout Operating point simulation skipped by 'uic',
stdout now using transient initial conditions.
 Reference value :  6.44960e-04
 Reference value :  1.10110e-02
 Reference value :  2.11580e-02
 Reference value :  3.00247e-02
 Reference value :  3.97327e-02
 Reference value :  4.93257e-02
 Reference value :  5.91377e-02
 Reference value :  6.90907e-02
 Reference value :  7.89887e-02
 Reference value :  8.88897e-02
 Reference value :  9.84137e-02
 Reference value :  1.08246e-01
 Reference value :  1.17594e-01
stdout No. of Data Rows : 120109
stdout sim_end = 1.200000000000e-01
stdout output_peak         =  4.99979e+00 at=  1.00000e-08
stdout output_floor        =  4.25432e+00 at=  2.90498e-02
stdout settled_min         =  4.94233e+00 at=  1.05827e-01
stdout settled_max         =  4.94233e+00 at=  1.05024e-01
stdout step_min            =  4.25432e+00 at=  2.90498e-02
stdout step_max            =  4.94751e+00 at=  2.96227e-02
stdout input_min           =  1.05926e+01 at=  1.14208e-01
stdout inductor_average_peak=  1.13751e+00 at=  2.91827e-02
stdout inductor_average_min=  7.05807e-319 at=  2.59496e-03
stdout shunt_current_peak  =  1.12245e+00 at=  2.91827e-02
stdout shunt_current_min   =  2.23076e-04 at=  2.96000e-06
stdout secondary_rms       =  7.57884e-02 from=  1.00000e-01 to=  1.20000e-01
