stdout Note: No compatibility mode selected!
stdout Circuit: jlc-3 u20 prebiased; engineering averaged controller, not ti vendor model
stdout Doing analysis at TEMP = 27.000000 and TNOM = 27.000000
stdout Using KLU as Direct Linear Solver
stdout Operating point simulation skipped by 'uic',
stdout now using transient initial conditions.
 Reference value :  7.20496e-03
 Reference value :  1.73160e-02
 Reference value :  2.54994e-02
 Reference value :  3.29394e-02
 Reference value :  4.23214e-02
 Reference value :  5.16684e-02
 Reference value :  6.10764e-02
 Reference value :  6.97474e-02
 Reference value :  7.88224e-02
 Reference value :  8.81204e-02
 Reference value :  9.76114e-02
 Reference value :  1.06994e-01
 Reference value :  1.16392e-01
stdout No. of Data Rows : 120067
stdout sim_end = 1.200000000000e-01
stdout output_peak         =  4.99979e+00 at=  1.00000e-08
stdout output_floor        =  4.26514e+00 at=  2.86269e-02
stdout settled_min         =  4.94279e+00 at=  1.20000e-01
stdout settled_max         =  4.94279e+00 at=  1.05030e-01
stdout step_min            =  4.26514e+00 at=  2.86269e-02
stdout step_max            =  4.94790e+00 at=  2.91924e-02
stdout input_min           =  1.31217e+01 at=  1.14259e-01
stdout inductor_average_peak=  1.13751e+00 at=  2.87595e-02
stdout inductor_average_min=  0.00000e+00 at=  2.86244e-02
stdout shunt_current_peak  =  1.12246e+00 at=  2.87605e-02
stdout shunt_current_min   =  2.23076e-04 at=  2.96000e-06
stdout secondary_rms       =  8.05758e-02 from=  1.00000e-01 to=  1.20000e-01
