stdout Note: No compatibility mode selected!
stdout Circuit: jlc-3 u20 load_step; engineering averaged controller, not ti vendor model
stdout Doing analysis at TEMP = 27.000000 and TNOM = 27.000000
stdout Using KLU as Direct Linear Solver
stdout Operating point simulation skipped by 'uic',
stdout now using transient initial conditions.
 Reference value :  3.16491e-03
 Reference value :  1.23314e-02
 Reference value :  2.19294e-02
 Reference value :  3.14389e-02
 Reference value :  4.09299e-02
 Reference value :  5.03489e-02
 Reference value :  5.95507e-02
 Reference value :  6.86217e-02
 Reference value :  7.77457e-02
 Reference value :  8.68357e-02
 Reference value :  9.58897e-02
 Reference value :  1.05152e-01
 Reference value :  1.14282e-01
stdout No. of Data Rows : 120147
stdout sim_end = 1.200000000000e-01
stdout output_peak         =  5.03954e+00 at=  5.50359e-02
stdout output_floor        =  0.00000e+00 at=  1.00000e-08
stdout settled_min         =  4.94233e+00 at=  1.20000e-01
stdout settled_max         =  4.94233e+00 at=  1.05001e-01
stdout step_min            =  4.84517e+00 at=  2.50349e-02
stdout step_max            =  5.03954e+00 at=  5.50359e-02
stdout input_min           =  1.30810e+01 at=  1.11841e-01
stdout inductor_average_peak=  3.06755e+00 at=  2.50979e-02
stdout inductor_average_min=  -7.04727e-19 at=  2.33469e-03
stdout shunt_current_peak  =  3.06368e+00 at=  2.50979e-02
stdout shunt_current_min   =  -1.13802e-23 at=  2.33406e-03
stdout secondary_rms       =  1.05394e-01 from=  1.00000e-01 to=  1.20000e-01
