stdout Note: No compatibility mode selected!
stdout Circuit: jlc-3 u20 startup; engineering averaged controller, not ti vendor model
stdout Doing analysis at TEMP = 27.000000 and TNOM = 27.000000
stdout Using KLU as Direct Linear Solver
stdout Operating point simulation skipped by 'uic',
stdout now using transient initial conditions.
 Reference value :  8.57469e-03
 Reference value :  1.85407e-02
 Reference value :  2.85087e-02
 Reference value :  3.87417e-02
 Reference value :  4.87177e-02
 Reference value :  5.84267e-02
 Reference value :  6.80477e-02
 Reference value :  7.74957e-02
 Reference value :  8.70027e-02
 Reference value :  9.72157e-02
 Reference value :  1.07430e-01
 Reference value :  1.17486e-01
stdout No. of Data Rows : 120135
stdout sim_end = 1.200000000000e-01
stdout output_peak         =  5.09446e+00 at=  7.23669e-03
stdout output_floor        =  0.00000e+00 at=  1.00000e-08
stdout settled_min         =  4.94214e+00 at=  1.20000e-01
stdout settled_max         =  4.94214e+00 at=  1.19999e-01
stdout step_min            =  4.94214e+00 at=  6.49997e-02
stdout step_max            =  4.94306e+00 at=  2.40007e-02
stdout input_min           =  1.10768e+01 at=  1.19330e-01
stdout inductor_average_peak=  7.99201e+00 at=  7.10169e-03
stdout inductor_average_min=  -7.04727e-19 at=  2.33469e-03
stdout shunt_current_peak  =  3.83182e+00 at=  7.22469e-03
stdout shunt_current_min   =  -5.09164e-22 at=  2.33406e-03
stdout secondary_rms       =  2.70026e+00 from=  1.00000e-01 to=  1.20000e-01
