stdout Note: No compatibility mode selected!
stdout Circuit: rom raw-write replay channel 1; bus.csv
stdout Doing analysis at TEMP = 27.000000 and TNOM = 27.000000
stdout Using KLU as Direct Linear Solver
stdout Initial Transient Solution
stdout --------------------------
stdout Node                                   Voltage
stdout ----                                   -------
stdout rail                                        86
stdout cmd                                          0
stdout gateinput                                    0
stdout gate                                         0
stdout drain                                       86
stdout drainq                                      86
stdout coil                                        86
stdout diode                                       86
stdout lcoil#branch                      -1.17158e-09
stdout vdiode#branch                     -2.88952e-13
stdout vsense#branch                      1.17187e-09
stdout vcmd#branch                                  0
stdout vrail#branch                      -1.17159e-09
 Reference value :  0.00000e+00
 Reference value :  3.32233e-02
 Reference value :  6.66258e-02
 Reference value :  9.98945e-02
 Reference value :  1.33238e-01
 Reference value :  1.66428e-01
 Reference value :  1.99997e-01
stdout No. of Data Rows : 162494
stderr doAnalyses: TRAN:  Timestep too small; time = 0.202363, timestep = 6.8377e-18: trouble with node "gateinput"
stderr run simulation(s) aborted
stdout sim_end = 2.023632900652e-01
stdout vds_peak            =  8.81086e+01 at=  2.02363e-01
stdout vgs_peak            =  4.47539e+00 at=  2.00007e-01
stdout p_avg               =  1.00650e+00 from=  2.00000e-01 to=  2.02363e-01
stdout id_avg              =  1.28798e+00 from=  2.00000e-01 to=  2.02363e-01
stdout id_terminal_avg     =  1.29615e+00 from=  2.00000e-01 to=  2.02363e-01
stdout i_peak              =  1.07752e+08 at=  2.02363e-01
stdout coil_peak           =  1.08671e+01 at=  2.02066e-01
stdout tj_repeating = 1.124028140000e+02
