stdout Note: No compatibility mode selected!
stdout Circuit: bridge rectifier conduction loss and junction temperature (docs/thermal_and_protection.md sections 1 and 8).  br1 (+18v), br4 (+20v), br2 (+5v raw) and br5 (+12v power) are discrete bridges of four st stps20m100s 100 v / 20 a d2pak schottky diodes (ds6169 rev 5) since the 2026-09-07 review; br3 (+50v) stays a gbpc3510w block under a boyd 6224bg basket (9.4 c/w). each rail is rectified with the real winding, the diode model and its filter, then loaded with (a) the sustained design load, (b) the everything-on / fuse-limit load. per case: dc output current (average of |i_leg|), leg rms current, the model dissipation of the whole bridge (ac-side minus dc-side power) and, for the schottky bridges, the per-diode loss from the datasheet equation p = 0.425 if(av) + 0.0088 if(rms)^2 with if(av) = iavg/2 and if(rms) = irms/sqrt(2) (each diode conducts every other half-cycle), the required rth(j-a) for tj <= 110 c at 50 c ambient and the tj on the copper area assumed per diode (st figure 9, d2pak on 35 um fr4: 70 / 55 / 46 / 39 / 35 / 31 / 30 c/w at 0.5 / 1 / 2 / 5 / 10 / 20 / 40 cm2; 2 oz outer copper taken as 10 % better): br1 diodes 15 cm2 each (33 c/w x 0.9 = 29.7 c/w; the 2.5 ohm all-lamps load draws 6.4 a from the higher schottky rail), br4 4 cm2 (36 c/w), br2 / br5 2 cm2 (41 c/w). br3: p = 2 (0.80 iavg + 0.017 irms^2) (gbpc35 max vf), rth(j-a) = 1.4 + 0.5 + 9.4 x 1.05 = 11.8 c/w, tj <= 125 c
stdout Doing analysis at TEMP = 27.000000 and TNOM = 27.000000
stdout Using SPARSE 1.3 as Direct Linear Solver
stdout Operating point simulation skipped by 'uic',
stdout now using transient initial conditions.
 Reference value :  2.35713e-02
 Reference value :  1.57640e-01
 Reference value :  2.91014e-01
stdout No. of Data Rows : 15061
stdout iavg_18a            =  6.59778e+00 from=  2.40000e-01 to=  3.00000e-01
stdout irms_18a            =  1.18460e+01 from=  2.40000e-01 to=  3.00000e-01
stdout pin_18a             =  1.04798e+02 from=  2.40000e-01 to=  3.00000e-01
stdout pout_18a            =  9.75242e+01 from=  2.40000e-01 to=  3.00000e-01
stdout vdc_18a             =  1.47568e+01 from=  2.40000e-01 to=  3.00000e-01
stdout pmodel_18a = 7.273490e+00
stdout pd_18a = 1.632833e+00
stdout pds_18a = 6.531332e+00
stdout rthreq_18a = 3.674595e+01
stdout tj_18a = 9.849514e+01
stdout iavg_18b            =  3.00026e+00 from=  2.40000e-01 to=  3.00000e-01
stdout irms_18b            =  6.14716e+00 from=  2.40000e-01 to=  3.00000e-01
stdout pin_18b             =  5.13020e+01 from=  2.40000e-01 to=  3.00000e-01
stdout pout_18b            =  4.82780e+01 from=  2.40000e-01 to=  3.00000e-01
stdout vdc_18b             =  1.60913e+01 from=  2.40000e-01 to=  3.00000e-01
stdout pmodel_18b = 3.023990e+00
stdout pd_18b = 6.813514e-01
stdout pds_18b = 2.725406e+00
stdout rthreq_18b = 8.806029e+01
stdout tj_18b = 7.023614e+01
stdout iavg_18c            =  8.00067e+00 from=  2.40000e-01 to=  3.00000e-01
stdout irms_18c            =  1.39210e+01 from=  2.40000e-01 to=  3.00000e-01
stdout pin_18c             =  1.23762e+02 from=  2.40000e-01 to=  3.00000e-01
stdout pout_18c            =  1.14706e+02 from=  2.40000e-01 to=  3.00000e-01
stdout vdc_18c             =  1.43371e+01 from=  2.40000e-01 to=  3.00000e-01
stdout pmodel_18c = 9.056200e+00
stdout pd_18c = 2.035549e+00
stdout pds_18c = 8.142198e+00
stdout rthreq_18c = 2.947607e+01
stdout tj_18c = 1.104558e+02
stdout iavg_20a            =  2.50021e+00 from=  2.40000e-01 to=  3.00000e-01
stdout irms_20a            =  5.40480e+00 from=  2.40000e-01 to=  3.00000e-01
stdout pin_20a             =  5.21757e+01 from=  2.40000e-01 to=  3.00000e-01
stdout pout_20a            =  4.96835e+01 from=  2.40000e-01 to=  3.00000e-01
stdout vdc_20a             =  1.98717e+01 from=  2.40000e-01 to=  3.00000e-01
stdout pmodel_20a = 2.492210e+00
stdout pd_20a = 5.624403e-01
stdout pds_20a = 2.249761e+00
stdout rthreq_20a = 1.066780e+02
stdout tj_20a = 7.024785e+01
stdout iavg_20b            =  5.00042e+00 from=  2.40000e-01 to=  3.00000e-01
stdout irms_20b            =  9.59941e+00 from=  2.40000e-01 to=  3.00000e-01
stdout pin_20b             =  9.87179e+01 from=  2.40000e-01 to=  3.00000e-01
stdout pout_20b            =  9.33529e+01 from=  2.40000e-01 to=  3.00000e-01
stdout vdc_20b             =  1.86690e+01 from=  2.40000e-01 to=  3.00000e-01
stdout pmodel_20b = 5.364950e+00
stdout pd_20b = 1.204133e+00
stdout pds_20b = 4.816532e+00
stdout rthreq_20b = 4.982839e+01
stdout tj_20b = 9.334879e+01
stdout iavg_50a            =  3.00839e+00 from=  2.40000e-01 to=  3.00000e-01
stdout irms_50a            =  5.14487e+00 from=  2.40000e-01 to=  3.00000e-01
stdout pin_50a             =  1.77569e+02 from=  2.40000e-01 to=  3.00000e-01
stdout pout_50a            =  1.68870e+02 from=  2.40000e-01 to=  3.00000e-01
stdout vdc_50a             =  5.61330e+01 from=  2.40000e-01 to=  3.00000e-01
stdout pmodel_50a = 8.698500e+00
stdout pds_50a = 5.713399e+00
stdout tj_50a = 1.174181e+02
stdout iavg_50b            =  7.00681e+00 from=  2.40000e-01 to=  3.00000e-01
stdout irms_50b            =  1.03704e+01 from=  2.40000e-01 to=  3.00000e-01
stdout pin_50b             =  3.41644e+02 from=  2.40000e-01 to=  3.00000e-01
stdout pout_50b            =  3.16352e+02 from=  2.40000e-01 to=  3.00000e-01
stdout vdc_50b             =  4.51492e+01 from=  2.40000e-01 to=  3.00000e-01
stdout pmodel_50b = 2.529180e+01
stdout pds_50b = 1.486746e+01
stdout tj_50b = 2.254360e+02
stdout iavg_5a             =  1.66129e+00 from=  2.40000e-01 to=  3.00000e-01
stdout irms_5a             =  3.46550e+00 from=  2.40000e-01 to=  3.00000e-01
stdout pin_5a              =  1.92881e+01 from=  2.40000e-01 to=  3.00000e-01
stdout pout_5a             =  1.77321e+01 from=  2.40000e-01 to=  3.00000e-01
stdout vdc_5a              =  1.06870e+01 from=  2.40000e-01 to=  3.00000e-01
stdout pmodel_5a = 1.556050e+00
stdout pd_5a = 3.563275e-01
stdout pds_5a = 1.425310e+00
stdout rthreq_5a = 1.683844e+02
stdout tj_5a = 6.460943e+01
stdout iavg_5b             =  1.30596e+00 from=  2.40000e-01 to=  3.00000e-01
stdout irms_5b             =  2.83090e+00 from=  2.40000e-01 to=  3.00000e-01
stdout pin_5b              =  1.53914e+01 from=  2.40000e-01 to=  3.00000e-01
stdout pout_5b             =  1.41908e+01 from=  2.40000e-01 to=  3.00000e-01
stdout vdc_5b              =  1.08746e+01 from=  2.40000e-01 to=  3.00000e-01
stdout pmodel_5b = 1.200670e+00
stdout pd_5b = 2.767608e-01
stdout pds_5b = 1.107043e+00
stdout rthreq_5b = 2.167937e+02
stdout tj_5b = 6.134719e+01
stdout iavg_12a            =  2.50021e+00 from=  2.40000e-01 to=  3.00000e-01
stdout irms_12a            =  4.05578e+00 from=  2.40000e-01 to=  3.00000e-01
stdout pin_12a             =  3.35038e+01 from=  2.40000e-01 to=  3.00000e-01
stdout pout_12a            =  3.11859e+01 from=  2.40000e-01 to=  3.00000e-01
stdout vdc_12a             =  1.24733e+01 from=  2.40000e-01 to=  3.00000e-01
stdout pmodel_12a = 2.317950e+00
stdout pd_12a = 5.324482e-01
stdout pds_12a = 2.129793e+00
stdout rthreq_12a = 1.126870e+02
stdout tj_12a = 7.183038e+01
stdout iavg_12b            =  3.00026e+00 from=  2.40000e-01 to=  3.00000e-01
stdout irms_12b            =  4.71902e+00 from=  2.40000e-01 to=  3.00000e-01
stdout pin_12b             =  3.85680e+01 from=  2.40000e-01 to=  3.00000e-01
stdout pout_12b            =  3.57475e+01 from=  2.40000e-01 to=  3.00000e-01
stdout vdc_12b             =  1.19148e+01 from=  2.40000e-01 to=  3.00000e-01
stdout pmodel_12b = 2.820460e+00
stdout pd_12b = 6.448829e-01
stdout pds_12b = 2.579532e+00
stdout rthreq_12b = 9.304014e+01
stdout tj_12b = 7.644020e+01
stdout vr_18a              =  1.62932e+01 at=  1.36084e-01
stdout vr_20a              =  2.21412e+01 at=  5.51071e-02
stdout vr_5a               =  1.16910e+01 at=  2.35713e-01
stdout vr_12b              =  1.63788e+01 at=  5.57071e-02
