stdout Note: No compatibility mode selected!
stdout Circuit: bridge rectifier conduction loss and junction temperature (docs/thermal_and_protection.md sections 1 and 8).  br1 (+18v), br4 (+20v), br2 (+5v raw) and br5 (+12v power) are discrete bridges of four st stps20m100s 100 v / 20 a d2pak schottky diodes (ds6169 rev 5) since the 2026-09-07 review; br3 (+50v) stays a gbpc3510w block under a boyd 6224bg basket (9.4 c/w). each rail is rectified with the real winding, the diode model and its filter, then loaded with (a) the sustained design load, (b) the everything-on / fuse-limit load. per case: dc output current (average of |i_leg|), leg rms current, the model dissipation of the whole bridge (ac-side minus dc-side power) and, for the schottky bridges, the per-diode loss from the datasheet equation p = 0.425 if(av) + 0.0088 if(rms)^2 with if(av) = iavg/2 and if(rms) = irms/sqrt(2) (each diode conducts every other half-cycle), the required rth(j-a) for tj <= 110 c at 50 c ambient and the tj on the copper area assumed per diode (st figure 9, d2pak on 35 um fr4: 70 / 55 / 46 / 39 / 35 / 31 / 30 c/w at 0.5 / 1 / 2 / 5 / 10 / 20 / 40 cm2; 2 oz outer copper taken as 10 % better): br1 diodes 15 cm2 each (33 c/w x 0.9 = 29.7 c/w; the 2.5 ohm all-lamps load draws 6.4 a from the higher schottky rail), br4 4 cm2 (36 c/w), br2 / br5 2 cm2 (41 c/w). br3: p = 2 (0.80 iavg + 0.017 irms^2) (gbpc35 max vf), rth(j-a) = 1.4 + 0.5 + 9.4 x 1.05 = 11.8 c/w, tj <= 125 c
stdout Doing analysis at TEMP = 27.000000 and TNOM = 27.000000
stdout Using SPARSE 1.3 as Direct Linear Solver
stdout Operating point simulation skipped by 'uic',
stdout now using transient initial conditions.
 Reference value :  1.10903e-01
 Reference value :  2.44706e-01
stdout No. of Data Rows : 15041
stdout iavg_18a            =  7.16685e+00 from=  2.40000e-01 to=  3.00000e-01
stdout irms_18a            =  1.29035e+01 from=  2.40000e-01 to=  3.00000e-01
stdout pin_18a             =  1.25404e+02 from=  2.40000e-01 to=  3.00000e-01
stdout pout_18a            =  1.17362e+02 from=  2.40000e-01 to=  3.00000e-01
stdout vdc_18a             =  1.63482e+01 from=  2.40000e-01 to=  3.00000e-01
stdout pmodel_18a = 8.042300e+00
stdout pd_18a = 1.806730e+00
stdout pds_18a = 7.226919e+00
stdout rthreq_18a = 3.320917e+01
stdout tj_18a = 1.036599e+02
stdout iavg_18b            =  3.00030e+00 from=  2.40000e-01 to=  3.00000e-01
stdout irms_18b            =  6.25045e+00 from=  2.40000e-01 to=  3.00000e-01
stdout pin_18b             =  5.67839e+01 from=  2.40000e-01 to=  3.00000e-01
stdout pout_18b            =  5.37447e+01 from=  2.40000e-01 to=  3.00000e-01
stdout vdc_18b             =  1.79131e+01 from=  2.40000e-01 to=  3.00000e-01
stdout pmodel_18b = 3.039240e+00
stdout pd_18b = 6.843700e-01
stdout pds_18b = 2.737480e+00
stdout rthreq_18b = 8.767188e+01
stdout tj_18b = 7.032579e+01
stdout iavg_18c            =  8.00080e+00 from=  2.40000e-01 to=  3.00000e-01
stdout irms_18c            =  1.41579e+01 from=  2.40000e-01 to=  3.00000e-01
stdout pin_18c             =  1.37972e+02 from=  2.40000e-01 to=  3.00000e-01
stdout pout_18c            =  1.28850e+02 from=  2.40000e-01 to=  3.00000e-01
stdout vdc_18c             =  1.61046e+01 from=  2.40000e-01 to=  3.00000e-01
stdout pmodel_18c = 9.121700e+00
stdout pd_18c = 2.051204e+00
stdout pds_18c = 8.204816e+00
stdout rthreq_18c = 2.925111e+01
stdout tj_18c = 1.109208e+02
stdout iavg_20a            =  2.50025e+00 from=  2.40000e-01 to=  3.00000e-01
stdout irms_20a            =  5.49805e+00 from=  2.40000e-01 to=  3.00000e-01
stdout pin_20a             =  5.77054e+01 from=  2.40000e-01 to=  3.00000e-01
stdout pout_20a            =  5.52008e+01 from=  2.40000e-01 to=  3.00000e-01
stdout vdc_20a             =  2.20781e+01 from=  2.40000e-01 to=  3.00000e-01
stdout pmodel_20a = 2.504660e+00
stdout pd_20a = 5.648371e-01
stdout pds_20a = 2.259349e+00
stdout rthreq_20a = 1.062253e+02
stdout tj_20a = 7.033414e+01
stdout iavg_20b            =  5.00050e+00 from=  2.40000e-01 to=  3.00000e-01
stdout irms_20b            =  9.76872e+00 from=  2.40000e-01 to=  3.00000e-01
stdout pin_20b             =  1.09623e+02 from=  2.40000e-01 to=  3.00000e-01
stdout pout_20b            =  1.04223e+02 from=  2.40000e-01 to=  3.00000e-01
stdout vdc_20b             =  2.08426e+01 from=  2.40000e-01 to=  3.00000e-01
stdout pmodel_20b = 5.399600e+00
stdout pd_20b = 1.211855e+00
stdout pds_20b = 4.847418e+00
stdout rthreq_20b = 4.951089e+01
stdout tj_20b = 9.362676e+01
stdout iavg_50a            =  3.00980e+00 from=  2.40000e-01 to=  3.00000e-01
stdout irms_50a            =  5.23107e+00 from=  2.40000e-01 to=  3.00000e-01
stdout pin_50a             =  1.98153e+02 from=  2.40000e-01 to=  3.00000e-01
stdout pout_50a            =  1.89387e+02 from=  2.40000e-01 to=  3.00000e-01
stdout vdc_50a             =  6.29233e+01 from=  2.40000e-01 to=  3.00000e-01
stdout pmodel_50a = 8.766300e+00
stdout pds_50a = 5.746051e+00
stdout tj_50a = 1.178034e+02
stdout iavg_50b            =  7.01046e+00 from=  2.40000e-01 to=  3.00000e-01
stdout irms_50b            =  1.05456e+01 from=  2.40000e-01 to=  3.00000e-01
stdout pin_50b             =  3.87079e+02 from=  2.40000e-01 to=  3.00000e-01
stdout pout_50b            =  3.61536e+02 from=  2.40000e-01 to=  3.00000e-01
stdout vdc_50b             =  5.15709e+01 from=  2.40000e-01 to=  3.00000e-01
stdout pmodel_50b = 2.554280e+01
stdout pds_50b = 1.499787e+01
stdout tj_50b = 2.269749e+02
stdout iavg_5a             =  1.47645e+00 from=  2.40000e-01 to=  3.00000e-01
stdout irms_5a             =  3.19320e+00 from=  2.40000e-01 to=  3.00000e-01
stdout pin_5a              =  1.91080e+01 from=  2.40000e-01 to=  3.00000e-01
stdout pout_5a             =  1.77324e+01 from=  2.40000e-01 to=  3.00000e-01
stdout vdc_5a              =  1.20198e+01 from=  2.40000e-01 to=  3.00000e-01
stdout pmodel_5a = 1.375620e+00
stdout pd_5a = 3.155617e-01
stdout pds_5a = 1.262247e+00
stdout rthreq_5a = 1.901371e+02
stdout tj_5a = 6.293803e+01
stdout iavg_5b             =  1.16418e+00 from=  2.40000e-01 to=  3.00000e-01
stdout irms_5b             =  2.61425e+00 from=  2.40000e-01 to=  3.00000e-01
stdout pin_5b              =  1.52561e+01 from=  2.40000e-01 to=  3.00000e-01
stdout pout_5b             =  1.41910e+01 from=  2.40000e-01 to=  3.00000e-01
stdout vdc_5b              =  1.21959e+01 from=  2.40000e-01 to=  3.00000e-01
stdout pmodel_5b = 1.065140e+00
stdout pd_5b = 2.459854e-01
stdout pds_5b = 9.839415e-01
stdout rthreq_5b = 2.439169e+02
stdout tj_5b = 6.008540e+01
stdout iavg_12a            =  2.50025e+00 from=  2.40000e-01 to=  3.00000e-01
stdout irms_12a            =  4.12355e+00 from=  2.40000e-01 to=  3.00000e-01
stdout pin_12a             =  3.75662e+01 from=  2.40000e-01 to=  3.00000e-01
stdout pout_12a            =  3.52395e+01 from=  2.40000e-01 to=  3.00000e-01
stdout vdc_12a             =  1.40944e+01 from=  2.40000e-01 to=  3.00000e-01
stdout pmodel_12a = 2.326730e+00
stdout pd_12a = 5.337584e-01
stdout pds_12a = 2.135034e+00
stdout rthreq_12a = 1.124104e+02
stdout tj_12a = 7.188409e+01
stdout iavg_12b            =  3.00030e+00 from=  2.40000e-01 to=  3.00000e-01
stdout irms_12b            =  4.79813e+00 from=  2.40000e-01 to=  3.00000e-01
stdout pin_12b             =  4.33878e+01 from=  2.40000e-01 to=  3.00000e-01
stdout pout_12b            =  4.05561e+01 from=  2.40000e-01 to=  3.00000e-01
stdout vdc_12b             =  1.35173e+01 from=  2.40000e-01 to=  3.00000e-01
stdout pmodel_12b = 2.831670e+00
stdout pd_12b = 6.466614e-01
stdout pds_12b = 2.586645e+00
stdout rthreq_12b = 9.278427e+01
stdout tj_12b = 7.651312e+01
stdout vr_18a              =  1.79848e+01 at=  1.56081e-01
stdout vr_20a              =  2.43919e+01 at=  5.50928e-02
stdout vr_5a               =  1.29718e+01 at=  1.55681e-01
stdout vr_12b              =  1.80559e+01 at=  5.57328e-02
