stdout Note: No compatibility mode selected!
stdout Circuit: bridge rectifier conduction loss and junction temperature (docs/thermal_and_protection.md sections 1 and 8).  br1 (+18v), br4 (+20v), br2 (+5v raw) and br5 (+12v power) are discrete bridges of four st stps20m100s 100 v / 20 a d2pak schottky diodes (ds6169 rev 5) since the 2026-09-07 review; br3 (+50v) stays a gbpc3510w block under a boyd 6224bg basket (9.4 c/w). each rail is rectified with the real winding, the diode model and its filter, then loaded with (a) the sustained design load, (b) the everything-on / fuse-limit load. per case: dc output current (average of |i_leg|), leg rms current, the model dissipation of the whole bridge (ac-side minus dc-side power) and, for the schottky bridges, the per-diode loss from the datasheet equation p = 0.425 if(av) + 0.0088 if(rms)^2 with if(av) = iavg/2 and if(rms) = irms/sqrt(2) (each diode conducts every other half-cycle), the required rth(j-a) for tj <= 110 c at 50 c ambient and the tj on the copper area assumed per diode (st figure 9, d2pak on 35 um fr4: 70 / 55 / 46 / 39 / 35 / 31 / 30 c/w at 0.5 / 1 / 2 / 5 / 10 / 20 / 40 cm2; 2 oz outer copper taken as 10 % better): br1 diodes 15 cm2 each (33 c/w x 0.9 = 29.7 c/w; the 2.5 ohm all-lamps load draws 6.4 a from the higher schottky rail), br4 4 cm2 (36 c/w), br2 / br5 2 cm2 (41 c/w). br3: p = 2 (0.80 iavg + 0.017 irms^2) (gbpc35 max vf), rth(j-a) = 1.4 + 0.5 + 9.4 x 1.05 = 11.8 c/w, tj <= 125 c
stdout Doing analysis at TEMP = 27.000000 and TNOM = 27.000000
stdout Using SPARSE 1.3 as Direct Linear Solver
stdout Operating point simulation skipped by 'uic',
stdout now using transient initial conditions.
 Reference value :  5.93805e-03
 Reference value :  1.35702e-01
 Reference value :  2.62889e-01
stdout No. of Data Rows : 15073
stdout iavg_18a            =  6.61424e+00 from=  2.50000e-01 to=  3.00000e-01
stdout irms_18a            =  1.18962e+01 from=  2.50000e-01 to=  3.00000e-01
stdout pin_18a             =  1.05306e+02 from=  2.50000e-01 to=  3.00000e-01
stdout pout_18a            =  9.80052e+01 from=  2.50000e-01 to=  3.00000e-01
stdout vdc_18a             =  1.48001e+01 from=  2.50000e-01 to=  3.00000e-01
stdout pmodel_18a = 7.300660e+00
stdout pd_18a = 1.638883e+00
stdout pds_18a = 6.555533e+00
stdout rthreq_18a = 3.661030e+01
stdout tj_18a = 9.867483e+01
stdout iavg_18b            =  3.00098e+00 from=  2.50000e-01 to=  3.00000e-01
stdout irms_18b            =  6.15384e+00 from=  2.50000e-01 to=  3.00000e-01
stdout pin_18b             =  5.13698e+01 from=  2.50000e-01 to=  3.00000e-01
stdout pout_18b            =  4.83441e+01 from=  2.50000e-01 to=  3.00000e-01
stdout vdc_18b             =  1.61094e+01 from=  2.50000e-01 to=  3.00000e-01
stdout pmodel_18b = 3.025730e+00
stdout pd_18b = 6.816884e-01
stdout pds_18b = 2.726754e+00
stdout rthreq_18b = 8.801676e+01
stdout tj_18b = 7.024615e+01
stdout iavg_18c            =  8.00261e+00 from=  2.50000e-01 to=  3.00000e-01
stdout irms_18c            =  1.39522e+01 from=  2.50000e-01 to=  3.00000e-01
stdout pin_18c             =  1.24209e+02 from=  2.50000e-01 to=  3.00000e-01
stdout pout_18c            =  1.15142e+02 from=  2.50000e-01 to=  3.00000e-01
stdout vdc_18c             =  1.43881e+01 from=  2.50000e-01 to=  3.00000e-01
stdout pmodel_18c = 9.067200e+00
stdout pd_18c = 2.037973e+00
stdout pds_18c = 8.151892e+00
stdout rthreq_18c = 2.944102e+01
stdout tj_18c = 1.105278e+02
stdout iavg_20a            =  2.50082e+00 from=  2.50000e-01 to=  3.00000e-01
stdout irms_20a            =  5.42238e+00 from=  2.50000e-01 to=  3.00000e-01
stdout pin_20a             =  5.23269e+01 from=  2.50000e-01 to=  3.00000e-01
stdout pout_20a            =  4.98317e+01 from=  2.50000e-01 to=  3.00000e-01
stdout vdc_20a             =  1.99261e+01 from=  2.50000e-01 to=  3.00000e-01
stdout pmodel_20a = 2.495230e+00
stdout pd_20a = 5.630075e-01
stdout pds_20a = 2.252030e+00
stdout rthreq_20a = 1.065705e+02
stdout tj_20a = 7.026827e+01
stdout iavg_20b            =  5.00164e+00 from=  2.50000e-01 to=  3.00000e-01
stdout irms_20b            =  9.65057e+00 from=  2.50000e-01 to=  3.00000e-01
stdout pin_20b             =  9.93234e+01 from=  2.50000e-01 to=  3.00000e-01
stdout pout_20b            =  9.39466e+01 from=  2.50000e-01 to=  3.00000e-01
stdout vdc_20b             =  1.87832e+01 from=  2.50000e-01 to=  3.00000e-01
stdout pmodel_20b = 5.376880e+00
stdout pd_20b = 1.206687e+00
stdout pds_20b = 4.826749e+00
stdout rthreq_20b = 4.972291e+01
stdout tj_20b = 9.344074e+01
stdout iavg_50a            =  3.01088e+00 from=  2.50000e-01 to=  3.00000e-01
stdout irms_50a            =  5.14678e+00 from=  2.50000e-01 to=  3.00000e-01
stdout pin_50a             =  1.77720e+02 from=  2.50000e-01 to=  3.00000e-01
stdout pout_50a            =  1.69115e+02 from=  2.50000e-01 to=  3.00000e-01
stdout vdc_50a             =  5.61681e+01 from=  2.50000e-01 to=  3.00000e-01
stdout pmodel_50a = 8.604500e+00
stdout pds_50a = 5.718042e+00
stdout tj_50a = 1.174729e+02
stdout iavg_50b            =  7.01171e+00 from=  2.50000e-01 to=  3.00000e-01
stdout irms_50b            =  1.03775e+01 from=  2.50000e-01 to=  3.00000e-01
stdout pin_50b             =  3.42241e+02 from=  2.50000e-01 to=  3.00000e-01
stdout pout_50b            =  3.17072e+02 from=  2.50000e-01 to=  3.00000e-01
stdout vdc_50b             =  4.52203e+01 from=  2.50000e-01 to=  3.00000e-01
stdout pmodel_50b = 2.516880e+01
stdout pds_50b = 1.488027e+01
stdout tj_50b = 2.255872e+02
stdout iavg_5a             =  1.65564e+00 from=  2.50000e-01 to=  3.00000e-01
stdout irms_5a             =  3.46577e+00 from=  2.50000e-01 to=  3.00000e-01
stdout pin_5a              =  1.92879e+01 from=  2.50000e-01 to=  3.00000e-01
stdout pout_5a             =  1.77364e+01 from=  2.50000e-01 to=  3.00000e-01
stdout vdc_5a              =  1.07219e+01 from=  2.50000e-01 to=  3.00000e-01
stdout pmodel_5a = 1.551510e+00
stdout pd_5a = 3.552161e-01
stdout pds_5a = 1.420864e+00
stdout rthreq_5a = 1.689113e+02
stdout tj_5a = 6.456386e+01
stdout iavg_5b             =  1.30280e+00 from=  2.50000e-01 to=  3.00000e-01
stdout irms_5b             =  2.83218e+00 from=  2.50000e-01 to=  3.00000e-01
stdout pin_5b              =  1.53925e+01 from=  2.50000e-01 to=  3.00000e-01
stdout pout_5b             =  1.41942e+01 from=  2.50000e-01 to=  3.00000e-01
stdout vdc_5b              =  1.09010e+01 from=  2.50000e-01 to=  3.00000e-01
stdout pmodel_5b = 1.198260e+00
stdout pd_5b = 2.761525e-01
stdout pds_5b = 1.104610e+00
stdout rthreq_5b = 2.172712e+02
stdout tj_5b = 6.132225e+01
stdout iavg_12a            =  2.50082e+00 from=  2.50000e-01 to=  3.00000e-01
stdout irms_12a            =  4.05810e+00 from=  2.50000e-01 to=  3.00000e-01
stdout pin_12a             =  3.35468e+01 from=  2.50000e-01 to=  3.00000e-01
stdout pout_12a            =  3.12280e+01 from=  2.50000e-01 to=  3.00000e-01
stdout vdc_12a             =  1.24871e+01 from=  2.50000e-01 to=  3.00000e-01
stdout pmodel_12a = 2.318830e+00
stdout pd_12a = 5.326122e-01
stdout pds_12a = 2.130449e+00
stdout rthreq_12a = 1.126523e+02
stdout tj_12a = 7.183710e+01
stdout iavg_12b            =  3.00098e+00 from=  2.50000e-01 to=  3.00000e-01
stdout irms_12b            =  4.72211e+00 from=  2.50000e-01 to=  3.00000e-01
stdout pin_12b             =  3.86263e+01 from=  2.50000e-01 to=  3.00000e-01
stdout pout_12b            =  3.58047e+01 from=  2.50000e-01 to=  3.00000e-01
stdout vdc_12b             =  1.19310e+01 from=  2.50000e-01 to=  3.00000e-01
stdout pmodel_12b = 2.821580e+00
stdout pd_12b = 6.450952e-01
stdout pds_12b = 2.580381e+00
stdout rthreq_12b = 9.300953e+01
stdout tj_12b = 7.644890e+01
stdout vr_18a              =  1.61677e+01 at=  2.96766e-01
stdout vr_20a              =  2.21034e+01 at=  4.59339e-02
stdout vr_5a               =  1.16330e+01 at=  1.29790e-01
stdout vr_12b              =  1.61079e+01 at=  4.65339e-02
