stdout Note: No compatibility mode selected!
stdout Circuit: bridge rectifier conduction loss and junction temperature (docs/thermal_and_protection.md sections 1 and 8).  br1 (+18v), br4 (+20v), br2 (+5v raw) and br5 (+12v power) are discrete bridges of four st stps20m100s 100 v / 20 a d2pak schottky diodes (ds6169 rev 5) since the 2026-09-07 review; br3 (+50v) stays a gbpc3510w block under a boyd 6224bg basket (9.4 c/w). each rail is rectified with the real winding, the diode model and its filter, then loaded with (a) the sustained design load, (b) the everything-on / fuse-limit load. per case: dc output current (average of |i_leg|), leg rms current, the model dissipation of the whole bridge (ac-side minus dc-side power) and, for the schottky bridges, the per-diode loss from the datasheet equation p = 0.425 if(av) + 0.0088 if(rms)^2 with if(av) = iavg/2 and if(rms) = irms/sqrt(2) (each diode conducts every other half-cycle), the required rth(j-a) for tj <= 110 c at 50 c ambient and the tj on the copper area assumed per diode (st figure 9, d2pak on 35 um fr4: 70 / 55 / 46 / 39 / 35 / 31 / 30 c/w at 0.5 / 1 / 2 / 5 / 10 / 20 / 40 cm2; 2 oz outer copper taken as 10 % better): br1 diodes 15 cm2 each (33 c/w x 0.9 = 29.7 c/w; the 2.5 ohm all-lamps load draws 6.4 a from the higher schottky rail), br4 4 cm2 (36 c/w), br2 / br5 2 cm2 (41 c/w). br3: p = 2 (0.80 iavg + 0.017 irms^2) (gbpc35 max vf), rth(j-a) = 1.4 + 0.5 + 9.4 x 1.05 = 11.8 c/w, tj <= 125 c
stdout Doing analysis at TEMP = 27.000000 and TNOM = 27.000000
stdout Using SPARSE 1.3 as Direct Linear Solver
stdout Operating point simulation skipped by 'uic',
stdout now using transient initial conditions.
 Reference value :  7.85921e-02
 Reference value :  2.09497e-01
stdout No. of Data Rows : 15085
stdout iavg_18a            =  7.18555e+00 from=  2.50000e-01 to=  3.00000e-01
stdout irms_18a            =  1.29589e+01 from=  2.50000e-01 to=  3.00000e-01
stdout pin_18a             =  1.26022e+02 from=  2.50000e-01 to=  3.00000e-01
stdout pout_18a            =  1.17948e+02 from=  2.50000e-01 to=  3.00000e-01
stdout vdc_18a             =  1.63954e+01 from=  2.50000e-01 to=  3.00000e-01
stdout pmodel_18a = 8.073800e+00
stdout pd_18a = 1.813792e+00
stdout pds_18a = 7.255169e+00
stdout rthreq_18a = 3.307986e+01
stdout tj_18a = 1.038696e+02
stdout iavg_18b            =  3.00114e+00 from=  2.50000e-01 to=  3.00000e-01
stdout irms_18b            =  6.25681e+00 from=  2.50000e-01 to=  3.00000e-01
stdout pin_18b             =  5.68547e+01 from=  2.50000e-01 to=  3.00000e-01
stdout pout_18b            =  5.38137e+01 from=  2.50000e-01 to=  3.00000e-01
stdout vdc_18b             =  1.79311e+01 from=  2.50000e-01 to=  3.00000e-01
stdout pmodel_18b = 3.041040e+00
stdout pd_18b = 6.847219e-01
stdout pds_18b = 2.738888e+00
stdout rthreq_18b = 8.762682e+01
stdout tj_18b = 7.033624e+01
stdout iavg_18c            =  8.00303e+00 from=  2.50000e-01 to=  3.00000e-01
stdout irms_18c            =  1.41875e+01 from=  2.50000e-01 to=  3.00000e-01
stdout pin_18c             =  1.38429e+02 from=  2.50000e-01 to=  3.00000e-01
stdout pout_18c            =  1.29296e+02 from=  2.50000e-01 to=  3.00000e-01
stdout vdc_18c             =  1.61560e+01 from=  2.50000e-01 to=  3.00000e-01
stdout pmodel_18c = 9.132600e+00
stdout pd_18c = 2.053617e+00
stdout pds_18c = 8.214469e+00
stdout rthreq_18c = 2.921674e+01
stdout tj_18c = 1.109924e+02
stdout iavg_20a            =  2.50095e+00 from=  2.50000e-01 to=  3.00000e-01
stdout irms_20a            =  5.51481e+00 from=  2.50000e-01 to=  3.00000e-01
stdout pin_20a             =  5.78590e+01 from=  2.50000e-01 to=  3.00000e-01
stdout pout_20a            =  5.53513e+01 from=  2.50000e-01 to=  3.00000e-01
stdout vdc_20a             =  2.21321e+01 from=  2.50000e-01 to=  3.00000e-01
stdout pmodel_20a = 2.507650e+00
stdout pd_20a = 5.654086e-01
stdout pds_20a = 2.261634e+00
stdout rthreq_20a = 1.061180e+02
stdout tj_20a = 7.035471e+01
stdout iavg_20b            =  5.00189e+00 from=  2.50000e-01 to=  3.00000e-01
stdout irms_20b            =  9.81752e+00 from=  2.50000e-01 to=  3.00000e-01
stdout pin_20b             =  1.10236e+02 from=  2.50000e-01 to=  3.00000e-01
stdout pout_20b            =  1.04825e+02 from=  2.50000e-01 to=  3.00000e-01
stdout vdc_20b             =  2.09571e+01 from=  2.50000e-01 to=  3.00000e-01
stdout pmodel_20b = 5.411300e+00
stdout pd_20b = 1.214376e+00
stdout pds_20b = 4.857504e+00
stdout rthreq_20b = 4.940809e+01
stdout tj_20b = 9.371753e+01
stdout iavg_50a            =  3.01269e+00 from=  2.50000e-01 to=  3.00000e-01
stdout irms_50a            =  5.23288e+00 from=  2.50000e-01 to=  3.00000e-01
stdout pin_50a             =  1.98316e+02 from=  2.50000e-01 to=  3.00000e-01
stdout pout_50a            =  1.89675e+02 from=  2.50000e-01 to=  3.00000e-01
stdout vdc_50a             =  6.29586e+01 from=  2.50000e-01 to=  3.00000e-01
stdout pmodel_50a = 8.641600e+00
stdout pds_50a = 5.751333e+00
stdout tj_50a = 1.178657e+02
stdout iavg_50b            =  7.01229e+00 from=  2.50000e-01 to=  3.00000e-01
stdout irms_50b            =  1.05523e+01 from=  2.50000e-01 to=  3.00000e-01
stdout pin_50b             =  3.87716e+02 from=  2.50000e-01 to=  3.00000e-01
stdout pout_50b            =  3.62144e+02 from=  2.50000e-01 to=  3.00000e-01
stdout vdc_50b             =  5.16442e+01 from=  2.50000e-01 to=  3.00000e-01
stdout pmodel_50b = 2.557200e+01
stdout pds_50b = 1.500562e+01
stdout tj_50b = 2.270663e+02
stdout iavg_5a             =  1.47278e+00 from=  2.50000e-01 to=  3.00000e-01
stdout irms_5a             =  3.19461e+00 from=  2.50000e-01 to=  3.00000e-01
stdout pin_5a              =  1.91101e+01 from=  2.50000e-01 to=  3.00000e-01
stdout pout_5a             =  1.77373e+01 from=  2.50000e-01 to=  3.00000e-01
stdout vdc_5a              =  1.20502e+01 from=  2.50000e-01 to=  3.00000e-01
stdout pmodel_5a = 1.372800e+00
stdout pd_5a = 3.148564e-01
stdout pds_5a = 1.259426e+00
stdout rthreq_5a = 1.905631e+02
stdout tj_5a = 6.290911e+01
stdout iavg_5b             =  1.16213e+00 from=  2.50000e-01 to=  3.00000e-01
stdout irms_5b             =  2.61595e+00 from=  2.50000e-01 to=  3.00000e-01
stdout pin_5b              =  1.52586e+01 from=  2.50000e-01 to=  3.00000e-01
stdout pout_5b             =  1.41950e+01 from=  2.50000e-01 to=  3.00000e-01
stdout vdc_5b              =  1.22189e+01 from=  2.50000e-01 to=  3.00000e-01
stdout pmodel_5b = 1.063680e+00
stdout pd_5b = 2.456024e-01
stdout pds_5b = 9.824097e-01
stdout rthreq_5b = 2.442973e+02
stdout tj_5b = 6.006970e+01
stdout iavg_12a            =  2.50095e+00 from=  2.50000e-01 to=  3.00000e-01
stdout irms_12a            =  4.12575e+00 from=  2.50000e-01 to=  3.00000e-01
stdout pin_12a             =  3.76120e+01 from=  2.50000e-01 to=  3.00000e-01
stdout pout_12a            =  3.52843e+01 from=  2.50000e-01 to=  3.00000e-01
stdout vdc_12a             =  1.41084e+01 from=  2.50000e-01 to=  3.00000e-01
stdout pmodel_12a = 2.327660e+00
stdout pd_12a = 5.339388e-01
stdout pds_12a = 2.135755e+00
stdout rthreq_12a = 1.123724e+02
stdout tj_12a = 7.189149e+01
stdout iavg_12b            =  3.00114e+00 from=  2.50000e-01 to=  3.00000e-01
stdout irms_12b            =  4.80105e+00 from=  2.50000e-01 to=  3.00000e-01
stdout pin_12b             =  4.34496e+01 from=  2.50000e-01 to=  3.00000e-01
stdout pout_12b            =  4.06168e+01 from=  2.50000e-01 to=  3.00000e-01
stdout vdc_12b             =  1.35338e+01 from=  2.50000e-01 to=  3.00000e-01
stdout pmodel_12b = 2.832880e+00
stdout pd_12b = 6.468925e-01
stdout pds_12b = 2.587570e+00
stdout rthreq_12b = 9.275111e+01
stdout tj_12b = 7.652259e+01
stdout vr_18a              =  1.78478e+01 at=  1.30099e-01
stdout vr_20a              =  2.43512e+01 at=  4.59371e-02
stdout vr_5a               =  1.29172e+01 at=  1.79758e-01
stdout vr_12b              =  1.77582e+01 at=  4.65571e-02
