stdout Note: No compatibility mode selected!
stdout Circuit: jlc-100 u20 load_step; engineering averaged controller, not ti vendor model
stdout Doing analysis at TEMP = 27.000000 and TNOM = 27.000000
stdout Using KLU as Direct Linear Solver
stdout Operating point simulation skipped by 'uic',
stdout now using transient initial conditions.
 Reference value :  1.13638e-02
 Reference value :  2.72080e-02
 Reference value :  4.21080e-02
 Reference value :  5.56756e-02
 Reference value :  7.10780e-02
 Reference value :  8.73360e-02
 Reference value :  1.03128e-01
 Reference value :  1.18500e-01
stdout No. of Data Rows : 60104
stdout sim_end = 1.200000000000e-01
stdout output_peak         =  5.12941e+00 at=  5.50279e-02
stdout output_floor        =  0.00000e+00 at=  4.00000e-08
stdout settled_min         =  5.00067e+00 at=  1.20000e-01
stdout settled_max         =  5.00067e+00 at=  1.05000e-01
stdout step_min            =  4.87189e+00 at=  2.50260e-02
stdout step_max            =  5.12941e+00 at=  5.50279e-02
stdout input_min           =  1.05637e+01 at=  1.14186e-01
stdout inductor_average_peak=  3.15581e+00 at=  2.50740e-02
stdout inductor_average_min=  -3.08791e-319 at=  1.94792e-03
stdout shunt_current_peak  =  3.14981e+00 at=  2.50740e-02
stdout shunt_current_min   =  0.00000e+00 at=  4.00000e-08
stdout secondary_rms       =  9.57469e-02 from=  1.00000e-01 to=  1.20000e-01
