stdout Note: No compatibility mode selected!
stdout Circuit: jlc-100 u20 prebiased; engineering averaged controller, not ti vendor model
stdout Doing analysis at TEMP = 27.000000 and TNOM = 27.000000
stdout Using KLU as Direct Linear Solver
stdout Operating point simulation skipped by 'uic',
stdout now using transient initial conditions.
 Reference value :  1.21759e-02
 Reference value :  3.10381e-02
 Reference value :  4.64115e-02
 Reference value :  6.63655e-02
 Reference value :  8.64835e-02
 Reference value :  1.06376e-01
stdout No. of Data Rows : 60156
stdout sim_end = 1.200000000000e-01
stdout output_peak         =  5.00887e+00 at=  3.13607e-02
stdout output_floor        =  3.83560e+00 at=  3.04723e-02
stdout settled_min         =  5.00052e+00 at=  1.19999e-01
stdout settled_max         =  5.00052e+00 at=  1.05008e-01
stdout step_min            =  3.83560e+00 at=  3.04723e-02
stdout step_max            =  5.00887e+00 at=  3.13607e-02
stdout input_min           =  1.05962e+01 at=  1.11846e-01
stdout inductor_average_peak=  7.92676e-01 at=  3.05681e-02
stdout inductor_average_min=  -3.08791e-319 at=  1.94792e-03
stdout shunt_current_peak  =  7.77531e-01 at=  3.05681e-02
stdout shunt_current_min   =  -8.61542e-05 at=  2.00000e-06
stdout secondary_rms       =  6.37983e-02 from=  1.00000e-01 to=  1.20000e-01
