stdout Note: No compatibility mode selected!
stdout Circuit: jlc-100 u20 prebiased; engineering averaged controller, not ti vendor model
stdout Doing analysis at TEMP = 27.000000 and TNOM = 27.000000
stdout Using KLU as Direct Linear Solver
stdout Operating point simulation skipped by 'uic',
stdout now using transient initial conditions.
 Reference value :  1.26192e-03
 Reference value :  2.07679e-02
 Reference value :  3.97634e-02
 Reference value :  5.91374e-02
 Reference value :  7.88174e-02
 Reference value :  9.84194e-02
 Reference value :  1.17877e-01
stdout No. of Data Rows : 60072
stdout sim_end = 1.200000000000e-01
stdout output_peak         =  5.00881e+00 at=  2.94499e-02
stdout output_floor        =  3.90641e+00 at=  2.86121e-02
stdout settled_min         =  5.00081e+00 at=  1.20000e-01
stdout settled_max         =  5.00081e+00 at=  1.05027e-01
stdout step_min            =  3.90641e+00 at=  2.86121e-02
stdout step_max            =  5.00881e+00 at=  2.94499e-02
stdout input_min           =  1.05953e+01 at=  1.14225e-01
stdout inductor_average_peak=  7.92683e-01 at=  2.87079e-02
stdout inductor_average_min=  -3.08791e-319 at=  1.94792e-03
stdout shunt_current_peak  =  7.77537e-01 at=  2.87079e-02
stdout shunt_current_min   =  -8.61542e-05 at=  2.00000e-06
stdout secondary_rms       =  6.98352e-02 from=  1.00000e-01 to=  1.20000e-01
