stdout Note: No compatibility mode selected!
stdout Circuit: jlc-100 u21 startup; engineering averaged controller, not ti vendor model
stdout Doing analysis at TEMP = 27.000000 and TNOM = 27.000000
stdout Using KLU as Direct Linear Solver
stdout Operating point simulation skipped by 'uic',
stdout now using transient initial conditions.
 Reference value :  1.82863e-02
 Reference value :  3.70023e-02
 Reference value :  5.62123e-02
 Reference value :  7.49663e-02
 Reference value :  9.37903e-02
 Reference value :  1.12684e-01
stdout No. of Data Rows : 60107
stdout sim_end = 1.200000000000e-01
stdout output_peak         =  1.22657e+01 at=  1.24943e-02
stdout output_floor        =  0.00000e+00 at=  4.00000e-08
stdout settled_min         =  1.19998e+01 at=  1.12480e-01
stdout settled_max         =  1.20042e+01 at=  1.13468e-01
stdout step_min            =  1.20065e+01 at=  6.24883e-02
stdout step_max            =  1.21141e+01 at=  2.40003e-02
stdout input_min           =  1.11229e+01 at=  1.12474e-01
stdout inductor_average_peak=  3.29670e+00 at=  4.05427e-03
stdout inductor_average_min=  -6.82933e-19 at=  3.80224e-03
stdout shunt_current_peak  =  1.49946e+00 at=  1.24463e-02
stdout shunt_current_min   =  -3.34865e-20 at=  3.80209e-03
stdout secondary_rms       =  9.63846e+00 from=  1.00000e-01 to=  1.20000e-01
