stdout Note: No compatibility mode selected!
stdout Circuit: jlc-100 u21 startup; engineering averaged controller, not ti vendor model
stdout Doing analysis at TEMP = 27.000000 and TNOM = 27.000000
stdout Using KLU as Direct Linear Solver
stdout Operating point simulation skipped by 'uic',
stdout now using transient initial conditions.
 Reference value :  1.05942e-03
 Reference value :  2.13927e-02
 Reference value :  4.11947e-02
 Reference value :  6.04867e-02
 Reference value :  8.00987e-02
 Reference value :  9.96847e-02
 Reference value :  1.19301e-01
stdout No. of Data Rows : 60066
stdout sim_end = 1.200000000000e-01
stdout output_peak         =  1.22791e+01 at=  1.14307e-02
stdout output_floor        =  0.00000e+00 at=  4.00000e-08
stdout settled_min         =  1.20015e+01 at=  1.20000e-01
stdout settled_max         =  1.20017e+01 at=  1.05001e-01
stdout step_min            =  1.20067e+01 at=  6.49987e-02
stdout step_max            =  1.21033e+01 at=  2.40007e-02
stdout input_min           =  1.41845e+01 at=  1.10471e-01
stdout inductor_average_peak=  3.29670e+00 at=  2.99066e-03
stdout inductor_average_min=  -1.21489e-18 at=  2.73924e-03
stdout shunt_current_peak  =  1.49946e+00 at=  1.13967e-02
stdout shunt_current_min   =  -3.34709e-20 at=  2.73761e-03
stdout secondary_rms       =  1.11460e+01 from=  1.00000e-01 to=  1.20000e-01
