stdout Note: No compatibility mode selected!
stdout Circuit: jlc-100 u21 startup; engineering averaged controller, not ti vendor model
stdout Doing analysis at TEMP = 27.000000 and TNOM = 27.000000
stdout Using KLU as Direct Linear Solver
stdout Operating point simulation skipped by 'uic',
stdout now using transient initial conditions.
 Reference value :  6.77126e-03
 Reference value :  2.59065e-02
 Reference value :  4.51385e-02
 Reference value :  6.45365e-02
 Reference value :  8.38105e-02
 Reference value :  1.02249e-01
stdout No. of Data Rows : 60147
stdout sim_end = 1.200000000000e-01
stdout output_peak         =  1.22803e+01 at=  1.20725e-02
stdout output_floor        =  0.00000e+00 at=  4.00000e-08
stdout settled_min         =  1.20001e+01 at=  1.18781e-01
stdout settled_max         =  1.20035e+01 at=  1.11141e-01
stdout step_min            =  1.20077e+01 at=  6.04545e-02
stdout step_max            =  1.21099e+01 at=  2.40005e-02
stdout input_min           =  1.13398e+01 at=  1.18775e-01
stdout inductor_average_peak=  3.29670e+00 at=  6.98001e-03
stdout inductor_average_min=  -9.70146e-19 at=  3.38078e-03
stdout shunt_current_peak  =  1.49946e+00 at=  1.20405e-02
stdout shunt_current_min   =  -3.34865e-20 at=  3.37986e-03
stdout secondary_rms       =  9.36316e+00 from=  1.00000e-01 to=  1.20000e-01
