stdout Note: No compatibility mode selected!
stdout Circuit: jlc-100 u21 loss_restart; engineering averaged controller, not ti vendor model
stdout Doing analysis at TEMP = 27.000000 and TNOM = 27.000000
stdout Using KLU as Direct Linear Solver
stdout Operating point simulation skipped by 'uic',
stdout now using transient initial conditions.
 Reference value :  3.18167e-03
 Reference value :  2.19685e-02
 Reference value :  4.02565e-02
 Reference value :  5.95945e-02
 Reference value :  7.92605e-02
 Reference value :  9.78756e-02
 Reference value :  1.15810e-01
stdout No. of Data Rows : 60322
stdout sim_end = 1.200000000000e-01
stdout output_peak         =  1.22815e+01 at=  9.53676e-02
stdout output_floor        =  0.00000e+00 at=  4.00000e-08
stdout settled_min         =  1.20461e+01 at=  1.20000e-01
stdout settled_max         =  1.21296e+01 at=  1.05002e-01
stdout step_min            =  5.74744e-25 at=  6.49985e-02
stdout step_max            =  1.21099e+01 at=  2.40005e-02
stdout input_min           =  1.12638e+01 at=  1.10424e-01
stdout inductor_average_peak=  3.29670e+00 at=  9.02753e-02
stdout inductor_average_min=  -9.70146e-19 at=  3.38078e-03
stdout shunt_current_peak  =  1.49946e+00 at=  9.53356e-02
stdout shunt_current_min   =  -1.39468e-18 at=  8.66742e-02
stdout secondary_rms       =  9.71823e+00 from=  1.00000e-01 to=  1.20000e-01
