stdout Note: No compatibility mode selected!
stdout Circuit: jlc-100 u21 loss_restart; engineering averaged controller, not ti vendor model
stdout Doing analysis at TEMP = 27.000000 and TNOM = 27.000000
stdout Using KLU as Direct Linear Solver
stdout Operating point simulation skipped by 'uic',
stdout now using transient initial conditions.
 Reference value :  1.50227e-02
 Reference value :  3.52487e-02
 Reference value :  5.55589e-02
 Reference value :  7.62449e-02
 Reference value :  9.68455e-02
 Reference value :  1.17357e-01
stdout No. of Data Rows : 60209
stdout sim_end = 1.200000000000e-01
stdout output_peak         =  1.22812e+01 at=  9.47375e-02
stdout output_floor        =  0.00000e+00 at=  4.00000e-08
stdout settled_min         =  1.20426e+01 at=  1.20000e-01
stdout settled_max         =  1.21227e+01 at=  1.05001e-01
stdout step_min            =  7.83287e-25 at=  6.49989e-02
stdout step_max            =  1.21033e+01 at=  2.40007e-02
stdout input_min           =  1.40915e+01 at=  1.10453e-01
stdout inductor_average_peak=  3.29670e+00 at=  8.96450e-02
stdout inductor_average_min=  -1.21489e-18 at=  2.73924e-03
stdout shunt_current_peak  =  1.49946e+00 at=  9.47035e-02
stdout shunt_current_min   =  -3.08170e-18 at=  8.60438e-02
stdout secondary_rms       =  1.15817e+01 from=  1.00000e-01 to=  1.20000e-01
