stdout Note: No compatibility mode selected!
stdout Circuit: bridge loss sensitivity: br1 stps20m100st to220 with individual boyd 577202b00000g sinks. other low-voltage bridges stps20m100sg d2pak. 50 c ambient. electrical winding/load assumptions remain to be measured. d2pak lumped temperatures are screening estimates; geometry thermal_mesh.py is the separate layout assessment.
stdout Doing analysis at TEMP = 27.000000 and TNOM = 27.000000
stdout Using KLU as Direct Linear Solver
stdout Operating point simulation skipped by 'uic',
stdout now using transient initial conditions.
 Reference value :  4.54587e-02
 Reference value :  1.08215e-01
 Reference value :  1.71164e-01
 Reference value :  2.32462e-01
 Reference value :  2.94851e-01
 Reference value :  3.56921e-01
 Reference value :  4.19236e-01
 Reference value :  4.80831e-01
 Reference value :  5.42460e-01
 Reference value :  6.04589e-01
 Reference value :  6.65971e-01
 Reference value :  7.27302e-01
 Reference value :  7.89176e-01
 Reference value :  8.51470e-01
 Reference value :  9.12923e-01
 Reference value :  9.72836e-01
stdout No. of Data Rows : 51880
stdout rms_18a_c6          =  2.40075e+00 from=  8.00000e-01 to=  1.00000e+00
stdout dc_18a_c6           =  9.69187e-05 from=  8.00000e-01 to=  1.00000e+00
stdout rms_18a_c60         =  2.40075e+00 from=  8.00000e-01 to=  1.00000e+00
stdout dc_18a_c60          =  9.69187e-05 from=  8.00000e-01 to=  1.00000e+00
stdout rms_18a_c7          =  2.40075e+00 from=  8.00000e-01 to=  1.00000e+00
stdout dc_18a_c7           =  9.69187e-05 from=  8.00000e-01 to=  1.00000e+00
stdout rms_18a_c61         =  2.40075e+00 from=  8.00000e-01 to=  1.00000e+00
stdout dc_18a_c61          =  9.69187e-05 from=  8.00000e-01 to=  1.00000e+00
stdout rms_18b_c6          =  1.27692e+00 from=  8.00000e-01 to=  1.00000e+00
stdout dc_18b_c6           =  4.21445e-05 from=  8.00000e-01 to=  1.00000e+00
stdout rms_18b_c60         =  1.27692e+00 from=  8.00000e-01 to=  1.00000e+00
stdout dc_18b_c60          =  4.21445e-05 from=  8.00000e-01 to=  1.00000e+00
stdout rms_18b_c7          =  1.27692e+00 from=  8.00000e-01 to=  1.00000e+00
stdout dc_18b_c7           =  4.21445e-05 from=  8.00000e-01 to=  1.00000e+00
stdout rms_18b_c61         =  1.27692e+00 from=  8.00000e-01 to=  1.00000e+00
stdout dc_18b_c61          =  4.21445e-05 from=  8.00000e-01 to=  1.00000e+00
stdout rms_20a_c11         =  2.22252e+00 from=  8.00000e-01 to=  1.00000e+00
stdout dc_20a_c11          =  7.02405e-05 from=  8.00000e-01 to=  1.00000e+00
stdout rms_20a_c62         =  2.22252e+00 from=  8.00000e-01 to=  1.00000e+00
stdout dc_20a_c62          =  7.02405e-05 from=  8.00000e-01 to=  1.00000e+00
stdout rms_20b_c11         =  3.78271e+00 from=  8.00000e-01 to=  1.00000e+00
stdout dc_20b_c11          =  1.50742e-04 from=  8.00000e-01 to=  1.00000e+00
stdout rms_20b_c62         =  3.78271e+00 from=  8.00000e-01 to=  1.00000e+00
stdout dc_20b_c62          =  1.50742e-04 from=  8.00000e-01 to=  1.00000e+00
stdout rms_5a_c5           =  1.32767e+00 from=  8.00000e-01 to=  1.00000e+00
stdout dc_5a_c5            =  4.32326e-05 from=  8.00000e-01 to=  1.00000e+00
stdout rms_5a_c59          =  1.32767e+00 from=  8.00000e-01 to=  1.00000e+00
stdout dc_5a_c59           =  4.32326e-05 from=  8.00000e-01 to=  1.00000e+00
stdout rms_12a_c30         =  1.58514e+00 from=  8.00000e-01 to=  1.00000e+00
stdout dc_12a_c30          =  6.96341e-05 from=  8.00000e-01 to=  1.00000e+00
stdout rms_12a_c63         =  1.58514e+00 from=  8.00000e-01 to=  1.00000e+00
stdout dc_12a_c63          =  6.96341e-05 from=  8.00000e-01 to=  1.00000e+00
