stdout Note: No compatibility mode selected!
stdout Circuit: bridge loss sensitivity: br1 stps20m100st to220 with individual boyd 577202b00000g sinks. other low-voltage bridges stps20m100sg d2pak. 50 c ambient. electrical winding/load assumptions remain to be measured. d2pak lumped temperatures are screening estimates; geometry thermal_mesh.py is the separate layout assessment.
stdout Doing analysis at TEMP = 27.000000 and TNOM = 27.000000
stdout Using KLU as Direct Linear Solver
stdout Operating point simulation skipped by 'uic',
stdout now using transient initial conditions.
 Reference value :  8.02663e-03
 Reference value :  7.48691e-02
 Reference value :  1.36963e-01
 Reference value :  1.99508e-01
 Reference value :  2.63125e-01
 Reference value :  3.26537e-01
 Reference value :  3.89515e-01
 Reference value :  4.52976e-01
 Reference value :  5.15473e-01
 Reference value :  5.78365e-01
 Reference value :  6.41695e-01
 Reference value :  7.05301e-01
 Reference value :  7.68320e-01
 Reference value :  8.30439e-01
 Reference value :  8.92835e-01
 Reference value :  9.56156e-01
stdout No. of Data Rows : 51993
stdout rms_18a_c6          =  2.95555e+00 from=  8.00000e-01 to=  1.00000e+00
stdout dc_18a_c6           =  2.00444e-04 from=  8.00000e-01 to=  1.00000e+00
stdout rms_18a_c60         =  1.85192e+00 from=  8.00000e-01 to=  1.00000e+00
stdout dc_18a_c60          =  1.35484e-04 from=  8.00000e-01 to=  1.00000e+00
stdout rms_18a_c7          =  1.85192e+00 from=  8.00000e-01 to=  1.00000e+00
stdout dc_18a_c7           =  1.35484e-04 from=  8.00000e-01 to=  1.00000e+00
stdout rms_18a_c61         =  1.85192e+00 from=  8.00000e-01 to=  1.00000e+00
stdout dc_18a_c61          =  1.35484e-04 from=  8.00000e-01 to=  1.00000e+00
stdout rms_18b_c6          =  1.71688e+00 from=  8.00000e-01 to=  1.00000e+00
stdout dc_18b_c6           =  9.63740e-05 from=  8.00000e-01 to=  1.00000e+00
stdout rms_18b_c60         =  1.05929e+00 from=  8.00000e-01 to=  1.00000e+00
stdout dc_18b_c60          =  6.46104e-05 from=  8.00000e-01 to=  1.00000e+00
stdout rms_18b_c7          =  1.05929e+00 from=  8.00000e-01 to=  1.00000e+00
stdout dc_18b_c7           =  6.46104e-05 from=  8.00000e-01 to=  1.00000e+00
stdout rms_18b_c61         =  1.05929e+00 from=  8.00000e-01 to=  1.00000e+00
stdout dc_18b_c61          =  6.46104e-05 from=  8.00000e-01 to=  1.00000e+00
stdout rms_20a_c11         =  2.64519e+00 from=  8.00000e-01 to=  1.00000e+00
stdout dc_20a_c11          =  1.44883e-04 from=  8.00000e-01 to=  1.00000e+00
stdout rms_20a_c62         =  1.62626e+00 from=  8.00000e-01 to=  1.00000e+00
stdout dc_20a_c62          =  9.68933e-05 from=  8.00000e-01 to=  1.00000e+00
stdout rms_20b_c11         =  4.45604e+00 from=  8.00000e-01 to=  1.00000e+00
stdout dc_20b_c11          =  2.89586e-04 from=  8.00000e-01 to=  1.00000e+00
stdout rms_20b_c62         =  2.78045e+00 from=  8.00000e-01 to=  1.00000e+00
stdout dc_20b_c62          =  1.95040e-04 from=  8.00000e-01 to=  1.00000e+00
stdout rms_5a_c5           =  1.75114e+00 from=  8.00000e-01 to=  1.00000e+00
stdout dc_5a_c5            =  1.02342e-04 from=  8.00000e-01 to=  1.00000e+00
stdout rms_5a_c59          =  1.08250e+00 from=  8.00000e-01 to=  1.00000e+00
stdout dc_5a_c59           =  6.82085e-05 from=  8.00000e-01 to=  1.00000e+00
stdout rms_12a_c30         =  1.87869e+00 from=  8.00000e-01 to=  1.00000e+00
stdout dc_12a_c30          =  1.44265e-04 from=  8.00000e-01 to=  1.00000e+00
stdout rms_12a_c63         =  1.18557e+00 from=  8.00000e-01 to=  1.00000e+00
stdout dc_12a_c63          =  9.62216e-05 from=  8.00000e-01 to=  1.00000e+00
