stdout Note: No compatibility mode selected!
stdout Circuit: bridge loss sensitivity: br1 stps20m100st to220 with individual boyd 577202b00000g sinks. other low-voltage bridges stps20m100sg d2pak. 50 c ambient. electrical winding/load assumptions remain to be measured. d2pak lumped temperatures are screening estimates; geometry thermal_mesh.py is the separate layout assessment.
stdout Doing analysis at TEMP = 27.000000 and TNOM = 27.000000
stdout Using KLU as Direct Linear Solver
stdout Operating point simulation skipped by 'uic',
stdout now using transient initial conditions.
 Reference value :  4.74385e-02
 Reference value :  1.12484e-01
 Reference value :  1.76847e-01
 Reference value :  2.41568e-01
 Reference value :  3.04712e-01
 Reference value :  3.68820e-01
 Reference value :  4.33061e-01
 Reference value :  4.97362e-01
 Reference value :  5.61970e-01
 Reference value :  6.26065e-01
 Reference value :  6.90629e-01
 Reference value :  7.55045e-01
 Reference value :  8.19118e-01
 Reference value :  8.83144e-01
 Reference value :  9.47616e-01
stdout No. of Data Rows : 51956
stdout rms_18a_c6          =  3.00292e+00 from=  8.00000e-01 to=  1.00000e+00
stdout dc_18a_c6           =  2.96368e-05 from=  8.00000e-01 to=  1.00000e+00
stdout rms_18a_c60         =  1.95897e+00 from=  8.00000e-01 to=  1.00000e+00
stdout dc_18a_c60          =  2.27111e-05 from=  8.00000e-01 to=  1.00000e+00
stdout rms_18a_c7          =  1.95897e+00 from=  8.00000e-01 to=  1.00000e+00
stdout dc_18a_c7           =  2.27111e-05 from=  8.00000e-01 to=  1.00000e+00
stdout rms_18a_c61         =  1.95897e+00 from=  8.00000e-01 to=  1.00000e+00
stdout dc_18a_c61          =  2.27111e-05 from=  8.00000e-01 to=  1.00000e+00
stdout rms_18b_c6          =  1.70944e+00 from=  8.00000e-01 to=  1.00000e+00
stdout dc_18b_c6           =  1.47157e-05 from=  8.00000e-01 to=  1.00000e+00
stdout rms_18b_c60         =  1.10629e+00 from=  8.00000e-01 to=  1.00000e+00
stdout dc_18b_c60          =  1.01717e-05 from=  8.00000e-01 to=  1.00000e+00
stdout rms_18b_c7          =  1.10629e+00 from=  8.00000e-01 to=  1.00000e+00
stdout dc_18b_c7           =  1.01717e-05 from=  8.00000e-01 to=  1.00000e+00
stdout rms_18b_c61         =  1.10629e+00 from=  8.00000e-01 to=  1.00000e+00
stdout dc_18b_c61          =  1.01717e-05 from=  8.00000e-01 to=  1.00000e+00
stdout rms_20a_c11         =  2.69700e+00 from=  8.00000e-01 to=  1.00000e+00
stdout dc_20a_c11          =  2.23991e-05 from=  8.00000e-01 to=  1.00000e+00
stdout rms_20a_c62         =  1.73996e+00 from=  8.00000e-01 to=  1.00000e+00
stdout dc_20a_c62          =  1.52460e-05 from=  8.00000e-01 to=  1.00000e+00
stdout rms_20b_c11         =  4.56987e+00 from=  8.00000e-01 to=  1.00000e+00
stdout dc_20b_c11          =  7.86118e-05 from=  8.00000e-01 to=  1.00000e+00
stdout rms_20b_c62         =  2.97227e+00 from=  8.00000e-01 to=  1.00000e+00
stdout dc_20b_c62          =  5.02285e-05 from=  8.00000e-01 to=  1.00000e+00
stdout rms_5a_c5           =  1.76104e+00 from=  8.00000e-01 to=  1.00000e+00
stdout dc_5a_c5            =  1.55301e-05 from=  8.00000e-01 to=  1.00000e+00
stdout rms_5a_c59          =  1.13958e+00 from=  8.00000e-01 to=  1.00000e+00
stdout dc_5a_c59           =  1.05787e-05 from=  8.00000e-01 to=  1.00000e+00
stdout rms_12a_c30         =  1.88001e+00 from=  8.00000e-01 to=  1.00000e+00
stdout dc_12a_c30          =  2.18110e-05 from=  8.00000e-01 to=  1.00000e+00
stdout rms_12a_c63         =  1.23096e+00 from=  8.00000e-01 to=  1.00000e+00
stdout dc_12a_c63          =  1.52106e-05 from=  8.00000e-01 to=  1.00000e+00
