stdout Note: No compatibility mode selected!
stdout Circuit: bridge loss sensitivity: br1 stps20m100st to220 with individual boyd 577202b00000g sinks. other low-voltage bridges stps20m100sg d2pak. 50 c ambient. electrical winding/load assumptions remain to be measured. d2pak lumped temperatures are screening estimates; geometry thermal_mesh.py is the separate layout assessment.
stdout Doing analysis at TEMP = 27.000000 and TNOM = 27.000000
stdout Using KLU as Direct Linear Solver
stdout Operating point simulation skipped by 'uic',
stdout now using transient initial conditions.
 Reference value :  4.13249e-02
 Reference value :  1.03923e-01
 Reference value :  1.65103e-01
 Reference value :  2.26354e-01
 Reference value :  2.86236e-01
 Reference value :  3.47010e-01
 Reference value :  4.07796e-01
 Reference value :  4.68814e-01
 Reference value :  5.15063e-01
 Reference value :  5.42836e-01
 Reference value :  5.85841e-01
 Reference value :  6.44922e-01
 Reference value :  7.06145e-01
 Reference value :  7.66971e-01
 Reference value :  8.27443e-01
 Reference value :  8.87603e-01
 Reference value :  9.48645e-01
stdout No. of Data Rows : 51978
stdout rms_18a_c6          =  2.30754e+00 from=  8.00000e-01 to=  1.00000e+00
stdout dc_18a_c6           =  1.31511e-04 from=  8.00000e-01 to=  1.00000e+00
stdout rms_18a_c60         =  2.30754e+00 from=  8.00000e-01 to=  1.00000e+00
stdout dc_18a_c60          =  1.31511e-04 from=  8.00000e-01 to=  1.00000e+00
stdout rms_18a_c7          =  2.30754e+00 from=  8.00000e-01 to=  1.00000e+00
stdout dc_18a_c7           =  1.31511e-04 from=  8.00000e-01 to=  1.00000e+00
stdout rms_18a_c61         =  2.30754e+00 from=  8.00000e-01 to=  1.00000e+00
stdout dc_18a_c61          =  1.31511e-04 from=  8.00000e-01 to=  1.00000e+00
stdout rms_18b_c6          =  1.28703e+00 from=  8.00000e-01 to=  1.00000e+00
stdout dc_18b_c6           =  5.59355e-05 from=  8.00000e-01 to=  1.00000e+00
stdout rms_18b_c60         =  1.28703e+00 from=  8.00000e-01 to=  1.00000e+00
stdout dc_18b_c60          =  5.59355e-05 from=  8.00000e-01 to=  1.00000e+00
stdout rms_18b_c7          =  1.28703e+00 from=  8.00000e-01 to=  1.00000e+00
stdout dc_18b_c7           =  5.59355e-05 from=  8.00000e-01 to=  1.00000e+00
stdout rms_18b_c61         =  1.28703e+00 from=  8.00000e-01 to=  1.00000e+00
stdout dc_18b_c61          =  5.59355e-05 from=  8.00000e-01 to=  1.00000e+00
stdout rms_20a_c11         =  2.28826e+00 from=  8.00000e-01 to=  1.00000e+00
stdout dc_20a_c11          =  9.32175e-05 from=  8.00000e-01 to=  1.00000e+00
stdout rms_20a_c62         =  2.28826e+00 from=  8.00000e-01 to=  1.00000e+00
stdout dc_20a_c62          =  9.32175e-05 from=  8.00000e-01 to=  1.00000e+00
stdout rms_20b_c11         =  3.89933e+00 from=  8.00000e-01 to=  1.00000e+00
stdout dc_20b_c11          =  2.57513e-04 from=  8.00000e-01 to=  1.00000e+00
stdout rms_20b_c62         =  3.89933e+00 from=  8.00000e-01 to=  1.00000e+00
stdout dc_20b_c62          =  2.57513e-04 from=  8.00000e-01 to=  1.00000e+00
stdout rms_5a_c5           =  1.48004e+00 from=  8.00000e-01 to=  1.00000e+00
stdout dc_5a_c5            =  6.37262e-05 from=  8.00000e-01 to=  1.00000e+00
stdout rms_5a_c59          =  1.48004e+00 from=  8.00000e-01 to=  1.00000e+00
stdout dc_5a_c59           =  6.37262e-05 from=  8.00000e-01 to=  1.00000e+00
stdout rms_12a_c30         =  1.57311e+00 from=  8.00000e-01 to=  1.00000e+00
stdout dc_12a_c30          =  9.33543e-05 from=  8.00000e-01 to=  1.00000e+00
stdout rms_12a_c63         =  1.57311e+00 from=  8.00000e-01 to=  1.00000e+00
stdout dc_12a_c63          =  9.33543e-05 from=  8.00000e-01 to=  1.00000e+00
