stdout Note: No compatibility mode selected!
stdout Circuit: bridge loss sensitivity: br1 stps20m100st to220 with individual boyd 577202b00000g sinks. other low-voltage bridges stps20m100sg d2pak. 50 c ambient. electrical winding/load assumptions remain to be measured. d2pak lumped temperatures are screening estimates; geometry thermal_mesh.py is the separate layout assessment.
stdout Doing analysis at TEMP = 27.000000 and TNOM = 27.000000
stdout Using KLU as Direct Linear Solver
stdout Operating point simulation skipped by 'uic',
stdout now using transient initial conditions.
 Reference value :  9.87476e-05
 Reference value :  6.46042e-02
 Reference value :  1.26784e-01
 Reference value :  1.90394e-01
 Reference value :  2.52782e-01
 Reference value :  3.16812e-01
 Reference value :  3.80323e-01
 Reference value :  4.44716e-01
 Reference value :  5.08482e-01
 Reference value :  5.72570e-01
 Reference value :  6.36232e-01
 Reference value :  7.00196e-01
 Reference value :  7.64093e-01
 Reference value :  8.27603e-01
 Reference value :  8.90886e-01
 Reference value :  9.55094e-01
stdout No. of Data Rows : 51970
stdout rms_18a_c6          =  2.20270e+00 from=  8.00000e-01 to=  1.00000e+00
stdout dc_18a_c6           =  4.96553e-05 from=  8.00000e-01 to=  1.00000e+00
stdout rms_18a_c60         =  2.20270e+00 from=  8.00000e-01 to=  1.00000e+00
stdout dc_18a_c60          =  4.96553e-05 from=  8.00000e-01 to=  1.00000e+00
stdout rms_18a_c7          =  2.20270e+00 from=  8.00000e-01 to=  1.00000e+00
stdout dc_18a_c7           =  4.96553e-05 from=  8.00000e-01 to=  1.00000e+00
stdout rms_18a_c61         =  2.20270e+00 from=  8.00000e-01 to=  1.00000e+00
stdout dc_18a_c61          =  4.96553e-05 from=  8.00000e-01 to=  1.00000e+00
stdout rms_18b_c6          =  1.24862e+00 from=  8.00000e-01 to=  1.00000e+00
stdout dc_18b_c6           =  2.25995e-05 from=  8.00000e-01 to=  1.00000e+00
stdout rms_18b_c60         =  1.24862e+00 from=  8.00000e-01 to=  1.00000e+00
stdout dc_18b_c60          =  2.25995e-05 from=  8.00000e-01 to=  1.00000e+00
stdout rms_18b_c7          =  1.24862e+00 from=  8.00000e-01 to=  1.00000e+00
stdout dc_18b_c7           =  2.25995e-05 from=  8.00000e-01 to=  1.00000e+00
stdout rms_18b_c61         =  1.24862e+00 from=  8.00000e-01 to=  1.00000e+00
stdout dc_18b_c61          =  2.25995e-05 from=  8.00000e-01 to=  1.00000e+00
stdout rms_20a_c11         =  2.17369e+00 from=  8.00000e-01 to=  1.00000e+00
stdout dc_20a_c11          =  3.76373e-05 from=  8.00000e-01 to=  1.00000e+00
stdout rms_20a_c62         =  2.17369e+00 from=  8.00000e-01 to=  1.00000e+00
stdout dc_20a_c62          =  3.76373e-05 from=  8.00000e-01 to=  1.00000e+00
stdout rms_20b_c11         =  3.69042e+00 from=  8.00000e-01 to=  1.00000e+00
stdout dc_20b_c11          =  8.29104e-05 from=  8.00000e-01 to=  1.00000e+00
stdout rms_20b_c62         =  3.69042e+00 from=  8.00000e-01 to=  1.00000e+00
stdout dc_20b_c62          =  8.29104e-05 from=  8.00000e-01 to=  1.00000e+00
stdout rms_5a_c5           =  1.43115e+00 from=  8.00000e-01 to=  1.00000e+00
stdout dc_5a_c5            =  2.62946e-05 from=  8.00000e-01 to=  1.00000e+00
stdout rms_5a_c59          =  1.43115e+00 from=  8.00000e-01 to=  1.00000e+00
stdout dc_5a_c59           =  2.62946e-05 from=  8.00000e-01 to=  1.00000e+00
stdout rms_12a_c30         =  1.54262e+00 from=  8.00000e-01 to=  1.00000e+00
stdout dc_12a_c30          =  3.71240e-05 from=  8.00000e-01 to=  1.00000e+00
stdout rms_12a_c63         =  1.54262e+00 from=  8.00000e-01 to=  1.00000e+00
stdout dc_12a_c63          =  3.71240e-05 from=  8.00000e-01 to=  1.00000e+00
