stdout Note: No compatibility mode selected!
stdout Circuit: bridge loss sensitivity: br1 stps20m100st to220 with individual boyd 577202b00000g sinks. other low-voltage bridges stps20m100sg d2pak. 50 c ambient. electrical winding/load assumptions remain to be measured. d2pak lumped temperatures are screening estimates; geometry thermal_mesh.py is the separate layout assessment.
stdout Doing analysis at TEMP = 27.000000 and TNOM = 27.000000
stdout Using KLU as Direct Linear Solver
stdout Operating point simulation skipped by 'uic',
stdout now using transient initial conditions.
 Reference value :  2.15527e-03
 Reference value :  6.68419e-02
 Reference value :  1.28449e-01
 Reference value :  1.89925e-01
 Reference value :  2.50949e-01
 Reference value :  3.12082e-01
 Reference value :  3.72761e-01
 Reference value :  4.34916e-01
 Reference value :  4.97379e-01
 Reference value :  5.60253e-01
 Reference value :  6.21729e-01
 Reference value :  6.81871e-01
 Reference value :  7.42156e-01
 Reference value :  8.02985e-01
 Reference value :  8.63296e-01
 Reference value :  9.24777e-01
 Reference value :  9.84752e-01
stdout No. of Data Rows : 51978
stdout rms_18a_c6          =  3.05148e+00 from=  8.00000e-01 to=  1.00000e+00
stdout dc_18a_c6           =  1.97154e-04 from=  8.00000e-01 to=  1.00000e+00
stdout rms_18a_c60         =  2.02573e+00 from=  8.00000e-01 to=  1.00000e+00
stdout dc_18a_c60          =  1.34484e-04 from=  8.00000e-01 to=  1.00000e+00
stdout rms_18a_c7          =  2.02573e+00 from=  8.00000e-01 to=  1.00000e+00
stdout dc_18a_c7           =  1.34484e-04 from=  8.00000e-01 to=  1.00000e+00
stdout rms_18a_c61         =  2.02573e+00 from=  8.00000e-01 to=  1.00000e+00
stdout dc_18a_c61          =  1.34484e-04 from=  8.00000e-01 to=  1.00000e+00
stdout rms_18b_c6          =  1.71310e+00 from=  8.00000e-01 to=  1.00000e+00
stdout dc_18b_c6           =  9.23591e-05 from=  8.00000e-01 to=  1.00000e+00
stdout rms_18b_c60         =  1.13511e+00 from=  8.00000e-01 to=  1.00000e+00
stdout dc_18b_c60          =  6.16104e-05 from=  8.00000e-01 to=  1.00000e+00
stdout rms_18b_c7          =  1.13511e+00 from=  8.00000e-01 to=  1.00000e+00
stdout dc_18b_c7           =  6.16104e-05 from=  8.00000e-01 to=  1.00000e+00
stdout rms_18b_c61         =  1.13511e+00 from=  8.00000e-01 to=  1.00000e+00
stdout dc_18b_c61          =  6.16104e-05 from=  8.00000e-01 to=  1.00000e+00
stdout rms_20a_c11         =  2.74048e+00 from=  8.00000e-01 to=  1.00000e+00
stdout dc_20a_c11          =  1.38588e-04 from=  8.00000e-01 to=  1.00000e+00
stdout rms_20a_c62         =  1.81391e+00 from=  8.00000e-01 to=  1.00000e+00
stdout dc_20a_c62          =  9.24053e-05 from=  8.00000e-01 to=  1.00000e+00
stdout rms_20b_c11         =  4.66429e+00 from=  8.00000e-01 to=  1.00000e+00
stdout dc_20b_c11          =  3.65858e-04 from=  8.00000e-01 to=  1.00000e+00
stdout rms_20b_c62         =  3.09361e+00 from=  8.00000e-01 to=  1.00000e+00
stdout dc_20b_c62          =  2.33451e-04 from=  8.00000e-01 to=  1.00000e+00
stdout rms_5a_c5           =  1.77482e+00 from=  8.00000e-01 to=  1.00000e+00
stdout dc_5a_c5            =  9.49538e-05 from=  8.00000e-01 to=  1.00000e+00
stdout rms_5a_c59          =  1.17571e+00 from=  8.00000e-01 to=  1.00000e+00
stdout dc_5a_c59           =  6.32773e-05 from=  8.00000e-01 to=  1.00000e+00
stdout rms_12a_c30         =  1.88707e+00 from=  8.00000e-01 to=  1.00000e+00
stdout dc_12a_c30          =  1.38443e-04 from=  8.00000e-01 to=  1.00000e+00
stdout rms_12a_c63         =  1.25384e+00 from=  8.00000e-01 to=  1.00000e+00
stdout dc_12a_c63          =  9.26277e-05 from=  8.00000e-01 to=  1.00000e+00
