stdout Note: No compatibility mode selected!
stdout Circuit: bridge loss sensitivity: br1 stps20m100st to220 with individual boyd 577202b00000g sinks. other low-voltage bridges stps20m100sg d2pak. 50 c ambient. electrical winding/load assumptions remain to be measured. d2pak lumped temperatures are screening estimates; geometry thermal_mesh.py is the separate layout assessment.
stdout Doing analysis at TEMP = 27.000000 and TNOM = 27.000000
stdout Using KLU as Direct Linear Solver
stdout Operating point simulation skipped by 'uic',
stdout now using transient initial conditions.
 Reference value :  4.00236e-02
 Reference value :  1.04434e-01
 Reference value :  1.66829e-01
 Reference value :  2.30020e-01
 Reference value :  2.94268e-01
 Reference value :  3.56909e-01
 Reference value :  4.19731e-01
 Reference value :  4.82305e-01
 Reference value :  5.45648e-01
 Reference value :  6.08590e-01
 Reference value :  6.72266e-01
 Reference value :  7.34972e-01
 Reference value :  7.97953e-01
 Reference value :  8.61555e-01
 Reference value :  9.24412e-01
 Reference value :  9.84073e-01
stdout No. of Data Rows : 51897
stdout rms_18a_c6          =  2.47072e+00 from=  8.00000e-01 to=  1.00000e+00
stdout dc_18a_c6           =  1.09344e-04 from=  8.00000e-01 to=  1.00000e+00
stdout rms_18a_c60         =  2.47072e+00 from=  8.00000e-01 to=  1.00000e+00
stdout dc_18a_c60          =  1.09344e-04 from=  8.00000e-01 to=  1.00000e+00
stdout rms_18a_c7          =  2.47072e+00 from=  8.00000e-01 to=  1.00000e+00
stdout dc_18a_c7           =  1.09344e-04 from=  8.00000e-01 to=  1.00000e+00
stdout rms_18a_c61         =  2.47072e+00 from=  8.00000e-01 to=  1.00000e+00
stdout dc_18a_c61          =  1.09344e-04 from=  8.00000e-01 to=  1.00000e+00
stdout rms_18b_c6          =  1.30055e+00 from=  8.00000e-01 to=  1.00000e+00
stdout dc_18b_c6           =  4.73455e-05 from=  8.00000e-01 to=  1.00000e+00
stdout rms_18b_c60         =  1.30055e+00 from=  8.00000e-01 to=  1.00000e+00
stdout dc_18b_c60          =  4.73455e-05 from=  8.00000e-01 to=  1.00000e+00
stdout rms_18b_c7          =  1.30055e+00 from=  8.00000e-01 to=  1.00000e+00
stdout dc_18b_c7           =  4.73455e-05 from=  8.00000e-01 to=  1.00000e+00
stdout rms_18b_c61         =  1.30055e+00 from=  8.00000e-01 to=  1.00000e+00
stdout dc_18b_c61          =  4.73455e-05 from=  8.00000e-01 to=  1.00000e+00
stdout rms_20a_c11         =  2.29173e+00 from=  8.00000e-01 to=  1.00000e+00
stdout dc_20a_c11          =  7.89071e-05 from=  8.00000e-01 to=  1.00000e+00
stdout rms_20a_c62         =  2.29173e+00 from=  8.00000e-01 to=  1.00000e+00
stdout dc_20a_c62          =  7.89071e-05 from=  8.00000e-01 to=  1.00000e+00
stdout rms_20b_c11         =  3.90931e+00 from=  8.00000e-01 to=  1.00000e+00
stdout dc_20b_c11          =  2.11718e-04 from=  8.00000e-01 to=  1.00000e+00
stdout rms_20b_c62         =  3.90931e+00 from=  8.00000e-01 to=  1.00000e+00
stdout dc_20b_c62          =  2.11718e-04 from=  8.00000e-01 to=  1.00000e+00
stdout rms_5a_c5           =  1.35579e+00 from=  8.00000e-01 to=  1.00000e+00
stdout dc_5a_c5            =  4.80280e-05 from=  8.00000e-01 to=  1.00000e+00
stdout rms_5a_c59          =  1.35579e+00 from=  8.00000e-01 to=  1.00000e+00
stdout dc_5a_c59           =  4.80280e-05 from=  8.00000e-01 to=  1.00000e+00
stdout rms_12a_c30         =  1.60405e+00 from=  8.00000e-01 to=  1.00000e+00
stdout dc_12a_c30          =  7.86428e-05 from=  8.00000e-01 to=  1.00000e+00
stdout rms_12a_c63         =  1.60405e+00 from=  8.00000e-01 to=  1.00000e+00
stdout dc_12a_c63          =  7.86428e-05 from=  8.00000e-01 to=  1.00000e+00
