stdout Note: No compatibility mode selected!
stdout Circuit: bridge loss sensitivity: br1 stps20m100st to220 with individual boyd 577202b00000g sinks. other low-voltage bridges stps20m100sg d2pak. 50 c ambient. electrical winding/load assumptions remain to be measured. d2pak lumped temperatures are screening estimates; geometry thermal_mesh.py is the separate layout assessment.
stdout Doing analysis at TEMP = 27.000000 and TNOM = 27.000000
stdout Using KLU as Direct Linear Solver
stdout Operating point simulation skipped by 'uic',
stdout now using transient initial conditions.
 Reference value :  2.55601e-02
 Reference value :  8.90431e-02
 Reference value :  1.47777e-01
 Reference value :  2.06460e-01
 Reference value :  2.66253e-01
 Reference value :  3.24341e-01
 Reference value :  3.81749e-01
 Reference value :  4.40363e-01
 Reference value :  4.98205e-01
 Reference value :  5.56394e-01
 Reference value :  6.15109e-01
 Reference value :  6.73236e-01
 Reference value :  7.33395e-01
 Reference value :  7.91628e-01
 Reference value :  8.51022e-01
 Reference value :  9.10359e-01
 Reference value :  9.67630e-01
stdout No. of Data Rows : 52297
stdout rms_18a_c6          =  2.21172e+00 from=  8.00000e-01 to=  1.00000e+00
stdout dc_18a_c6           =  1.67071e-04 from=  8.00000e-01 to=  1.00000e+00
stdout rms_18a_c60         =  2.21172e+00 from=  8.00000e-01 to=  1.00000e+00
stdout dc_18a_c60          =  1.67071e-04 from=  8.00000e-01 to=  1.00000e+00
stdout rms_18a_c7          =  2.21172e+00 from=  8.00000e-01 to=  1.00000e+00
stdout dc_18a_c7           =  1.67071e-04 from=  8.00000e-01 to=  1.00000e+00
stdout rms_18a_c61         =  2.21172e+00 from=  8.00000e-01 to=  1.00000e+00
stdout dc_18a_c61          =  1.67071e-04 from=  8.00000e-01 to=  1.00000e+00
stdout rms_18b_c6          =  1.24999e+00 from=  8.00000e-01 to=  1.00000e+00
stdout dc_18b_c6           =  7.47793e-05 from=  8.00000e-01 to=  1.00000e+00
stdout rms_18b_c60         =  1.24999e+00 from=  8.00000e-01 to=  1.00000e+00
stdout dc_18b_c60          =  7.47793e-05 from=  8.00000e-01 to=  1.00000e+00
stdout rms_18b_c7          =  1.24999e+00 from=  8.00000e-01 to=  1.00000e+00
stdout dc_18b_c7           =  7.47793e-05 from=  8.00000e-01 to=  1.00000e+00
stdout rms_18b_c61         =  1.24999e+00 from=  8.00000e-01 to=  1.00000e+00
stdout dc_18b_c61          =  7.47793e-05 from=  8.00000e-01 to=  1.00000e+00
stdout rms_20a_c11         =  2.17951e+00 from=  8.00000e-01 to=  1.00000e+00
stdout dc_20a_c11          =  1.24645e-04 from=  8.00000e-01 to=  1.00000e+00
stdout rms_20a_c62         =  2.17951e+00 from=  8.00000e-01 to=  1.00000e+00
stdout dc_20a_c62          =  1.24645e-04 from=  8.00000e-01 to=  1.00000e+00
stdout rms_20b_c11         =  3.70838e+00 from=  8.00000e-01 to=  1.00000e+00
stdout dc_20b_c11          =  3.12008e-04 from=  8.00000e-01 to=  1.00000e+00
stdout rms_20b_c62         =  3.70838e+00 from=  8.00000e-01 to=  1.00000e+00
stdout dc_20b_c62          =  3.12008e-04 from=  8.00000e-01 to=  1.00000e+00
stdout rms_5a_c5           =  1.43138e+00 from=  8.00000e-01 to=  1.00000e+00
stdout dc_5a_c5            =  8.66397e-05 from=  8.00000e-01 to=  1.00000e+00
stdout rms_5a_c59          =  1.43138e+00 from=  8.00000e-01 to=  1.00000e+00
stdout dc_5a_c59           =  8.66397e-05 from=  8.00000e-01 to=  1.00000e+00
stdout rms_12a_c30         =  1.54403e+00 from=  8.00000e-01 to=  1.00000e+00
stdout dc_12a_c30          =  1.23747e-04 from=  8.00000e-01 to=  1.00000e+00
stdout rms_12a_c63         =  1.54403e+00 from=  8.00000e-01 to=  1.00000e+00
stdout dc_12a_c63          =  1.23747e-04 from=  8.00000e-01 to=  1.00000e+00
