stdout Note: No compatibility mode selected!
stdout Circuit: bridge loss sensitivity: br1 stps20m100st to220 with individual boyd 577202b00000g sinks. other low-voltage bridges stps20m100sg d2pak. 50 c ambient. electrical winding/load assumptions remain to be measured. d2pak lumped temperatures are screening estimates; geometry thermal_mesh.py is the separate layout assessment.
stdout Doing analysis at TEMP = 27.000000 and TNOM = 27.000000
stdout Using KLU as Direct Linear Solver
stdout Operating point simulation skipped by 'uic',
stdout now using transient initial conditions.
 Reference value :  1.73389e-02
 Reference value :  4.69523e-02
 Reference value :  9.17857e-02
 Reference value :  1.18237e-01
 Reference value :  1.42911e-01
 Reference value :  1.67445e-01
 Reference value :  1.92703e-01
 Reference value :  2.39807e-01
 Reference value :  2.71075e-01
 Reference value :  3.01172e-01
 Reference value :  3.31876e-01
 Reference value :  3.57975e-01
 Reference value :  3.83410e-01
 Reference value :  4.08878e-01
 Reference value :  4.55237e-01
 Reference value :  4.99894e-01
 Reference value :  5.27131e-01
 Reference value :  5.63756e-01
 Reference value :  5.89097e-01
 Reference value :  6.14257e-01
 Reference value :  6.39741e-01
 Reference value :  6.69187e-01
 Reference value :  7.10971e-01
 Reference value :  7.37431e-01
 Reference value :  7.62279e-01
 Reference value :  7.86492e-01
 Reference value :  8.11672e-01
 Reference value :  8.64152e-01
 Reference value :  9.03552e-01
 Reference value :  9.34733e-01
 Reference value :  9.72340e-01
 Reference value :  9.97501e-01
stdout No. of Data Rows : 52247
stdout rms_18a_c6          =  2.48200e+00 from=  8.00000e-01 to=  1.00000e+00
stdout dc_18a_c6           =  4.56282e-05 from=  8.00000e-01 to=  1.00000e+00
stdout rms_18a_c60         =  2.48200e+00 from=  8.00000e-01 to=  1.00000e+00
stdout dc_18a_c60          =  4.56282e-05 from=  8.00000e-01 to=  1.00000e+00
stdout rms_18a_c7          =  2.48200e+00 from=  8.00000e-01 to=  1.00000e+00
stdout dc_18a_c7           =  4.56282e-05 from=  8.00000e-01 to=  1.00000e+00
stdout rms_18a_c61         =  2.48200e+00 from=  8.00000e-01 to=  1.00000e+00
stdout dc_18a_c61          =  4.56282e-05 from=  8.00000e-01 to=  1.00000e+00
stdout rms_18b_c6          =  1.30201e+00 from=  8.00000e-01 to=  1.00000e+00
stdout dc_18b_c6           =  1.75816e-05 from=  8.00000e-01 to=  1.00000e+00
stdout rms_18b_c60         =  1.30201e+00 from=  8.00000e-01 to=  1.00000e+00
stdout dc_18b_c60          =  1.75816e-05 from=  8.00000e-01 to=  1.00000e+00
stdout rms_18b_c7          =  1.30201e+00 from=  8.00000e-01 to=  1.00000e+00
stdout dc_18b_c7           =  1.75816e-05 from=  8.00000e-01 to=  1.00000e+00
stdout rms_18b_c61         =  1.30201e+00 from=  8.00000e-01 to=  1.00000e+00
stdout dc_18b_c61          =  1.75816e-05 from=  8.00000e-01 to=  1.00000e+00
stdout rms_20a_c11         =  2.29849e+00 from=  8.00000e-01 to=  1.00000e+00
stdout dc_20a_c11          =  2.93007e-05 from=  8.00000e-01 to=  1.00000e+00
stdout rms_20a_c62         =  2.29849e+00 from=  8.00000e-01 to=  1.00000e+00
stdout dc_20a_c62          =  2.93007e-05 from=  8.00000e-01 to=  1.00000e+00
stdout rms_20b_c11         =  3.93000e+00 from=  8.00000e-01 to=  1.00000e+00
stdout dc_20b_c11          =  1.40155e-04 from=  8.00000e-01 to=  1.00000e+00
stdout rms_20b_c62         =  3.93000e+00 from=  8.00000e-01 to=  1.00000e+00
stdout dc_20b_c62          =  1.40155e-04 from=  8.00000e-01 to=  1.00000e+00
stdout rms_5a_c5           =  1.35669e+00 from=  8.00000e-01 to=  1.00000e+00
stdout dc_5a_c5            =  1.77717e-05 from=  8.00000e-01 to=  1.00000e+00
stdout rms_5a_c59          =  1.35669e+00 from=  8.00000e-01 to=  1.00000e+00
stdout dc_5a_c59           =  1.77717e-05 from=  8.00000e-01 to=  1.00000e+00
stdout rms_12a_c30         =  1.60545e+00 from=  8.00000e-01 to=  1.00000e+00
stdout dc_12a_c30          =  2.88481e-05 from=  8.00000e-01 to=  1.00000e+00
stdout rms_12a_c63         =  1.60545e+00 from=  8.00000e-01 to=  1.00000e+00
stdout dc_12a_c63          =  2.88481e-05 from=  8.00000e-01 to=  1.00000e+00
