stdout Note: No compatibility mode selected!
stdout Circuit: bridge loss sensitivity: br1 stps20m100st to220 with individual boyd 577202b00000g sinks. other low-voltage bridges stps20m100sg d2pak. 50 c ambient. electrical winding/load assumptions remain to be measured. d2pak lumped temperatures are screening estimates; geometry thermal_mesh.py is the separate layout assessment.
stdout Doing analysis at TEMP = 27.000000 and TNOM = 27.000000
stdout Using KLU as Direct Linear Solver
stdout Operating point simulation skipped by 'uic',
stdout now using transient initial conditions.
 Reference value :  2.24969e-02
 Reference value :  6.20434e-02
 Reference value :  1.09920e-01
 Reference value :  1.36331e-01
 Reference value :  1.72946e-01
 Reference value :  1.98620e-01
 Reference value :  2.24007e-01
 Reference value :  2.49544e-01
 Reference value :  2.75237e-01
 Reference value :  3.28419e-01
 Reference value :  3.55796e-01
 Reference value :  3.96625e-01
 Reference value :  4.22441e-01
 Reference value :  4.46723e-01
 Reference value :  4.71525e-01
 Reference value :  4.96044e-01
 Reference value :  5.23316e-01
 Reference value :  5.60494e-01
 Reference value :  5.87343e-01
 Reference value :  6.28117e-01
 Reference value :  6.54636e-01
 Reference value :  6.80396e-01
 Reference value :  7.05812e-01
 Reference value :  7.31365e-01
 Reference value :  7.65805e-01
 Reference value :  8.06390e-01
 Reference value :  8.33775e-01
 Reference value :  8.69425e-01
 Reference value :  8.96170e-01
 Reference value :  9.22043e-01
 Reference value :  9.47487e-01
 Reference value :  9.71885e-01
stdout No. of Data Rows : 52182
stdout rms_18a_c6          =  2.41069e+00 from=  8.00000e-01 to=  1.00000e+00
stdout dc_18a_c6           =  1.44035e-04 from=  8.00000e-01 to=  1.00000e+00
stdout rms_18a_c60         =  2.41069e+00 from=  8.00000e-01 to=  1.00000e+00
stdout dc_18a_c60          =  1.44035e-04 from=  8.00000e-01 to=  1.00000e+00
stdout rms_18a_c7          =  2.41069e+00 from=  8.00000e-01 to=  1.00000e+00
stdout dc_18a_c7           =  1.44035e-04 from=  8.00000e-01 to=  1.00000e+00
stdout rms_18a_c61         =  2.41069e+00 from=  8.00000e-01 to=  1.00000e+00
stdout dc_18a_c61          =  1.44035e-04 from=  8.00000e-01 to=  1.00000e+00
stdout rms_18b_c6          =  1.27822e+00 from=  8.00000e-01 to=  1.00000e+00
stdout dc_18b_c6           =  6.08141e-05 from=  8.00000e-01 to=  1.00000e+00
stdout rms_18b_c60         =  1.27822e+00 from=  8.00000e-01 to=  1.00000e+00
stdout dc_18b_c60          =  6.08141e-05 from=  8.00000e-01 to=  1.00000e+00
stdout rms_18b_c7          =  1.27822e+00 from=  8.00000e-01 to=  1.00000e+00
stdout dc_18b_c7           =  6.08141e-05 from=  8.00000e-01 to=  1.00000e+00
stdout rms_18b_c61         =  1.27822e+00 from=  8.00000e-01 to=  1.00000e+00
stdout dc_18b_c61          =  6.08141e-05 from=  8.00000e-01 to=  1.00000e+00
stdout rms_20a_c11         =  2.22802e+00 from=  8.00000e-01 to=  1.00000e+00
stdout dc_20a_c11          =  1.01285e-04 from=  8.00000e-01 to=  1.00000e+00
stdout rms_20a_c62         =  2.22802e+00 from=  8.00000e-01 to=  1.00000e+00
stdout dc_20a_c62          =  1.01285e-04 from=  8.00000e-01 to=  1.00000e+00
stdout rms_20b_c11         =  3.79970e+00 from=  8.00000e-01 to=  1.00000e+00
stdout dc_20b_c11          =  2.72683e-04 from=  8.00000e-01 to=  1.00000e+00
stdout rms_20b_c62         =  3.79970e+00 from=  8.00000e-01 to=  1.00000e+00
stdout dc_20b_c62          =  2.72683e-04 from=  8.00000e-01 to=  1.00000e+00
stdout rms_5a_c5           =  1.32820e+00 from=  8.00000e-01 to=  1.00000e+00
stdout dc_5a_c5            =  6.21468e-05 from=  8.00000e-01 to=  1.00000e+00
stdout rms_5a_c59          =  1.32820e+00 from=  8.00000e-01 to=  1.00000e+00
stdout dc_5a_c59           =  6.21468e-05 from=  8.00000e-01 to=  1.00000e+00
stdout rms_12a_c30         =  1.58647e+00 from=  8.00000e-01 to=  1.00000e+00
stdout dc_12a_c30          =  1.00341e-04 from=  8.00000e-01 to=  1.00000e+00
stdout rms_12a_c63         =  1.58647e+00 from=  8.00000e-01 to=  1.00000e+00
stdout dc_12a_c63          =  1.00341e-04 from=  8.00000e-01 to=  1.00000e+00
