stdout Note: No compatibility mode selected!
stdout Circuit: bridge loss sensitivity: br1 stps20m100st to220 with individual boyd 577202b00000g sinks. other low-voltage bridges stps20m100sg d2pak. 50 c ambient. electrical winding/load assumptions remain to be measured. d2pak lumped temperatures are screening estimates; geometry thermal_mesh.py is the separate layout assessment.
stdout Doing analysis at TEMP = 27.000000 and TNOM = 27.000000
stdout Using KLU as Direct Linear Solver
stdout Operating point simulation skipped by 'uic',
stdout now using transient initial conditions.
 Reference value :  1.73159e-02
 Reference value :  7.90743e-02
 Reference value :  1.37164e-01
 Reference value :  1.96580e-01
 Reference value :  2.52324e-01
 Reference value :  3.10769e-01
 Reference value :  3.70238e-01
 Reference value :  4.30003e-01
 Reference value :  4.88947e-01
 Reference value :  5.48259e-01
 Reference value :  6.06404e-01
 Reference value :  6.63015e-01
 Reference value :  7.21850e-01
 Reference value :  7.78811e-01
 Reference value :  8.37245e-01
 Reference value :  8.95700e-01
 Reference value :  9.53201e-01
stdout No. of Data Rows : 52271
stdout rms_18a_c6          =  2.31865e+00 from=  8.00000e-01 to=  1.00000e+00
stdout dc_18a_c6           =  1.11808e-04 from=  8.00000e-01 to=  1.00000e+00
stdout rms_18a_c60         =  2.31865e+00 from=  8.00000e-01 to=  1.00000e+00
stdout dc_18a_c60          =  1.11808e-04 from=  8.00000e-01 to=  1.00000e+00
stdout rms_18a_c7          =  2.31865e+00 from=  8.00000e-01 to=  1.00000e+00
stdout dc_18a_c7           =  1.11808e-04 from=  8.00000e-01 to=  1.00000e+00
stdout rms_18a_c61         =  2.31865e+00 from=  8.00000e-01 to=  1.00000e+00
stdout dc_18a_c61          =  1.11808e-04 from=  8.00000e-01 to=  1.00000e+00
stdout rms_18b_c6          =  1.28869e+00 from=  8.00000e-01 to=  1.00000e+00
stdout dc_18b_c6           =  3.51562e-05 from=  8.00000e-01 to=  1.00000e+00
stdout rms_18b_c60         =  1.28869e+00 from=  8.00000e-01 to=  1.00000e+00
stdout dc_18b_c60          =  3.51562e-05 from=  8.00000e-01 to=  1.00000e+00
stdout rms_18b_c7          =  1.28869e+00 from=  8.00000e-01 to=  1.00000e+00
stdout dc_18b_c7           =  3.51562e-05 from=  8.00000e-01 to=  1.00000e+00
stdout rms_18b_c61         =  1.28869e+00 from=  8.00000e-01 to=  1.00000e+00
stdout dc_18b_c61          =  3.51562e-05 from=  8.00000e-01 to=  1.00000e+00
stdout rms_20a_c11         =  2.29646e+00 from=  8.00000e-01 to=  1.00000e+00
stdout dc_20a_c11          =  5.85907e-05 from=  8.00000e-01 to=  1.00000e+00
stdout rms_20a_c62         =  2.29646e+00 from=  8.00000e-01 to=  1.00000e+00
stdout dc_20a_c62          =  5.85907e-05 from=  8.00000e-01 to=  1.00000e+00
stdout rms_20b_c11         =  3.92423e+00 from=  8.00000e-01 to=  1.00000e+00
stdout dc_20b_c11          =  1.41537e-04 from=  8.00000e-01 to=  1.00000e+00
stdout rms_20b_c62         =  3.92423e+00 from=  8.00000e-01 to=  1.00000e+00
stdout dc_20b_c62          =  1.41537e-04 from=  8.00000e-01 to=  1.00000e+00
stdout rms_5a_c5           =  1.48106e+00 from=  8.00000e-01 to=  1.00000e+00
stdout dc_5a_c5            =  3.98441e-05 from=  8.00000e-01 to=  1.00000e+00
stdout rms_5a_c59          =  1.48106e+00 from=  8.00000e-01 to=  1.00000e+00
stdout dc_5a_c59           =  3.98441e-05 from=  8.00000e-01 to=  1.00000e+00
stdout rms_12a_c30         =  1.57466e+00 from=  8.00000e-01 to=  1.00000e+00
stdout dc_12a_c30          =  5.87333e-05 from=  8.00000e-01 to=  1.00000e+00
stdout rms_12a_c63         =  1.57466e+00 from=  8.00000e-01 to=  1.00000e+00
stdout dc_12a_c63          =  5.87333e-05 from=  8.00000e-01 to=  1.00000e+00
