stdout Note: No compatibility mode selected!
stdout Circuit: bridge loss sensitivity: br1 stps20m100st to220 with individual boyd 577202b00000g sinks. other low-voltage bridges stps20m100sg d2pak. 50 c ambient. electrical winding/load assumptions remain to be measured. d2pak lumped temperatures are screening estimates; geometry thermal_mesh.py is the separate layout assessment.
stdout Doing analysis at TEMP = 27.000000 and TNOM = 27.000000
stdout Using KLU as Direct Linear Solver
stdout Operating point simulation skipped by 'uic',
stdout now using transient initial conditions.
 Reference value :  1.85182e-02
 Reference value :  8.32541e-02
 Reference value :  1.43922e-01
 Reference value :  2.03177e-01
 Reference value :  2.60608e-01
 Reference value :  3.18167e-01
 Reference value :  3.74802e-01
 Reference value :  4.34074e-01
 Reference value :  4.93641e-01
 Reference value :  5.53255e-01
 Reference value :  6.14107e-01
 Reference value :  6.74142e-01
 Reference value :  7.34140e-01
 Reference value :  7.94380e-01
 Reference value :  8.54083e-01
 Reference value :  9.13976e-01
 Reference value :  9.72653e-01
stdout No. of Data Rows : 52244
stdout rms_18a_c6          =  3.03491e+00 from=  8.00000e-01 to=  1.00000e+00
stdout dc_18a_c6           =  7.07046e-05 from=  8.00000e-01 to=  1.00000e+00
stdout rms_18a_c60         =  1.96442e+00 from=  8.00000e-01 to=  1.00000e+00
stdout dc_18a_c60          =  5.05610e-05 from=  8.00000e-01 to=  1.00000e+00
stdout rms_18a_c7          =  1.96442e+00 from=  8.00000e-01 to=  1.00000e+00
stdout dc_18a_c7           =  5.05610e-05 from=  8.00000e-01 to=  1.00000e+00
stdout rms_18a_c61         =  1.96442e+00 from=  8.00000e-01 to=  1.00000e+00
stdout dc_18a_c61          =  5.05610e-05 from=  8.00000e-01 to=  1.00000e+00
stdout rms_18b_c6          =  1.72357e+00 from=  8.00000e-01 to=  1.00000e+00
stdout dc_18b_c6           =  3.07134e-05 from=  8.00000e-01 to=  1.00000e+00
stdout rms_18b_c60         =  1.10440e+00 from=  8.00000e-01 to=  1.00000e+00
stdout dc_18b_c60          =  2.11508e-05 from=  8.00000e-01 to=  1.00000e+00
stdout rms_18b_c7          =  1.10440e+00 from=  8.00000e-01 to=  1.00000e+00
stdout dc_18b_c7           =  2.11508e-05 from=  8.00000e-01 to=  1.00000e+00
stdout rms_18b_c61         =  1.10440e+00 from=  8.00000e-01 to=  1.00000e+00
stdout dc_18b_c61          =  2.11508e-05 from=  8.00000e-01 to=  1.00000e+00
stdout rms_20a_c11         =  2.71719e+00 from=  8.00000e-01 to=  1.00000e+00
stdout dc_20a_c11          =  4.66478e-05 from=  8.00000e-01 to=  1.00000e+00
stdout rms_20a_c62         =  1.73448e+00 from=  8.00000e-01 to=  1.00000e+00
stdout dc_20a_c62          =  3.17519e-05 from=  8.00000e-01 to=  1.00000e+00
stdout rms_20b_c11         =  4.61150e+00 from=  8.00000e-01 to=  1.00000e+00
stdout dc_20b_c11          =  2.18812e-04 from=  8.00000e-01 to=  1.00000e+00
stdout rms_20b_c62         =  2.97364e+00 from=  8.00000e-01 to=  1.00000e+00
stdout dc_20b_c62          =  1.28531e-04 from=  8.00000e-01 to=  1.00000e+00
stdout rms_5a_c5           =  1.76904e+00 from=  8.00000e-01 to=  1.00000e+00
stdout dc_5a_c5            =  3.21610e-05 from=  8.00000e-01 to=  1.00000e+00
stdout rms_5a_c59          =  1.13346e+00 from=  8.00000e-01 to=  1.00000e+00
stdout dc_5a_c59           =  2.18939e-05 from=  8.00000e-01 to=  1.00000e+00
stdout rms_12a_c30         =  1.88715e+00 from=  8.00000e-01 to=  1.00000e+00
stdout dc_12a_c30          =  4.57276e-05 from=  8.00000e-01 to=  1.00000e+00
stdout rms_12a_c63         =  1.22739e+00 from=  8.00000e-01 to=  1.00000e+00
stdout dc_12a_c63          =  3.15755e-05 from=  8.00000e-01 to=  1.00000e+00
