stdout Note: No compatibility mode selected!
stdout Circuit: bridge loss sensitivity: br1 stps20m100st to220 with individual boyd 577202b00000g sinks. other low-voltage bridges stps20m100sg d2pak. 50 c ambient. electrical winding/load assumptions remain to be measured. d2pak lumped temperatures are screening estimates; geometry thermal_mesh.py is the separate layout assessment.
stdout Doing analysis at TEMP = 27.000000 and TNOM = 27.000000
stdout Using KLU as Direct Linear Solver
stdout Operating point simulation skipped by 'uic',
stdout now using transient initial conditions.
 Reference value :  1.91321e-02
 Reference value :  4.52962e-02
 Reference value :  7.19756e-02
 Reference value :  1.24773e-01
 Reference value :  1.55792e-01
 Reference value :  1.97445e-01
 Reference value :  2.23996e-01
 Reference value :  2.49180e-01
 Reference value :  2.74499e-01
 Reference value :  3.00176e-01
 Reference value :  3.27504e-01
 Reference value :  3.75979e-01
 Reference value :  4.03543e-01
 Reference value :  4.46598e-01
 Reference value :  4.73179e-01
 Reference value :  4.98347e-01
 Reference value :  5.23739e-01
 Reference value :  5.49112e-01
 Reference value :  5.95618e-01
 Reference value :  6.35704e-01
 Reference value :  6.64502e-01
 Reference value :  7.03867e-01
 Reference value :  7.29758e-01
 Reference value :  7.55298e-01
 Reference value :  7.80788e-01
 Reference value :  8.07552e-01
 Reference value :  8.60702e-01
 Reference value :  8.89032e-01
 Reference value :  9.25081e-01
 Reference value :  9.52612e-01
 Reference value :  9.76701e-01
 Reference value :  1.00000e+00
stdout No. of Data Rows : 52184
stdout rms_18a_c6          =  3.30857e+00 from=  8.00000e-01 to=  1.00000e+00
stdout dc_18a_c6           =  -2.82272e-06 from=  8.00000e-01 to=  1.00000e+00
stdout rms_18a_c60         =  2.14114e+00 from=  8.00000e-01 to=  1.00000e+00
stdout dc_18a_c60          =  3.31173e-06 from=  8.00000e-01 to=  1.00000e+00
stdout rms_18a_c7          =  2.14114e+00 from=  8.00000e-01 to=  1.00000e+00
stdout dc_18a_c7           =  3.31173e-06 from=  8.00000e-01 to=  1.00000e+00
stdout rms_18a_c61         =  2.14114e+00 from=  8.00000e-01 to=  1.00000e+00
stdout dc_18a_c61          =  3.31173e-06 from=  8.00000e-01 to=  1.00000e+00
stdout rms_18b_c6          =  1.76436e+00 from=  8.00000e-01 to=  1.00000e+00
stdout dc_18b_c6           =  1.28712e-07 from=  8.00000e-01 to=  1.00000e+00
stdout rms_18b_c60         =  1.12875e+00 from=  8.00000e-01 to=  1.00000e+00
stdout dc_18b_c60          =  7.95574e-07 from=  8.00000e-01 to=  1.00000e+00
stdout rms_18b_c7          =  1.12875e+00 from=  8.00000e-01 to=  1.00000e+00
stdout dc_18b_c7           =  7.95574e-07 from=  8.00000e-01 to=  1.00000e+00
stdout rms_18b_c61         =  1.12875e+00 from=  8.00000e-01 to=  1.00000e+00
stdout dc_18b_c61          =  7.95574e-07 from=  8.00000e-01 to=  1.00000e+00
stdout rms_20a_c11         =  2.77925e+00 from=  8.00000e-01 to=  1.00000e+00
stdout dc_20a_c11          =  8.44604e-07 from=  8.00000e-01 to=  1.00000e+00
stdout rms_20a_c62         =  1.77108e+00 from=  8.00000e-01 to=  1.00000e+00
stdout dc_20a_c62          =  1.26253e-06 from=  8.00000e-01 to=  1.00000e+00
stdout rms_20b_c11         =  4.72660e+00 from=  8.00000e-01 to=  1.00000e+00
stdout dc_20b_c11          =  1.35820e-04 from=  8.00000e-01 to=  1.00000e+00
stdout rms_20b_c62         =  3.04388e+00 from=  8.00000e-01 to=  1.00000e+00
stdout dc_20b_c62          =  7.17831e-05 from=  8.00000e-01 to=  1.00000e+00
stdout rms_5a_c5           =  1.64503e+00 from=  8.00000e-01 to=  1.00000e+00
stdout dc_5a_c5            =  5.02504e-07 from=  8.00000e-01 to=  1.00000e+00
stdout rms_5a_c59          =  1.05038e+00 from=  8.00000e-01 to=  1.00000e+00
stdout dc_5a_c59           =  7.82212e-07 from=  8.00000e-01 to=  1.00000e+00
stdout rms_12a_c30         =  1.93943e+00 from=  8.00000e-01 to=  1.00000e+00
stdout dc_12a_c30          =  -3.21677e-07 from=  8.00000e-01 to=  1.00000e+00
stdout rms_12a_c63         =  1.26027e+00 from=  8.00000e-01 to=  1.00000e+00
stdout dc_12a_c63          =  1.02517e-06 from=  8.00000e-01 to=  1.00000e+00
