stdout Note: No compatibility mode selected!
stdout Circuit: bridge loss sensitivity: br1 stps20m100st to220 with individual boyd 577202b00000g sinks. other low-voltage bridges stps20m100sg d2pak. 50 c ambient. electrical winding/load assumptions remain to be measured. d2pak lumped temperatures are screening estimates; geometry thermal_mesh.py is the separate layout assessment.
stdout Doing analysis at TEMP = 27.000000 and TNOM = 27.000000
stdout Using KLU as Direct Linear Solver
stdout Operating point simulation skipped by 'uic',
stdout now using transient initial conditions.
 Reference value :  2.01243e-02
 Reference value :  8.39766e-02
 Reference value :  1.44025e-01
 Reference value :  2.04595e-01
 Reference value :  2.64634e-01
 Reference value :  3.24976e-01
 Reference value :  3.85946e-01
 Reference value :  4.45950e-01
 Reference value :  5.05791e-01
 Reference value :  5.66308e-01
 Reference value :  6.27302e-01
 Reference value :  6.86547e-01
 Reference value :  7.46987e-01
 Reference value :  8.08375e-01
 Reference value :  8.65706e-01
 Reference value :  9.22491e-01
 Reference value :  9.76987e-01
stdout No. of Data Rows : 52292
stdout rms_18a_c6          =  3.00389e+00 from=  8.00000e-01 to=  1.00000e+00
stdout dc_18a_c6           =  8.59893e-05 from=  8.00000e-01 to=  1.00000e+00
stdout rms_18a_c60         =  1.84977e+00 from=  8.00000e-01 to=  1.00000e+00
stdout dc_18a_c60          =  5.84805e-05 from=  8.00000e-01 to=  1.00000e+00
stdout rms_18a_c7          =  1.84977e+00 from=  8.00000e-01 to=  1.00000e+00
stdout dc_18a_c7           =  5.84805e-05 from=  8.00000e-01 to=  1.00000e+00
stdout rms_18a_c61         =  1.84977e+00 from=  8.00000e-01 to=  1.00000e+00
stdout dc_18a_c61          =  5.84805e-05 from=  8.00000e-01 to=  1.00000e+00
stdout rms_18b_c6          =  1.74069e+00 from=  8.00000e-01 to=  1.00000e+00
stdout dc_18b_c6           =  3.73778e-05 from=  8.00000e-01 to=  1.00000e+00
stdout rms_18b_c60         =  1.05390e+00 from=  8.00000e-01 to=  1.00000e+00
stdout dc_18b_c60          =  2.54875e-05 from=  8.00000e-01 to=  1.00000e+00
stdout rms_18b_c7          =  1.05390e+00 from=  8.00000e-01 to=  1.00000e+00
stdout dc_18b_c7           =  2.54875e-05 from=  8.00000e-01 to=  1.00000e+00
stdout rms_18b_c61         =  1.05390e+00 from=  8.00000e-01 to=  1.00000e+00
stdout dc_18b_c61          =  2.54875e-05 from=  8.00000e-01 to=  1.00000e+00
stdout rms_20a_c11         =  2.67176e+00 from=  8.00000e-01 to=  1.00000e+00
stdout dc_20a_c11          =  5.66087e-05 from=  8.00000e-01 to=  1.00000e+00
stdout rms_20a_c62         =  1.61159e+00 from=  8.00000e-01 to=  1.00000e+00
stdout dc_20a_c62          =  3.82912e-05 from=  8.00000e-01 to=  1.00000e+00
stdout rms_20b_c11         =  4.50826e+00 from=  8.00000e-01 to=  1.00000e+00
stdout dc_20b_c11          =  1.39747e-04 from=  8.00000e-01 to=  1.00000e+00
stdout rms_20b_c62         =  2.76325e+00 from=  8.00000e-01 to=  1.00000e+00
stdout dc_20b_c62          =  9.16770e-05 from=  8.00000e-01 to=  1.00000e+00
stdout rms_5a_c5           =  1.76427e+00 from=  8.00000e-01 to=  1.00000e+00
stdout dc_5a_c5            =  3.97849e-05 from=  8.00000e-01 to=  1.00000e+00
stdout rms_5a_c59          =  1.07043e+00 from=  8.00000e-01 to=  1.00000e+00
stdout dc_5a_c59           =  2.68187e-05 from=  8.00000e-01 to=  1.00000e+00
stdout rms_12a_c30         =  1.89291e+00 from=  8.00000e-01 to=  1.00000e+00
stdout dc_12a_c30          =  5.53513e-05 from=  8.00000e-01 to=  1.00000e+00
stdout rms_12a_c63         =  1.17515e+00 from=  8.00000e-01 to=  1.00000e+00
stdout dc_12a_c63          =  3.72210e-05 from=  8.00000e-01 to=  1.00000e+00
