stdout Note: No compatibility mode selected!
stdout Circuit: bridge loss sensitivity: br1 stps20m100st to220 with individual boyd 577202b00000g sinks. other low-voltage bridges stps20m100sg d2pak. 50 c ambient. electrical winding/load assumptions remain to be measured. d2pak lumped temperatures are screening estimates; geometry thermal_mesh.py is the separate layout assessment.
stdout Doing analysis at TEMP = 27.000000 and TNOM = 27.000000
stdout Using KLU as Direct Linear Solver
stdout Operating point simulation skipped by 'uic',
stdout now using transient initial conditions.
 Reference value :  2.20667e-02
 Reference value :  8.28385e-02
 Reference value :  1.10422e-01
 Reference value :  1.37679e-01
 Reference value :  1.64425e-01
 Reference value :  2.13217e-01
 Reference value :  2.47875e-01
 Reference value :  2.75238e-01
 Reference value :  3.01808e-01
 Reference value :  3.26569e-01
 Reference value :  3.63817e-01
 Reference value :  4.10121e-01
 Reference value :  4.37972e-01
 Reference value :  4.76802e-01
 Reference value :  5.01793e-01
 Reference value :  5.26330e-01
 Reference value :  5.50808e-01
 Reference value :  5.81222e-01
 Reference value :  6.34653e-01
 Reference value :  6.61460e-01
 Reference value :  7.01776e-01
 Reference value :  7.28738e-01
 Reference value :  7.53343e-01
 Reference value :  7.78059e-01
 Reference value :  8.02797e-01
 Reference value :  8.41891e-01
 Reference value :  8.82744e-01
 Reference value :  9.11399e-01
 Reference value :  9.46140e-01
 Reference value :  9.69125e-01
 Reference value :  9.94025e-01
stdout No. of Data Rows : 52229
stdout rms_18a_c6          =  2.52812e+00 from=  8.00000e-01 to=  1.00000e+00
stdout dc_18a_c6           =  1.64412e-04 from=  8.00000e-01 to=  1.00000e+00
stdout rms_18a_c60         =  2.52812e+00 from=  8.00000e-01 to=  1.00000e+00
stdout dc_18a_c60          =  1.64412e-04 from=  8.00000e-01 to=  1.00000e+00
stdout rms_18a_c7          =  2.52812e+00 from=  8.00000e-01 to=  1.00000e+00
stdout dc_18a_c7           =  1.64412e-04 from=  8.00000e-01 to=  1.00000e+00
stdout rms_18a_c61         =  2.52812e+00 from=  8.00000e-01 to=  1.00000e+00
stdout dc_18a_c61          =  1.64412e-04 from=  8.00000e-01 to=  1.00000e+00
stdout rms_18b_c6          =  1.31740e+00 from=  8.00000e-01 to=  1.00000e+00
stdout dc_18b_c6           =  6.60029e-05 from=  8.00000e-01 to=  1.00000e+00
stdout rms_18b_c60         =  1.31740e+00 from=  8.00000e-01 to=  1.00000e+00
stdout dc_18b_c60          =  6.60029e-05 from=  8.00000e-01 to=  1.00000e+00
stdout rms_18b_c7          =  1.31740e+00 from=  8.00000e-01 to=  1.00000e+00
stdout dc_18b_c7           =  6.60029e-05 from=  8.00000e-01 to=  1.00000e+00
stdout rms_18b_c61         =  1.31740e+00 from=  8.00000e-01 to=  1.00000e+00
stdout dc_18b_c61          =  6.60029e-05 from=  8.00000e-01 to=  1.00000e+00
stdout rms_20a_c11         =  2.34676e+00 from=  8.00000e-01 to=  1.00000e+00
stdout dc_20a_c11          =  1.10038e-04 from=  8.00000e-01 to=  1.00000e+00
stdout rms_20a_c62         =  2.34676e+00 from=  8.00000e-01 to=  1.00000e+00
stdout dc_20a_c62          =  1.10038e-04 from=  8.00000e-01 to=  1.00000e+00
stdout rms_20b_c11         =  4.01863e+00 from=  8.00000e-01 to=  1.00000e+00
stdout dc_20b_c11          =  2.39594e-04 from=  8.00000e-01 to=  1.00000e+00
stdout rms_20b_c62         =  4.01863e+00 from=  8.00000e-01 to=  1.00000e+00
stdout dc_20b_c62          =  2.39594e-04 from=  8.00000e-01 to=  1.00000e+00
stdout rms_5a_c5           =  1.37665e+00 from=  8.00000e-01 to=  1.00000e+00
stdout dc_5a_c5            =  6.62549e-05 from=  8.00000e-01 to=  1.00000e+00
stdout rms_5a_c59          =  1.37665e+00 from=  8.00000e-01 to=  1.00000e+00
stdout dc_5a_c59           =  6.62549e-05 from=  8.00000e-01 to=  1.00000e+00
stdout rms_12a_c30         =  1.61727e+00 from=  8.00000e-01 to=  1.00000e+00
stdout dc_12a_c30          =  1.10080e-04 from=  8.00000e-01 to=  1.00000e+00
stdout rms_12a_c63         =  1.61727e+00 from=  8.00000e-01 to=  1.00000e+00
stdout dc_12a_c63          =  1.10080e-04 from=  8.00000e-01 to=  1.00000e+00
