stdout Note: No compatibility mode selected!
stdout Circuit: bridge loss sensitivity: br1 stps20m100st to220 with individual boyd 577202b00000g sinks. other low-voltage bridges stps20m100sg d2pak. 50 c ambient. electrical winding/load assumptions remain to be measured. d2pak lumped temperatures are screening estimates; geometry thermal_mesh.py is the separate layout assessment.
stdout Doing analysis at TEMP = 27.000000 and TNOM = 27.000000
stdout Using KLU as Direct Linear Solver
stdout Operating point simulation skipped by 'uic',
stdout now using transient initial conditions.
 Reference value :  1.49487e-02
 Reference value :  4.51533e-02
 Reference value :  1.02117e-01
 Reference value :  1.30086e-01
 Reference value :  1.70608e-01
 Reference value :  1.97458e-01
 Reference value :  2.21827e-01
 Reference value :  2.46165e-01
 Reference value :  2.70903e-01
 Reference value :  3.10156e-01
 Reference value :  3.53112e-01
 Reference value :  3.80019e-01
 Reference value :  4.20072e-01
 Reference value :  4.46002e-01
 Reference value :  4.71019e-01
 Reference value :  5.02999e-01
 Reference value :  5.46190e-01
 Reference value :  5.75073e-01
 Reference value :  6.13231e-01
 Reference value :  6.38470e-01
 Reference value :  6.63682e-01
 Reference value :  6.88782e-01
 Reference value :  7.16249e-01
 Reference value :  7.70122e-01
 Reference value :  8.01802e-01
 Reference value :  8.37397e-01
 Reference value :  8.65490e-01
 Reference value :  8.90354e-01
 Reference value :  9.16105e-01
 Reference value :  9.41162e-01
 Reference value :  9.78965e-01
stdout No. of Data Rows : 52259
stdout rms_18a_c6          =  3.35018e+00 from=  8.00000e-01 to=  1.00000e+00
stdout dc_18a_c6           =  1.75927e-04 from=  8.00000e-01 to=  1.00000e+00
stdout rms_18a_c60         =  2.22004e+00 from=  8.00000e-01 to=  1.00000e+00
stdout dc_18a_c60          =  1.23851e-04 from=  8.00000e-01 to=  1.00000e+00
stdout rms_18a_c7          =  2.22004e+00 from=  8.00000e-01 to=  1.00000e+00
stdout dc_18a_c7           =  1.23851e-04 from=  8.00000e-01 to=  1.00000e+00
stdout rms_18a_c61         =  2.22004e+00 from=  8.00000e-01 to=  1.00000e+00
stdout dc_18a_c61          =  1.23851e-04 from=  8.00000e-01 to=  1.00000e+00
stdout rms_18b_c6          =  1.75771e+00 from=  8.00000e-01 to=  1.00000e+00
stdout dc_18b_c6           =  7.73278e-05 from=  8.00000e-01 to=  1.00000e+00
stdout rms_18b_c60         =  1.16128e+00 from=  8.00000e-01 to=  1.00000e+00
stdout dc_18b_c60          =  5.16938e-05 from=  8.00000e-01 to=  1.00000e+00
stdout rms_18b_c7          =  1.16128e+00 from=  8.00000e-01 to=  1.00000e+00
stdout dc_18b_c7           =  5.16938e-05 from=  8.00000e-01 to=  1.00000e+00
stdout rms_18b_c61         =  1.16128e+00 from=  8.00000e-01 to=  1.00000e+00
stdout dc_18b_c61          =  5.16938e-05 from=  8.00000e-01 to=  1.00000e+00
stdout rms_20a_c11         =  2.81443e+00 from=  8.00000e-01 to=  1.00000e+00
stdout dc_20a_c11          =  1.16159e-04 from=  8.00000e-01 to=  1.00000e+00
stdout rms_20a_c62         =  1.85660e+00 from=  8.00000e-01 to=  1.00000e+00
stdout dc_20a_c62          =  7.75111e-05 from=  8.00000e-01 to=  1.00000e+00
stdout rms_20b_c11         =  4.81147e+00 from=  8.00000e-01 to=  1.00000e+00
stdout dc_20b_c11          =  2.75145e-04 from=  8.00000e-01 to=  1.00000e+00
stdout rms_20b_c62         =  3.18350e+00 from=  8.00000e-01 to=  1.00000e+00
stdout dc_20b_c62          =  1.77355e-04 from=  8.00000e-01 to=  1.00000e+00
stdout rms_5a_c5           =  1.65302e+00 from=  8.00000e-01 to=  1.00000e+00
stdout dc_5a_c5            =  7.00779e-05 from=  8.00000e-01 to=  1.00000e+00
stdout rms_5a_c59          =  1.09115e+00 from=  8.00000e-01 to=  1.00000e+00
stdout dc_5a_c59           =  4.67518e-05 from=  8.00000e-01 to=  1.00000e+00
stdout rms_12a_c30         =  1.94145e+00 from=  8.00000e-01 to=  1.00000e+00
stdout dc_12a_c30          =  1.15574e-04 from=  8.00000e-01 to=  1.00000e+00
stdout rms_12a_c63         =  1.28791e+00 from=  8.00000e-01 to=  1.00000e+00
stdout dc_12a_c63          =  7.79486e-05 from=  8.00000e-01 to=  1.00000e+00
