stdout Note: No compatibility mode selected!
stdout Circuit: jlc-3 u20 prebiased; engineering averaged controller, not ti vendor model
stdout Doing analysis at TEMP = 27.000000 and TNOM = 27.000000
stdout Using KLU as Direct Linear Solver
stdout Operating point simulation skipped by 'uic',
stdout now using transient initial conditions.
 Reference value :  1.44479e-02
 Reference value :  3.36627e-02
 Reference value :  5.29787e-02
 Reference value :  7.29267e-02
 Reference value :  9.31447e-02
 Reference value :  1.13395e-01
stdout No. of Data Rows : 60127
stdout sim_end = 1.200000000000e-01
stdout output_peak         =  5.06630e+00 at=  3.10827e-02
stdout output_floor        =  3.85028e+00 at=  3.00780e-02
stdout settled_min         =  5.05934e+00 at=  1.10155e-01
stdout settled_max         =  5.05934e+00 at=  1.05001e-01
stdout step_min            =  3.85028e+00 at=  3.00780e-02
stdout step_max            =  5.06630e+00 at=  3.10827e-02
stdout input_min           =  1.31215e+01 at=  1.11877e-01
stdout inductor_average_peak=  7.82585e-01 at=  3.03647e-02
stdout inductor_average_min=  -3.08791e-319 at=  1.94792e-03
stdout shunt_current_peak  =  7.67654e-01 at=  3.03647e-02
stdout shunt_current_min   =  2.71006e-04 at=  2.00000e-06
stdout secondary_rms       =  7.40982e-02 from=  1.00000e-01 to=  1.20000e-01
