stdout Note: No compatibility mode selected!
stdout Circuit: jlc-3 u20 load_step; engineering averaged controller, not ti vendor model
stdout Doing analysis at TEMP = 27.000000 and TNOM = 27.000000
stdout Using KLU as Direct Linear Solver
stdout Operating point simulation skipped by 'uic',
stdout now using transient initial conditions.
 Reference value :  8.16844e-03
 Reference value :  2.76277e-02
 Reference value :  4.64937e-02
 Reference value :  6.61409e-02
 Reference value :  8.59109e-02
 Reference value :  1.05233e-01
stdout No. of Data Rows : 60114
stdout sim_end = 1.200000000000e-01
stdout output_peak         =  5.20793e+00 at=  5.50112e-02
stdout output_floor        =  0.00000e+00 at=  4.00000e-08
stdout settled_min         =  5.05840e+00 at=  1.20000e-01
stdout settled_max         =  5.05840e+00 at=  1.05001e-01
stdout step_min            =  4.90884e+00 at=  2.50097e-02
stdout step_max            =  5.20793e+00 at=  5.50112e-02
stdout input_min           =  1.30800e+01 at=  1.11841e-01
stdout inductor_average_peak=  3.02453e+00 at=  2.52297e-02
stdout inductor_average_min=  -1.06893e-18 at=  2.33460e-03
stdout shunt_current_peak  =  3.02112e+00 at=  2.52317e-02
stdout shunt_current_min   =  -1.72107e-20 at=  2.33411e-03
stdout secondary_rms       =  1.06133e-01 from=  1.00000e-01 to=  1.20000e-01
