stdout Note: No compatibility mode selected!
stdout Circuit: jlc-3 u20 loss_restart; engineering averaged controller, not ti vendor model
stdout Doing analysis at TEMP = 27.000000 and TNOM = 27.000000
stdout Using KLU as Direct Linear Solver
stdout Operating point simulation skipped by 'uic',
stdout now using transient initial conditions.
 Reference value :  3.70307e-03
 Reference value :  2.23717e-02
 Reference value :  4.13841e-02
 Reference value :  6.27401e-02
 Reference value :  8.33101e-02
 Reference value :  1.01550e-01
stdout No. of Data Rows : 60380
stdout sim_end = 1.200000000000e-01
stdout output_peak         =  5.05904e+00 at=  3.73720e-02
stdout output_floor        =  0.00000e+00 at=  4.00000e-08
stdout settled_min         =  5.05855e+00 at=  1.05002e-01
stdout settled_max         =  5.05872e+00 at=  1.20000e-01
stdout step_min            =  3.15523e-28 at=  6.49981e-02
stdout step_max            =  5.05904e+00 at=  3.73720e-02
stdout input_min           =  7.98372e+00 at=  1.12770e-01
stdout inductor_average_peak=  3.78468e+00 at=  8.55058e-02
stdout inductor_average_min=  -1.47717e-18 at=  8.50000e-02
stdout shunt_current_peak  =  3.76639e+00 at=  3.71907e-03
stdout shunt_current_min   =  -4.08487e-19 at=  8.49983e-02
stdout secondary_rms       =  3.61434e+00 from=  1.00000e-01 to=  1.20000e-01
