stdout Note: No compatibility mode selected!
stdout Circuit: jlc-3 u20 prebiased; engineering averaged controller, not ti vendor model
stdout Doing analysis at TEMP = 27.000000 and TNOM = 27.000000
stdout Using KLU as Direct Linear Solver
stdout Operating point simulation skipped by 'uic',
stdout now using transient initial conditions.
 Reference value :  1.30979e-02
 Reference value :  3.27533e-02
 Reference value :  5.34793e-02
 Reference value :  7.41173e-02
 Reference value :  9.46133e-02
 Reference value :  1.14251e-01
stdout No. of Data Rows : 60119
stdout sim_end = 1.200000000000e-01
stdout output_peak         =  5.06525e+00 at=  2.96953e-02
stdout output_floor        =  3.90168e+00 at=  2.87279e-02
stdout settled_min         =  5.05859e+00 at=  1.20000e-01
stdout settled_max         =  5.05859e+00 at=  1.05003e-01
stdout step_min            =  3.90168e+00 at=  2.87279e-02
stdout step_max            =  5.06525e+00 at=  2.96953e-02
stdout input_min           =  1.05917e+01 at=  1.14207e-01
stdout inductor_average_peak=  7.82592e-01 at=  2.90147e-02
stdout inductor_average_min=  -3.08791e-319 at=  1.94792e-03
stdout shunt_current_peak  =  7.67660e-01 at=  2.90147e-02
stdout shunt_current_min   =  2.71006e-04 at=  2.00000e-06
stdout secondary_rms       =  7.63761e-02 from=  1.00000e-01 to=  1.20000e-01
