stdout Note: No compatibility mode selected!
stdout Circuit: jlc-3 u20 startup; engineering averaged controller, not ti vendor model
stdout Doing analysis at TEMP = 27.000000 and TNOM = 27.000000
stdout Using KLU as Direct Linear Solver
stdout Operating point simulation skipped by 'uic',
stdout now using transient initial conditions.
 Reference value :  2.61592e-03
 Reference value :  2.18382e-02
 Reference value :  4.15422e-02
 Reference value :  6.01342e-02
 Reference value :  7.84482e-02
 Reference value :  9.62082e-02
 Reference value :  1.14998e-01
stdout No. of Data Rows : 60106
stdout sim_end = 1.200000000000e-01
stdout output_peak         =  5.05867e+00 at=  8.84862e-02
stdout output_floor        =  0.00000e+00 at=  4.00000e-08
stdout settled_min         =  5.05867e+00 at=  1.20000e-01
stdout settled_max         =  5.05867e+00 at=  1.19998e-01
stdout step_min            =  5.05855e+00 at=  2.40002e-02
stdout step_max            =  5.05867e+00 at=  6.49982e-02
stdout input_min           =  8.18484e+00 at=  1.10710e-01
stdout inductor_average_peak=  3.78468e+00 at=  3.32757e-03
stdout inductor_average_min=  -1.09789e-18 at=  2.82273e-03
stdout shunt_current_peak  =  3.76639e+00 at=  3.32957e-03
stdout shunt_current_min   =  -4.08192e-19 at=  2.82211e-03
stdout secondary_rms       =  3.40174e+00 from=  1.00000e-01 to=  1.20000e-01
