stdout Note: No compatibility mode selected!
stdout Circuit: jlc-3 u20 loss_restart; engineering averaged controller, not ti vendor model
stdout Doing analysis at TEMP = 27.000000 and TNOM = 27.000000
stdout Using KLU as Direct Linear Solver
stdout Operating point simulation skipped by 'uic',
stdout now using transient initial conditions.
 Reference value :  6.08754e-03
 Reference value :  2.30162e-02
 Reference value :  4.05393e-02
 Reference value :  6.01713e-02
 Reference value :  7.98233e-02
 Reference value :  9.84635e-02
 Reference value :  1.17022e-01
stdout No. of Data Rows : 60339
stdout sim_end = 1.200000000000e-01
stdout output_peak         =  5.07630e+00 at=  1.20000e-01
stdout output_floor        =  0.00000e+00 at=  4.00000e-08
stdout settled_min         =  5.07612e+00 at=  1.05002e-01
stdout settled_max         =  5.07630e+00 at=  1.20000e-01
stdout step_min            =  1.70930e-30 at=  6.49993e-02
stdout step_max            =  5.07563e+00 at=  3.55327e-02
stdout input_min           =  8.16849e+00 at=  1.10704e-01
stdout inductor_average_peak=  3.78725e+00 at=  8.58595e-02
stdout inductor_average_min=  -1.32396e-18 at=  8.53555e-02
stdout shunt_current_peak  =  3.76890e+00 at=  3.32754e-03
stdout shunt_current_min   =  -4.12767e-19 at=  8.53543e-02
stdout secondary_rms       =  3.45013e+00 from=  1.00000e-01 to=  1.20000e-01
