stdout Note: No compatibility mode selected!
stdout Circuit: jlc-3 u20 loss_restart; engineering averaged controller, not ti vendor model
stdout Doing analysis at TEMP = 27.000000 and TNOM = 27.000000
stdout Using KLU as Direct Linear Solver
stdout Operating point simulation skipped by 'uic',
stdout now using transient initial conditions.
 Reference value :  8.39704e-03
 Reference value :  2.85102e-02
 Reference value :  4.83162e-02
 Reference value :  6.97436e-02
 Reference value :  8.95118e-02
 Reference value :  1.08832e-01
stdout No. of Data Rows : 60409
stdout sim_end = 1.200000000000e-01
stdout output_peak         =  5.07663e+00 at=  5.01260e-02
stdout output_floor        =  0.00000e+00 at=  4.00000e-08
stdout settled_min         =  5.07524e+00 at=  1.05002e-01
stdout settled_max         =  5.07541e+00 at=  1.20000e-01
stdout step_min            =  3.40284e-26 at=  6.49996e-02
stdout step_max            =  5.07663e+00 at=  5.01260e-02
stdout input_min           =  1.08458e+01 at=  1.13106e-01
stdout inductor_average_peak=  3.78725e+00 at=  3.16729e-03
stdout inductor_average_min=  -1.13434e-18 at=  2.66303e-03
stdout shunt_current_peak  =  3.76890e+00 at=  3.16729e-03
stdout shunt_current_min   =  -4.23097e-19 at=  8.49998e-02
stdout secondary_rms       =  3.11582e+00 from=  1.00000e-01 to=  1.20000e-01
