stdout Note: No compatibility mode selected!
stdout Circuit: jlc-3 u20 prebiased; engineering averaged controller, not ti vendor model
stdout Doing analysis at TEMP = 27.000000 and TNOM = 27.000000
stdout Using KLU as Direct Linear Solver
stdout Operating point simulation skipped by 'uic',
stdout now using transient initial conditions.
 Reference value :  8.40992e-03
 Reference value :  2.76693e-02
 Reference value :  4.71238e-02
 Reference value :  6.69938e-02
 Reference value :  8.66958e-02
 Reference value :  1.06830e-01
stdout No. of Data Rows : 60113
stdout sim_end = 1.200000000000e-01
stdout output_peak         =  5.08325e+00 at=  2.96958e-02
stdout output_floor        =  3.90203e+00 at=  2.87189e-02
stdout settled_min         =  5.07650e+00 at=  1.08824e-01
stdout settled_max         =  5.07650e+00 at=  1.05002e-01
stdout step_min            =  3.90203e+00 at=  2.87189e-02
stdout step_max            =  5.08325e+00 at=  2.96958e-02
stdout input_min           =  1.05915e+01 at=  1.14208e-01
stdout inductor_average_peak=  7.85153e-01 at=  2.90060e-02
stdout inductor_average_min=  -3.08791e-319 at=  1.94792e-03
stdout shunt_current_peak  =  7.70171e-01 at=  2.90060e-02
stdout shunt_current_min   =  2.71006e-04 at=  2.00000e-06
stdout secondary_rms       =  7.64670e-02 from=  1.00000e-01 to=  1.20000e-01
