stdout Note: No compatibility mode selected!
stdout Circuit: jlc-3 u20 loss_restart; engineering averaged controller, not ti vendor model
stdout Doing analysis at TEMP = 27.000000 and TNOM = 27.000000
stdout Using KLU as Direct Linear Solver
stdout Operating point simulation skipped by 'uic',
stdout now using transient initial conditions.
 Reference value :  1.40921e-02
 Reference value :  3.22881e-02
 Reference value :  5.11937e-02
 Reference value :  7.25397e-02
 Reference value :  9.19697e-02
 Reference value :  1.09852e-01
stdout No. of Data Rows : 60317
stdout sim_end = 1.200000000000e-01
stdout output_peak         =  5.07609e+00 at=  1.20000e-01
stdout output_floor        =  0.00000e+00 at=  4.00000e-08
stdout settled_min         =  5.07592e+00 at=  1.05002e-01
stdout settled_max         =  5.07609e+00 at=  1.20000e-01
stdout step_min            =  2.01883e-26 at=  6.49997e-02
stdout step_max            =  5.07564e+00 at=  4.84205e-02
stdout input_min           =  1.10010e+01 at=  1.10970e-01
stdout inductor_average_peak=  3.78725e+00 at=  2.83951e-03
stdout inductor_average_min=  -1.22349e-18 at=  8.50166e-02
stdout shunt_current_peak  =  3.76890e+00 at=  2.83951e-03
stdout shunt_current_min   =  -4.18965e-19 at=  8.50153e-02
stdout secondary_rms       =  2.87583e+00 from=  1.00000e-01 to=  1.20000e-01
