stdout Note: No compatibility mode selected!
stdout Circuit: jlc-3 u20 startup; engineering averaged controller, not ti vendor model
stdout Doing analysis at TEMP = 27.000000 and TNOM = 27.000000
stdout Using KLU as Direct Linear Solver
stdout Operating point simulation skipped by 'uic',
stdout now using transient initial conditions.
 Reference value :  2.00000e-08
 Reference value :  1.83308e-02
 Reference value :  3.81228e-02
 Reference value :  5.78488e-02
 Reference value :  7.75808e-02
 Reference value :  9.72588e-02
 Reference value :  1.17003e-01
stdout No. of Data Rows : 60114
stdout sim_end = 1.200000000000e-01
stdout output_peak         =  5.07663e+00 at=  1.20000e-01
stdout output_floor        =  0.00000e+00 at=  4.00000e-08
stdout settled_min         =  5.07663e+00 at=  1.19997e-01
stdout settled_max         =  5.07663e+00 at=  1.20000e-01
stdout step_min            =  5.07649e+00 at=  2.40008e-02
stdout step_max            =  5.07663e+00 at=  6.49988e-02
stdout input_min           =  7.99242e+00 at=  1.12775e-01
stdout inductor_average_peak=  3.78725e+00 at=  3.71704e-03
stdout inductor_average_min=  -1.09789e-18 at=  3.21273e-03
stdout shunt_current_peak  =  3.76890e+00 at=  3.71704e-03
stdout shunt_current_min   =  -4.12619e-19 at=  3.21211e-03
stdout secondary_rms       =  3.53679e+00 from=  1.00000e-01 to=  1.20000e-01
