stdout Note: No compatibility mode selected!
stdout Circuit: jlc-3 u20 startup; engineering averaged controller, not ti vendor model
stdout Doing analysis at TEMP = 27.000000 and TNOM = 27.000000
stdout Using KLU as Direct Linear Solver
stdout Operating point simulation skipped by 'uic',
stdout now using transient initial conditions.
 Reference value :  5.40151e-03
 Reference value :  2.49621e-02
 Reference value :  4.48841e-02
 Reference value :  6.48001e-02
 Reference value :  8.41461e-02
 Reference value :  1.03070e-01
stdout No. of Data Rows : 60083
stdout sim_end = 1.200000000000e-01
stdout output_peak         =  5.07564e+00 at=  8.79441e-02
stdout output_floor        =  0.00000e+00 at=  4.00000e-08
stdout settled_min         =  5.07564e+00 at=  1.20000e-01
stdout settled_max         =  5.07564e+00 at=  1.19998e-01
stdout step_min            =  5.07554e+00 at=  2.40001e-02
stdout step_max            =  5.07564e+00 at=  6.49981e-02
stdout input_min           =  1.10328e+01 at=  1.10982e-01
stdout inductor_average_peak=  3.78725e+00 at=  2.83951e-03
stdout inductor_average_min=  -1.06893e-18 at=  2.33460e-03
stdout shunt_current_peak  =  3.76890e+00 at=  2.83951e-03
stdout shunt_current_min   =  -4.12767e-19 at=  2.33411e-03
stdout secondary_rms       =  2.77000e+00 from=  1.00000e-01 to=  1.20000e-01
