stdout Note: No compatibility mode selected!
stdout Circuit: jlc-3 u20 load_step; engineering averaged controller, not ti vendor model
stdout Doing analysis at TEMP = 27.000000 and TNOM = 27.000000
stdout Using KLU as Direct Linear Solver
stdout Operating point simulation skipped by 'uic',
stdout now using transient initial conditions.
 Reference value :  1.05249e-02
 Reference value :  2.95979e-02
 Reference value :  4.77339e-02
 Reference value :  6.66949e-02
 Reference value :  8.62849e-02
 Reference value :  1.05775e-01
stdout No. of Data Rows : 60175
stdout sim_end = 1.200000000000e-01
stdout output_peak         =  5.22601e+00 at=  5.50113e-02
stdout output_floor        =  0.00000e+00 at=  4.00000e-08
stdout settled_min         =  5.07647e+00 at=  1.20000e-01
stdout settled_max         =  5.07647e+00 at=  1.05001e-01
stdout step_min            =  4.92690e+00 at=  2.50099e-02
stdout step_max            =  5.22601e+00 at=  5.50113e-02
stdout input_min           =  1.30846e+01 at=  1.14223e-01
stdout inductor_average_peak=  3.02453e+00 at=  2.52299e-02
stdout inductor_average_min=  -1.13434e-18 at=  2.66303e-03
stdout shunt_current_peak  =  3.02112e+00 at=  2.52319e-02
stdout shunt_current_min   =  -1.73899e-20 at=  2.66211e-03
stdout secondary_rms       =  1.11807e-01 from=  1.00000e-01 to=  1.20000e-01
