stdout Note: No compatibility mode selected!
stdout Circuit: jlc-3 u20 startup; engineering averaged controller, not ti vendor model
stdout Doing analysis at TEMP = 27.000000 and TNOM = 27.000000
stdout Using KLU as Direct Linear Solver
stdout Operating point simulation skipped by 'uic',
stdout now using transient initial conditions.
 Reference value :  9.65017e-03
 Reference value :  2.86782e-02
 Reference value :  4.79802e-02
 Reference value :  6.75542e-02
 Reference value :  8.69442e-02
 Reference value :  1.06502e-01
stdout No. of Data Rows : 60106
stdout sim_end = 1.200000000000e-01
stdout output_peak         =  5.07564e+00 at=  1.19998e-01
stdout output_floor        =  0.00000e+00 at=  4.00000e-08
stdout settled_min         =  5.07564e+00 at=  1.20000e-01
stdout settled_max         =  5.07564e+00 at=  1.19998e-01
stdout step_min            =  5.07552e+00 at=  2.40002e-02
stdout step_max            =  5.07564e+00 at=  6.49982e-02
stdout input_min           =  8.17818e+00 at=  1.10708e-01
stdout inductor_average_peak=  3.78725e+00 at=  3.32754e-03
stdout inductor_average_min=  -1.09789e-18 at=  2.82273e-03
stdout shunt_current_peak  =  3.76890e+00 at=  3.32754e-03
stdout shunt_current_min   =  -4.12619e-19 at=  2.82211e-03
stdout secondary_rms       =  3.41319e+00 from=  1.00000e-01 to=  1.20000e-01
