stdout Note: No compatibility mode selected!
stdout Circuit: jlc-3 u20 loss_restart; engineering averaged controller, not ti vendor model
stdout Doing analysis at TEMP = 27.000000 and TNOM = 27.000000
stdout Using KLU as Direct Linear Solver
stdout Operating point simulation skipped by 'uic',
stdout now using transient initial conditions.
 Reference value :  1.26008e-02
 Reference value :  3.17221e-02
 Reference value :  5.18611e-02
 Reference value :  7.28271e-02
 Reference value :  9.12236e-02
 Reference value :  1.10162e-01
stdout No. of Data Rows : 60385
stdout sim_end = 1.200000000000e-01
stdout output_peak         =  5.07663e+00 at=  3.73158e-02
stdout output_floor        =  0.00000e+00 at=  4.00000e-08
stdout settled_min         =  5.07537e+00 at=  1.05002e-01
stdout settled_max         =  5.07554e+00 at=  1.20000e-01
stdout step_min            =  3.02885e-28 at=  6.49991e-02
stdout step_max            =  5.07663e+00 at=  3.73158e-02
stdout input_min           =  7.97652e+00 at=  1.12768e-01
stdout inductor_average_peak=  3.78725e+00 at=  3.71704e-03
stdout inductor_average_min=  -1.09789e-18 at=  3.21273e-03
stdout shunt_current_peak  =  3.76890e+00 at=  8.55050e-02
stdout shunt_current_min   =  -4.12914e-19 at=  8.49993e-02
stdout secondary_rms       =  3.62523e+00 from=  1.00000e-01 to=  1.20000e-01
