stdout Note: No compatibility mode selected!
stdout Circuit: jlc-3 u20 startup; engineering averaged controller, not ti vendor model
stdout Doing analysis at TEMP = 27.000000 and TNOM = 27.000000
stdout Using KLU as Direct Linear Solver
stdout Operating point simulation skipped by 'uic',
stdout now using transient initial conditions.
 Reference value :  1.48290e-02
 Reference value :  3.50550e-02
 Reference value :  5.44150e-02
 Reference value :  7.37590e-02
 Reference value :  9.32050e-02
 Reference value :  1.12399e-01
stdout No. of Data Rows : 60149
stdout sim_end = 1.200000000000e-01
stdout output_peak         =  5.07663e+00 at=  1.20000e-01
stdout output_floor        =  0.00000e+00 at=  4.00000e-08
stdout settled_min         =  5.07663e+00 at=  1.19999e-01
stdout settled_max         =  5.07663e+00 at=  1.20000e-01
stdout step_min            =  5.07652e+00 at=  2.40010e-02
stdout step_max            =  5.07663e+00 at=  6.49990e-02
stdout input_min           =  1.08873e+01 at=  1.13123e-01
stdout inductor_average_peak=  3.78725e+00 at=  3.16729e-03
stdout inductor_average_min=  -1.13434e-18 at=  2.66303e-03
stdout shunt_current_peak  =  3.76890e+00 at=  3.16729e-03
stdout shunt_current_min   =  -4.12914e-19 at=  2.66211e-03
stdout secondary_rms       =  2.93021e+00 from=  1.00000e-01 to=  1.20000e-01
