stdout Note: No compatibility mode selected!
stdout Circuit: jlc-3 u21 prebiased; engineering averaged controller, not ti vendor model
stdout Doing analysis at TEMP = 27.000000 and TNOM = 27.000000
stdout Using KLU as Direct Linear Solver
stdout Operating point simulation skipped by 'uic',
stdout now using transient initial conditions.
 Reference value :  1.07119e-02
 Reference value :  3.02242e-02
 Reference value :  4.82711e-02
 Reference value :  6.78511e-02
 Reference value :  8.73311e-02
 Reference value :  1.06669e-01
stdout No. of Data Rows : 60170
stdout sim_end = 1.200000000000e-01
stdout output_peak         =  1.22123e+01 at=  3.67350e-02
stdout output_floor        =  1.06122e+01 at=  3.60856e-02
stdout settled_min         =  1.21808e+01 at=  1.12585e-01
stdout settled_max         =  1.21809e+01 at=  1.05001e-01
stdout step_min            =  1.06122e+01 at=  3.60856e-02
stdout step_max            =  1.22123e+01 at=  3.67350e-02
stdout input_min           =  1.15243e+01 at=  1.12577e-01
stdout inductor_average_peak=  4.27123e+00 at=  3.65590e-02
stdout inductor_average_min=  -3.08791e-319 at=  1.94792e-03
stdout shunt_current_peak  =  1.48642e+00 at=  3.61959e-02
stdout shunt_current_min   =  3.49129e-04 at=  5.92000e-06
stdout secondary_rms       =  8.57324e+00 from=  1.00000e-01 to=  1.20000e-01
