stdout Note: No compatibility mode selected!
stdout Circuit: jlc-3 u21 loss_restart; engineering averaged controller, not ti vendor model
stdout Doing analysis at TEMP = 27.000000 and TNOM = 27.000000
stdout Using KLU as Direct Linear Solver
stdout Operating point simulation skipped by 'uic',
stdout now using transient initial conditions.
 Reference value :  1.27892e-02
 Reference value :  3.02878e-02
 Reference value :  4.85169e-02
 Reference value :  6.86949e-02
 Reference value :  8.77305e-02
 Reference value :  1.06985e-01
stdout No. of Data Rows : 60372
stdout sim_end = 1.200000000000e-01
stdout output_peak         =  1.25700e+01 at=  1.01615e-01
stdout output_floor        =  0.00000e+00 at=  2.00000e-08
stdout settled_min         =  1.22852e+01 at=  1.20000e-01
stdout settled_max         =  1.24888e+01 at=  1.05001e-01
stdout step_min            =  6.65470e-25 at=  6.49989e-02
stdout step_max            =  1.23424e+01 at=  2.40012e-02
stdout input_min           =  1.09826e+01 at=  1.12435e-01
stdout inductor_average_peak=  7.99201e+00 at=  9.63109e-02
stdout inductor_average_min=  -1.24529e-18 at=  4.02133e-03
stdout shunt_current_peak  =  1.49973e+00 at=  4.11723e-03
stdout shunt_current_min   =  -4.19190e-18 at=  8.66805e-02
stdout secondary_rms       =  1.02065e+01 from=  1.00000e-01 to=  1.20000e-01
