stdout Note: No compatibility mode selected!
stdout Circuit: jlc-3 u21 startup; engineering averaged controller, not ti vendor model
stdout Doing analysis at TEMP = 27.000000 and TNOM = 27.000000
stdout Using KLU as Direct Linear Solver
stdout Operating point simulation skipped by 'uic',
stdout now using transient initial conditions.
 Reference value :  4.67990e-03
 Reference value :  2.44839e-02
 Reference value :  4.28599e-02
 Reference value :  6.10199e-02
 Reference value :  7.94859e-02
 Reference value :  9.82859e-02
 Reference value :  1.17132e-01
stdout No. of Data Rows : 60066
stdout sim_end = 1.200000000000e-01
stdout output_peak         =  1.25444e+01 at=  1.17859e-02
stdout output_floor        =  0.00000e+00 at=  2.00000e-08
stdout settled_min         =  1.21816e+01 at=  1.20000e-01
stdout settled_max         =  1.21819e+01 at=  1.05002e-01
stdout step_min            =  1.21890e+01 at=  6.49999e-02
stdout step_max            =  1.23264e+01 at=  2.40019e-02
stdout input_min           =  1.41421e+01 at=  1.18794e-01
stdout inductor_average_peak=  7.99201e+00 at=  1.13439e-02
stdout inductor_average_min=  -8.58205e-19 at=  2.89446e-03
stdout shunt_current_peak  =  1.49960e+00 at=  2.98990e-03
stdout shunt_current_min   =  -4.41282e-20 at=  2.89410e-03
stdout secondary_rms       =  1.09798e+01 from=  1.00000e-01 to=  1.20000e-01
