stdout Note: No compatibility mode selected!
stdout Circuit: jlc-3 u21 load_step; engineering averaged controller, not ti vendor model
stdout Doing analysis at TEMP = 27.000000 and TNOM = 27.000000
stdout Using KLU as Direct Linear Solver
stdout Operating point simulation skipped by 'uic',
stdout now using transient initial conditions.
 Reference value :  1.60060e-02
 Reference value :  3.49190e-02
 Reference value :  5.43750e-02
 Reference value :  7.39897e-02
 Reference value :  9.32977e-02
 Reference value :  1.13458e-01
stdout No. of Data Rows : 60132
stdout sim_end = 1.200000000000e-01
stdout output_peak         =  1.24259e+01 at=  7.44431e-03
stdout output_floor        =  0.00000e+00 at=  2.00000e-08
stdout settled_min         =  1.21841e+01 at=  1.20000e-01
stdout settled_max         =  1.21852e+01 at=  1.05002e-01
stdout step_min            =  1.21754e+01 at=  2.50930e-02
stdout step_max            =  1.22520e+01 at=  5.50910e-02
stdout input_min           =  1.44620e+01 at=  1.10520e-01
stdout inductor_average_peak=  7.99201e+00 at=  6.49631e-03
stdout inductor_average_min=  -8.58205e-19 at=  2.89446e-03
stdout shunt_current_peak  =  1.48648e+00 at=  3.00856e-03
stdout shunt_current_min   =  -2.27471e-21 at=  2.89410e-03
stdout secondary_rms       =  1.02086e+01 from=  1.00000e-01 to=  1.20000e-01
