stdout Note: No compatibility mode selected!
stdout Circuit: jlc-3 u21 loss_restart; engineering averaged controller, not ti vendor model
stdout Doing analysis at TEMP = 27.000000 and TNOM = 27.000000
stdout Using KLU as Direct Linear Solver
stdout Operating point simulation skipped by 'uic',
stdout now using transient initial conditions.
 Reference value :  5.15388e-03
 Reference value :  2.45639e-02
 Reference value :  4.22646e-02
 Reference value :  6.19066e-02
 Reference value :  8.34146e-02
 Reference value :  1.02916e-01
stdout No. of Data Rows : 60363
stdout sim_end = 1.200000000000e-01
stdout output_peak         =  1.25492e+01 at=  9.43884e-02
stdout output_floor        =  -3.86655e-14 at=  8.54944e-02
stdout settled_min         =  1.22388e+01 at=  1.20000e-01
stdout settled_max         =  1.23472e+01 at=  1.05000e-01
stdout step_min            =  9.17070e-25 at=  6.49986e-02
stdout step_max            =  1.23308e+01 at=  2.40019e-02
stdout input_min           =  1.37655e+01 at=  1.12472e-01
stdout inductor_average_peak=  7.99201e+00 at=  9.39464e-02
stdout inductor_average_min=  -7.96750e-19 at=  3.27227e-03
stdout shunt_current_peak  =  1.49976e+00 at=  8.55884e-02
stdout shunt_current_min   =  -1.16875e-12 at=  8.54944e-02
stdout secondary_rms       =  1.21305e+01 from=  1.00000e-01 to=  1.20000e-01
