stdout Note: No compatibility mode selected!
stdout Circuit: jlc-3 u21 prebiased; engineering averaged controller, not ti vendor model
stdout Doing analysis at TEMP = 27.000000 and TNOM = 27.000000
stdout Using KLU as Direct Linear Solver
stdout Operating point simulation skipped by 'uic',
stdout now using transient initial conditions.
 Reference value :  1.34479e-02
 Reference value :  3.18608e-02
 Reference value :  5.03893e-02
 Reference value :  6.84273e-02
 Reference value :  8.65973e-02
 Reference value :  1.04699e-01
stdout No. of Data Rows : 60190
stdout sim_end = 1.200000000000e-01
stdout output_peak         =  1.22045e+01 at=  3.23966e-02
stdout output_floor        =  1.07771e+01 at=  3.17867e-02
stdout settled_min         =  1.21824e+01 at=  1.18859e-01
stdout settled_max         =  1.21825e+01 at=  1.05001e-01
stdout step_min            =  1.07771e+01 at=  3.17867e-02
stdout step_max            =  1.22045e+01 at=  3.23966e-02
stdout input_min           =  1.17004e+01 at=  1.10519e-01
stdout inductor_average_peak=  3.96192e+00 at=  3.22106e-02
stdout inductor_average_min=  -3.08791e-319 at=  1.94792e-03
stdout shunt_current_peak  =  1.48649e+00 at=  3.19008e-02
stdout shunt_current_min   =  3.49129e-04 at=  5.92000e-06
stdout secondary_rms       =  8.27260e+00 from=  1.00000e-01 to=  1.20000e-01
