stdout Note: No compatibility mode selected!
stdout Circuit: jlc-3 u21 prebiased; engineering averaged controller, not ti vendor model
stdout Doing analysis at TEMP = 27.000000 and TNOM = 27.000000
stdout Using KLU as Direct Linear Solver
stdout Operating point simulation skipped by 'uic',
stdout now using transient initial conditions.
 Reference value :  2.03792e-03
 Reference value :  2.09379e-02
 Reference value :  3.98839e-02
 Reference value :  6.01579e-02
 Reference value :  8.07659e-02
 Reference value :  1.01152e-01
stdout No. of Data Rows : 60174
stdout sim_end = 1.200000000000e-01
stdout output_peak         =  1.22098e+01 at=  3.16722e-02
stdout output_floor        =  1.08038e+01 at=  3.10912e-02
stdout settled_min         =  1.21810e+01 at=  1.20000e-01
stdout settled_max         =  1.21810e+01 at=  1.05002e-01
stdout step_min            =  1.08038e+01 at=  3.10912e-02
stdout step_max            =  1.22098e+01 at=  3.16722e-02
stdout input_min           =  1.44620e+01 at=  1.10520e-01
stdout inductor_average_peak=  3.85508e+00 at=  3.15082e-02
stdout inductor_average_min=  -3.08791e-319 at=  1.94792e-03
stdout shunt_current_peak  =  1.48654e+00 at=  3.12009e-02
stdout shunt_current_min   =  3.49129e-04 at=  5.92000e-06
stdout secondary_rms       =  1.02086e+01 from=  1.00000e-01 to=  1.20000e-01
