stdout Note: No compatibility mode selected!
stdout Circuit: jlc-3 u21 loss_restart; engineering averaged controller, not ti vendor model
stdout Doing analysis at TEMP = 27.000000 and TNOM = 27.000000
stdout Using KLU as Direct Linear Solver
stdout Operating point simulation skipped by 'uic',
stdout now using transient initial conditions.
 Reference value :  1.14192e-03
 Reference value :  1.95036e-02
 Reference value :  3.69358e-02
 Reference value :  5.80558e-02
 Reference value :  7.94298e-02
 Reference value :  9.97321e-02
 Reference value :  1.17792e-01
stdout No. of Data Rows : 60254
stdout sim_end = 1.200000000000e-01
stdout output_peak         =  1.25467e+01 at=  1.24916e-02
stdout output_floor        =  0.00000e+00 at=  2.00000e-08
stdout settled_min         =  1.22440e+01 at=  1.18836e-01
stdout settled_max         =  1.23629e+01 at=  1.05000e-01
stdout step_min            =  6.22741e-25 at=  6.49998e-02
stdout step_max            =  1.23368e+01 at=  2.40016e-02
stdout input_min           =  1.11894e+01 at=  1.10404e-01
stdout inductor_average_peak=  7.99201e+00 at=  7.19962e-03
stdout inductor_average_min=  -1.38257e-18 at=  3.59746e-03
stdout shunt_current_peak  =  1.49966e+00 at=  3.69387e-03
stdout shunt_current_min   =  -3.51361e-18 at=  8.68183e-02
stdout secondary_rms       =  9.71139e+00 from=  1.00000e-01 to=  1.20000e-01
