stdout Note: No compatibility mode selected!
stdout Circuit: jlc-3 u21 startup; engineering averaged controller, not ti vendor model
stdout Doing analysis at TEMP = 27.000000 and TNOM = 27.000000
stdout Using KLU as Direct Linear Solver
stdout Operating point simulation skipped by 'uic',
stdout now using transient initial conditions.
 Reference value :  1.25656e-02
 Reference value :  3.06876e-02
 Reference value :  4.87916e-02
 Reference value :  6.82476e-02
 Reference value :  8.67616e-02
 Reference value :  1.05970e-01
stdout No. of Data Rows : 60137
stdout sim_end = 1.200000000000e-01
stdout output_peak         =  1.25467e+01 at=  1.24916e-02
stdout output_floor        =  0.00000e+00 at=  2.00000e-08
stdout settled_min         =  1.21799e+01 at=  1.18770e-01
stdout settled_max         =  1.21854e+01 at=  1.11370e-01
stdout step_min            =  1.21909e+01 at=  6.04456e-02
stdout step_max            =  1.23368e+01 at=  2.40016e-02
stdout input_min           =  1.13028e+01 at=  1.18764e-01
stdout inductor_average_peak=  7.99201e+00 at=  7.19962e-03
stdout inductor_average_min=  -1.38257e-18 at=  3.59746e-03
stdout shunt_current_peak  =  1.49966e+00 at=  3.69387e-03
stdout shunt_current_min   =  -4.41679e-20 at=  3.59611e-03
stdout secondary_rms       =  9.23230e+00 from=  1.00000e-01 to=  1.20000e-01
