stdout Note: No compatibility mode selected!
stdout Circuit: jlc-3 u21 startup; engineering averaged controller, not ti vendor model
stdout Doing analysis at TEMP = 27.000000 and TNOM = 27.000000
stdout Using KLU as Direct Linear Solver
stdout Operating point simulation skipped by 'uic',
stdout now using transient initial conditions.
 Reference value :  9.30723e-03
 Reference value :  2.82352e-02
 Reference value :  4.64172e-02
 Reference value :  6.41172e-02
 Reference value :  8.25132e-02
 Reference value :  1.00557e-01
 Reference value :  1.18525e-01
stdout No. of Data Rows : 60066
stdout sim_end = 1.200000000000e-01
stdout output_peak         =  1.25290e+01 at=  1.29232e-02
stdout output_floor        =  0.00000e+00 at=  2.00000e-08
stdout settled_min         =  1.21785e+01 at=  1.12473e-01
stdout settled_max         =  1.21851e+01 at=  1.05001e-01
stdout step_min            =  1.21881e+01 at=  6.24832e-02
stdout step_max            =  1.23424e+01 at=  2.40012e-02
stdout input_min           =  1.11052e+01 at=  1.12467e-01
stdout inductor_average_peak=  7.99201e+00 at=  1.24732e-02
stdout inductor_average_min=  -1.24529e-18 at=  4.02133e-03
stdout shunt_current_peak  =  1.49973e+00 at=  4.11723e-03
stdout shunt_current_min   =  -4.41282e-20 at=  4.02011e-03
stdout secondary_rms       =  9.52872e+00 from=  1.00000e-01 to=  1.20000e-01
