stdout Note: No compatibility mode selected!
stdout Circuit: jlc-3 u21 load_step; engineering averaged controller, not ti vendor model
stdout Doing analysis at TEMP = 27.000000 and TNOM = 27.000000
stdout Using KLU as Direct Linear Solver
stdout Operating point simulation skipped by 'uic',
stdout now using transient initial conditions.
 Reference value :  9.53634e-03
 Reference value :  2.80464e-02
 Reference value :  4.60404e-02
 Reference value :  6.41809e-02
 Reference value :  8.20769e-02
 Reference value :  1.00353e-01
 Reference value :  1.18893e-01
stdout No. of Data Rows : 60202
stdout sim_end = 1.200000000000e-01
stdout output_peak         =  1.24136e+01 at=  8.16633e-03
stdout output_floor        =  0.00000e+00 at=  2.00000e-08
stdout settled_min         =  1.21822e+01 at=  1.18881e-01
stdout settled_max         =  1.21834e+01 at=  1.05001e-01
stdout step_min            =  1.21764e+01 at=  2.50944e-02
stdout step_max            =  1.22515e+01 at=  5.50904e-02
stdout input_min           =  1.17004e+01 at=  1.10519e-01
stdout inductor_average_peak=  7.99201e+00 at=  7.20033e-03
stdout inductor_average_min=  -1.38257e-18 at=  3.59746e-03
stdout shunt_current_peak  =  1.48647e+00 at=  3.71058e-03
stdout shunt_current_min   =  -2.27471e-21 at=  3.59611e-03
stdout secondary_rms       =  8.27264e+00 from=  1.00000e-01 to=  1.20000e-01
