stdout Note: No compatibility mode selected!
stdout Circuit: jlc-3 u21 load_step; engineering averaged controller, not ti vendor model
stdout Doing analysis at TEMP = 27.000000 and TNOM = 27.000000
stdout Using KLU as Direct Linear Solver
stdout Operating point simulation skipped by 'uic',
stdout now using transient initial conditions.
 Reference value :  1.82392e-03
 Reference value :  2.01863e-02
 Reference value :  3.89964e-02
 Reference value :  5.73024e-02
 Reference value :  7.60924e-02
 Reference value :  9.37804e-02
 Reference value :  1.12122e-01
stdout No. of Data Rows : 60170
stdout sim_end = 1.200000000000e-01
stdout output_peak         =  1.24264e+01 at=  7.82231e-03
stdout output_floor        =  0.00000e+00 at=  2.00000e-08
stdout settled_min         =  1.21845e+01 at=  1.20000e-01
stdout settled_max         =  1.21857e+01 at=  1.05000e-01
stdout step_min            =  1.21775e+01 at=  2.50944e-02
stdout step_max            =  1.22527e+01 at=  5.50904e-02
stdout input_min           =  1.42443e+01 at=  1.12576e-01
stdout inductor_average_peak=  7.99201e+00 at=  6.87431e-03
stdout inductor_average_min=  -7.96750e-19 at=  3.27227e-03
stdout shunt_current_peak  =  1.48646e+00 at=  3.38656e-03
stdout shunt_current_min   =  -2.27471e-21 at=  3.27211e-03
stdout secondary_rms       =  1.05758e+01 from=  1.00000e-01 to=  1.20000e-01
