stdout Note: No compatibility mode selected!
stdout Circuit: jlc-3 u21 prebiased; engineering averaged controller, not ti vendor model
stdout Doing analysis at TEMP = 27.000000 and TNOM = 27.000000
stdout Using KLU as Direct Linear Solver
stdout Operating point simulation skipped by 'uic',
stdout now using transient initial conditions.
 Reference value :  5.42192e-03
 Reference value :  2.35979e-02
 Reference value :  4.07592e-02
 Reference value :  5.96692e-02
 Reference value :  7.67512e-02
 Reference value :  9.58612e-02
 Reference value :  1.15097e-01
stdout No. of Data Rows : 60206
stdout sim_end = 1.200000000000e-01
stdout output_peak         =  1.21990e+01 at=  3.00007e-02
stdout output_floor        =  1.08687e+01 at=  2.94022e-02
stdout settled_min         =  1.21824e+01 at=  1.20000e-01
stdout settled_max         =  1.21824e+01 at=  1.05001e-01
stdout step_min            =  1.08687e+01 at=  2.94022e-02
stdout step_max            =  1.21990e+01 at=  3.00007e-02
stdout input_min           =  1.42443e+01 at=  1.12577e-01
stdout inductor_average_peak=  3.92557e+00 at=  2.97987e-02
stdout inductor_average_min=  -3.08791e-319 at=  1.94792e-03
stdout shunt_current_peak  =  1.48641e+00 at=  2.95269e-02
stdout shunt_current_min   =  3.49129e-04 at=  5.92000e-06
stdout secondary_rms       =  1.05758e+01 from=  1.00000e-01 to=  1.20000e-01
