stdout Note: No compatibility mode selected!
stdout Circuit: bridge loss sensitivity: br1 stps20m100st to220 with individual boyd 577202b00000g sinks. other low-voltage bridges stps20m100sg d2pak. 50 c ambient. electrical winding/load assumptions remain to be measured. d2pak lumped temperatures are screening estimates; geometry thermal_mesh.py is the separate layout assessment.
stdout Doing analysis at TEMP = 27.000000 and TNOM = 27.000000
stdout Using SPARSE 1.3 as Direct Linear Solver
stdout Operating point simulation skipped by 'uic',
stdout now using transient initial conditions.
 Reference value :  6.73552e-02
 Reference value :  1.69466e-01
 Reference value :  2.71966e-01
stdout No. of Data Rows : 15015
stdout iavg_18a            =  5.90975e+00 from=  2.40000e-01 to=  3.00000e-01
stdout irms_18a            =  1.02414e+01 from=  2.40000e-01 to=  3.00000e-01
stdout pin_18a             =  8.51601e+01 from=  2.40000e-01 to=  3.00000e-01
stdout pout_18a            =  7.55323e+01 from=  2.40000e-01 to=  3.00000e-01
stdout vdc_18a             =  1.27672e+01 from=  2.40000e-01 to=  3.00000e-01
stdout pmodel_18a = 9.627840e+00
stdout pd_18a = 1.717320e+00
stdout pds_18a = 6.869281e+00
stdout rthreq_18a = 3.493816e+01
stdout tj_18a = 1.086288e+02
stdout iavg_18b            =  3.00032e+00 from=  2.40000e-01 to=  3.00000e-01
stdout irms_18b            =  5.82003e+00 from=  2.40000e-01 to=  3.00000e-01
stdout pin_18b             =  4.60027e+01 from=  2.40000e-01 to=  3.00000e-01
stdout pout_18b            =  4.18942e+01 from=  2.40000e-01 to=  3.00000e-01
stdout vdc_18b             =  1.39632e+01 from=  2.40000e-01 to=  3.00000e-01
stdout pmodel_18b = 4.108590e+00
stdout pd_18b = 7.866080e-01
stdout pds_18b = 3.146432e+00
stdout rthreq_18b = 7.627688e+01
stdout tj_18b = 7.865987e+01
stdout iavg_18c            =  8.00085e+00 from=  2.40000e-01 to=  3.00000e-01
stdout irms_18c            =  1.31858e+01 from=  2.40000e-01 to=  3.00000e-01
stdout pin_18c             =  1.10731e+02 from=  2.40000e-01 to=  3.00000e-01
stdout pout_18c            =  9.64487e+01 from=  2.40000e-01 to=  3.00000e-01
stdout vdc_18c             =  1.20548e+01 from=  2.40000e-01 to=  3.00000e-01
stdout pmodel_18c = 1.428266e+01
stdout pd_18c = 2.465185e+00
stdout pds_18c = 9.860740e+00
stdout rthreq_18c = 2.433894e+01
stdout tj_18c = 1.327100e+02
stdout iavg_20a            =  2.50027e+00 from=  2.40000e-01 to=  3.00000e-01
stdout irms_20a            =  5.13447e+00 from=  2.40000e-01 to=  3.00000e-01
stdout pin_20a             =  4.69174e+01 from=  2.40000e-01 to=  3.00000e-01
stdout pout_20a            =  4.35708e+01 from=  2.40000e-01 to=  3.00000e-01
stdout vdc_20a             =  1.74265e+01 from=  2.40000e-01 to=  3.00000e-01
stdout pmodel_20a = 3.346520e+00
stdout pd_20a = 6.473028e-01
stdout pds_20a = 2.589211e+00
stdout rthreq_20a = 9.269232e+01
stdout tj_20a = 7.330290e+01
stdout iavg_20b            =  5.00053e+00 from=  2.40000e-01 to=  3.00000e-01
stdout irms_20b            =  9.13925e+00 from=  2.40000e-01 to=  3.00000e-01
stdout pin_20b             =  8.88946e+01 from=  2.40000e-01 to=  3.00000e-01
stdout pout_20b            =  8.09550e+01 from=  2.40000e-01 to=  3.00000e-01
stdout vdc_20b             =  1.61893e+01 from=  2.40000e-01 to=  3.00000e-01
stdout pmodel_20b = 7.939640e+00
stdout pd_20b = 1.430127e+00
stdout pds_20b = 5.720509e+00
stdout rthreq_20b = 4.195431e+01
stdout tj_20b = 1.014846e+02
stdout iavg_50a            =  3.00690e+00 from=  2.40000e-01 to=  3.00000e-01
stdout irms_50a            =  5.05318e+00 from=  2.40000e-01 to=  3.00000e-01
stdout pin_50a             =  1.57204e+02 from=  2.40000e-01 to=  3.00000e-01
stdout pout_50a            =  1.48574e+02 from=  2.40000e-01 to=  3.00000e-01
stdout vdc_50a             =  4.94110e+01 from=  2.40000e-01 to=  3.00000e-01
stdout pmodel_50a = 8.630000e+00
stdout pds_50a = 5.679221e+00
stdout tj_50a = 1.170148e+02
stdout iavg_50b            =  7.00612e+00 from=  2.40000e-01 to=  3.00000e-01
stdout irms_50b            =  1.01871e+01 from=  2.40000e-01 to=  3.00000e-01
stdout pin_50b             =  2.97125e+02 from=  2.40000e-01 to=  3.00000e-01
stdout pout_50b            =  2.72233e+02 from=  2.40000e-01 to=  3.00000e-01
stdout vdc_50b             =  3.88564e+01 from=  2.40000e-01 to=  3.00000e-01
stdout pmodel_50b = 2.489200e+01
stdout pds_50b = 1.473821e+01
stdout tj_50b = 2.239109e+02
stdout iavg_5a             =  1.94348e+00 from=  2.40000e-01 to=  3.00000e-01
stdout irms_5a             =  3.75910e+00 from=  2.40000e-01 to=  3.00000e-01
stdout pin_5a              =  2.00626e+01 from=  2.40000e-01 to=  3.00000e-01
stdout pout_5a             =  1.77324e+01 from=  2.40000e-01 to=  3.00000e-01
stdout vdc_5a              =  9.13764e+00 from=  2.40000e-01 to=  3.00000e-01
stdout pmodel_5a = 2.330160e+00
stdout pd_5a = 4.751649e-01
stdout pds_5a = 1.900660e+00
stdout rthreq_5a = 1.262719e+02
stdout tj_5a = 6.948176e+01
stdout iavg_5b             =  1.51750e+00 from=  2.40000e-01 to=  3.00000e-01
stdout irms_5b             =  3.05356e+00 from=  2.40000e-01 to=  3.00000e-01
stdout pin_5b              =  1.59343e+01 from=  2.40000e-01 to=  3.00000e-01
stdout pout_5b             =  1.41911e+01 from=  2.40000e-01 to=  3.00000e-01
stdout vdc_5b              =  9.36006e+00 from=  2.40000e-01 to=  3.00000e-01
stdout pmodel_5b = 1.743230e+00
stdout pd_5b = 3.634965e-01
stdout pds_5b = 1.453986e+00
stdout rthreq_5b = 1.650635e+02
stdout tj_5b = 6.490336e+01
stdout iavg_12a            =  2.50027e+00 from=  2.40000e-01 to=  3.00000e-01
stdout irms_12a            =  3.94809e+00 from=  2.40000e-01 to=  3.00000e-01
stdout pin_12a             =  2.95724e+01 from=  2.40000e-01 to=  3.00000e-01
stdout pout_12a            =  2.66890e+01 from=  2.40000e-01 to=  3.00000e-01
stdout vdc_12a             =  1.06745e+01 from=  2.40000e-01 to=  3.00000e-01
stdout pmodel_12a = 2.883350e+00
stdout pd_12a = 5.998908e-01
stdout pds_12a = 2.399563e+00
stdout rthreq_12a = 1.000182e+02
stdout tj_12a = 7.459552e+01
stdout iavg_12b            =  3.00032e+00 from=  2.40000e-01 to=  3.00000e-01
stdout irms_12b            =  4.59364e+00 from=  2.40000e-01 to=  3.00000e-01
stdout pin_12b             =  3.39283e+01 from=  2.40000e-01 to=  3.00000e-01
stdout pout_12b            =  3.03613e+01 from=  2.40000e-01 to=  3.00000e-01
stdout vdc_12b             =  1.01194e+01 from=  2.40000e-01 to=  3.00000e-01
stdout pmodel_12b = 3.566930e+00
stdout pd_12b = 7.304145e-01
stdout pds_12b = 2.921658e+00
stdout rthreq_12b = 8.214514e+01
stdout tj_12b = 7.994700e+01
