stdout Note: No compatibility mode selected!
stdout Circuit: bridge loss sensitivity: br1 stps20m100st to220 with individual boyd 577202b00000g sinks. other low-voltage bridges stps20m100sg d2pak. 50 c ambient. electrical winding/load assumptions remain to be measured. d2pak lumped temperatures are screening estimates; geometry thermal_mesh.py is the separate layout assessment.
stdout Doing analysis at TEMP = 27.000000 and TNOM = 27.000000
stdout Using SPARSE 1.3 as Direct Linear Solver
stdout Operating point simulation skipped by 'uic',
stdout now using transient initial conditions.
 Reference value :  6.78791e-07
 Reference value :  9.58921e-02
 Reference value :  1.90469e-01
 Reference value :  2.85655e-01
stdout No. of Data Rows : 15068
stdout iavg_18a            =  6.45663e+00 from=  2.50000e-01 to=  3.00000e-01
stdout irms_18a            =  1.12413e+01 from=  2.50000e-01 to=  3.00000e-01
stdout pin_18a             =  1.03735e+02 from=  2.50000e-01 to=  3.00000e-01
stdout pout_18a            =  9.27519e+01 from=  2.50000e-01 to=  3.00000e-01
stdout vdc_18a             =  1.43544e+01 from=  2.50000e-01 to=  3.00000e-01
stdout pmodel_18a = 1.098273e+01
stdout pd_18a = 1.928049e+00
stdout pds_18a = 7.712195e+00
stdout rthreq_18a = 3.111954e+01
stdout tj_18a = 1.154143e+02
stdout iavg_18b            =  3.00079e+00 from=  2.50000e-01 to=  3.00000e-01
stdout irms_18b            =  5.93087e+00 from=  2.50000e-01 to=  3.00000e-01
stdout pin_18b             =  5.15169e+01 from=  2.50000e-01 to=  3.00000e-01
stdout pout_18b            =  4.73540e+01 from=  2.50000e-01 to=  3.00000e-01
stdout vdc_18b             =  1.57805e+01 from=  2.50000e-01 to=  3.00000e-01
stdout pmodel_18b = 4.162860e+00
stdout pd_18b = 7.924389e-01
stdout pds_18b = 3.169756e+00
stdout rthreq_18b = 7.571562e+01
stdout tj_18b = 7.884762e+01
stdout iavg_18c            =  8.00210e+00 from=  2.50000e-01 to=  3.00000e-01
stdout irms_18c            =  1.34473e+01 from=  2.50000e-01 to=  3.00000e-01
stdout pin_18c             =  1.25166e+02 from=  2.50000e-01 to=  3.00000e-01
stdout pout_18c            =  1.10610e+02 from=  2.50000e-01 to=  3.00000e-01
stdout vdc_18c             =  1.38226e+01 from=  2.50000e-01 to=  3.00000e-01
stdout pmodel_18c = 1.455580e+01
stdout pd_18c = 2.496096e+00
stdout pds_18c = 9.984382e+00
stdout rthreq_18c = 2.403754e+01
stdout tj_18c = 1.337054e+02
stdout iavg_20a            =  2.50066e+00 from=  2.50000e-01 to=  3.00000e-01
stdout irms_20a            =  5.23961e+00 from=  2.50000e-01 to=  3.00000e-01
stdout pin_20a             =  5.25318e+01 from=  2.50000e-01 to=  3.00000e-01
stdout pout_20a            =  4.91395e+01 from=  2.50000e-01 to=  3.00000e-01
stdout vdc_20a             =  1.96506e+01 from=  2.50000e-01 to=  3.00000e-01
stdout pmodel_20a = 3.392350e+00
stdout pd_20a = 6.521855e-01
stdout pds_20a = 2.608742e+00
stdout rthreq_20a = 9.199837e+01
stdout tj_20a = 7.347868e+01
stdout iavg_20b            =  5.00131e+00 from=  2.50000e-01 to=  3.00000e-01
stdout irms_20b            =  9.33913e+00 from=  2.50000e-01 to=  3.00000e-01
stdout pin_20b             =  1.00154e+02 from=  2.50000e-01 to=  3.00000e-01
stdout pout_20b            =  9.20669e+01 from=  2.50000e-01 to=  3.00000e-01
stdout vdc_20b             =  1.84086e+01 from=  2.50000e-01 to=  3.00000e-01
stdout pmodel_20b = 8.087330e+00
stdout pd_20b = 1.446544e+00
stdout pds_20b = 5.786178e+00
stdout rthreq_20b = 4.147816e+01
stdout tj_20b = 1.020756e+02
stdout iavg_50a            =  3.01126e+00 from=  2.50000e-01 to=  3.00000e-01
stdout irms_50a            =  5.14808e+00 from=  2.50000e-01 to=  3.00000e-01
stdout pin_50a             =  1.77783e+02 from=  2.50000e-01 to=  3.00000e-01
stdout pout_50a            =  1.69211e+02 from=  2.50000e-01 to=  3.00000e-01
stdout vdc_50a             =  5.61926e+01 from=  2.50000e-01 to=  3.00000e-01
stdout pmodel_50a = 8.572600e+00
stdout pds_50a = 5.719112e+00
stdout tj_50a = 1.174855e+02
stdout iavg_50b            =  7.00963e+00 from=  2.50000e-01 to=  3.00000e-01
stdout irms_50b            =  1.03824e+01 from=  2.50000e-01 to=  3.00000e-01
stdout pin_50b             =  3.42579e+02 from=  2.50000e-01 to=  3.00000e-01
stdout pout_50b            =  3.17326e+02 from=  2.50000e-01 to=  3.00000e-01
stdout vdc_50b             =  4.52700e+01 from=  2.50000e-01 to=  3.00000e-01
stdout pmodel_50b = 2.525300e+01
stdout pds_50b = 1.488040e+01
stdout tj_50b = 2.255887e+02
stdout iavg_5a             =  1.68808e+00 from=  2.50000e-01 to=  3.00000e-01
stdout irms_5a             =  3.40779e+00 from=  2.50000e-01 to=  3.00000e-01
stdout pin_5a              =  1.97301e+01 from=  2.50000e-01 to=  3.00000e-01
stdout pout_5a             =  1.77352e+01 from=  2.50000e-01 to=  3.00000e-01
stdout vdc_5a              =  1.05127e+01 from=  2.50000e-01 to=  3.00000e-01
stdout pmodel_5a = 1.994900e+00
stdout pd_5a = 4.098141e-01
stdout pds_5a = 1.639256e+00
stdout rthreq_5a = 1.464079e+02
stdout tj_5a = 6.680238e+01
stdout iavg_5b             =  1.32525e+00 from=  2.50000e-01 to=  3.00000e-01
stdout irms_5b             =  2.77945e+00 from=  2.50000e-01 to=  3.00000e-01
stdout pin_5b              =  1.56967e+01 from=  2.50000e-01 to=  3.00000e-01
stdout pout_5b             =  1.41933e+01 from=  2.50000e-01 to=  3.00000e-01
stdout vdc_5b              =  1.07140e+01 from=  2.50000e-01 to=  3.00000e-01
stdout pmodel_5b = 1.503440e+00
stdout pd_5b = 3.156061e-01
stdout pds_5b = 1.262424e+00
stdout rthreq_5b = 1.901104e+02
stdout tj_5b = 6.293985e+01
stdout iavg_12a            =  2.50066e+00 from=  2.50000e-01 to=  3.00000e-01
stdout irms_12a            =  4.02261e+00 from=  2.50000e-01 to=  3.00000e-01
stdout pin_12a             =  3.36413e+01 from=  2.50000e-01 to=  3.00000e-01
stdout pout_12a            =  3.07308e+01 from=  2.50000e-01 to=  3.00000e-01
stdout vdc_12a             =  1.22891e+01 from=  2.50000e-01 to=  3.00000e-01
stdout pmodel_12a = 2.910540e+00
stdout pd_12a = 6.025874e-01
stdout pds_12a = 2.410350e+00
stdout rthreq_12a = 9.957062e+01
stdout tj_12a = 7.470608e+01
stdout iavg_12b            =  3.00079e+00 from=  2.50000e-01 to=  3.00000e-01
stdout irms_12b            =  4.68087e+00 from=  2.50000e-01 to=  3.00000e-01
stdout pin_12b             =  3.87571e+01 from=  2.50000e-01 to=  3.00000e-01
stdout pout_12b            =  3.51540e+01 from=  2.50000e-01 to=  3.00000e-01
stdout vdc_12b             =  1.17149e+01 from=  2.50000e-01 to=  3.00000e-01
stdout pmodel_12b = 3.603120e+00
stdout pd_12b = 7.340738e-01
stdout pds_12b = 2.936295e+00
stdout rthreq_12b = 8.173565e+01
stdout tj_12b = 8.009703e+01
