stdout Note: No compatibility mode selected!
stdout Circuit: bridge loss sensitivity: br1 stps20m100st to220 with individual boyd 577202b00000g sinks. other low-voltage bridges stps20m100sg d2pak. 50 c ambient. electrical winding/load assumptions remain to be measured. d2pak lumped temperatures are screening estimates; geometry thermal_mesh.py is the separate layout assessment.
stdout Doing analysis at TEMP = 27.000000 and TNOM = 27.000000
stdout Using SPARSE 1.3 as Direct Linear Solver
stdout Operating point simulation skipped by 'uic',
stdout now using transient initial conditions.
 Reference value :  2.00000e-07
 Reference value :  1.04049e-01
 Reference value :  2.06744e-01
stdout No. of Data Rows : 15087
stdout iavg_18a            =  5.91797e+00 from=  2.50000e-01 to=  3.00000e-01
stdout irms_18a            =  1.02645e+01 from=  2.50000e-01 to=  3.00000e-01
stdout pin_18a             =  8.53981e+01 from=  2.50000e-01 to=  3.00000e-01
stdout pout_18a            =  7.57431e+01 from=  2.50000e-01 to=  3.00000e-01
stdout vdc_18a             =  1.27892e+01 from=  2.50000e-01 to=  3.00000e-01
stdout pmodel_18a = 9.655000e+00
stdout pd_18a = 1.721149e+00
stdout pds_18a = 6.884596e+00
stdout rthreq_18a = 3.486044e+01
stdout tj_18a = 1.087521e+02
stdout iavg_18b            =  3.00090e+00 from=  2.50000e-01 to=  3.00000e-01
stdout irms_18b            =  5.82357e+00 from=  2.50000e-01 to=  3.00000e-01
stdout pin_18b             =  4.60447e+01 from=  2.50000e-01 to=  3.00000e-01
stdout pout_18b            =  4.19336e+01 from=  2.50000e-01 to=  3.00000e-01
stdout vdc_18b             =  1.39737e+01 from=  2.50000e-01 to=  3.00000e-01
stdout pmodel_18b = 4.111090e+00
stdout pd_18b = 7.869125e-01
stdout pds_18b = 3.147650e+00
stdout rthreq_18b = 7.624735e+01
stdout tj_18b = 7.866967e+01
stdout iavg_18c            =  8.00239e+00 from=  2.50000e-01 to=  3.00000e-01
stdout irms_18c            =  1.32024e+01 from=  2.50000e-01 to=  3.00000e-01
stdout pin_18c             =  1.10996e+02 from=  2.50000e-01 to=  3.00000e-01
stdout pout_18c            =  9.66933e+01 from=  2.50000e-01 to=  3.00000e-01
stdout vdc_18c             =  1.20831e+01 from=  2.50000e-01 to=  3.00000e-01
stdout pmodel_18c = 1.430255e+01
stdout pd_18c = 2.467439e+00
stdout pds_18c = 9.869756e+00
stdout rthreq_18c = 2.431671e+01
stdout tj_18c = 1.327826e+02
stdout iavg_20a            =  2.50075e+00 from=  2.50000e-01 to=  3.00000e-01
stdout irms_20a            =  5.14390e+00 from=  2.50000e-01 to=  3.00000e-01
stdout pin_20a             =  4.70118e+01 from=  2.50000e-01 to=  3.00000e-01
stdout pout_20a            =  4.36606e+01 from=  2.50000e-01 to=  3.00000e-01
stdout vdc_20a             =  1.74590e+01 from=  2.50000e-01 to=  3.00000e-01
stdout pmodel_20a = 3.351250e+00
stdout pd_20a = 6.478319e-01
stdout pds_20a = 2.591328e+00
stdout rthreq_20a = 9.261662e+01
stdout tj_20a = 7.332195e+01
stdout iavg_20b            =  5.00150e+00 from=  2.50000e-01 to=  3.00000e-01
stdout irms_20b            =  9.16709e+00 from=  2.50000e-01 to=  3.00000e-01
stdout pin_20b             =  8.92718e+01 from=  2.50000e-01 to=  3.00000e-01
stdout pout_20b            =  8.13103e+01 from=  2.50000e-01 to=  3.00000e-01
stdout vdc_20b             =  1.62572e+01 from=  2.50000e-01 to=  3.00000e-01
stdout pmodel_20b = 7.961520e+00
stdout pd_20b = 1.432575e+00
stdout pds_20b = 5.730298e+00
stdout rthreq_20b = 4.188264e+01
stdout tj_20b = 1.015727e+02
stdout iavg_50a            =  3.00977e+00 from=  2.50000e-01 to=  3.00000e-01
stdout irms_50a            =  5.05460e+00 from=  2.50000e-01 to=  3.00000e-01
stdout pin_50a             =  1.57309e+02 from=  2.50000e-01 to=  3.00000e-01
stdout pout_50a            =  1.48789e+02 from=  2.50000e-01 to=  3.00000e-01
stdout vdc_50a             =  4.94353e+01 from=  2.50000e-01 to=  3.00000e-01
stdout pmodel_50a = 8.520800e+00
stdout pds_50a = 5.684290e+00
stdout tj_50a = 1.170746e+02
stdout iavg_50b            =  7.00969e+00 from=  2.50000e-01 to=  3.00000e-01
stdout irms_50b            =  1.01923e+01 from=  2.50000e-01 to=  3.00000e-01
stdout pin_50b             =  2.97529e+02 from=  2.50000e-01 to=  3.00000e-01
stdout pout_50b            =  2.72707e+02 from=  2.50000e-01 to=  3.00000e-01
stdout vdc_50b             =  3.89043e+01 from=  2.50000e-01 to=  3.00000e-01
stdout pmodel_50b = 2.482250e+01
stdout pds_50b = 1.474751e+01
stdout tj_50b = 2.240207e+02
stdout iavg_5a             =  1.93773e+00 from=  2.50000e-01 to=  3.00000e-01
stdout irms_5a             =  3.75613e+00 from=  2.50000e-01 to=  3.00000e-01
stdout pin_5a              =  2.00601e+01 from=  2.50000e-01 to=  3.00000e-01
stdout pout_5a             =  1.77359e+01 from=  2.50000e-01 to=  3.00000e-01
stdout vdc_5a              =  9.16228e+00 from=  2.50000e-01 to=  3.00000e-01
stdout pmodel_5a = 2.324280e+00
stdout pd_5a = 4.738446e-01
stdout pds_5a = 1.895378e+00
stdout rthreq_5a = 1.266238e+02
stdout tj_5a = 6.942763e+01
stdout iavg_5b             =  1.51435e+00 from=  2.50000e-01 to=  3.00000e-01
stdout irms_5b             =  3.05264e+00 from=  2.50000e-01 to=  3.00000e-01
stdout pin_5b              =  1.59341e+01 from=  2.50000e-01 to=  3.00000e-01
stdout pout_5b             =  1.41938e+01 from=  2.50000e-01 to=  3.00000e-01
stdout vdc_5b              =  9.37876e+00 from=  2.50000e-01 to=  3.00000e-01
stdout pmodel_5b = 1.740330e+00
stdout pd_5b = 3.628003e-01
stdout pds_5b = 1.451201e+00
stdout rthreq_5b = 1.653802e+02
stdout tj_5b = 6.487481e+01
stdout iavg_12a            =  2.50075e+00 from=  2.50000e-01 to=  3.00000e-01
stdout irms_12a            =  3.94967e+00 from=  2.50000e-01 to=  3.00000e-01
stdout pin_12a             =  2.96009e+01 from=  2.50000e-01 to=  3.00000e-01
stdout pout_12a            =  2.67165e+01 from=  2.50000e-01 to=  3.00000e-01
stdout vdc_12a             =  1.06834e+01 from=  2.50000e-01 to=  3.00000e-01
stdout pmodel_12a = 2.884480e+00
stdout pd_12a = 6.000484e-01
stdout pds_12a = 2.400194e+00
stdout rthreq_12a = 9.999194e+01
stdout tj_12a = 7.460198e+01
stdout iavg_12b            =  3.00090e+00 from=  2.50000e-01 to=  3.00000e-01
stdout irms_12b            =  4.59574e+00 from=  2.50000e-01 to=  3.00000e-01
stdout pin_12b             =  3.39667e+01 from=  2.50000e-01 to=  3.00000e-01
stdout pout_12b            =  3.03982e+01 from=  2.50000e-01 to=  3.00000e-01
stdout vdc_12b             =  1.01297e+01 from=  2.50000e-01 to=  3.00000e-01
stdout pmodel_12b = 3.568480e+00
stdout pd_12b = 7.306225e-01
stdout pds_12b = 2.922490e+00
stdout rthreq_12b = 8.212175e+01
stdout tj_12b = 7.995552e+01
