stdout Note: No compatibility mode selected!
stdout Circuit: bridge loss sensitivity: br1 stps20m100st to220 with individual boyd 577202b00000g sinks. other low-voltage bridges stps20m100sg d2pak. 50 c ambient. electrical winding/load assumptions remain to be measured. d2pak lumped temperatures are screening estimates; geometry thermal_mesh.py is the separate layout assessment.
stdout Doing analysis at TEMP = 27.000000 and TNOM = 27.000000
stdout Using SPARSE 1.3 as Direct Linear Solver
stdout Operating point simulation skipped by 'uic',
stdout now using transient initial conditions.
 Reference value :  9.10930e-02
 Reference value :  1.94573e-01
 Reference value :  2.97807e-01
stdout No. of Data Rows : 15089
stdout iavg_18a            =  6.96449e+00 from=  2.40000e-01 to=  3.00000e-01
stdout irms_18a            =  1.20979e+01 from=  2.40000e-01 to=  3.00000e-01
stdout pin_18a             =  1.22440e+02 from=  2.40000e-01 to=  3.00000e-01
stdout pout_18a            =  1.10201e+02 from=  2.40000e-01 to=  3.00000e-01
stdout vdc_18a             =  1.57843e+01 from=  2.40000e-01 to=  3.00000e-01
stdout pmodel_18a = 1.223850e+01
stdout pd_18a = 2.123931e+00
stdout pds_18a = 8.495723e+00
stdout rthreq_18a = 2.824951e+01
stdout tj_18a = 1.217217e+02
stdout iavg_18b            =  3.00037e+00 from=  2.40000e-01 to=  3.00000e-01
stdout irms_18b            =  6.01337e+00 from=  2.40000e-01 to=  3.00000e-01
stdout pin_18b             =  5.68295e+01 from=  2.40000e-01 to=  3.00000e-01
stdout pout_18b            =  5.26268e+01 from=  2.40000e-01 to=  3.00000e-01
stdout vdc_18b             =  1.75401e+01 from=  2.40000e-01 to=  3.00000e-01
stdout pmodel_18b = 4.202610e+00
stdout pd_18b = 7.966862e-01
stdout pds_18b = 3.186745e+00
stdout rthreq_18b = 7.531196e+01
stdout tj_18b = 7.898439e+01
stdout iavg_18c            =  8.00099e+00 from=  2.40000e-01 to=  3.00000e-01
stdout irms_18c            =  1.35972e+01 from=  2.40000e-01 to=  3.00000e-01
stdout pin_18c             =  1.38148e+02 from=  2.40000e-01 to=  3.00000e-01
stdout pout_18c            =  1.23438e+02 from=  2.40000e-01 to=  3.00000e-01
stdout vdc_18c             =  1.54278e+01 from=  2.40000e-01 to=  3.00000e-01
stdout pmodel_18c = 1.471070e+01
stdout pd_18c = 2.513700e+00
stdout pds_18c = 1.005480e+01
stdout rthreq_18c = 2.386920e+01
stdout tj_18c = 1.342722e+02
stdout iavg_20a            =  2.50031e+00 from=  2.40000e-01 to=  3.00000e-01
stdout irms_20a            =  5.28497e+00 from=  2.40000e-01 to=  3.00000e-01
stdout pin_20a             =  5.76388e+01 from=  2.40000e-01 to=  3.00000e-01
stdout pout_20a            =  5.42274e+01 from=  2.40000e-01 to=  3.00000e-01
stdout vdc_20a             =  2.16883e+01 from=  2.40000e-01 to=  3.00000e-01
stdout pmodel_20a = 3.411420e+00
stdout pd_20a = 6.542121e-01
stdout pds_20a = 2.616848e+00
stdout rthreq_20a = 9.171337e+01
stdout tj_20a = 7.355164e+01
stdout iavg_20b            =  5.00062e+00 from=  2.40000e-01 to=  3.00000e-01
stdout irms_20b            =  9.37284e+00 from=  2.40000e-01 to=  3.00000e-01
stdout pin_20b             =  1.09304e+02 from=  2.40000e-01 to=  3.00000e-01
stdout pout_20b            =  1.01193e+02 from=  2.40000e-01 to=  3.00000e-01
stdout vdc_20b             =  2.02362e+01 from=  2.40000e-01 to=  3.00000e-01
stdout pmodel_20b = 8.110600e+00
stdout pd_20b = 1.449173e+00
stdout pds_20b = 5.796691e+00
stdout rthreq_20b = 4.140293e+01
stdout tj_20b = 1.021702e+02
stdout iavg_50a            =  3.01073e+00 from=  2.40000e-01 to=  3.00000e-01
stdout irms_50a            =  5.22777e+00 from=  2.40000e-01 to=  3.00000e-01
stdout pin_50a             =  1.97959e+02 from=  2.40000e-01 to=  3.00000e-01
stdout pout_50a            =  1.89251e+02 from=  2.40000e-01 to=  3.00000e-01
stdout vdc_50a             =  6.28587e+01 from=  2.40000e-01 to=  3.00000e-01
stdout pmodel_50a = 8.708300e+00
stdout pds_50a = 5.746379e+00
stdout tj_50a = 1.178073e+02
stdout iavg_50b            =  7.00972e+00 from=  2.40000e-01 to=  3.00000e-01
stdout irms_50b            =  1.05333e+01 from=  2.40000e-01 to=  3.00000e-01
stdout pin_50b             =  3.86125e+02 from=  2.40000e-01 to=  3.00000e-01
stdout pout_50b            =  3.60562e+02 from=  2.40000e-01 to=  3.00000e-01
stdout vdc_50b             =  5.14374e+01 from=  2.40000e-01 to=  3.00000e-01
stdout pmodel_50b = 2.556300e+01
stdout pds_50b = 1.498789e+01
stdout tj_50b = 2.268571e+02
stdout iavg_5a             =  1.51035e+00 from=  2.40000e-01 to=  3.00000e-01
stdout irms_5a             =  3.13335e+00 from=  2.40000e-01 to=  3.00000e-01
stdout pin_5a              =  1.94919e+01 from=  2.40000e-01 to=  3.00000e-01
stdout pout_5a             =  1.77328e+01 from=  2.40000e-01 to=  3.00000e-01
stdout vdc_5a              =  1.17564e+01 from=  2.40000e-01 to=  3.00000e-01
stdout pmodel_5a = 1.759170e+00
stdout pd_5a = 3.641489e-01
stdout pds_5a = 1.456596e+00
stdout rthreq_5a = 1.647678e+02
stdout tj_5a = 6.493011e+01
stdout iavg_5b             =  1.18673e+00 from=  2.40000e-01 to=  3.00000e-01
stdout irms_5b             =  2.55955e+00 from=  2.40000e-01 to=  3.00000e-01
stdout pin_5b              =  1.55206e+01 from=  2.40000e-01 to=  3.00000e-01
stdout pout_5b             =  1.41913e+01 from=  2.40000e-01 to=  3.00000e-01
stdout vdc_5b              =  1.19681e+01 from=  2.40000e-01 to=  3.00000e-01
stdout pmodel_5b = 1.329300e+00
stdout pd_5b = 2.810069e-01
stdout pds_5b = 1.124028e+00
stdout rthreq_5b = 2.135179e+02
stdout tj_5b = 6.152128e+01
stdout iavg_12a            =  2.50031e+00 from=  2.40000e-01 to=  3.00000e-01
stdout irms_12a            =  4.08240e+00 from=  2.40000e-01 to=  3.00000e-01
stdout pin_12a             =  3.75828e+01 from=  2.40000e-01 to=  3.00000e-01
stdout pout_12a            =  3.46510e+01 from=  2.40000e-01 to=  3.00000e-01
stdout vdc_12a             =  1.38587e+01 from=  2.40000e-01 to=  3.00000e-01
stdout pmodel_12a = 2.931790e+00
stdout pd_12a = 6.046464e-01
stdout pds_12a = 2.418586e+00
stdout rthreq_12a = 9.923155e+01
stdout tj_12a = 7.479050e+01
stdout iavg_12b            =  3.00037e+00 from=  2.40000e-01 to=  3.00000e-01
stdout irms_12b            =  4.74947e+00 from=  2.40000e-01 to=  3.00000e-01
stdout pin_12b             =  4.34081e+01 from=  2.40000e-01 to=  3.00000e-01
stdout pout_12b            =  3.97772e+01 from=  2.40000e-01 to=  3.00000e-01
stdout vdc_12b             =  1.32574e+01 from=  2.40000e-01 to=  3.00000e-01
stdout pmodel_12b = 3.630900e+00
stdout pd_12b = 7.368322e-01
stdout pds_12b = 2.947329e+00
stdout rthreq_12b = 8.142967e+01
stdout tj_12b = 8.021012e+01
