stdout Note: No compatibility mode selected!
stdout Circuit: bridge loss sensitivity: br1 stps20m100st to220 with individual boyd 577202b00000g sinks. other low-voltage bridges stps20m100sg d2pak. 50 c ambient. electrical winding/load assumptions remain to be measured. d2pak lumped temperatures are screening estimates; geometry thermal_mesh.py is the separate layout assessment.
stdout Doing analysis at TEMP = 27.000000 and TNOM = 27.000000
stdout Using SPARSE 1.3 as Direct Linear Solver
stdout Operating point simulation skipped by 'uic',
stdout now using transient initial conditions.
 Reference value :  9.63202e-02
 Reference value :  2.00003e-01
stdout No. of Data Rows : 15063
stdout iavg_18a            =  7.00165e+00 from=  2.40000e-01 to=  3.00000e-01
stdout irms_18a            =  1.22115e+01 from=  2.40000e-01 to=  3.00000e-01
stdout pin_18a             =  1.23749e+02 from=  2.40000e-01 to=  3.00000e-01
stdout pout_18a            =  1.11367e+02 from=  2.40000e-01 to=  3.00000e-01
stdout vdc_18a             =  1.58883e+01 from=  2.40000e-01 to=  3.00000e-01
stdout pmodel_18a = 1.238200e+01
stdout pd_18a = 2.143977e+00
stdout pds_18a = 8.575908e+00
stdout rthreq_18a = 2.798537e+01
stdout tj_18a = 1.223672e+02
stdout iavg_18b            =  3.00076e+00 from=  2.40000e-01 to=  3.00000e-01
stdout irms_18b            =  6.02628e+00 from=  2.40000e-01 to=  3.00000e-01
stdout pin_18b             =  5.69684e+01 from=  2.40000e-01 to=  3.00000e-01
stdout pout_18b            =  5.27589e+01 from=  2.40000e-01 to=  3.00000e-01
stdout vdc_18b             =  1.75819e+01 from=  2.40000e-01 to=  3.00000e-01
stdout pmodel_18b = 4.209580e+00
stdout pd_18b = 7.974515e-01
stdout pds_18b = 3.189806e+00
stdout rthreq_18b = 7.523969e+01
stdout tj_18b = 7.900903e+01
stdout iavg_18c            =  8.00202e+00 from=  2.40000e-01 to=  3.00000e-01
stdout irms_18c            =  1.36572e+01 from=  2.40000e-01 to=  3.00000e-01
stdout pin_18c             =  1.39149e+02 from=  2.40000e-01 to=  3.00000e-01
stdout pout_18c            =  1.24373e+02 from=  2.40000e-01 to=  3.00000e-01
stdout vdc_18c             =  1.55427e+01 from=  2.40000e-01 to=  3.00000e-01
stdout pmodel_18c = 1.477630e+01
stdout pd_18c = 2.521118e+00
stdout pds_18c = 1.008447e+01
stdout rthreq_18c = 2.379897e+01
stdout tj_18c = 1.345111e+02
stdout iavg_20a            =  2.50063e+00 from=  2.40000e-01 to=  3.00000e-01
stdout irms_20a            =  5.31900e+00 from=  2.40000e-01 to=  3.00000e-01
stdout pin_20a             =  5.79776e+01 from=  2.40000e-01 to=  3.00000e-01
stdout pout_20a            =  5.45507e+01 from=  2.40000e-01 to=  3.00000e-01
stdout vdc_20a             =  2.18148e+01 from=  2.40000e-01 to=  3.00000e-01
stdout pmodel_20a = 3.426920e+00
stdout pd_20a = 6.558680e-01
stdout pds_20a = 2.623472e+00
stdout rthreq_20a = 9.148182e+01
stdout tj_20a = 7.361125e+01
stdout iavg_20b            =  5.00126e+00 from=  2.40000e-01 to=  3.00000e-01
stdout irms_20b            =  9.47195e+00 from=  2.40000e-01 to=  3.00000e-01
stdout pin_20b             =  1.10707e+02 from=  2.40000e-01 to=  3.00000e-01
stdout pout_20b            =  1.02521e+02 from=  2.40000e-01 to=  3.00000e-01
stdout vdc_20b             =  2.04991e+01 from=  2.40000e-01 to=  3.00000e-01
stdout pmodel_20b = 8.185800e+00
stdout pd_20b = 1.457526e+00
stdout pds_20b = 5.830104e+00
stdout rthreq_20b = 4.116564e+01
stdout tj_20b = 1.024709e+02
stdout iavg_50a            =  3.01082e+00 from=  2.40000e-01 to=  3.00000e-01
stdout irms_50a            =  5.23283e+00 from=  2.40000e-01 to=  3.00000e-01
stdout pin_50a             =  1.98290e+02 from=  2.40000e-01 to=  3.00000e-01
stdout pout_50a            =  1.89557e+02 from=  2.40000e-01 to=  3.00000e-01
stdout vdc_50a             =  6.29587e+01 from=  2.40000e-01 to=  3.00000e-01
stdout pmodel_50a = 8.732600e+00
stdout pds_50a = 5.748317e+00
stdout tj_50a = 1.178301e+02
stdout iavg_50b            =  7.01114e+00 from=  2.40000e-01 to=  3.00000e-01
stdout irms_50b            =  1.05523e+01 from=  2.40000e-01 to=  3.00000e-01
stdout pin_50b             =  3.87667e+02 from=  2.40000e-01 to=  3.00000e-01
stdout pout_50b            =  3.62085e+02 from=  2.40000e-01 to=  3.00000e-01
stdout vdc_50b             =  5.16442e+01 from=  2.40000e-01 to=  3.00000e-01
stdout pmodel_50b = 2.558200e+01
stdout pds_50b = 1.500377e+01
stdout tj_50b = 2.270445e+02
stdout iavg_5a             =  1.50011e+00 from=  2.40000e-01 to=  3.00000e-01
stdout irms_5a             =  3.13330e+00 from=  2.40000e-01 to=  3.00000e-01
stdout pin_5a              =  1.94854e+01 from=  2.40000e-01 to=  3.00000e-01
stdout pout_5a             =  1.77350e+01 from=  2.40000e-01 to=  3.00000e-01
stdout vdc_5a              =  1.18293e+01 from=  2.40000e-01 to=  3.00000e-01
stdout pmodel_5a = 1.750360e+00
stdout pd_5a = 3.619704e-01
stdout pds_5a = 1.447881e+00
stdout rthreq_5a = 1.657594e+02
stdout tj_5a = 6.484078e+01
stdout iavg_5b             =  1.18088e+00 from=  2.40000e-01 to=  3.00000e-01
stdout irms_5b             =  2.56138e+00 from=  2.40000e-01 to=  3.00000e-01
stdout pin_5b              =  1.55179e+01 from=  2.40000e-01 to=  3.00000e-01
stdout pout_5b             =  1.41931e+01 from=  2.40000e-01 to=  3.00000e-01
stdout vdc_5b              =  1.20235e+01 from=  2.40000e-01 to=  3.00000e-01
stdout pmodel_5b = 1.324770e+00
stdout pd_5b = 2.798032e-01
stdout pds_5b = 1.119213e+00
stdout rthreq_5b = 2.144364e+02
stdout tj_5b = 6.147193e+01
stdout iavg_12a            =  2.50063e+00 from=  2.40000e-01 to=  3.00000e-01
stdout irms_12a            =  4.08816e+00 from=  2.40000e-01 to=  3.00000e-01
stdout pin_12a             =  3.76829e+01 from=  2.40000e-01 to=  3.00000e-01
stdout pout_12a            =  3.47486e+01 from=  2.40000e-01 to=  3.00000e-01
stdout vdc_12a             =  1.38960e+01 from=  2.40000e-01 to=  3.00000e-01
stdout pmodel_12a = 2.934280e+00
stdout pd_12a = 6.049207e-01
stdout pds_12a = 2.419683e+00
stdout rthreq_12a = 9.918655e+01
stdout tj_12a = 7.480175e+01
stdout iavg_12b            =  3.00075e+00 from=  2.40000e-01 to=  3.00000e-01
stdout irms_12b            =  4.75713e+00 from=  2.40000e-01 to=  3.00000e-01
stdout pin_12b             =  4.35480e+01 from=  2.40000e-01 to=  3.00000e-01
stdout pout_12b            =  3.99134e+01 from=  2.40000e-01 to=  3.00000e-01
stdout vdc_12b             =  1.33011e+01 from=  2.40000e-01 to=  3.00000e-01
stdout pmodel_12b = 3.634590e+00
stdout pd_12b = 7.372337e-01
stdout pds_12b = 2.948935e+00
stdout rthreq_12b = 8.138532e+01
stdout tj_12b = 8.022658e+01
