stdout Note: No compatibility mode selected!
stdout Circuit: bridge loss sensitivity: br1 stps20m100st to220 with individual boyd 577202b00000g sinks. other low-voltage bridges stps20m100sg d2pak. 50 c ambient. electrical winding/load assumptions remain to be measured. d2pak lumped temperatures are screening estimates; geometry thermal_mesh.py is the separate layout assessment.
stdout Doing analysis at TEMP = 27.000000 and TNOM = 27.000000
stdout Using SPARSE 1.3 as Direct Linear Solver
stdout Operating point simulation skipped by 'uic',
stdout now using transient initial conditions.
 Reference value :  7.94228e-02
 Reference value :  1.82813e-01
 Reference value :  2.84786e-01
stdout No. of Data Rows : 15072
stdout iavg_18a            =  6.98427e+00 from=  2.50000e-01 to=  3.00000e-01
stdout irms_18a            =  1.21597e+01 from=  2.50000e-01 to=  3.00000e-01
stdout pin_18a             =  1.23143e+02 from=  2.50000e-01 to=  3.00000e-01
stdout pout_18a            =  1.10827e+02 from=  2.50000e-01 to=  3.00000e-01
stdout vdc_18a             =  1.58408e+01 from=  2.50000e-01 to=  3.00000e-01
stdout pmodel_18a = 1.231570e+01
stdout pd_18a = 2.134731e+00
stdout pds_18a = 8.538924e+00
stdout rthreq_18a = 2.810659e+01
stdout tj_18a = 1.220694e+02
stdout iavg_18b            =  3.00042e+00 from=  2.50000e-01 to=  3.00000e-01
stdout irms_18b            =  6.02046e+00 from=  2.50000e-01 to=  3.00000e-01
stdout pin_18b             =  5.69024e+01 from=  2.50000e-01 to=  3.00000e-01
stdout pout_18b            =  5.26962e+01 from=  2.50000e-01 to=  3.00000e-01
stdout vdc_18b             =  1.75630e+01 from=  2.50000e-01 to=  3.00000e-01
stdout pmodel_18b = 4.206190e+00
stdout pd_18b = 7.970706e-01
stdout pds_18b = 3.188282e+00
stdout rthreq_18b = 7.527564e+01
stdout tj_18b = 7.899676e+01
stdout iavg_18c            =  8.00111e+00 from=  2.50000e-01 to=  3.00000e-01
stdout irms_18c            =  1.36301e+01 from=  2.50000e-01 to=  3.00000e-01
stdout pin_18c             =  1.38686e+02 from=  2.50000e-01 to=  3.00000e-01
stdout pout_18c            =  1.23940e+02 from=  2.50000e-01 to=  3.00000e-01
stdout vdc_18c             =  1.54904e+01 from=  2.50000e-01 to=  3.00000e-01
stdout pmodel_18c = 1.474570e+01
stdout pd_18c = 2.517662e+00
stdout pds_18c = 1.007065e+01
stdout rthreq_18c = 2.383163e+01
stdout tj_18c = 1.343998e+02
stdout iavg_20a            =  2.50035e+00 from=  2.50000e-01 to=  3.00000e-01
stdout irms_20a            =  5.30356e+00 from=  2.50000e-01 to=  3.00000e-01
stdout pin_20a             =  5.78197e+01 from=  2.50000e-01 to=  3.00000e-01
stdout pout_20a            =  5.44000e+01 from=  2.50000e-01 to=  3.00000e-01
stdout vdc_20a             =  2.17570e+01 from=  2.50000e-01 to=  3.00000e-01
stdout pmodel_20a = 3.419680e+00
stdout pd_20a = 6.550859e-01
stdout pds_20a = 2.620344e+00
stdout rthreq_20a = 9.159104e+01
stdout tj_20a = 7.358309e+01
stdout iavg_20b            =  5.00069e+00 from=  2.50000e-01 to=  3.00000e-01
stdout irms_20b            =  9.42670e+00 from=  2.50000e-01 to=  3.00000e-01
stdout pin_20b             =  1.10053e+02 from=  2.50000e-01 to=  3.00000e-01
stdout pout_20b            =  1.01902e+02 from=  2.50000e-01 to=  3.00000e-01
stdout vdc_20b             =  2.03777e+01 from=  2.50000e-01 to=  3.00000e-01
stdout pmodel_20b = 8.150900e+00
stdout pd_20b = 1.453644e+00
stdout pds_20b = 5.814575e+00
stdout rthreq_20b = 4.127559e+01
stdout tj_20b = 1.023312e+02
stdout iavg_50a            =  3.01211e+00 from=  2.50000e-01 to=  3.00000e-01
stdout irms_50a            =  5.23058e+00 from=  2.50000e-01 to=  3.00000e-01
stdout pin_50a             =  1.98131e+02 from=  2.50000e-01 to=  3.00000e-01
stdout pout_50a            =  1.89503e+02 from=  2.50000e-01 to=  3.00000e-01
stdout vdc_50a             =  6.29135e+01 from=  2.50000e-01 to=  3.00000e-01
stdout pmodel_50a = 8.628000e+00
stdout pds_50a = 5.749581e+00
stdout tj_50a = 1.178451e+02
stdout iavg_50b            =  7.01229e+00 from=  2.50000e-01 to=  3.00000e-01
stdout irms_50b            =  1.05438e+01 from=  2.50000e-01 to=  3.00000e-01
stdout pin_50b             =  3.86947e+02 from=  2.50000e-01 to=  3.00000e-01
stdout pout_50b            =  3.61487e+02 from=  2.50000e-01 to=  3.00000e-01
stdout vdc_50b             =  5.15506e+01 from=  2.50000e-01 to=  3.00000e-01
stdout pmodel_50b = 2.546000e+01
stdout pds_50b = 1.499948e+01
stdout tj_50b = 2.269939e+02
stdout iavg_5a             =  1.50466e+00 from=  2.50000e-01 to=  3.00000e-01
stdout irms_5a             =  3.13333e+00 from=  2.50000e-01 to=  3.00000e-01
stdout pin_5a              =  1.94873e+01 from=  2.50000e-01 to=  3.00000e-01
stdout pout_5a             =  1.77330e+01 from=  2.50000e-01 to=  3.00000e-01
stdout vdc_5a              =  1.17961e+01 from=  2.50000e-01 to=  3.00000e-01
stdout pmodel_5a = 1.754250e+00
stdout pd_5a = 3.629385e-01
stdout pds_5a = 1.451754e+00
stdout rthreq_5a = 1.653173e+02
stdout tj_5a = 6.488048e+01
stdout iavg_5b             =  1.18346e+00 from=  2.50000e-01 to=  3.00000e-01
stdout irms_5b             =  2.56056e+00 from=  2.50000e-01 to=  3.00000e-01
stdout pin_5b              =  1.55183e+01 from=  2.50000e-01 to=  3.00000e-01
stdout pout_5b             =  1.41915e+01 from=  2.50000e-01 to=  3.00000e-01
stdout vdc_5b              =  1.19983e+01 from=  2.50000e-01 to=  3.00000e-01
stdout pmodel_5b = 1.326750e+00
stdout pd_5b = 2.803342e-01
stdout pds_5b = 1.121337e+00
stdout rthreq_5b = 2.140302e+02
stdout tj_5b = 6.149370e+01
stdout iavg_12a            =  2.50035e+00 from=  2.50000e-01 to=  3.00000e-01
stdout irms_12a            =  4.08557e+00 from=  2.50000e-01 to=  3.00000e-01
stdout pin_12a             =  3.76356e+01 from=  2.50000e-01 to=  3.00000e-01
stdout pout_12a            =  3.47026e+01 from=  2.50000e-01 to=  3.00000e-01
stdout vdc_12a             =  1.38791e+01 from=  2.50000e-01 to=  3.00000e-01
stdout pmodel_12a = 2.932990e+00
stdout pd_12a = 6.047679e-01
stdout pds_12a = 2.419072e+00
stdout rthreq_12a = 9.921161e+01
stdout tj_12a = 7.479548e+01
stdout iavg_12b            =  3.00042e+00 from=  2.50000e-01 to=  3.00000e-01
stdout irms_12b            =  4.75368e+00 from=  2.50000e-01 to=  3.00000e-01
stdout pin_12b             =  4.34823e+01 from=  2.50000e-01 to=  3.00000e-01
stdout pout_12b            =  3.98496e+01 from=  2.50000e-01 to=  3.00000e-01
stdout vdc_12b             =  1.32814e+01 from=  2.50000e-01 to=  3.00000e-01
stdout pmodel_12b = 3.632720e+00
stdout pd_12b = 7.370172e-01
stdout pds_12b = 2.948069e+00
stdout rthreq_12b = 8.140923e+01
stdout tj_12b = 8.021771e+01
