stdout Note: No compatibility mode selected!
stdout Circuit: bridge loss sensitivity: br1 stps20m100st to220 with individual boyd 577202b00000g sinks. other low-voltage bridges stps20m100sg d2pak. 50 c ambient. electrical winding/load assumptions remain to be measured. d2pak lumped temperatures are screening estimates; geometry thermal_mesh.py is the separate layout assessment.
stdout Doing analysis at TEMP = 27.000000 and TNOM = 27.000000
stdout Using SPARSE 1.3 as Direct Linear Solver
stdout Operating point simulation skipped by 'uic',
stdout now using transient initial conditions.
 Reference value :  8.20276e-02
 Reference value :  1.87410e-01
 Reference value :  2.93315e-01
stdout No. of Data Rows : 15057
stdout iavg_18a            =  6.44887e+00 from=  2.40000e-01 to=  3.00000e-01
stdout irms_18a            =  1.12154e+01 from=  2.40000e-01 to=  3.00000e-01
stdout pin_18a             =  1.03468e+02 from=  2.40000e-01 to=  3.00000e-01
stdout pout_18a            =  9.25152e+01 from=  2.40000e-01 to=  3.00000e-01
stdout vdc_18a             =  1.43302e+01 from=  2.40000e-01 to=  3.00000e-01
stdout pmodel_18a = 1.095294e+01
stdout pd_18a = 1.923843e+00
stdout pds_18a = 7.695374e+00
stdout rthreq_18a = 3.118757e+01
stdout tj_18a = 1.152788e+02
stdout iavg_18b            =  3.00097e+00 from=  2.40000e-01 to=  3.00000e-01
stdout irms_18b            =  5.92753e+00 from=  2.40000e-01 to=  3.00000e-01
stdout pin_18b             =  5.14872e+01 from=  2.40000e-01 to=  3.00000e-01
stdout pout_18b            =  4.73257e+01 from=  2.40000e-01 to=  3.00000e-01
stdout vdc_18b             =  1.57701e+01 from=  2.40000e-01 to=  3.00000e-01
stdout pmodel_18b = 4.161470e+00
stdout pd_18b = 7.923032e-01
stdout pds_18b = 3.169213e+00
stdout rthreq_18b = 7.572859e+01
stdout tj_18b = 7.884325e+01
stdout iavg_18c            =  8.00259e+00 from=  2.40000e-01 to=  3.00000e-01
stdout irms_18c            =  1.34316e+01 from=  2.40000e-01 to=  3.00000e-01
stdout pin_18c             =  1.24928e+02 from=  2.40000e-01 to=  3.00000e-01
stdout pout_18c            =  1.10388e+02 from=  2.40000e-01 to=  3.00000e-01
stdout vdc_18c             =  1.37940e+01 from=  2.40000e-01 to=  3.00000e-01
stdout pmodel_18c = 1.454020e+01
stdout pd_18c = 2.494346e+00
stdout pds_18c = 9.977385e+00
stdout rthreq_18c = 2.405440e+01
stdout tj_18c = 1.336490e+02
stdout iavg_20a            =  2.50081e+00 from=  2.40000e-01 to=  3.00000e-01
stdout irms_20a            =  5.23068e+00 from=  2.40000e-01 to=  3.00000e-01
stdout pin_20a             =  5.24504e+01 from=  2.40000e-01 to=  3.00000e-01
stdout pout_20a            =  4.90618e+01 from=  2.40000e-01 to=  3.00000e-01
stdout vdc_20a             =  1.96184e+01 from=  2.40000e-01 to=  3.00000e-01
stdout pmodel_20a = 3.388650e+00
stdout pd_20a = 6.518064e-01
stdout pds_20a = 2.607225e+00
stdout rthreq_20a = 9.205188e+01
stdout tj_20a = 7.346503e+01
stdout iavg_20b            =  5.00162e+00 from=  2.40000e-01 to=  3.00000e-01
stdout irms_20b            =  9.31278e+00 from=  2.40000e-01 to=  3.00000e-01
stdout pin_20b             =  9.97999e+01 from=  2.40000e-01 to=  3.00000e-01
stdout pout_20b            =  9.17316e+01 from=  2.40000e-01 to=  3.00000e-01
stdout vdc_20b             =  1.83404e+01 from=  2.40000e-01 to=  3.00000e-01
stdout pmodel_20b = 8.068270e+00
stdout pd_20b = 1.444447e+00
stdout pds_20b = 5.777789e+00
stdout rthreq_20b = 4.153838e+01
stdout tj_20b = 1.020001e+02
stdout iavg_50a            =  3.01016e+00 from=  2.40000e-01 to=  3.00000e-01
stdout irms_50a            =  5.14674e+00 from=  2.40000e-01 to=  3.00000e-01
stdout pin_50a             =  1.77719e+02 from=  2.40000e-01 to=  3.00000e-01
stdout pout_50a            =  1.69076e+02 from=  2.40000e-01 to=  3.00000e-01
stdout vdc_50a             =  5.61682e+01 from=  2.40000e-01 to=  3.00000e-01
stdout pmodel_50a = 8.643100e+00
stdout pds_50a = 5.716883e+00
stdout tj_50a = 1.174592e+02
stdout iavg_50b            =  7.01003e+00 from=  2.40000e-01 to=  3.00000e-01
stdout irms_50b            =  1.03775e+01 from=  2.40000e-01 to=  3.00000e-01
stdout pin_50b             =  3.42240e+02 from=  2.40000e-01 to=  3.00000e-01
stdout pout_50b            =  3.16996e+02 from=  2.40000e-01 to=  3.00000e-01
stdout vdc_50b             =  4.52204e+01 from=  2.40000e-01 to=  3.00000e-01
stdout pmodel_50b = 2.524480e+01
stdout pds_50b = 1.487758e+01
stdout tj_50b = 2.255554e+02
stdout iavg_5a             =  1.69204e+00 from=  2.40000e-01 to=  3.00000e-01
stdout irms_5a             =  3.40877e+00 from=  2.40000e-01 to=  3.00000e-01
stdout pin_5a              =  1.97350e+01 from=  2.40000e-01 to=  3.00000e-01
stdout pout_5a             =  1.77363e+01 from=  2.40000e-01 to=  3.00000e-01
stdout vdc_5a              =  1.04916e+01 from=  2.40000e-01 to=  3.00000e-01
stdout pmodel_5a = 1.998680e+00
stdout pd_5a = 4.106860e-01
stdout pds_5a = 1.642744e+00
stdout rthreq_5a = 1.460970e+02
stdout tj_5a = 6.683813e+01
stdout iavg_5b             =  1.32753e+00 from=  2.40000e-01 to=  3.00000e-01
stdout irms_5b             =  2.77943e+00 from=  2.40000e-01 to=  3.00000e-01
stdout pin_5b              =  1.56996e+01 from=  2.40000e-01 to=  3.00000e-01
stdout pout_5b             =  1.41941e+01 from=  2.40000e-01 to=  3.00000e-01
stdout vdc_5b              =  1.06981e+01 from=  2.40000e-01 to=  3.00000e-01
stdout pmodel_5b = 1.505420e+00
stdout pd_5b = 3.160914e-01
stdout pds_5b = 1.264366e+00
stdout rthreq_5b = 1.898185e+02
stdout tj_5b = 6.295975e+01
stdout iavg_12a            =  2.50081e+00 from=  2.40000e-01 to=  3.00000e-01
stdout irms_12a            =  4.02111e+00 from=  2.40000e-01 to=  3.00000e-01
stdout pin_12a             =  3.36201e+01 from=  2.40000e-01 to=  3.00000e-01
stdout pout_12a            =  3.07099e+01 from=  2.40000e-01 to=  3.00000e-01
stdout vdc_12a             =  1.22800e+01 from=  2.40000e-01 to=  3.00000e-01
stdout pmodel_12a = 2.910170e+00
stdout pd_12a = 6.025668e-01
stdout pds_12a = 2.410267e+00
stdout rthreq_12a = 9.957402e+01
stdout tj_12a = 7.470524e+01
stdout iavg_12b            =  3.00097e+00 from=  2.40000e-01 to=  3.00000e-01
stdout irms_12b            =  4.67888e+00 from=  2.40000e-01 to=  3.00000e-01
stdout pin_12b             =  3.87269e+01 from=  2.40000e-01 to=  3.00000e-01
stdout pout_12b            =  3.51244e+01 from=  2.40000e-01 to=  3.00000e-01
stdout vdc_12b             =  1.17044e+01 from=  2.40000e-01 to=  3.00000e-01
stdout pmodel_12b = 3.602520e+00
stdout pd_12b = 7.340309e-01
stdout pds_12b = 2.936124e+00
stdout rthreq_12b = 8.174043e+01
stdout tj_12b = 8.009527e+01
