stdout ******
stdout ** ngspice-47 shared library
stdout ** Creation Date: Fri Nov 11 11:11:11 UTC 2011
stdout ******
stdout Note: gnd in a subcircuit is not set to 0 automatically
stdout Note: Compatibility modes selected: ps
stdout Circuit: ti tps54360 transient model, 12v actual compensation, vin=20.69
stdout Reducing trtol to 1 for xspice 'A' devices
stdout Doing analysis at TEMP = 27.000000 and TNOM = 27.000000
stdout Using KLU as Direct Linear Solver
stdout Initial Transient Solution
stdout --------------------------
stdout Node                                   Voltage
stdout ----                                   -------
stdout buck_input                          -0.0149432
stdout xu.set0                                      0
stdout xu.u6_n16588693                           0.86
stdout xu.x_u6_u134.yint                            1
stdout xu.x_u6_u134.e_abmgate_int1                  1
stdout xu.u6_n16564386                              0
stdout xu.sdwn                                      1
stdout xu.u6_n16543632                              1
stdout xu.u6_n16489275                    1.09906e-93
stdout xu.x_u6_u603.x1.yint1                        0
stdout xu.x_u6_u603.x1.e_abmgate1_int1               0
stdout xu.sysclk                                    0
stdout xu.x_u6_u603.x1.yint2                        0
stdout xu.x_u6_u603.x1.yint3                        1
stdout xu.x_u6_u603.x1.e_abmgate2_int1               1
stdout xu.x_u6_u603.clkdel                          1
stdout xu.x_u6_u603.x2.yint                         0
stdout xu.x_u6_u603.x2.e_abmgate_int1               0
stdout xu.x_u6_u603.clkint                          0
stdout xu.x_u6_u603.qint                           -0
stdout xu.x_u6_u603.gq_int1                        -1
stdout xu.u6_pwm                                    0
stdout xu.set1                                      1
stdout xu.x_u6_u603.my5                             1
stdout xu.x_u6_u603.qqq                             0
stdout xu.x_u6_u603.x3.yint1                        0
stdout xu.x_u6_u603.x3.e_abmgate1_int1               0
stdout xu.x_u6_u603.x3.yint2                        0
stdout xu.x_u6_u603.x3.yint3                        0
stdout xu.x_u6_u603.x3.e_abmgate2_int1               0
stdout xu.x_u6_u603.qqqd1                          -0
stdout xu.pwm_clk                                   0
stdout xu.x_u6_u603.qbr                             1
stdout xu.x_u6_u603.eqb_int1                        1
stdout xu.n16528816                                 1
stdout xu.u6_n16489469                    3.43757e-12
stdout xu.e_u6_abm148_int1                3.43757e-12
stdout xu.u6_vrampin                      3.43757e-06
stdout xu.u6_n16502082                      -1.22e-06
stdout xu.e_u6_abm163_int1                  -1.22e-06
stdout xu.u6_n16488977                    2.49722e-06
stdout xu.u6_vramp                        3.43757e-12
stdout xu.u6_iswf                                -0.1
stdout xu.e_u6_abm152_int1                       -0.1
stdout xu.isw                            -1.49465e-09
stdout xu.u6_n16489395                              0
stdout xu.u6_n165858563                         0.024
stdout xu.x_u6_u602.yint                            0
stdout xu.x_u6_u602.e_abmgate_int1                  0
stdout xu.u6_n16575036                              0
stdout xu.boot_uvlo                                 0
stdout xu.u6_ovtp                                   1
stdout xu.u6_n16531938                      -0.111508
stdout xu.e_u6_abm165_int1                  -0.111508
stdout xu.u6_ictrl                          -0.111508
stdout xu.e_u6_abm164_int1                2.49722e-06
stdout comp                                  0.594386
stdout xu.g_u6_abmi4_int1                -0.000343757
stdout xu.if2ia                           0.000343757
stdout xu.e_u6_abm151_int1                          0
stdout xu.pwm_final                                 0
stdout xu.x_u6_u599.yint1                           0
stdout xu.x_u6_u599.e_abmgate1_int1                 0
stdout xu.x_u6_u599.yint2                           0
stdout xu.x_u6_u599.yint3                           1
stdout xu.x_u6_u599.e_abmgate2_int1                 1
stdout xu.u6_n16489527                              1
stdout xu.x_u6_u600.yint                            0
stdout xu.x_u6_u600.e_abm_int1                      0
stdout xu.x_u6_u598.yint                            0
stdout xu.x_u6_u598.e_abmgate_int1                  0
stdout xu.x_u6_u604.inp1                        0.436
stdout xu.x_u6_u604.inm1                       -0.424
stdout xu.vsenseint                      -1.60602e-09
stdout xu.x_u6_u604.inm2                       -0.436
stdout xu.x_u6_u604.ehys_int1                  -0.012
stdout xu.x_u6_u604.1                               1
stdout xu.x_u6_u604.eout_int1                       1
stdout xu.u3_n16489962                              1
stdout xu.u3_n16638112                   -1.60602e-09
stdout rt                                    0.999996
stdout xu.u3_n16667294                   3.70385e-180
stdout xu.u3_n16667366                   6.31211e-164
stdout xu.u3_n166379101                           0.6
stdout xu.u3_n16638088                            0.6
stdout xu.u3_n16490102                              5
stdout xu.u3_ramp                         5.07254e-05
stdout xu.u3_n16650384                    5.07254e-05
stdout xu.i_rt                            4.16675e-06
stdout xu.u3_n16523619                              1
stdout xu.e_u3_abm164_int1               -1.60602e-09
stdout fb                                -1.60602e-09
stdout xu.x_u3_u6.yint                              1
stdout xu.x_u3_u6.e_abm_int1                        1
stdout xu.u3_n16637796                            0.4
stdout xu.u3_out2                                   1
stdout xu.fsw                             0.000405803
stdout xu.e_u3_abm1_int1                  0.000405803
stdout xu.u3_n16505459                              1
stdout xu.x_u3_u131.yint                            0
stdout xu.x_u3_u131.e_abm_int1                      0
stdout xu.u3_sysclk1                                0
stdout xu.x_u3_u7.yint                              1
stdout xu.x_u3_u7.e_abm_int1                        1
stdout xu.u3_out3                                   1
stdout xu.x_u3_u138.yint                            0
stdout xu.x_u3_u138.e_abmgate_int1                  0
stdout xu.x_u3_u135.yint1                           0
stdout xu.x_u3_u135.e_abmgate1_int1                 0
stdout xu.x_u3_u135.yint2                           0
stdout xu.x_u3_u135.yint3                           0
stdout xu.x_u3_u135.e_abmgate2_int1                 0
stdout xu.u3_n16517387                              0
stdout xu.u3_n16676060                    0.000343757
stdout xu.e_u3_abm166_int1                0.000343757
stdout xu.u3_out1                                   1
stdout xu.u3_n16668029                            0.2
stdout xu.x_u3_u134.yint                            1
stdout xu.x_u3_u134.e_abmgate_int1                  1
stdout xu.u3_n16517226                              1
stdout xu.e_u3_abm165_int1                5.07254e-05
stdout xu.u3_n166679551                           0.2
stdout xu.e_u3_abm7_int1                          0.2
stdout xu.u3_n166378601                           0.4
stdout xu.x_u3_u136.yint                            0
stdout xu.x_u3_u136.e_abmgate_int1                  0
stdout xu.u3_n16667326                              1
stdout xu.x_u3_u8.yint                              1
stdout xu.x_u3_u8.e_abm_int1                        1
stdout xu.e_u3_abm4_int1                          0.4
stdout xu.x_u3_u137.yint1                           0
stdout xu.x_u3_u137.e_abmgate1_int1                 0
stdout xu.x_u3_u137.yint2                           0
stdout xu.x_u3_u137.yint3                           1
stdout xu.x_u3_u137.e_abmgate2_int1                 1
stdout xu.e_u3_abm6_int1                          0.6
stdout xu.x_u8_u606.yint                            0
stdout xu.x_u8_u606.e_abmgate_int1                  0
stdout xu.u8_sdwn_n                                 0
stdout xu.x_u8_u613.yint                            0
stdout xu.x_u8_u613.e_abmgate_int1                  0
stdout xu.u8_n7365280                               0
stdout xu.u8_n73698801                              6
stdout xu.u8_n7345383                               6
stdout xu.u8_n7274256                               0
stdout xu.x_u8_u608.yint                            0
stdout xu.x_u8_u608.e_abmgate_int1                  0
stdout xu.u8_hdrvin                                 0
stdout xu.u8_n7342498                               0
stdout xu.u8_n7274022                               0
stdout xu.x_u8_u602.yint                            1
stdout xu.x_u8_u602.e_abmgate_int1                  1
stdout xu.u8_out                                    0
stdout xu.u8_boot_on                                1
stdout xu.x_u8_u607.yint                            0
stdout xu.x_u8_u607.e_abmgate_int1                  0
stdout xu.u8_ldrv                                   1
stdout xu.enab                                      0
stdout xu.u8_boot_sw_on                             0
stdout xu.x_u8_u612.yint1                           1
stdout xu.x_u8_u612.e_abmgate1_int1                 1
stdout xu.u8_n7274198                               1
stdout xu.x_u8_u612.yint2                           1
stdout xu.x_u8_u612.yint3                           1
stdout xu.x_u8_u612.e_abmgate2_int1                 1
stdout xu.u8_n7343256                               1
stdout xu.x_u8_u609.yint                            1
stdout xu.x_u8_u609.e_abmgate_int1                  1
stdout xu.u8_n7274032                               1
stdout xu.u8_n7273984                      -0.0149432
stdout xu.e_u8_abm2_int1                            6
stdout boot                              -1.35943e-05
stdout xu.x_u8_u610.yint                            1
stdout xu.x_u8_u610.e_abmgate_int1                  1
stdout xu.x_u8_u604.yint                            0
stdout xu.x_u8_u604.e_abmgate_int1                  0
stdout xu.u8_n7347010                    -1.35702e-05
stdout xu.e_u8_abm169_int1               -1.35702e-05
stdout sw                                 -2.4128e-08
stdout xu.x_u8_u611.yint1                           0
stdout xu.x_u8_u611.e_abmgate1_int1                 0
stdout xu.x_u8_u611.yint2                           0
stdout xu.x_u8_u611.yint3                           0
stdout xu.x_u8_u611.e_abmgate2_int1                 0
stdout xu.hdrv                           -2.41416e-08
stdout xu.x_u8_u605.yint                            1
stdout xu.x_u8_u605.e_abmgate_int1                  1
stdout xu.e_u8_abm167_int1                          0
stdout xu.x_u8_u5.yint                             -0
stdout xu.x_u8_u5.e_abm_int1                       -0
stdout xu.u5_n16512904                          7e-05
stdout xu.ocb                                       0
stdout xu.g_u5_abm2i1_int1                -2.6488e-06
stdout xu.vref_gm                             -0.0344
stdout xu.u5_vgm                              7.7e-05
stdout xu.u5_n16513008                              2
stdout xu.u5_n16513064                        7.7e-05
stdout xu.e_u5_abm177_int1                    7.7e-05
stdout xu.x_u5_u603.yint                            0
stdout xu.x_u5_u603.e_abmgate_int1                  0
stdout xu.u5_n16513124                              0
stdout xu.u5_n16512948                          7e-05
stdout xu.u5_n16513186                              0
stdout xu.e_u5_abm8_int1                            0
stdout xu.u5_n16513014                            0.6
stdout xu.x_u5_u614.yint                            0
stdout xu.x_u5_u614.e_abmgate_int1                  0
stdout xu.u5_n16513160                              0
stdout xu.e_u5_abm171_int1                      7e-05
stdout xu.ss_tr                                     0
stdout xu.x_u11_u604.yint                           1
stdout xu.x_u11_u604.e_abmgate_int1                 1
stdout xu.u11_n16496294                             1
stdout xu.ss_disch                                  0
stdout xu.e_u11_abm173_int1                         0
stdout xu.u11_n6045136                              0
stdout xu.x_u11_u601.yint                           1
stdout xu.x_u11_u601.e_abmgate_int1                 1
stdout xu.u11_uvlo                                  1
stdout xu.x_u11_u603.yint                           0
stdout xu.x_u11_u603.e_abmgate_int1                 0
stdout xu.u11_n6045130                              0
stdout xu.u11_n6045018                            4.3
stdout xu.x_u11_u602.yint                           1
stdout xu.x_u11_u602.e_abm_int1                     1
stdout en                                   0.0187963
stdout xu.u1_n7335522                               0
stdout xu.e_u1_abm173_int1                          0
stdout xu.u1_n7335540                               0
stdout xu.e_u1_abm1_int1                            0
stdout xu.g_u1_abmii1_int1                    1.2e-06
stdout xu.u7_indelayed2                   2.43445e-86
stdout xu.u7_n16490100                              1
stdout xu.u7_n16489586                              1
stdout xu.x_u7_u6.yint                              0
stdout xu.x_u7_u6.e_abmgate_int1                    0
stdout xu.u7_or2out2                                0
stdout xu.u7_or2out1                                0
stdout xu.u7_n16489522                              0
stdout xu.u7_indelayed1                   3.64063e-86
stdout xu.x_u7_u826.yint1                           0
stdout xu.x_u7_u826.e_abmgate1_int1                 0
stdout xu.x_u7_u826.yint2                           0
stdout xu.x_u7_u826.yint3                           1
stdout xu.x_u7_u826.e_abmgate2_int1                 1
stdout xu.u7_n16509390                              1
stdout xu.x_u7_u825.yint                            0
stdout xu.x_u7_u825.e_abmgate_int1                  0
stdout xu.u7_n16509288                              0
stdout xu.e_u7_abm13_int1                           1
stdout xu.x_u7_u823.yint                            0
stdout xu.x_u7_u823.e_abmgate_int1                  0
stdout xu.u7_n16497188                              1
stdout xu.x_u7_u827.yint                            0
stdout xu.x_u7_u827.e_abmgate_int1                  0
stdout xu.x_u7_u822.yint1                           0
stdout xu.x_u7_u822.e_abmgate1_int1                 0
stdout xu.x_u7_u822.yint2                           0
stdout xu.x_u7_u822.yint3                           1
stdout xu.x_u7_u822.e_abmgate2_int1                 1
stdout xu.x_u7_u824.yint                            0
stdout xu.x_u7_u824.e_abmgate_int1                  0
stdout xu.u4_n7398284                         -0.0344
stdout xu.e_u4_abm178_int1                    -0.0344
stdout xu.u4_n7404432                         -0.0344
stdout xu.u4_n7398466                               0
stdout xu.e_u4_abm180_int1                          0
stdout xu.u4_n7397990                             1.7
stdout xu.g_u4_abmii1_int1                          0
stdout xu.u4_n16518371                              0
stdout xu.u4_n7404426                         -0.0344
stdout xu.x_u4_u1.yint                              0
stdout xu.x_u4_u1.e_abmgate_int1                    0
stdout xu.u4_n7398492                               0
stdout xu.e_u4_abm179_int1                    -0.0344
stdout xu.u4_n7398290                         -0.0344
stdout xu.g_u4_abmi5_int1                           0
stdout xu.e_u4_abm174_int1                    -0.0344
stdout vout                              -2.40903e-08
stdout cc                                    0.594386
stdout linductor                          -2.4128e-08
stdout c1                                           0
stdout c2                                           0
stdout secp                               -0.00224704
stdout secn                               -0.00224704
stdout acp                                -0.00224704
stdout acn                                -0.00224704
stdout vinf                               -0.00449407
stdout stored                             -0.00449407
stdout dedicated_stored                    -0.0149432
stdout bsecondary#branch                  1.73472e-17
stdout b.xu.be_u4_abm174#branch                     0
stdout b.xu.bg_u4_abmi5#branch                      0
stdout b.xu.be_u4_abm179#branch                     0
stdout b.xu.x_u4_u1.be_abmgate#branch               0
stdout b.xu.bg_u4_abmii1#branch                     0
stdout b.xu.be_u4_abm180#branch                     0
stdout b.xu.be_u4_abm178#branch                     0
stdout b.xu.x_u7_u824.be_abmgate#branch               0
stdout b.xu.x_u7_u822.be_abmgate2#branch               0
stdout b.xu.x_u7_u822.be_abmgate1#branch               0
stdout b.xu.x_u7_u827.be_abmgate#branch               0
stdout b.xu.x_u7_u823.be_abmgate#branch               0
stdout b.xu.be_u7_abm13#branch                      0
stdout b.xu.x_u7_u825.be_abmgate#branch               0
stdout b.xu.x_u7_u826.be_abmgate2#branch               0
stdout b.xu.x_u7_u826.be_abmgate1#branch               0
stdout b.xu.x_u7_u6.be_abmgate#branch               0
stdout b.xu.bg_u1_abmii1#branch                     0
stdout b.xu.be_u1_abm1#branch                       0
stdout b.xu.be_u1_abm173#branch                     0
stdout b.xu.x_u11_u602.be_abm#branch                0
stdout b.xu.x_u11_u603.be_abmgate#branch               0
stdout b.xu.x_u11_u601.be_abmgate#branch               0
stdout b.xu.be_u11_abm173#branch                    0
stdout b.xu.x_u11_u604.be_abmgate#branch               0
stdout b.xu.be_u5_abm171#branch                     0
stdout b.xu.x_u5_u614.be_abmgate#branch               0
stdout b.xu.be_u5_abm8#branch                       0
stdout b.xu.x_u5_u603.be_abmgate#branch               0
stdout b.xu.be_u5_abm177#branch                     0
stdout b.xu.bg_u5_abm2i1#branch                     0
stdout b.xu.x_u8_u5.be_abm#branch                   0
stdout b.xu.be_u8_abm167#branch                     0
stdout b.xu.x_u8_u605.be_abmgate#branch               0
stdout b.xu.x_u8_u611.be_abmgate2#branch               0
stdout b.xu.x_u8_u611.be_abmgate1#branch               0
stdout b.xu.be_u8_abm169#branch                     0
stdout b.xu.x_u8_u604.be_abmgate#branch               0
stdout b.xu.x_u8_u610.be_abmgate#branch               0
stdout b.xu.be_u8_abm2#branch                       0
stdout b.xu.x_u8_u609.be_abmgate#branch               0
stdout b.xu.x_u8_u612.be_abmgate2#branch               0
stdout b.xu.x_u8_u612.be_abmgate1#branch               0
stdout b.xu.x_u8_u607.be_abmgate#branch               0
stdout b.xu.x_u8_u602.be_abmgate#branch               0
stdout b.xu.x_u8_u608.be_abmgate#branch               0
stdout b.xu.x_u8_u613.be_abmgate#branch               0
stdout b.xu.x_u8_u606.be_abmgate#branch               0
stdout b.xu.be_u3_abm6#branch                       0
stdout b.xu.x_u3_u137.be_abmgate2#branch               0
stdout b.xu.x_u3_u137.be_abmgate1#branch               0
stdout b.xu.be_u3_abm4#branch                       0
stdout b.xu.x_u3_u8.be_abm#branch                   0
stdout b.xu.x_u3_u136.be_abmgate#branch               0
stdout b.xu.be_u3_abm7#branch                       0
stdout b.xu.be_u3_abm165#branch                     0
stdout v.xu.v_u3_v44#branch              -4.16675e-06
stdout b.xu.x_u3_u134.be_abmgate#branch               0
stdout b.xu.be_u3_abm166#branch                     0
stdout b.xu.x_u3_u135.be_abmgate2#branch               0
stdout b.xu.x_u3_u135.be_abmgate1#branch               0
stdout b.xu.x_u3_u138.be_abmgate#branch               0
stdout b.xu.x_u3_u7.be_abm#branch                   0
stdout b.xu.x_u3_u131.be_abm#branch                 0
stdout b.xu.be_u3_abm1#branch                       0
stdout b.xu.x_u3_u6.be_abm#branch                   0
stdout b.xu.be_u3_abm164#branch                     0
stdout b.xu.x_u6_u604.beout#branch                  0
stdout b.xu.x_u6_u604.behys#branch                  0
stdout b.xu.x_u6_u598.be_abmgate#branch               0
stdout b.xu.x_u6_u600.be_abm#branch                 0
stdout b.xu.x_u6_u599.be_abmgate2#branch               0
stdout b.xu.x_u6_u599.be_abmgate1#branch               0
stdout b.xu.be_u6_abm151#branch                     0
stdout b.xu.bg_u6_abmi4#branch                      0
stdout b.xu.be_u6_abm164#branch                     0
stdout b.xu.be_u6_abm165#branch                     0
stdout b.xu.x_u6_u602.be_abmgate#branch               0
stdout b.xu.be_u6_abm152#branch                     0
stdout b.xu.be_u6_abm163#branch                     0
stdout b.xu.be_u6_abm148#branch                     0
stdout b.xu.x_u6_u603.beqb#branch                   0
stdout b.xu.x_u6_u603.x3.be_abmgate2#branch               0
stdout b.xu.x_u6_u603.x3.be_abmgate1#branch               0
stdout b.xu.x_u6_u603.bgq#branch                    0
stdout b.xu.x_u6_u603.x2.be_abmgate#branch               0
stdout b.xu.x_u6_u603.x1.be_abmgate2#branch               0
stdout b.xu.x_u6_u603.x1.be_abmgate1#branch               0
stdout b.xu.x_u6_u134.be_abmgate#branch               0
stdout h.xu.x_u8_h1.h_u8_h1#branch                  0
stdout v.xu.x_u8_h1.vh_u8_h1#branch      -1.49465e-09
stdout h.xu.x_u3_h1.h_u3_h1#branch        -8.3335e-06
stdout v.xu.x_u3_h1.vh_u3_h1#branch      -4.16675e-06
stdout l1#branch                         -1.50645e-09
stdout e.xu.e_u4_abm174#branch                      0
stdout e.xu.e_u4_abm179#branch                      0
stdout e.xu.x_u4_u1.e_abmgate#branch                0
stdout e.xu.e_u4_abm180#branch                      0
stdout e.xu.e_u4_abm178#branch                      0
stdout e.xu.x_u7_u824.e_abmgate#branch               0
stdout e.xu.x_u7_u822.e_abmgate2#branch               0
stdout e.xu.x_u7_u822.e_abmgate1#branch               0
stdout e.xu.x_u7_u827.e_abmgate#branch               0
stdout e.xu.x_u7_u823.e_abmgate#branch               0
stdout e.xu.e_u7_abm13#branch                       0
stdout e.xu.x_u7_u825.e_abmgate#branch               0
stdout e.xu.x_u7_u826.e_abmgate2#branch               0
stdout e.xu.x_u7_u826.e_abmgate1#branch               0
stdout e.xu.x_u7_u6.e_abmgate#branch                0
stdout e.xu.e_u1_abm1#branch                        0
stdout e.xu.e_u1_abm173#branch            1.89413e-10
stdout e.xu.x_u11_u602.e_abm#branch                 0
stdout e.xu.x_u11_u603.e_abmgate#branch               0
stdout e.xu.x_u11_u601.e_abmgate#branch               0
stdout e.xu.e_u11_abm173#branch                     0
stdout e.xu.x_u11_u604.e_abmgate#branch               0
stdout e.xu.e_u5_abm171#branch                      0
stdout e.xu.x_u5_u614.e_abmgate#branch               0
stdout e.xu.e_u5_abm8#branch                        0
stdout e.xu.x_u5_u603.e_abmgate#branch               0
stdout e.xu.e_u5_abm177#branch                      0
stdout e.xu.x_u8_u5.e_abm#branch                    0
stdout e.xu.e_u8_abm167#branch                      0
stdout e.xu.x_u8_u605.e_abmgate#branch               0
stdout e.xu.x_u8_u611.e_abmgate2#branch               0
stdout e.xu.x_u8_u611.e_abmgate1#branch               0
stdout e.xu.e_u8_abm169#branch                      0
stdout e.xu.x_u8_u604.e_abmgate#branch               0
stdout e.xu.x_u8_u610.e_abmgate#branch               0
stdout e.xu.e_u8_abm2#branch                        0
stdout e.xu.x_u8_u609.e_abmgate#branch      -1.001e-09
stdout e.xu.x_u8_u612.e_abmgate2#branch               0
stdout e.xu.x_u8_u612.e_abmgate1#branch               0
stdout e.xu.x_u8_u607.e_abmgate#branch               0
stdout e.xu.x_u8_u602.e_abmgate#branch               0
stdout e.xu.x_u8_u608.e_abmgate#branch               0
stdout e.xu.x_u8_u613.e_abmgate#branch               0
stdout e.xu.x_u8_u606.e_abmgate#branch               0
stdout e.xu.e_u3_abm6#branch                        0
stdout e.xu.x_u3_u137.e_abmgate2#branch               0
stdout e.xu.x_u3_u137.e_abmgate1#branch               0
stdout e.xu.e_u3_abm4#branch                        0
stdout e.xu.x_u3_u8.e_abm#branch                    0
stdout e.xu.x_u3_u136.e_abmgate#branch    3.70385e-180
stdout e.xu.e_u3_abm7#branch                        0
stdout e.xu.e_u3_abm165#branch                      0
stdout e.xu.x_u3_u134.e_abmgate#branch      -1.001e-09
stdout e.xu.e_u3_abm166#branch                      0
stdout e.xu.x_u3_u135.e_abmgate2#branch               0
stdout e.xu.x_u3_u135.e_abmgate1#branch               0
stdout e.xu.x_u3_u138.e_abmgate#branch               0
stdout e.xu.x_u3_u7.e_abm#branch                    0
stdout e.xu.x_u3_u131.e_abm#branch                  0
stdout e.xu.e_u3_abm1#branch                        0
stdout e.xu.x_u3_u6.e_abm#branch                    0
stdout e.xu.e_u3_abm164#branch                      0
stdout e.xu.x_u6_u604.eout#branch                   0
stdout e.xu.x_u6_u604.ehys#branch            4.36e-05
stdout e.xu.x_u6_u604.ein#branch            -4.36e-05
stdout e.xu.x_u6_u598.e_abmgate#branch               0
stdout e.xu.x_u6_u600.e_abm#branch                  0
stdout e.xu.x_u6_u599.e_abmgate2#branch               0
stdout e.xu.x_u6_u599.e_abmgate1#branch               0
stdout e.xu.e_u6_abm151#branch           9.98037e-109
stdout e.xu.e_u6_abm164#branch                      0
stdout e.xu.e_u6_abm165#branch                      0
stdout e.xu.x_u6_u602.e_abmgate#branch               0
stdout e.xu.e_u6_abm152#branch                      0
stdout e.xu.e_u6_abm163#branch                      0
stdout e.xu.e_u6_abm148#branch                      0
stdout e.xu.x_u6_u603.eqb#branch                    0
stdout e.xu.x_u6_u603.x3.e_abmgate2#branch               0
stdout e.xu.x_u6_u603.x3.e_abmgate1#branch               0
stdout e.xu.x_u6_u603.eq#branch                     0
stdout e.xu.x_u6_u603.x2.e_abmgate#branch               0
stdout e.xu.x_u6_u603.x1.e_abmgate2#branch               0
stdout e.xu.x_u6_u603.x1.e_abmgate1#branch               0
stdout e.xu.x_u6_u134.e_abmgate#branch      -1.001e-09
stdout v.xu.v_u4_v70#branch                -1.701e-12
stdout v.xu.v_u11_v64#branch                        0
stdout v.xu.v_u5_v5#branch                -2.6696e-06
stdout v.xu.v_u5_v6#branch               -1.40661e-12
stdout v.xu.v_u3_v45#branch              -5.07254e-05
stdout v.xu.v_u3_v46#branch                         0
stdout v.xu.v_v46#branch                            0
stdout v.xu.v_u6_v2#branch                          0
stdout v.xu.x_u6_u603.v1#branch            -1.001e-12
stdout v.xu.v_u6_v1#branch                          0
stdout v.xu.v_v47#branch                            0
