stdout ******
stdout ** ngspice-47 shared library
stdout ** Creation Date: Fri Nov 11 11:11:11 UTC 2011
stdout ******
stdout Note: gnd in a subcircuit is not set to 0 automatically
stdout Note: Compatibility modes selected: ps
stdout Circuit: ti tps54360 transient model, 12v actual compensation, vin=20.69
stdout Reducing trtol to 1 for xspice 'A' devices
stdout Doing analysis at TEMP = 27.000000 and TNOM = 27.000000
stdout Using KLU as Direct Linear Solver
stdout Operating point simulation skipped by 'uic',
stdout now using transient initial conditions.
stdout No. of Data Rows : 4652
stdout sim_end = 1.000000000000e-03
stdout output_peak         =  1.14873e+01 at=  1.00000e-08
stdout output_min          =  3.63806e-01 at=  1.00000e-03
stdout inductor_peak       =  1.09021e-03 at=  3.30815e-04
stdout inductor_min        =  -9.31817e+00 at=  9.13030e-05
stdout body_reverse_peak   =  9.31817e+00 at=  9.13030e-05
stdout input_min           =  2.64683e-01 at=  1.00000e-08
stdout bypass_peak         =  5.34780e+02 at=  1.00000e-08
stdout bypass_energy       =  1.10160e-02 from=  1.00000e-08 to=  1.00000e-03
stdout bypass_i2t          =  4.15245e-01 from=  1.00000e-08 to=  1.00000e-03
