stdout Note: No compatibility mode selected!
stdout Circuit: bridge loss sensitivity: br1 stps20m100st to220 with individual boyd 577202b00000g sinks. other low-voltage bridges stps20m100sg d2pak. 50 c ambient. electrical winding/load assumptions remain to be measured. d2pak lumped temperatures are screening estimates; geometry thermal_mesh.py is the separate layout assessment.
stdout Doing analysis at TEMP = 27.000000 and TNOM = 27.000000
stdout Using KLU as Direct Linear Solver
stdout Operating point simulation skipped by 'uic',
stdout now using transient initial conditions.
 Reference value :  2.44354e-02
 Reference value :  6.15344e-02
 Reference value :  9.77029e-02
 Reference value :  1.32764e-01
 Reference value :  1.68816e-01
 Reference value :  2.04813e-01
 Reference value :  2.40526e-01
 Reference value :  2.75243e-01
 Reference value :  3.10926e-01
 Reference value :  3.46993e-01
 Reference value :  3.84013e-01
 Reference value :  4.20056e-01
 Reference value :  4.56443e-01
 Reference value :  4.92793e-01
 Reference value :  5.28936e-01
 Reference value :  5.64113e-01
 Reference value :  5.99366e-01
 Reference value :  6.34563e-01
 Reference value :  6.69466e-01
 Reference value :  7.04323e-01
 Reference value :  7.39376e-01
 Reference value :  7.74733e-01
 Reference value :  8.11056e-01
 Reference value :  8.45413e-01
 Reference value :  8.81926e-01
 Reference value :  9.17906e-01
 Reference value :  9.54943e-01
 Reference value :  9.88596e-01
stdout No. of Data Rows : 101256
stdout rms_18a_c6          =  3.05145e+00 from=  8.00000e-01 to=  1.00000e+00
stdout dc_18a_c6           =  6.50797e-05 from=  8.00000e-01 to=  1.00000e+00
stdout rms_18a_c60         =  2.02572e+00 from=  8.00000e-01 to=  1.00000e+00
stdout dc_18a_c60          =  4.36202e-05 from=  8.00000e-01 to=  1.00000e+00
stdout rms_18a_c7          =  2.02572e+00 from=  8.00000e-01 to=  1.00000e+00
stdout dc_18a_c7           =  4.36202e-05 from=  8.00000e-01 to=  1.00000e+00
stdout rms_18a_c61         =  2.02572e+00 from=  8.00000e-01 to=  1.00000e+00
stdout dc_18a_c61          =  4.36202e-05 from=  8.00000e-01 to=  1.00000e+00
stdout rms_18b_c6          =  1.71309e+00 from=  8.00000e-01 to=  1.00000e+00
stdout dc_18b_c6           =  3.07680e-05 from=  8.00000e-01 to=  1.00000e+00
stdout rms_18b_c60         =  1.13511e+00 from=  8.00000e-01 to=  1.00000e+00
stdout dc_18b_c60          =  2.05177e-05 from=  8.00000e-01 to=  1.00000e+00
stdout rms_18b_c7          =  1.13511e+00 from=  8.00000e-01 to=  1.00000e+00
stdout dc_18b_c7           =  2.05177e-05 from=  8.00000e-01 to=  1.00000e+00
stdout rms_18b_c61         =  1.13511e+00 from=  8.00000e-01 to=  1.00000e+00
stdout dc_18b_c61          =  2.05177e-05 from=  8.00000e-01 to=  1.00000e+00
stdout rms_20a_c11         =  2.81026e+00 from=  8.00000e-01 to=  1.00000e+00
stdout dc_20a_c11          =  4.61598e-05 from=  8.00000e-01 to=  1.00000e+00
stdout rms_20a_c62         =  1.85923e+00 from=  8.00000e-01 to=  1.00000e+00
stdout dc_20a_c62          =  3.07745e-05 from=  8.00000e-01 to=  1.00000e+00
stdout rms_20b_c11         =  4.78947e+00 from=  8.00000e-01 to=  1.00000e+00
stdout dc_20b_c11          =  9.44107e-05 from=  8.00000e-01 to=  1.00000e+00
stdout rms_20b_c62         =  3.17559e+00 from=  8.00000e-01 to=  1.00000e+00
stdout dc_20b_c62          =  6.26315e-05 from=  8.00000e-01 to=  1.00000e+00
stdout rms_5a_c5           =  1.80624e+00 from=  8.00000e-01 to=  1.00000e+00
stdout dc_5a_c5            =  3.13384e-05 from=  8.00000e-01 to=  1.00000e+00
stdout rms_5a_c59          =  1.19601e+00 from=  8.00000e-01 to=  1.00000e+00
stdout dc_5a_c59           =  2.08803e-05 from=  8.00000e-01 to=  1.00000e+00
stdout rms_12a_c30         =  1.90341e+00 from=  8.00000e-01 to=  1.00000e+00
stdout dc_12a_c30          =  4.62762e-05 from=  8.00000e-01 to=  1.00000e+00
stdout rms_12a_c63         =  1.26464e+00 from=  8.00000e-01 to=  1.00000e+00
stdout dc_12a_c63          =  3.08548e-05 from=  8.00000e-01 to=  1.00000e+00
