stdout Note: No compatibility mode selected!
stdout Circuit: bridge loss sensitivity: br1 stps20m100st to220 with individual boyd 577202b00000g sinks. other low-voltage bridges stps20m100sg d2pak. 50 c ambient. electrical winding/load assumptions remain to be measured. d2pak lumped temperatures are screening estimates; geometry thermal_mesh.py is the separate layout assessment.
stdout Doing analysis at TEMP = 27.000000 and TNOM = 27.000000
stdout Using KLU as Direct Linear Solver
stdout Operating point simulation skipped by 'uic',
stdout now using transient initial conditions.
 Reference value :  7.27739e-03
 Reference value :  4.52984e-02
 Reference value :  8.13961e-02
 Reference value :  1.17436e-01
 Reference value :  1.53797e-01
 Reference value :  1.91074e-01
 Reference value :  2.27745e-01
 Reference value :  2.63027e-01
 Reference value :  2.99875e-01
 Reference value :  3.36943e-01
 Reference value :  3.73507e-01
 Reference value :  4.10055e-01
 Reference value :  4.46697e-01
 Reference value :  4.81715e-01
 Reference value :  5.16447e-01
 Reference value :  5.52153e-01
 Reference value :  5.87523e-01
 Reference value :  6.23407e-01
 Reference value :  6.59805e-01
 Reference value :  6.95707e-01
 Reference value :  7.32623e-01
 Reference value :  7.69515e-01
 Reference value :  8.06647e-01
 Reference value :  8.43377e-01
 Reference value :  8.80515e-01
 Reference value :  9.17625e-01
 Reference value :  9.55127e-01
 Reference value :  9.88815e-01
stdout No. of Data Rows : 101358
stdout rms_18a_c6          =  2.47071e+00 from=  8.00000e-01 to=  1.00000e+00
stdout dc_18a_c6           =  4.27816e-05 from=  8.00000e-01 to=  1.00000e+00
stdout rms_18a_c60         =  2.47071e+00 from=  8.00000e-01 to=  1.00000e+00
stdout dc_18a_c60          =  4.27816e-05 from=  8.00000e-01 to=  1.00000e+00
stdout rms_18a_c7          =  2.47071e+00 from=  8.00000e-01 to=  1.00000e+00
stdout dc_18a_c7           =  4.27816e-05 from=  8.00000e-01 to=  1.00000e+00
stdout rms_18a_c61         =  2.47071e+00 from=  8.00000e-01 to=  1.00000e+00
stdout dc_18a_c61          =  4.27816e-05 from=  8.00000e-01 to=  1.00000e+00
stdout rms_18b_c6          =  1.30055e+00 from=  8.00000e-01 to=  1.00000e+00
stdout dc_18b_c6           =  1.85857e-05 from=  8.00000e-01 to=  1.00000e+00
stdout rms_18b_c60         =  1.30055e+00 from=  8.00000e-01 to=  1.00000e+00
stdout dc_18b_c60          =  1.85857e-05 from=  8.00000e-01 to=  1.00000e+00
stdout rms_18b_c7          =  1.30055e+00 from=  8.00000e-01 to=  1.00000e+00
stdout dc_18b_c7           =  1.85857e-05 from=  8.00000e-01 to=  1.00000e+00
stdout rms_18b_c61         =  1.30055e+00 from=  8.00000e-01 to=  1.00000e+00
stdout dc_18b_c61          =  1.85857e-05 from=  8.00000e-01 to=  1.00000e+00
stdout rms_20a_c11         =  2.34565e+00 from=  8.00000e-01 to=  1.00000e+00
stdout dc_20a_c11          =  3.09761e-05 from=  8.00000e-01 to=  1.00000e+00
stdout rms_20a_c62         =  2.34565e+00 from=  8.00000e-01 to=  1.00000e+00
stdout dc_20a_c62          =  3.09761e-05 from=  8.00000e-01 to=  1.00000e+00
stdout rms_20b_c11         =  4.00703e+00 from=  8.00000e-01 to=  1.00000e+00
stdout dc_20b_c11          =  6.74379e-05 from=  8.00000e-01 to=  1.00000e+00
stdout rms_20b_c62         =  4.00703e+00 from=  8.00000e-01 to=  1.00000e+00
stdout dc_20b_c62          =  6.74379e-05 from=  8.00000e-01 to=  1.00000e+00
stdout rms_5a_c5           =  1.37848e+00 from=  8.00000e-01 to=  1.00000e+00
stdout dc_5a_c5            =  1.87085e-05 from=  8.00000e-01 to=  1.00000e+00
stdout rms_5a_c59          =  1.37848e+00 from=  8.00000e-01 to=  1.00000e+00
stdout dc_5a_c59           =  1.87085e-05 from=  8.00000e-01 to=  1.00000e+00
stdout rms_12a_c30         =  1.61741e+00 from=  8.00000e-01 to=  1.00000e+00
stdout dc_12a_c30          =  3.10180e-05 from=  8.00000e-01 to=  1.00000e+00
stdout rms_12a_c63         =  1.61741e+00 from=  8.00000e-01 to=  1.00000e+00
stdout dc_12a_c63          =  3.10180e-05 from=  8.00000e-01 to=  1.00000e+00
