stdout Note: No compatibility mode selected!
stdout Circuit: bridge loss sensitivity: br1 stps20m100st to220 with individual boyd 577202b00000g sinks. other low-voltage bridges stps20m100sg d2pak. 50 c ambient. electrical winding/load assumptions remain to be measured. d2pak lumped temperatures are screening estimates; geometry thermal_mesh.py is the separate layout assessment.
stdout Doing analysis at TEMP = 27.000000 and TNOM = 27.000000
stdout Using KLU as Direct Linear Solver
stdout Operating point simulation skipped by 'uic',
stdout now using transient initial conditions.
 Reference value :  2.22640e-02
 Reference value :  6.04291e-02
 Reference value :  9.70492e-02
 Reference value :  1.34367e-01
 Reference value :  1.70847e-01
 Reference value :  2.07443e-01
 Reference value :  2.42633e-01
 Reference value :  2.76898e-01
 Reference value :  3.11995e-01
 Reference value :  3.46847e-01
 Reference value :  3.81735e-01
 Reference value :  4.17510e-01
 Reference value :  4.53237e-01
 Reference value :  4.90775e-01
 Reference value :  5.25867e-01
 Reference value :  5.61745e-01
 Reference value :  5.97985e-01
 Reference value :  6.33437e-01
 Reference value :  6.68905e-01
 Reference value :  7.04327e-01
 Reference value :  7.39825e-01
 Reference value :  7.75557e-01
 Reference value :  8.11145e-01
 Reference value :  8.48005e-01
 Reference value :  8.85217e-01
 Reference value :  9.22423e-01
 Reference value :  9.58205e-01
 Reference value :  9.91895e-01
stdout No. of Data Rows : 101358
stdout rms_18a_c6          =  2.51589e+00 from=  8.00000e-01 to=  1.00000e+00
stdout dc_18a_c6           =  4.30780e-05 from=  8.00000e-01 to=  1.00000e+00
stdout rms_18a_c60         =  2.51589e+00 from=  8.00000e-01 to=  1.00000e+00
stdout dc_18a_c60          =  4.30780e-05 from=  8.00000e-01 to=  1.00000e+00
stdout rms_18a_c7          =  2.51589e+00 from=  8.00000e-01 to=  1.00000e+00
stdout dc_18a_c7           =  4.30780e-05 from=  8.00000e-01 to=  1.00000e+00
stdout rms_18a_c61         =  2.51589e+00 from=  8.00000e-01 to=  1.00000e+00
stdout dc_18a_c61          =  4.30780e-05 from=  8.00000e-01 to=  1.00000e+00
stdout rms_18b_c6          =  1.31583e+00 from=  8.00000e-01 to=  1.00000e+00
stdout dc_18b_c6           =  1.85838e-05 from=  8.00000e-01 to=  1.00000e+00
stdout rms_18b_c60         =  1.31583e+00 from=  8.00000e-01 to=  1.00000e+00
stdout dc_18b_c60          =  1.85838e-05 from=  8.00000e-01 to=  1.00000e+00
stdout rms_18b_c7          =  1.31583e+00 from=  8.00000e-01 to=  1.00000e+00
stdout dc_18b_c7           =  1.85838e-05 from=  8.00000e-01 to=  1.00000e+00
stdout rms_18b_c61         =  1.31583e+00 from=  8.00000e-01 to=  1.00000e+00
stdout dc_18b_c61          =  1.85838e-05 from=  8.00000e-01 to=  1.00000e+00
stdout rms_20a_c11         =  2.39916e+00 from=  8.00000e-01 to=  1.00000e+00
stdout dc_20a_c11          =  3.09730e-05 from=  8.00000e-01 to=  1.00000e+00
stdout rms_20a_c62         =  2.39916e+00 from=  8.00000e-01 to=  1.00000e+00
stdout dc_20a_c62          =  3.09730e-05 from=  8.00000e-01 to=  1.00000e+00
stdout rms_20b_c11         =  4.10331e+00 from=  8.00000e-01 to=  1.00000e+00
stdout dc_20b_c11          =  6.29227e-05 from=  8.00000e-01 to=  1.00000e+00
stdout rms_20b_c62         =  4.10331e+00 from=  8.00000e-01 to=  1.00000e+00
stdout dc_20b_c62          =  6.29227e-05 from=  8.00000e-01 to=  1.00000e+00
stdout rms_5a_c5           =  1.40125e+00 from=  8.00000e-01 to=  1.00000e+00
stdout dc_5a_c5            =  1.85806e-05 from=  8.00000e-01 to=  1.00000e+00
stdout rms_5a_c59          =  1.40125e+00 from=  8.00000e-01 to=  1.00000e+00
stdout dc_5a_c59           =  1.85806e-05 from=  8.00000e-01 to=  1.00000e+00
stdout rms_12a_c30         =  1.62956e+00 from=  8.00000e-01 to=  1.00000e+00
stdout dc_12a_c30          =  3.10762e-05 from=  8.00000e-01 to=  1.00000e+00
stdout rms_12a_c63         =  1.62956e+00 from=  8.00000e-01 to=  1.00000e+00
stdout dc_12a_c63          =  3.10762e-05 from=  8.00000e-01 to=  1.00000e+00
