stdout Note: No compatibility mode selected!
stdout Circuit: bridge loss sensitivity: br1 stps20m100st to220 with individual boyd 577202b00000g sinks. other low-voltage bridges stps20m100sg d2pak. 50 c ambient. electrical winding/load assumptions remain to be measured. d2pak lumped temperatures are screening estimates; geometry thermal_mesh.py is the separate layout assessment.
stdout Doing analysis at TEMP = 27.000000 and TNOM = 27.000000
stdout Using KLU as Direct Linear Solver
stdout Operating point simulation skipped by 'uic',
stdout now using transient initial conditions.
 Reference value :  2.19347e-02
 Reference value :  5.98292e-02
 Reference value :  9.69992e-02
 Reference value :  1.33157e-01
 Reference value :  1.68827e-01
 Reference value :  2.04499e-01
 Reference value :  2.38895e-01
 Reference value :  2.74457e-01
 Reference value :  3.11005e-01
 Reference value :  3.47170e-01
 Reference value :  3.83867e-01
 Reference value :  4.19655e-01
 Reference value :  4.55597e-01
 Reference value :  4.91525e-01
 Reference value :  5.27845e-01
 Reference value :  5.64217e-01
 Reference value :  5.99855e-01
 Reference value :  6.35007e-01
 Reference value :  6.70135e-01
 Reference value :  7.05877e-01
 Reference value :  7.41435e-01
 Reference value :  7.79715e-01
 Reference value :  8.17875e-01
 Reference value :  8.56487e-01
 Reference value :  8.94707e-01
 Reference value :  9.33507e-01
 Reference value :  9.71335e-01
stdout No. of Data Rows : 101358
stdout rms_18a_c6          =  3.27339e+00 from=  8.00000e-01 to=  1.00000e+00
stdout dc_18a_c6           =  5.59683e-05 from=  8.00000e-01 to=  1.00000e+00
stdout rms_18a_c60         =  2.13509e+00 from=  8.00000e-01 to=  1.00000e+00
stdout dc_18a_c60          =  3.77711e-05 from=  8.00000e-01 to=  1.00000e+00
stdout rms_18a_c7          =  2.13509e+00 from=  8.00000e-01 to=  1.00000e+00
stdout dc_18a_c7           =  3.77711e-05 from=  8.00000e-01 to=  1.00000e+00
stdout rms_18a_c61         =  2.13509e+00 from=  8.00000e-01 to=  1.00000e+00
stdout dc_18a_c61          =  3.77711e-05 from=  8.00000e-01 to=  1.00000e+00
stdout rms_18b_c6          =  1.74970e+00 from=  8.00000e-01 to=  1.00000e+00
stdout dc_18b_c6           =  2.47207e-05 from=  8.00000e-01 to=  1.00000e+00
stdout rms_18b_c60         =  1.13092e+00 from=  8.00000e-01 to=  1.00000e+00
stdout dc_18b_c60          =  1.65406e-05 from=  8.00000e-01 to=  1.00000e+00
stdout rms_18b_c7          =  1.13092e+00 from=  8.00000e-01 to=  1.00000e+00
stdout dc_18b_c7           =  1.65406e-05 from=  8.00000e-01 to=  1.00000e+00
stdout rms_18b_c61         =  1.13092e+00 from=  8.00000e-01 to=  1.00000e+00
stdout dc_18b_c61          =  1.65406e-05 from=  8.00000e-01 to=  1.00000e+00
stdout rms_20a_c11         =  2.82248e+00 from=  8.00000e-01 to=  1.00000e+00
stdout dc_20a_c11          =  3.71433e-05 from=  8.00000e-01 to=  1.00000e+00
stdout rms_20a_c62         =  1.81561e+00 from=  8.00000e-01 to=  1.00000e+00
stdout dc_20a_c62          =  2.48089e-05 from=  8.00000e-01 to=  1.00000e+00
stdout rms_20b_c11         =  4.79969e+00 from=  8.00000e-01 to=  1.00000e+00
stdout dc_20b_c11          =  8.15936e-05 from=  8.00000e-01 to=  1.00000e+00
stdout rms_20b_c62         =  3.11494e+00 from=  8.00000e-01 to=  1.00000e+00
stdout dc_20b_c62          =  5.34165e-05 from=  8.00000e-01 to=  1.00000e+00
stdout rms_5a_c5           =  1.66356e+00 from=  8.00000e-01 to=  1.00000e+00
stdout dc_5a_c5            =  2.25354e-05 from=  8.00000e-01 to=  1.00000e+00
stdout rms_5a_c59          =  1.07188e+00 from=  8.00000e-01 to=  1.00000e+00
stdout dc_5a_c59           =  1.50346e-05 from=  8.00000e-01 to=  1.00000e+00
stdout rms_12a_c30         =  1.94816e+00 from=  8.00000e-01 to=  1.00000e+00
stdout dc_12a_c30          =  3.71545e-05 from=  8.00000e-01 to=  1.00000e+00
stdout rms_12a_c63         =  1.27443e+00 from=  8.00000e-01 to=  1.00000e+00
stdout dc_12a_c63          =  2.48297e-05 from=  8.00000e-01 to=  1.00000e+00
