stdout Note: No compatibility mode selected!
stdout Circuit: bridge loss sensitivity: br1 stps20m100st to220 with individual boyd 577202b00000g sinks. other low-voltage bridges stps20m100sg d2pak. 50 c ambient. electrical winding/load assumptions remain to be measured. d2pak lumped temperatures are screening estimates; geometry thermal_mesh.py is the separate layout assessment.
stdout Doing analysis at TEMP = 27.000000 and TNOM = 27.000000
stdout Using KLU as Direct Linear Solver
stdout Operating point simulation skipped by 'uic',
stdout now using transient initial conditions.
 Reference value :  1.14145e-02
 Reference value :  4.64477e-02
 Reference value :  8.07714e-02
 Reference value :  1.14310e-01
 Reference value :  1.47889e-01
 Reference value :  1.81354e-01
 Reference value :  2.15002e-01
 Reference value :  2.48015e-01
 Reference value :  2.82004e-01
 Reference value :  3.16237e-01
 Reference value :  3.50655e-01
 Reference value :  3.84964e-01
 Reference value :  4.19078e-01
 Reference value :  4.53283e-01
 Reference value :  4.87535e-01
 Reference value :  5.21698e-01
 Reference value :  5.55593e-01
 Reference value :  5.89605e-01
 Reference value :  6.23825e-01
 Reference value :  6.58053e-01
 Reference value :  6.91865e-01
 Reference value :  7.26292e-01
 Reference value :  7.60366e-01
 Reference value :  7.94169e-01
 Reference value :  8.27929e-01
 Reference value :  8.61885e-01
 Reference value :  8.95621e-01
 Reference value :  9.29142e-01
 Reference value :  9.62746e-01
 Reference value :  9.94284e-01
stdout No. of Data Rows : 101990
stdout rms_18a_c6          =  3.30853e+00 from=  8.00000e-01 to=  1.00000e+00
stdout dc_18a_c6           =  6.50779e-05 from=  8.00000e-01 to=  1.00000e+00
stdout rms_18a_c60         =  2.14113e+00 from=  8.00000e-01 to=  1.00000e+00
stdout dc_18a_c60          =  4.41720e-05 from=  8.00000e-01 to=  1.00000e+00
stdout rms_18a_c7          =  2.14113e+00 from=  8.00000e-01 to=  1.00000e+00
stdout dc_18a_c7           =  4.41720e-05 from=  8.00000e-01 to=  1.00000e+00
stdout rms_18a_c61         =  2.14113e+00 from=  8.00000e-01 to=  1.00000e+00
stdout dc_18a_c61          =  4.41720e-05 from=  8.00000e-01 to=  1.00000e+00
stdout rms_18b_c6          =  1.76434e+00 from=  8.00000e-01 to=  1.00000e+00
stdout dc_18b_c6           =  2.86059e-05 from=  8.00000e-01 to=  1.00000e+00
stdout rms_18b_c60         =  1.12875e+00 from=  8.00000e-01 to=  1.00000e+00
stdout dc_18b_c60          =  1.91927e-05 from=  8.00000e-01 to=  1.00000e+00
stdout rms_18b_c7          =  1.12875e+00 from=  8.00000e-01 to=  1.00000e+00
stdout dc_18b_c7           =  1.91927e-05 from=  8.00000e-01 to=  1.00000e+00
stdout rms_18b_c61         =  1.12875e+00 from=  8.00000e-01 to=  1.00000e+00
stdout dc_18b_c61          =  1.91927e-05 from=  8.00000e-01 to=  1.00000e+00
stdout rms_20a_c11         =  2.84479e+00 from=  8.00000e-01 to=  1.00000e+00
stdout dc_20a_c11          =  4.30254e-05 from=  8.00000e-01 to=  1.00000e+00
stdout rms_20a_c62         =  1.80949e+00 from=  8.00000e-01 to=  1.00000e+00
stdout dc_20a_c62          =  2.87921e-05 from=  8.00000e-01 to=  1.00000e+00
stdout rms_20b_c11         =  4.84552e+00 from=  8.00000e-01 to=  1.00000e+00
stdout dc_20b_c11          =  8.88764e-05 from=  8.00000e-01 to=  1.00000e+00
stdout rms_20b_c62         =  3.11594e+00 from=  8.00000e-01 to=  1.00000e+00
stdout dc_20b_c62          =  5.90482e-05 from=  8.00000e-01 to=  1.00000e+00
stdout rms_5a_c5           =  1.67254e+00 from=  8.00000e-01 to=  1.00000e+00
stdout dc_5a_c5            =  2.60047e-05 from=  8.00000e-01 to=  1.00000e+00
stdout rms_5a_c59          =  1.06595e+00 from=  8.00000e-01 to=  1.00000e+00
stdout dc_5a_c59           =  1.73830e-05 from=  8.00000e-01 to=  1.00000e+00
stdout rms_12a_c30         =  1.95567e+00 from=  8.00000e-01 to=  1.00000e+00
stdout dc_12a_c30          =  4.30063e-05 from=  8.00000e-01 to=  1.00000e+00
stdout rms_12a_c63         =  1.27047e+00 from=  8.00000e-01 to=  1.00000e+00
stdout dc_12a_c63          =  2.87893e-05 from=  8.00000e-01 to=  1.00000e+00
