stdout Note: No compatibility mode selected!
stdout Circuit: bridge loss sensitivity: br1 stps20m100st to220 with individual boyd 577202b00000g sinks. other low-voltage bridges stps20m100sg d2pak. 50 c ambient. electrical winding/load assumptions remain to be measured. d2pak lumped temperatures are screening estimates; geometry thermal_mesh.py is the separate layout assessment.
stdout Doing analysis at TEMP = 27.000000 and TNOM = 27.000000
stdout Using KLU as Direct Linear Solver
stdout Operating point simulation skipped by 'uic',
stdout now using transient initial conditions.
 Reference value :  1.84353e-02
 Reference value :  5.61545e-02
 Reference value :  9.44406e-02
 Reference value :  1.31704e-01
 Reference value :  1.67817e-01
 Reference value :  2.04542e-01
 Reference value :  2.42071e-01
 Reference value :  2.80142e-01
 Reference value :  3.17747e-01
 Reference value :  3.53993e-01
 Reference value :  3.90496e-01
 Reference value :  4.26934e-01
 Reference value :  4.64008e-01
 Reference value :  4.97480e-01
 Reference value :  5.30541e-01
 Reference value :  5.63977e-01
 Reference value :  5.98997e-01
 Reference value :  6.34003e-01
 Reference value :  6.69120e-01
 Reference value :  7.02372e-01
 Reference value :  7.37286e-01
 Reference value :  7.72454e-01
 Reference value :  8.07693e-01
 Reference value :  8.42456e-01
 Reference value :  8.76327e-01
 Reference value :  9.10946e-01
 Reference value :  9.45809e-01
 Reference value :  9.80752e-01
stdout No. of Data Rows : 101983
stdout rms_18a_c6          =  3.35013e+00 from=  8.00000e-01 to=  1.00000e+00
stdout dc_18a_c6           =  5.88487e-05 from=  8.00000e-01 to=  1.00000e+00
stdout rms_18a_c60         =  2.22002e+00 from=  8.00000e-01 to=  1.00000e+00
stdout dc_18a_c60          =  4.00809e-05 from=  8.00000e-01 to=  1.00000e+00
stdout rms_18a_c7          =  2.22002e+00 from=  8.00000e-01 to=  1.00000e+00
stdout dc_18a_c7           =  4.00809e-05 from=  8.00000e-01 to=  1.00000e+00
stdout rms_18a_c61         =  2.22002e+00 from=  8.00000e-01 to=  1.00000e+00
stdout dc_18a_c61          =  4.00809e-05 from=  8.00000e-01 to=  1.00000e+00
stdout rms_18b_c6          =  1.75770e+00 from=  8.00000e-01 to=  1.00000e+00
stdout dc_18b_c6           =  2.57171e-05 from=  8.00000e-01 to=  1.00000e+00
stdout rms_18b_c60         =  1.16128e+00 from=  8.00000e-01 to=  1.00000e+00
stdout dc_18b_c60          =  1.71698e-05 from=  8.00000e-01 to=  1.00000e+00
stdout rms_18b_c7          =  1.16128e+00 from=  8.00000e-01 to=  1.00000e+00
stdout dc_18b_c7           =  1.71698e-05 from=  8.00000e-01 to=  1.00000e+00
stdout rms_18b_c61         =  1.16128e+00 from=  8.00000e-01 to=  1.00000e+00
stdout dc_18b_c61          =  1.71698e-05 from=  8.00000e-01 to=  1.00000e+00
stdout rms_20a_c11         =  2.88752e+00 from=  8.00000e-01 to=  1.00000e+00
stdout dc_20a_c11          =  3.86028e-05 from=  8.00000e-01 to=  1.00000e+00
stdout rms_20a_c62         =  1.90356e+00 from=  8.00000e-01 to=  1.00000e+00
stdout dc_20a_c62          =  2.57443e-05 from=  8.00000e-01 to=  1.00000e+00
stdout rms_20b_c11         =  4.94451e+00 from=  8.00000e-01 to=  1.00000e+00
stdout dc_20b_c11          =  7.72099e-05 from=  8.00000e-01 to=  1.00000e+00
stdout rms_20b_c62         =  3.26998e+00 from=  8.00000e-01 to=  1.00000e+00
stdout dc_20b_c62          =  5.15122e-05 from=  8.00000e-01 to=  1.00000e+00
stdout rms_5a_c5           =  1.68418e+00 from=  8.00000e-01 to=  1.00000e+00
stdout dc_5a_c5            =  2.31014e-05 from=  8.00000e-01 to=  1.00000e+00
stdout rms_5a_c59          =  1.11100e+00 from=  8.00000e-01 to=  1.00000e+00
stdout dc_5a_c59           =  1.54003e-05 from=  8.00000e-01 to=  1.00000e+00
stdout rms_12a_c30         =  1.95800e+00 from=  8.00000e-01 to=  1.00000e+00
stdout dc_12a_c30          =  3.86839e-05 from=  8.00000e-01 to=  1.00000e+00
stdout rms_12a_c63         =  1.29880e+00 from=  8.00000e-01 to=  1.00000e+00
stdout dc_12a_c63          =  2.58650e-05 from=  8.00000e-01 to=  1.00000e+00
