stdout Note: No compatibility mode selected!
stdout Circuit: bridge loss sensitivity: br1 stps20m100st to220 with individual boyd 577202b00000g sinks. other low-voltage bridges stps20m100sg d2pak. 50 c ambient. electrical winding/load assumptions remain to be measured. d2pak lumped temperatures are screening estimates; geometry thermal_mesh.py is the separate layout assessment.
stdout Doing analysis at TEMP = 27.000000 and TNOM = 27.000000
stdout Using KLU as Direct Linear Solver
stdout Operating point simulation skipped by 'uic',
stdout now using transient initial conditions.
 Reference value :  2.31145e-02
 Reference value :  6.33353e-02
 Reference value :  1.01837e-01
 Reference value :  1.39703e-01
 Reference value :  1.78033e-01
 Reference value :  2.16313e-01
 Reference value :  2.54751e-01
 Reference value :  2.92263e-01
 Reference value :  3.29311e-01
 Reference value :  3.65413e-01
 Reference value :  4.01407e-01
 Reference value :  4.36995e-01
 Reference value :  4.73207e-01
 Reference value :  5.11115e-01
 Reference value :  5.48687e-01
 Reference value :  5.84930e-01
 Reference value :  6.21288e-01
 Reference value :  6.59340e-01
 Reference value :  6.97008e-01
 Reference value :  7.34390e-01
 Reference value :  7.71288e-01
 Reference value :  8.09170e-01
 Reference value :  8.47208e-01
 Reference value :  8.84230e-01
 Reference value :  9.21738e-01
 Reference value :  9.60133e-01
 Reference value :  9.95538e-01
stdout No. of Data Rows : 101922
stdout rms_18a_c6          =  3.03486e+00 from=  8.00000e-01 to=  1.00000e+00
stdout dc_18a_c6           =  6.90833e-05 from=  8.00000e-01 to=  1.00000e+00
stdout rms_18a_c60         =  1.96441e+00 from=  8.00000e-01 to=  1.00000e+00
stdout dc_18a_c60          =  4.66565e-05 from=  8.00000e-01 to=  1.00000e+00
stdout rms_18a_c7          =  1.96441e+00 from=  8.00000e-01 to=  1.00000e+00
stdout dc_18a_c7           =  4.66565e-05 from=  8.00000e-01 to=  1.00000e+00
stdout rms_18a_c61         =  1.96441e+00 from=  8.00000e-01 to=  1.00000e+00
stdout dc_18a_c61          =  4.66565e-05 from=  8.00000e-01 to=  1.00000e+00
stdout rms_18b_c6          =  1.72355e+00 from=  8.00000e-01 to=  1.00000e+00
stdout dc_18b_c6           =  3.26873e-05 from=  8.00000e-01 to=  1.00000e+00
stdout rms_18b_c60         =  1.10440e+00 from=  8.00000e-01 to=  1.00000e+00
stdout dc_18b_c60          =  2.19025e-05 from=  8.00000e-01 to=  1.00000e+00
stdout rms_18b_c7          =  1.10440e+00 from=  8.00000e-01 to=  1.00000e+00
stdout dc_18b_c7           =  2.19025e-05 from=  8.00000e-01 to=  1.00000e+00
stdout rms_18b_c61         =  1.10440e+00 from=  8.00000e-01 to=  1.00000e+00
stdout dc_18b_c61          =  2.19025e-05 from=  8.00000e-01 to=  1.00000e+00
stdout rms_20a_c11         =  2.78160e+00 from=  8.00000e-01 to=  1.00000e+00
stdout dc_20a_c11          =  4.91395e-05 from=  8.00000e-01 to=  1.00000e+00
stdout rms_20a_c62         =  1.77242e+00 from=  8.00000e-01 to=  1.00000e+00
stdout dc_20a_c62          =  3.28561e-05 from=  8.00000e-01 to=  1.00000e+00
stdout rms_20b_c11         =  4.72850e+00 from=  8.00000e-01 to=  1.00000e+00
stdout dc_20b_c11          =  1.01679e-04 from=  8.00000e-01 to=  1.00000e+00
stdout rms_20b_c62         =  3.04484e+00 from=  8.00000e-01 to=  1.00000e+00
stdout dc_20b_c62          =  6.74647e-05 from=  8.00000e-01 to=  1.00000e+00
stdout rms_5a_c5           =  1.79728e+00 from=  8.00000e-01 to=  1.00000e+00
stdout dc_5a_c5            =  3.35620e-05 from=  8.00000e-01 to=  1.00000e+00
stdout rms_5a_c59          =  1.14954e+00 from=  8.00000e-01 to=  1.00000e+00
stdout dc_5a_c59           =  2.24089e-05 from=  8.00000e-01 to=  1.00000e+00
stdout rms_12a_c30         =  1.90327e+00 from=  8.00000e-01 to=  1.00000e+00
stdout dc_12a_c30          =  4.91464e-05 from=  8.00000e-01 to=  1.00000e+00
stdout rms_12a_c63         =  1.23755e+00 from=  8.00000e-01 to=  1.00000e+00
stdout dc_12a_c63          =  3.28639e-05 from=  8.00000e-01 to=  1.00000e+00
