stdout Note: No compatibility mode selected!
stdout Circuit: jlc-3 u20 loss_restart; engineering averaged controller, not ti vendor model
stdout Doing analysis at TEMP = 27.000000 and TNOM = 27.000000
stdout Using KLU as Direct Linear Solver
stdout Operating point simulation skipped by 'uic',
stdout now using transient initial conditions.
 Reference value :  9.29647e-03
 Reference value :  2.86885e-02
 Reference value :  4.80845e-02
 Reference value :  6.75091e-02
 Reference value :  8.79376e-02
 Reference value :  1.07746e-01
stdout No. of Data Rows : 60250
stdout sim_end = 1.200000000000e-01
stdout output_peak         =  5.12445e+00 at=  7.27047e-03
stdout output_floor        =  0.00000e+00 at=  4.00000e-08
stdout settled_min         =  4.94250e+00 at=  1.20000e-01
stdout settled_max         =  4.94403e+00 at=  1.05002e-01
stdout step_min            =  2.58341e-26 at=  6.49991e-02
stdout step_max            =  4.94401e+00 at=  2.40005e-02
stdout input_min           =  1.10426e+01 at=  1.10984e-01
stdout inductor_average_peak=  7.99201e+00 at=  5.93847e-03
stdout inductor_average_min=  -1.06472e-18 at=  2.33460e-03
stdout shunt_current_peak  =  3.83182e+00 at=  7.26247e-03
stdout shunt_current_min   =  -4.84897e-20 at=  8.50173e-02
stdout secondary_rms       =  2.81268e+00 from=  1.00000e-01 to=  1.20000e-01
