stdout Note: No compatibility mode selected!
stdout Circuit: jlc-3 u20 load_step; engineering averaged controller, not ti vendor model
stdout Doing analysis at TEMP = 27.000000 and TNOM = 27.000000
stdout Using KLU as Direct Linear Solver
stdout Operating point simulation skipped by 'uic',
stdout now using transient initial conditions.
 Reference value :  4.58238e-03
 Reference value :  2.31303e-02
 Reference value :  4.11285e-02
 Reference value :  5.97822e-02
 Reference value :  7.89882e-02
 Reference value :  9.69482e-02
 Reference value :  1.12016e-01
stdout No. of Data Rows : 60236
stdout sim_end = 1.200000000000e-01
stdout output_peak         =  5.07612e+00 at=  5.50485e-02
stdout output_floor        =  0.00000e+00 at=  4.00000e-08
stdout settled_min         =  4.94274e+00 at=  1.20000e-01
stdout settled_max         =  4.94274e+00 at=  1.05000e-01
stdout step_min            =  4.80933e+00 at=  2.50485e-02
stdout step_max            =  5.07612e+00 at=  5.50485e-02
stdout input_min           =  1.30858e+01 at=  1.14222e-01
stdout inductor_average_peak=  3.47263e+00 at=  2.51105e-02
stdout inductor_average_min=  -1.12801e-18 at=  2.66303e-03
stdout shunt_current_peak  =  3.46322e+00 at=  2.51105e-02
stdout shunt_current_min   =  -1.24705e-21 at=  2.66211e-03
stdout secondary_rms       =  1.10877e-01 from=  1.00000e-01 to=  1.20000e-01
