stdout Note: No compatibility mode selected!
stdout Circuit: jlc-3 u20 prebiased; engineering averaged controller, not ti vendor model
stdout Doing analysis at TEMP = 27.000000 and TNOM = 27.000000
stdout Using KLU as Direct Linear Solver
stdout Operating point simulation skipped by 'uic',
stdout now using transient initial conditions.
 Reference value :  1.77719e-02
 Reference value :  3.68680e-02
 Reference value :  5.68480e-02
 Reference value :  7.69820e-02
 Reference value :  9.72520e-02
 Reference value :  1.17258e-01
stdout No. of Data Rows : 60182
stdout sim_end = 1.200000000000e-01
stdout output_peak         =  4.99978e+00 at=  2.00000e-08
stdout output_floor        =  4.20720e+00 at=  3.08918e-02
stdout settled_min         =  4.94266e+00 at=  1.19998e-01
stdout settled_max         =  4.94266e+00 at=  1.05004e-01
stdout step_min            =  4.20720e+00 at=  3.08918e-02
stdout step_max            =  4.96052e+00 at=  3.14942e-02
stdout input_min           =  1.05933e+01 at=  1.11832e-01
stdout inductor_average_peak=  1.27216e+00 at=  3.10191e-02
stdout inductor_average_min=  -3.08791e-319 at=  1.94792e-03
stdout shunt_current_peak  =  1.25530e+00 at=  3.10211e-02
stdout shunt_current_min   =  -2.25677e-04 at=  2.00000e-06
stdout secondary_rms       =  6.93380e-02 from=  1.00000e-01 to=  1.20000e-01
