stdout Note: No compatibility mode selected!
stdout Circuit: jlc-3 u20 prebiased; engineering averaged controller, not ti vendor model
stdout Doing analysis at TEMP = 27.000000 and TNOM = 27.000000
stdout Using KLU as Direct Linear Solver
stdout Operating point simulation skipped by 'uic',
stdout now using transient initial conditions.
 Reference value :  6.92992e-03
 Reference value :  2.64993e-02
 Reference value :  4.55078e-02
 Reference value :  6.51038e-02
 Reference value :  8.36518e-02
 Reference value :  1.03430e-01
stdout No. of Data Rows : 60155
stdout sim_end = 1.200000000000e-01
stdout output_peak         =  4.99978e+00 at=  2.00000e-08
stdout output_floor        =  4.25430e+00 at=  2.90507e-02
stdout settled_min         =  4.94282e+00 at=  1.20000e-01
stdout settled_max         =  4.94282e+00 at=  1.05034e-01
stdout step_min            =  4.25430e+00 at=  2.90507e-02
stdout step_max            =  4.96037e+00 at=  2.96186e-02
stdout input_min           =  1.05926e+01 at=  1.14208e-01
stdout inductor_average_peak=  1.27219e+00 at=  2.91789e-02
stdout inductor_average_min=  -3.08791e-319 at=  1.94792e-03
stdout shunt_current_peak  =  1.25529e+00 at=  2.91789e-02
stdout shunt_current_min   =  -2.25677e-04 at=  2.00000e-06
stdout secondary_rms       =  7.57909e-02 from=  1.00000e-01 to=  1.20000e-01
