stdout Note: No compatibility mode selected!
stdout Circuit: jlc-3 u20 startup; engineering averaged controller, not ti vendor model
stdout Doing analysis at TEMP = 27.000000 and TNOM = 27.000000
stdout Using KLU as Direct Linear Solver
stdout Operating point simulation skipped by 'uic',
stdout now using transient initial conditions.
 Reference value :  1.92749e-02
 Reference value :  3.92729e-02
 Reference value :  5.92329e-02
 Reference value :  7.93989e-02
 Reference value :  9.95529e-02
 Reference value :  1.19743e-01
stdout No. of Data Rows : 60145
stdout sim_end = 1.200000000000e-01
stdout output_peak         =  5.12449e+00 at=  7.59890e-03
stdout output_floor        =  0.00000e+00 at=  4.00000e-08
stdout settled_min         =  4.94313e+00 at=  1.19998e-01
stdout settled_max         =  4.94313e+00 at=  1.19997e-01
stdout step_min            =  4.94313e+00 at=  6.49989e-02
stdout step_max            =  4.94415e+00 at=  2.40009e-02
stdout input_min           =  1.09353e+01 at=  1.13141e-01
stdout inductor_average_peak=  7.99201e+00 at=  7.46290e-03
stdout inductor_average_min=  -1.12801e-18 at=  2.66303e-03
stdout shunt_current_peak  =  3.83182e+00 at=  7.59090e-03
stdout shunt_current_min   =  -4.77970e-20 at=  2.66211e-03
stdout secondary_rms       =  2.86002e+00 from=  1.00000e-01 to=  1.20000e-01
