stdout Note: No compatibility mode selected!
stdout Circuit: jlc-3 u20 load_step; engineering averaged controller, not ti vendor model
stdout Doing analysis at TEMP = 27.000000 and TNOM = 27.000000
stdout Using KLU as Direct Linear Solver
stdout Operating point simulation skipped by 'uic',
stdout now using transient initial conditions.
 Reference value :  8.56274e-03
 Reference value :  2.63643e-02
 Reference value :  4.45823e-02
 Reference value :  6.29020e-02
 Reference value :  8.14440e-02
 Reference value :  9.97640e-02
 Reference value :  1.18184e-01
stdout No. of Data Rows : 60188
stdout sim_end = 1.200000000000e-01
stdout output_peak         =  5.07645e+00 at=  5.50483e-02
stdout output_floor        =  0.00000e+00 at=  4.00000e-08
stdout settled_min         =  4.94307e+00 at=  1.20000e-01
stdout settled_max         =  4.94307e+00 at=  1.05000e-01
stdout step_min            =  4.80966e+00 at=  2.50483e-02
stdout step_max            =  5.07645e+00 at=  5.50483e-02
stdout input_min           =  1.05527e+01 at=  1.11792e-01
stdout inductor_average_peak=  3.47261e+00 at=  2.51103e-02
stdout inductor_average_min=  -1.09306e-18 at=  2.82273e-03
stdout shunt_current_peak  =  3.46318e+00 at=  2.51103e-02
stdout shunt_current_min   =  -1.24768e-21 at=  2.82211e-03
stdout secondary_rms       =  1.00437e-01 from=  1.00000e-01 to=  1.20000e-01
