stdout Note: No compatibility mode selected!
stdout Circuit: jlc-3 u20 prebiased; engineering averaged controller, not ti vendor model
stdout Doing analysis at TEMP = 27.000000 and TNOM = 27.000000
stdout Using KLU as Direct Linear Solver
stdout Operating point simulation skipped by 'uic',
stdout now using transient initial conditions.
 Reference value :  1.63259e-02
 Reference value :  3.52106e-02
 Reference value :  5.51246e-02
 Reference value :  7.45846e-02
 Reference value :  9.43946e-02
 Reference value :  1.13449e-01
stdout No. of Data Rows : 60158
stdout sim_end = 1.200000000000e-01
stdout output_peak         =  4.99978e+00 at=  2.00000e-08
stdout output_floor        =  4.21946e+00 at=  3.04125e-02
stdout settled_min         =  4.94231e+00 at=  1.20000e-01
stdout settled_max         =  4.94231e+00 at=  1.05001e-01
stdout step_min            =  4.21946e+00 at=  3.04125e-02
stdout step_max            =  4.96009e+00 at=  3.10064e-02
stdout input_min           =  1.31222e+01 at=  1.11877e-01
stdout inductor_average_peak=  1.27219e+00 at=  3.05413e-02
stdout inductor_average_min=  -3.08791e-319 at=  1.94792e-03
stdout shunt_current_peak  =  1.25533e+00 at=  3.05413e-02
stdout shunt_current_min   =  -2.25677e-04 at=  2.00000e-06
stdout secondary_rms       =  7.36630e-02 from=  1.00000e-01 to=  1.20000e-01
