stdout Note: No compatibility mode selected!
stdout Circuit: jlc-3 u20 load_step; engineering averaged controller, not ti vendor model
stdout Doing analysis at TEMP = 27.000000 and TNOM = 27.000000
stdout Using KLU as Direct Linear Solver
stdout Operating point simulation skipped by 'uic',
stdout now using transient initial conditions.
 Reference value :  1.40080e-02
 Reference value :  3.17743e-02
 Reference value :  5.03323e-02
 Reference value :  6.88840e-02
 Reference value :  8.77800e-02
 Reference value :  1.06464e-01
stdout No. of Data Rows : 60202
stdout sim_end = 1.200000000000e-01
stdout output_peak         =  5.07611e+00 at=  5.50483e-02
stdout output_floor        =  0.00000e+00 at=  4.00000e-08
stdout settled_min         =  4.94274e+00 at=  1.20000e-01
stdout settled_max         =  4.94274e+00 at=  1.05002e-01
stdout step_min            =  4.80934e+00 at=  2.50483e-02
stdout step_max            =  5.07611e+00 at=  5.50483e-02
stdout input_min           =  1.05570e+01 at=  1.14166e-01
stdout inductor_average_peak=  3.47263e+00 at=  2.51103e-02
stdout inductor_average_min=  -1.14460e-18 at=  3.21277e-03
stdout shunt_current_peak  =  3.46322e+00 at=  2.51103e-02
stdout shunt_current_min   =  -1.24768e-21 at=  3.21211e-03
stdout secondary_rms       =  1.05722e-01 from=  1.00000e-01 to=  1.20000e-01
