stdout Note: No compatibility mode selected!
stdout Circuit: jlc-3 u20 startup; engineering averaged controller, not ti vendor model
stdout Doing analysis at TEMP = 27.000000 and TNOM = 27.000000
stdout Using KLU as Direct Linear Solver
stdout Operating point simulation skipped by 'uic',
stdout now using transient initial conditions.
 Reference value :  1.76745e-02
 Reference value :  3.74885e-02
 Reference value :  5.74645e-02
 Reference value :  7.67545e-02
 Reference value :  9.62865e-02
 Reference value :  1.16120e-01
stdout No. of Data Rows : 60087
stdout sim_end = 1.200000000000e-01
stdout output_peak         =  5.12445e+00 at=  7.27047e-03
stdout output_floor        =  0.00000e+00 at=  4.00000e-08
stdout settled_min         =  4.94308e+00 at=  1.19998e-01
stdout settled_max         =  4.94308e+00 at=  1.20000e-01
stdout step_min            =  4.94308e+00 at=  6.49985e-02
stdout step_max            =  4.94401e+00 at=  2.40005e-02
stdout input_min           =  1.10765e+01 at=  1.10996e-01
stdout inductor_average_peak=  7.99201e+00 at=  5.93847e-03
stdout inductor_average_min=  -1.06472e-18 at=  2.33460e-03
stdout shunt_current_peak  =  3.83182e+00 at=  7.26247e-03
stdout shunt_current_min   =  -4.77970e-20 at=  2.33411e-03
stdout secondary_rms       =  2.70075e+00 from=  1.00000e-01 to=  1.20000e-01
