stdout Note: No compatibility mode selected!
stdout Circuit: jlc-3 u20 loss_restart; engineering averaged controller, not ti vendor model
stdout Doing analysis at TEMP = 27.000000 and TNOM = 27.000000
stdout Using KLU as Direct Linear Solver
stdout Operating point simulation skipped by 'uic',
stdout now using transient initial conditions.
 Reference value :  6.38465e-03
 Reference value :  2.39846e-02
 Reference value :  4.15550e-02
 Reference value :  6.18670e-02
 Reference value :  8.25210e-02
 Reference value :  1.00822e-01
 Reference value :  1.19380e-01
stdout No. of Data Rows : 60411
stdout sim_end = 1.200000000000e-01
stdout output_peak         =  5.12449e+00 at=  8.14865e-03
stdout output_floor        =  0.00000e+00 at=  4.00000e-08
stdout settled_min         =  4.94257e+00 at=  1.20000e-01
stdout settled_max         =  4.94409e+00 at=  1.05000e-01
stdout step_min            =  4.06861e-28 at=  6.49990e-02
stdout step_max            =  4.94433e+00 at=  2.40006e-02
stdout input_min           =  8.03338e+00 at=  1.12792e-01
stdout inductor_average_peak=  7.99201e+00 at=  8.86041e-02
stdout inductor_average_min=  -1.14460e-18 at=  3.21277e-03
stdout shunt_current_peak  =  3.83182e+00 at=  8.14065e-03
stdout shunt_current_min   =  -4.77970e-20 at=  8.49992e-02
stdout secondary_rms       =  3.53874e+00 from=  1.00000e-01 to=  1.20000e-01
