stdout Note: No compatibility mode selected!
stdout Circuit: jlc-3 u20 prebiased; engineering averaged controller, not ti vendor model
stdout Doing analysis at TEMP = 27.000000 and TNOM = 27.000000
stdout Using KLU as Direct Linear Solver
stdout Operating point simulation skipped by 'uic',
stdout now using transient initial conditions.
 Reference value :  2.45392e-03
 Reference value :  2.20279e-02
 Reference value :  4.05614e-02
 Reference value :  6.01574e-02
 Reference value :  7.90014e-02
 Reference value :  9.87234e-02
 Reference value :  1.18419e-01
stdout No. of Data Rows : 60223
stdout sim_end = 1.200000000000e-01
stdout output_peak         =  4.99978e+00 at=  2.00000e-08
stdout output_floor        =  4.26512e+00 at=  2.86281e-02
stdout settled_min         =  4.94311e+00 at=  1.07875e-01
stdout settled_max         =  4.94311e+00 at=  1.05005e-01
stdout step_min            =  4.26512e+00 at=  2.86281e-02
stdout step_max            =  4.96059e+00 at=  2.91883e-02
stdout input_min           =  1.31217e+01 at=  1.14259e-01
stdout inductor_average_peak=  1.27221e+00 at=  2.87565e-02
stdout inductor_average_min=  -3.08791e-319 at=  1.94792e-03
stdout shunt_current_peak  =  1.25532e+00 at=  2.87565e-02
stdout shunt_current_min   =  -2.25677e-04 at=  2.00000e-06
stdout secondary_rms       =  8.05771e-02 from=  1.00000e-01 to=  1.20000e-01
