stdout Note: No compatibility mode selected!
stdout Circuit: jlc-3 u21 prebiased; engineering averaged controller, not ti vendor model
stdout Doing analysis at TEMP = 27.000000 and TNOM = 27.000000
stdout Using KLU as Direct Linear Solver
stdout Operating point simulation skipped by 'uic',
stdout now using transient initial conditions.
 Reference value :  3.12192e-03
 Reference value :  2.25819e-02
 Reference value :  4.03951e-02
 Reference value :  5.92591e-02
 Reference value :  7.83811e-02
 Reference value :  9.36631e-02
 Reference value :  1.11009e-01
stdout No. of Data Rows : 60188
stdout sim_end = 1.200000000000e-01
stdout output_peak         =  1.19997e+01 at=  2.00000e-08
stdout output_floor        =  1.11740e+01 at=  3.19948e-02
stdout settled_min         =  1.18632e+01 at=  1.18861e-01
stdout settled_max         =  1.18633e+01 at=  1.05001e-01
stdout step_min            =  1.11740e+01 at=  3.19948e-02
stdout step_max            =  1.19574e+01 at=  3.24915e-02
stdout input_min           =  1.17007e+01 at=  1.10519e-01
stdout inductor_average_peak=  5.02033e+00 at=  3.22555e-02
stdout inductor_average_min=  -3.08791e-319 at=  3.46423e-02
stdout shunt_current_peak  =  1.49627e+00 at=  3.20915e-02
stdout shunt_current_min   =  1.71643e-04 at=  2.00000e-06
stdout secondary_rms       =  8.27188e+00 from=  1.00000e-01 to=  1.20000e-01
