stdout Note: No compatibility mode selected!
stdout Circuit: jlc-3 u21 startup; engineering averaged controller, not ti vendor model
stdout Doing analysis at TEMP = 27.000000 and TNOM = 27.000000
stdout Using KLU as Direct Linear Solver
stdout Operating point simulation skipped by 'uic',
stdout now using transient initial conditions.
 Reference value :  1.44262e-02
 Reference value :  3.48122e-02
 Reference value :  5.49022e-02
 Reference value :  7.49862e-02
 Reference value :  9.49022e-02
 Reference value :  1.15208e-01
stdout No. of Data Rows : 60102
stdout sim_end = 1.200000000000e-01
stdout output_peak         =  1.22418e+01 at=  1.61642e-02
stdout output_floor        =  0.00000e+00 at=  2.00000e-08
stdout settled_min         =  1.18645e+01 at=  1.20000e-01
stdout settled_max         =  1.18649e+01 at=  1.05000e-01
stdout step_min            =  1.18738e+01 at=  6.49982e-02
stdout step_max            =  1.20453e+01 at=  2.40002e-02
stdout input_min           =  1.39162e+01 at=  1.12506e-01
stdout inductor_average_peak=  7.99201e+00 at=  6.87421e-03
stdout inductor_average_min=  -7.94955e-19 at=  3.27227e-03
stdout shunt_current_peak  =  1.50413e+00 at=  1.61302e-02
stdout shunt_current_min   =  -2.96596e-21 at=  3.27211e-03
stdout secondary_rms       =  1.13229e+01 from=  1.00000e-01 to=  1.20000e-01
