stdout Note: No compatibility mode selected!
stdout Circuit: jlc-3 u21 load_step; engineering averaged controller, not ti vendor model
stdout Doing analysis at TEMP = 27.000000 and TNOM = 27.000000
stdout Using KLU as Direct Linear Solver
stdout Operating point simulation skipped by 'uic',
stdout now using transient initial conditions.
 Reference value :  1.48798e-02
 Reference value :  3.35673e-02
 Reference value :  5.23613e-02
 Reference value :  7.08183e-02
 Reference value :  8.89923e-02
 Reference value :  1.07922e-01
stdout No. of Data Rows : 60199
stdout sim_end = 1.200000000000e-01
stdout output_peak         =  1.21845e+01 at=  1.02195e-02
stdout output_floor        =  0.00000e+00 at=  2.00000e-08
stdout settled_min         =  1.18643e+01 at=  1.20000e-01
stdout settled_max         =  1.18652e+01 at=  1.05000e-01
stdout step_min            =  1.18667e+01 at=  5.21133e-02
stdout step_max            =  1.19455e+01 at=  2.40004e-02
stdout input_min           =  1.17007e+01 at=  1.10518e-01
stdout inductor_average_peak=  7.99201e+00 at=  7.19947e-03
stdout inductor_average_min=  -1.42919e-18 at=  3.59755e-03
stdout shunt_current_peak  =  1.49631e+00 at=  3.69572e-03
stdout shunt_current_min   =  -1.21528e-22 at=  3.59611e-03
stdout secondary_rms       =  8.27191e+00 from=  1.00000e-01 to=  1.20000e-01
