stdout Note: No compatibility mode selected!
stdout Circuit: jlc-3 u21 startup; engineering averaged controller, not ti vendor model
stdout Doing analysis at TEMP = 27.000000 and TNOM = 27.000000
stdout Using KLU as Direct Linear Solver
stdout Operating point simulation skipped by 'uic',
stdout now using transient initial conditions.
 Reference value :  1.16101e-02
 Reference value :  3.27161e-02
 Reference value :  5.22261e-02
 Reference value :  7.27321e-02
 Reference value :  9.30421e-02
 Reference value :  1.13222e-01
stdout No. of Data Rows : 60063
stdout sim_end = 1.200000000000e-01
stdout output_peak         =  1.22402e+01 at=  1.57861e-02
stdout output_floor        =  0.00000e+00 at=  2.00000e-08
stdout settled_min         =  1.18630e+01 at=  1.20000e-01
stdout settled_max         =  1.18633e+01 at=  1.05000e-01
stdout step_min            =  1.18720e+01 at=  6.49981e-02
stdout step_max            =  1.20389e+01 at=  2.40001e-02
stdout input_min           =  1.41508e+01 at=  1.10462e-01
stdout inductor_average_peak=  7.99201e+00 at=  1.53521e-02
stdout inductor_average_min=  -8.56476e-19 at=  2.89446e-03
stdout shunt_current_peak  =  1.50413e+00 at=  1.57501e-02
stdout shunt_current_min   =  -2.95245e-21 at=  2.89410e-03
stdout secondary_rms       =  1.09588e+01 from=  1.00000e-01 to=  1.20000e-01
