stdout Note: No compatibility mode selected!
stdout Circuit: jlc-3 u21 prebiased; engineering averaged controller, not ti vendor model
stdout Doing analysis at TEMP = 27.000000 and TNOM = 27.000000
stdout Using KLU as Direct Linear Solver
stdout Operating point simulation skipped by 'uic',
stdout now using transient initial conditions.
 Reference value :  5.42992e-03
 Reference value :  2.50002e-02
 Reference value :  4.38253e-02
 Reference value :  6.39333e-02
 Reference value :  8.35033e-02
 Reference value :  1.03601e-01
stdout No. of Data Rows : 60186
stdout sim_end = 1.200000000000e-01
stdout output_peak         =  1.19997e+01 at=  2.00000e-08
stdout output_floor        =  1.12357e+01 at=  2.96016e-02
stdout settled_min         =  1.18624e+01 at=  1.20000e-01
stdout settled_max         =  1.18624e+01 at=  1.05001e-01
stdout step_min            =  1.12357e+01 at=  2.96016e-02
stdout step_max            =  1.19470e+01 at=  3.00733e-02
stdout input_min           =  1.42446e+01 at=  1.12577e-01
stdout inductor_average_peak=  4.66992e+00 at=  2.98433e-02
stdout inductor_average_min=  -3.08791e-319 at=  3.22224e-02
stdout shunt_current_peak  =  1.49621e+00 at=  2.97062e-02
stdout shunt_current_min   =  1.71643e-04 at=  2.00000e-06
stdout secondary_rms       =  1.05752e+01 from=  1.00000e-01 to=  1.20000e-01
