stdout Note: No compatibility mode selected!
stdout Circuit: jlc-3 u21 load_step; engineering averaged controller, not ti vendor model
stdout Doing analysis at TEMP = 27.000000 and TNOM = 27.000000
stdout Using KLU as Direct Linear Solver
stdout Operating point simulation skipped by 'uic',
stdout now using transient initial conditions.
 Reference value :  1.24972e-02
 Reference value :  2.98991e-02
 Reference value :  4.81931e-02
 Reference value :  6.63750e-02
 Reference value :  8.43790e-02
 Reference value :  1.02717e-01
stdout No. of Data Rows : 60129
stdout sim_end = 1.200000000000e-01
stdout output_peak         =  1.21867e+01 at=  1.06409e-02
stdout output_floor        =  0.00000e+00 at=  2.00000e-08
stdout settled_min         =  1.18631e+01 at=  1.20000e-01
stdout settled_max         =  1.18639e+01 at=  1.05001e-01
stdout step_min            =  1.18651e+01 at=  5.24851e-02
stdout step_max            =  1.19468e+01 at=  2.40002e-02
stdout input_min           =  1.15246e+01 at=  1.12577e-01
stdout inductor_average_peak=  7.99201e+00 at=  1.03829e-02
stdout inductor_average_min=  -1.23658e-18 at=  4.02132e-03
stdout shunt_current_peak  =  1.49610e+00 at=  4.11889e-03
stdout shunt_current_min   =  -1.21293e-22 at=  4.02011e-03
stdout secondary_rms       =  8.57254e+00 from=  1.00000e-01 to=  1.20000e-01
