stdout Note: No compatibility mode selected!
stdout Circuit: jlc-3 u21 loss_restart; engineering averaged controller, not ti vendor model
stdout Doing analysis at TEMP = 27.000000 and TNOM = 27.000000
stdout Using KLU as Direct Linear Solver
stdout Operating point simulation skipped by 'uic',
stdout now using transient initial conditions.
 Reference value :  1.06193e-02
 Reference value :  2.99721e-02
 Reference value :  4.94340e-02
 Reference value :  6.97680e-02
 Reference value :  9.01718e-02
 Reference value :  1.10240e-01
stdout No. of Data Rows : 60523
stdout sim_end = 1.200000000000e-01
stdout output_peak         =  1.22625e+01 at=  1.05606e-01
stdout output_floor        =  -3.43741e-14 at=  8.66794e-02
stdout settled_min         =  1.17103e+01 at=  1.05002e-01
stdout settled_max         =  1.22625e+01 at=  1.05606e-01
stdout step_min            =  9.12943e-25 at=  6.50000e-02
stdout step_max            =  1.20565e+01 at=  2.40013e-02
stdout input_min           =  1.09830e+01 at=  1.12436e-01
stdout inductor_average_peak=  7.99201e+00 at=  9.63099e-02
stdout inductor_average_min=  -1.23658e-18 at=  4.02132e-03
stdout shunt_current_peak  =  1.50413e+00 at=  1.05572e-01
stdout shunt_current_min   =  -1.82024e-12 at=  8.66794e-02
stdout secondary_rms       =  1.02147e+01 from=  1.00000e-01 to=  1.20000e-01
