stdout Note: No compatibility mode selected!
stdout Circuit: jlc-3 u21 startup; engineering averaged controller, not ti vendor model
stdout Doing analysis at TEMP = 27.000000 and TNOM = 27.000000
stdout Using KLU as Direct Linear Solver
stdout Operating point simulation skipped by 'uic',
stdout now using transient initial conditions.
 Reference value :  1.46910e-02
 Reference value :  3.37670e-02
 Reference value :  5.30630e-02
 Reference value :  7.27170e-02
 Reference value :  9.21350e-02
 Reference value :  1.11303e-01
stdout No. of Data Rows : 60137
stdout sim_end = 1.200000000000e-01
stdout output_peak         =  1.22376e+01 at=  1.64890e-02
stdout output_floor        =  0.00000e+00 at=  2.00000e-08
stdout settled_min         =  1.18630e+01 at=  1.18773e-01
stdout settled_max         =  1.18657e+01 at=  1.11077e-01
stdout step_min            =  1.18747e+01 at=  6.49990e-02
stdout step_max            =  1.20505e+01 at=  2.40010e-02
stdout input_min           =  1.13135e+01 at=  1.10433e-01
stdout inductor_average_peak=  7.99201e+00 at=  7.20102e-03
stdout inductor_average_min=  -1.42919e-18 at=  3.59755e-03
stdout shunt_current_peak  =  1.50413e+00 at=  1.64490e-02
stdout shunt_current_min   =  -2.94570e-21 at=  3.59611e-03
stdout secondary_rms       =  9.20598e+00 from=  1.00000e-01 to=  1.20000e-01
