stdout Note: No compatibility mode selected!
stdout Circuit: jlc-3 u21 loss_restart; engineering averaged controller, not ti vendor model
stdout Doing analysis at TEMP = 27.000000 and TNOM = 27.000000
stdout Using KLU as Direct Linear Solver
stdout Operating point simulation skipped by 'uic',
stdout now using transient initial conditions.
 Reference value :  1.75261e-02
 Reference value :  3.56221e-02
 Reference value :  5.37685e-02
 Reference value :  7.32185e-02
 Reference value :  9.24037e-02
 Reference value :  1.10924e-01
stdout No. of Data Rows : 60211
stdout sim_end = 1.200000000000e-01
stdout output_peak         =  1.22434e+01 at=  9.90197e-02
stdout output_floor        =  0.00000e+00 at=  2.00000e-08
stdout settled_min         =  1.19348e+01 at=  1.20000e-01
stdout settled_max         =  1.20722e+01 at=  1.05002e-01
stdout step_min            =  1.08010e-24 at=  6.49985e-02
stdout step_max            =  1.20389e+01 at=  2.40001e-02
stdout input_min           =  1.40005e+01 at=  1.10434e-01
stdout inductor_average_peak=  7.99201e+00 at=  8.97277e-02
stdout inductor_average_min=  -8.56476e-19 at=  2.89446e-03
stdout shunt_current_peak  =  1.50413e+00 at=  9.89837e-02
stdout shunt_current_min   =  -3.81808e-19 at=  8.61245e-02
stdout secondary_rms       =  1.15985e+01 from=  1.00000e-01 to=  1.20000e-01
