stdout Note: No compatibility mode selected!
stdout Circuit: jlc-3 u21 load_step; engineering averaged controller, not ti vendor model
stdout Doing analysis at TEMP = 27.000000 and TNOM = 27.000000
stdout Using KLU as Direct Linear Solver
stdout Operating point simulation skipped by 'uic',
stdout now using transient initial conditions.
 Reference value :  3.93920e-04
 Reference value :  2.01912e-02
 Reference value :  3.93713e-02
 Reference value :  5.85688e-02
 Reference value :  7.77888e-02
 Reference value :  9.70348e-02
 Reference value :  1.16269e-01
stdout No. of Data Rows : 60167
stdout sim_end = 1.200000000000e-01
stdout output_peak         =  1.21947e+01 at=  9.88978e-03
stdout output_floor        =  0.00000e+00 at=  2.00000e-08
stdout settled_min         =  1.18627e+01 at=  1.20000e-01
stdout settled_max         =  1.18635e+01 at=  1.05001e-01
stdout step_min            =  1.18660e+01 at=  5.49993e-02
stdout step_max            =  1.19419e+01 at=  2.40012e-02
stdout input_min           =  1.42446e+01 at=  1.12577e-01
stdout inductor_average_peak=  7.99201e+00 at=  9.63378e-03
stdout inductor_average_min=  -7.94955e-19 at=  3.27227e-03
stdout shunt_current_peak  =  1.49604e+00 at=  3.36978e-03
stdout shunt_current_min   =  -1.21057e-22 at=  3.27211e-03
stdout secondary_rms       =  1.05752e+01 from=  1.00000e-01 to=  1.20000e-01
