stdout Note: No compatibility mode selected!
stdout Circuit: jlc-3 u21 prebiased; engineering averaged controller, not ti vendor model
stdout Doing analysis at TEMP = 27.000000 and TNOM = 27.000000
stdout Using KLU as Direct Linear Solver
stdout Operating point simulation skipped by 'uic',
stdout now using transient initial conditions.
 Reference value :  9.36992e-03
 Reference value :  2.88622e-02
 Reference value :  4.77638e-02
 Reference value :  6.73078e-02
 Reference value :  8.73438e-02
 Reference value :  1.07112e-01
stdout No. of Data Rows : 60152
stdout sim_end = 1.200000000000e-01
stdout output_peak         =  1.19997e+01 at=  2.00000e-08
stdout output_floor        =  1.10628e+01 at=  3.63076e-02
stdout settled_min         =  1.18634e+01 at=  1.12586e-01
stdout settled_max         =  1.18635e+01 at=  1.05002e-01
stdout step_min            =  1.10628e+01 at=  3.63076e-02
stdout step_max            =  1.19704e+01 at=  3.68611e-02
stdout input_min           =  1.15246e+01 at=  1.12578e-01
stdout inductor_average_peak=  5.79920e+00 at=  3.66031e-02
stdout inductor_average_min=  -3.08791e-319 at=  3.90121e-02
stdout shunt_current_peak  =  1.49652e+00 at=  3.64011e-02
stdout shunt_current_min   =  1.71643e-04 at=  2.00000e-06
stdout secondary_rms       =  8.57252e+00 from=  1.00000e-01 to=  1.20000e-01
