stdout Note: No compatibility mode selected!
stdout Circuit: jlc-3 u21 prebiased; engineering averaged controller, not ti vendor model
stdout Doing analysis at TEMP = 27.000000 and TNOM = 27.000000
stdout Using KLU as Direct Linear Solver
stdout Operating point simulation skipped by 'uic',
stdout now using transient initial conditions.
 Reference value :  9.82992e-03
 Reference value :  2.93172e-02
 Reference value :  4.86191e-02
 Reference value :  6.73811e-02
 Reference value :  8.71271e-02
 Reference value :  1.07359e-01
stdout No. of Data Rows : 60146
stdout sim_end = 1.200000000000e-01
stdout output_peak         =  1.19997e+01 at=  2.00000e-08
stdout output_floor        =  1.11920e+01 at=  3.12964e-02
stdout settled_min         =  1.18636e+01 at=  1.20000e-01
stdout settled_max         =  1.18636e+01 at=  1.05001e-01
stdout step_min            =  1.11920e+01 at=  3.12964e-02
stdout step_max            =  1.19633e+01 at=  3.17783e-02
stdout input_min           =  1.44622e+01 at=  1.10519e-01
stdout inductor_average_peak=  4.81916e+00 at=  3.15523e-02
stdout inductor_average_min=  -3.08791e-319 at=  3.39286e-02
stdout shunt_current_peak  =  1.49609e+00 at=  3.13903e-02
stdout shunt_current_min   =  1.71643e-04 at=  2.00000e-06
stdout secondary_rms       =  1.02080e+01 from=  1.00000e-01 to=  1.20000e-01
