stdout Note: No compatibility mode selected!
stdout Circuit: jlc-3 u21 startup; engineering averaged controller, not ti vendor model
stdout Doing analysis at TEMP = 27.000000 and TNOM = 27.000000
stdout Using KLU as Direct Linear Solver
stdout Operating point simulation skipped by 'uic',
stdout now using transient initial conditions.
 Reference value :  1.34193e-02
 Reference value :  3.36453e-02
 Reference value :  5.39693e-02
 Reference value :  7.42673e-02
 Reference value :  9.46473e-02
 Reference value :  1.13725e-01
stdout No. of Data Rows : 60066
stdout sim_end = 1.200000000000e-01
stdout output_peak         =  1.22422e+01 at=  1.69133e-02
stdout output_floor        =  0.00000e+00 at=  2.00000e-08
stdout settled_min         =  1.18625e+01 at=  1.12477e-01
stdout settled_max         =  1.18659e+01 at=  1.13401e-01
stdout step_min            =  1.18742e+01 at=  6.24953e-02
stdout step_max            =  1.20565e+01 at=  2.40013e-02
stdout input_min           =  1.11164e+01 at=  1.12471e-01
stdout inductor_average_peak=  7.99201e+00 at=  7.62332e-03
stdout inductor_average_min=  -1.23658e-18 at=  4.02132e-03
stdout shunt_current_peak  =  1.50413e+00 at=  1.68793e-02
stdout shunt_current_min   =  -2.94570e-21 at=  4.02011e-03
stdout secondary_rms       =  9.50262e+00 from=  1.00000e-01 to=  1.20000e-01
