stdout Note: No compatibility mode selected!
stdout Circuit: jlc-3 u21 load_step; engineering averaged controller, not ti vendor model
stdout Doing analysis at TEMP = 27.000000 and TNOM = 27.000000
stdout Using KLU as Direct Linear Solver
stdout Operating point simulation skipped by 'uic',
stdout now using transient initial conditions.
 Reference value :  5.94337e-03
 Reference value :  2.35367e-02
 Reference value :  4.06496e-02
 Reference value :  5.82992e-02
 Reference value :  7.62632e-02
 Reference value :  9.41452e-02
 Reference value :  1.11905e-01
stdout No. of Data Rows : 60132
stdout sim_end = 1.200000000000e-01
stdout output_peak         =  1.21941e+01 at=  9.51112e-03
stdout output_floor        =  0.00000e+00 at=  2.00000e-08
stdout settled_min         =  1.18630e+01 at=  1.20000e-01
stdout settled_max         =  1.18638e+01 at=  1.05001e-01
stdout step_min            =  1.18660e+01 at=  5.49996e-02
stdout step_max            =  1.19401e+01 at=  2.40007e-02
stdout input_min           =  1.44622e+01 at=  1.10519e-01
stdout inductor_average_peak=  7.99201e+00 at=  6.49712e-03
stdout inductor_average_min=  -8.56476e-19 at=  2.89446e-03
stdout shunt_current_peak  =  1.49619e+00 at=  2.99337e-03
stdout shunt_current_min   =  -1.21293e-22 at=  2.89410e-03
stdout secondary_rms       =  1.02080e+01 from=  1.00000e-01 to=  1.20000e-01
