stdout Note: No compatibility mode selected!
stdout Circuit: rom raw-write replay channel 9; bus.csv
stdout Doing analysis at TEMP = 27.000000 and TNOM = 27.000000
stdout Using SPARSE 1.3 as Direct Linear Solver
stdout Initial Transient Solution
stdout --------------------------
stdout Node                                   Voltage
stdout ----                                   -------
stdout rail                                        86
stdout cmd                                          0
stdout gateinput                                    0
stdout gate                                         0
stdout drain                                       86
stdout drainq                                      86
stdout coil                                        86
stdout diode                                       86
stdout lcoil#branch                      -1.17162e-09
stdout vdiode#branch                      1.92088e-13
stdout vsense#branch                      1.17143e-09
stdout vcmd#branch                                  0
stdout vrail#branch                      -1.17162e-09
 Reference value :  4.46730e-02
 Reference value :  2.26458e-01
 Reference value :  3.91593e-01
 Reference value :  5.53928e-01
 Reference value :  7.39038e-01
 Reference value :  9.06888e-01
 Reference value :  1.07159e+00
 Reference value :  1.23826e+00
 Reference value :  1.40911e+00
 Reference value :  1.58496e+00
 Reference value :  1.77971e+00
 Reference value :  1.96192e+00
 Reference value :  2.12730e+00
 Reference value :  2.30483e+00
 Reference value :  2.49981e+00
 Reference value :  2.65942e+00
 Reference value :  2.83385e+00
 Reference value :  3.01505e+00
 Reference value :  3.20208e+00
 Reference value :  3.39890e+00
 Reference value :  3.59617e+00
 Reference value :  3.79420e+00
 Reference value :  3.99098e+00
 Reference value :  4.18292e+00
 Reference value :  4.38119e+00
 Reference value :  4.57395e+00
 Reference value :  4.76526e+00
 Reference value :  4.96180e+00
 Reference value :  5.15775e+00
 Reference value :  5.35800e+00
 Reference value :  5.55996e+00
 Reference value :  5.75937e+00
 Reference value :  5.95768e+00
 Reference value :  6.15746e+00
 Reference value :  6.35599e+00
 Reference value :  6.55138e+00
 Reference value :  6.75277e+00
 Reference value :  6.94697e+00
 Reference value :  7.14255e+00
 Reference value :  7.33627e+00
 Reference value :  7.53268e+00
 Reference value :  7.72041e+00
 Reference value :  7.90921e+00
 Reference value :  8.10288e+00
 Reference value :  8.29609e+00
 Reference value :  8.49152e+00
 Reference value :  8.68728e+00
 Reference value :  8.88213e+00
 Reference value :  9.07818e+00
 Reference value :  9.27280e+00
 Reference value :  9.46894e+00
 Reference value :  9.66263e+00
 Reference value :  9.85927e+00
 Reference value :  1.00469e+01
stdout No. of Data Rows : 2046152
stdout sim_end = 1.023000000000e+01
stdout vds_peak            =  8.72341e+01 at=  1.02000e+01
stdout vgs_peak            =  4.44129e+00 at=  1.01684e+01
stdout p_avg               =  5.56132e-03 from=  2.00000e-01 to=  1.02000e+01
stdout id_avg              =  2.32619e-03 from=  2.00000e-01 to=  1.02000e+01
stdout i_peak              =  8.84155e+00 at=  9.11676e+00
stdout coil_peak           =  8.83637e+00 at=  9.11677e+00
stdout tj_repeating = 5.034480177800e+01
