stdout Note: No compatibility mode selected!
stdout Circuit: rom raw-write replay channel 1; bus.csv
stdout Doing analysis at TEMP = 27.000000 and TNOM = 27.000000
stdout Using SPARSE 1.3 as Direct Linear Solver
stdout Initial Transient Solution
stdout --------------------------
stdout Node                                   Voltage
stdout ----                                   -------
stdout rail                                        86
stdout cmd                                          0
stdout gateinput                                    0
stdout gate                                         0
stdout drain                                       86
stdout drainq                                      86
stdout coil                                        86
stdout diode                                       86
stdout lcoil#branch                      -1.17131e-09
stdout vdiode#branch                     -1.23872e-13
stdout vsense#branch                      1.17143e-09
stdout vcmd#branch                                  0
stdout vrail#branch                      -1.17131e-09
 Reference value :  0.00000e+00
 Reference value :  2.08423e-01
 Reference value :  4.16893e-01
 Reference value :  6.23913e-01
 Reference value :  8.32003e-01
 Reference value :  1.03632e+00
 Reference value :  1.24196e+00
 Reference value :  1.44810e+00
 Reference value :  1.65167e+00
 Reference value :  1.85691e+00
 Reference value :  2.06112e+00
 Reference value :  2.26897e+00
 Reference value :  2.47670e+00
 Reference value :  2.68231e+00
 Reference value :  2.88638e+00
 Reference value :  3.08753e+00
 Reference value :  3.29128e+00
 Reference value :  3.49675e+00
 Reference value :  3.70258e+00
 Reference value :  3.86760e+00
 Reference value :  4.04001e+00
 Reference value :  4.20705e+00
 Reference value :  4.37240e+00
 Reference value :  4.53957e+00
 Reference value :  4.70836e+00
 Reference value :  4.87535e+00
 Reference value :  5.04195e+00
 Reference value :  5.20622e+00
 Reference value :  5.38437e+00
 Reference value :  5.54797e+00
 Reference value :  5.71121e+00
 Reference value :  5.88217e+00
 Reference value :  6.06227e+00
 Reference value :  6.23610e+00
 Reference value :  6.41524e+00
 Reference value :  6.57915e+00
 Reference value :  6.74421e+00
 Reference value :  6.91126e+00
 Reference value :  7.05612e+00
 Reference value :  7.19557e+00
 Reference value :  7.33919e+00
 Reference value :  7.49747e+00
 Reference value :  7.66433e+00
 Reference value :  7.83123e+00
 Reference value :  8.00205e+00
 Reference value :  8.17086e+00
 Reference value :  8.33505e+00
 Reference value :  8.49956e+00
 Reference value :  8.66294e+00
 Reference value :  8.83104e+00
 Reference value :  8.99920e+00
 Reference value :  9.17143e+00
 Reference value :  9.33743e+00
 Reference value :  9.50156e+00
 Reference value :  9.66302e+00
 Reference value :  9.82710e+00
 Reference value :  9.98083e+00
 Reference value :  1.01374e+01
stdout No. of Data Rows : 2047732
stdout sim_end = 1.023000000000e+01
stdout vds_peak            =  8.76898e+01 at=  1.02000e+01
stdout vgs_peak            =  4.44127e+00 at=  1.01681e+01
stdout p_avg               =  6.98547e-02 from=  2.00000e-01 to=  1.02000e+01
stdout id_avg              =  2.20865e-02 from=  2.00000e-01 to=  1.02000e+01
stdout i_peak              =  2.26802e+01 at=  1.02000e+01
stdout coil_peak           =  2.26750e+01 at=  9.10023e+00
stdout tj_repeating = 5.433099140000e+01
