stdout Note: No compatibility mode selected!
stdout Circuit: rom raw-write replay channel 7; bus.csv
stdout Doing analysis at TEMP = 27.000000 and TNOM = 27.000000
stdout Using SPARSE 1.3 as Direct Linear Solver
stdout Initial Transient Solution
stdout --------------------------
stdout Node                                   Voltage
stdout ----                                   -------
stdout rail                                        86
stdout cmd                                          0
stdout gateinput                                    0
stdout gate                                         0
stdout drain                                       86
stdout drainq                                      86
stdout coil                                        86
stdout diode                                       86
stdout lcoil#branch                      -1.17131e-09
stdout vdiode#branch                     -1.23872e-13
stdout vsense#branch                      1.17143e-09
stdout vcmd#branch                                  0
stdout vrail#branch                      -1.17131e-09
 Reference value :  0.00000e+00
 Reference value :  1.94988e-01
 Reference value :  3.52342e-01
 Reference value :  4.99602e-01
 Reference value :  6.50232e-01
 Reference value :  7.84547e-01
 Reference value :  9.17852e-01
 Reference value :  1.05584e+00
 Reference value :  1.18419e+00
 Reference value :  1.32523e+00
 Reference value :  1.46543e+00
 Reference value :  1.60224e+00
 Reference value :  1.73618e+00
 Reference value :  1.87358e+00
 Reference value :  2.03098e+00
 Reference value :  2.18343e+00
 Reference value :  2.33921e+00
 Reference value :  2.49458e+00
 Reference value :  2.64541e+00
 Reference value :  2.80167e+00
 Reference value :  2.95655e+00
 Reference value :  3.11648e+00
 Reference value :  3.28228e+00
 Reference value :  3.45626e+00
 Reference value :  3.64010e+00
 Reference value :  3.83022e+00
 Reference value :  4.01940e+00
 Reference value :  4.19998e+00
 Reference value :  4.38901e+00
 Reference value :  4.58269e+00
 Reference value :  4.77509e+00
 Reference value :  4.96949e+00
 Reference value :  5.16436e+00
 Reference value :  5.35771e+00
 Reference value :  5.54887e+00
 Reference value :  5.74111e+00
 Reference value :  5.93539e+00
 Reference value :  6.12756e+00
 Reference value :  6.31440e+00
 Reference value :  6.50803e+00
 Reference value :  6.70130e+00
 Reference value :  6.89550e+00
 Reference value :  7.08671e+00
 Reference value :  7.28200e+00
 Reference value :  7.47413e+00
 Reference value :  7.66903e+00
 Reference value :  7.86282e+00
 Reference value :  8.05834e+00
 Reference value :  8.24988e+00
 Reference value :  8.44341e+00
 Reference value :  8.63540e+00
 Reference value :  8.81055e+00
 Reference value :  8.97668e+00
 Reference value :  9.14196e+00
 Reference value :  9.30173e+00
 Reference value :  9.48321e+00
 Reference value :  9.66064e+00
 Reference value :  9.83129e+00
 Reference value :  9.99513e+00
 Reference value :  1.01638e+01
stdout No. of Data Rows : 2046882
stdout sim_end = 1.023000000000e+01
stdout vds_peak            =  8.76857e+01 at=  1.31531e+00
stdout vgs_peak            =  4.44127e+00 at=  2.00009e-01
stdout p_avg               =  3.55283e-02 from=  2.00000e-01 to=  1.02000e+01
stdout id_avg              =  1.65798e-02 from=  2.00000e-01 to=  1.02000e+01
stdout i_peak              =  2.26802e+01 at=  2.31908e-01
stdout coil_peak           =  2.26750e+01 at=  2.31913e-01
stdout tj_repeating = 5.220275398000e+01
