stdout Note: No compatibility mode selected!
stdout Circuit: rom raw-write replay channel 2; bus.csv
stdout Doing analysis at TEMP = 27.000000 and TNOM = 27.000000
stdout Using SPARSE 1.3 as Direct Linear Solver
stdout Initial Transient Solution
stdout --------------------------
stdout Node                                   Voltage
stdout ----                                   -------
stdout rail                                        86
stdout cmd                                          0
stdout gateinput                                    0
stdout gate                                         0
stdout drain                                       86
stdout drainq                                      86
stdout coil                                        86
stdout diode                                       86
stdout lcoil#branch                      -1.17131e-09
stdout vdiode#branch                     -1.23872e-13
stdout vsense#branch                      1.17143e-09
stdout vcmd#branch                                  0
stdout vrail#branch                      -1.17131e-09
 Reference value :  0.00000e+00
 Reference value :  1.97098e-01
 Reference value :  3.69548e-01
 Reference value :  5.39168e-01
 Reference value :  7.16728e-01
 Reference value :  8.88448e-01
 Reference value :  1.07501e+00
 Reference value :  1.24951e+00
 Reference value :  1.43558e+00
 Reference value :  1.62464e+00
 Reference value :  1.80749e+00
 Reference value :  1.99232e+00
 Reference value :  2.17565e+00
 Reference value :  2.36015e+00
 Reference value :  2.53036e+00
 Reference value :  2.70052e+00
 Reference value :  2.86909e+00
 Reference value :  3.03773e+00
 Reference value :  3.20789e+00
 Reference value :  3.38862e+00
 Reference value :  3.56591e+00
 Reference value :  3.75127e+00
 Reference value :  3.93415e+00
 Reference value :  4.10854e+00
 Reference value :  4.28077e+00
 Reference value :  4.44979e+00
 Reference value :  4.61883e+00
 Reference value :  4.78863e+00
 Reference value :  4.96460e+00
 Reference value :  5.14477e+00
 Reference value :  5.32121e+00
 Reference value :  5.49730e+00
 Reference value :  5.68565e+00
 Reference value :  5.86768e+00
 Reference value :  6.06257e+00
 Reference value :  6.25495e+00
 Reference value :  6.43983e+00
 Reference value :  6.63259e+00
 Reference value :  6.82035e+00
 Reference value :  7.00538e+00
 Reference value :  7.19170e+00
 Reference value :  7.38374e+00
 Reference value :  7.57086e+00
 Reference value :  7.75902e+00
 Reference value :  7.94731e+00
 Reference value :  8.13567e+00
 Reference value :  8.30313e+00
 Reference value :  8.47778e+00
 Reference value :  8.65454e+00
 Reference value :  8.83728e+00
 Reference value :  9.02944e+00
 Reference value :  9.23032e+00
 Reference value :  9.42274e+00
 Reference value :  9.61729e+00
 Reference value :  9.81759e+00
 Reference value :  1.00212e+01
 Reference value :  1.02208e+01
stdout No. of Data Rows : 2046458
stdout sim_end = 1.023000000000e+01
stdout vds_peak            =  8.76814e+01 at=  1.02000e+01
stdout vgs_peak            =  4.44127e+00 at=  1.01353e+01
stdout p_avg               =  3.86989e-02 from=  2.00000e-01 to=  1.02000e+01
stdout id_avg              =  1.67139e-05 from=  2.00000e-01 to=  1.02000e+01
stdout i_peak              =  2.26811e+01 at=  1.01955e+01
stdout coil_peak           =  2.26760e+01 at=  1.02000e+01
stdout tj_repeating = 5.239933242000e+01
