stdout Note: No compatibility mode selected!
stdout Circuit: rom raw-write replay channel 4; bus.csv
stdout Doing analysis at TEMP = 27.000000 and TNOM = 27.000000
stdout Using SPARSE 1.3 as Direct Linear Solver
stdout Initial Transient Solution
stdout --------------------------
stdout Node                                   Voltage
stdout ----                                   -------
stdout rail                                        86
stdout cmd                                          0
stdout gateinput                                    0
stdout gate                                         0
stdout drain                                       86
stdout drainq                                      86
stdout coil                                        86
stdout diode                                       86
stdout lcoil#branch                      -1.17131e-09
stdout vdiode#branch                     -1.23872e-13
stdout vsense#branch                      1.17143e-09
stdout vcmd#branch                                  0
stdout vrail#branch                      -1.17131e-09
 Reference value :  0.00000e+00
 Reference value :  1.88883e-01
 Reference value :  3.81198e-01
 Reference value :  5.64223e-01
 Reference value :  7.47713e-01
 Reference value :  9.36173e-01
 Reference value :  1.12199e+00
 Reference value :  1.31342e+00
 Reference value :  1.50084e+00
 Reference value :  1.69391e+00
 Reference value :  1.87773e+00
 Reference value :  2.06406e+00
 Reference value :  2.24953e+00
 Reference value :  2.44657e+00
 Reference value :  2.63456e+00
 Reference value :  2.82428e+00
 Reference value :  3.00619e+00
 Reference value :  3.18225e+00
 Reference value :  3.34954e+00
 Reference value :  3.54237e+00
 Reference value :  3.74016e+00
 Reference value :  3.94061e+00
 Reference value :  4.14079e+00
 Reference value :  4.33962e+00
 Reference value :  4.53915e+00
 Reference value :  4.72915e+00
 Reference value :  4.91998e+00
 Reference value :  5.11022e+00
 Reference value :  5.30518e+00
 Reference value :  5.50158e+00
 Reference value :  5.69488e+00
 Reference value :  5.88778e+00
 Reference value :  6.07933e+00
 Reference value :  6.26489e+00
 Reference value :  6.45156e+00
 Reference value :  6.63278e+00
 Reference value :  6.82853e+00
 Reference value :  6.99456e+00
 Reference value :  7.16228e+00
 Reference value :  7.34410e+00
 Reference value :  7.53110e+00
 Reference value :  7.70967e+00
 Reference value :  7.89711e+00
 Reference value :  8.07523e+00
 Reference value :  8.24498e+00
 Reference value :  8.42328e+00
 Reference value :  8.58620e+00
 Reference value :  8.75575e+00
 Reference value :  8.93623e+00
 Reference value :  9.09975e+00
 Reference value :  9.24320e+00
 Reference value :  9.38289e+00
 Reference value :  9.51678e+00
 Reference value :  9.65057e+00
 Reference value :  9.79219e+00
 Reference value :  9.93432e+00
 Reference value :  1.00691e+01
 Reference value :  1.02132e+01
stdout No. of Data Rows : 2046905
stdout sim_end = 1.023000000000e+01
stdout vds_peak            =  8.76917e+01 at=  9.11645e+00
stdout vgs_peak            =  4.44127e+00 at=  9.08573e+00
stdout p_avg               =  3.37735e-02 from=  2.00000e-01 to=  1.02000e+01
stdout id_avg              =  8.35512e-03 from=  2.00000e-01 to=  1.02000e+01
stdout i_peak              =  2.26798e+01 at=  9.11645e+00
stdout coil_peak           =  2.26746e+01 at=  1.02000e+01
stdout tj_repeating = 5.209395700000e+01
