stdout Note: No compatibility mode selected!
stdout Circuit: rom raw-write replay channel 8; bus.csv
stdout Doing analysis at TEMP = 27.000000 and TNOM = 27.000000
stdout Using SPARSE 1.3 as Direct Linear Solver
stdout Initial Transient Solution
stdout --------------------------
stdout Node                                   Voltage
stdout ----                                   -------
stdout rail                                        86
stdout cmd                                          0
stdout gateinput                                    0
stdout gate                                         0
stdout drain                                       86
stdout drainq                                      86
stdout coil                                        86
stdout diode                                       86
stdout lcoil#branch                      -1.17131e-09
stdout vdiode#branch                     -1.23872e-13
stdout vsense#branch                      1.17143e-09
stdout vcmd#branch                                  0
stdout vrail#branch                      -1.17131e-09
 Reference value :  1.33130e-02
 Reference value :  1.94763e-01
 Reference value :  3.70913e-01
 Reference value :  5.45108e-01
 Reference value :  7.33823e-01
 Reference value :  8.98828e-01
 Reference value :  1.07802e+00
 Reference value :  1.24357e+00
 Reference value :  1.42017e+00
 Reference value :  1.59142e+00
 Reference value :  1.76391e+00
 Reference value :  1.92426e+00
 Reference value :  2.10199e+00
 Reference value :  2.28909e+00
 Reference value :  2.45590e+00
 Reference value :  2.62276e+00
 Reference value :  2.78925e+00
 Reference value :  2.94987e+00
 Reference value :  3.13075e+00
 Reference value :  3.32012e+00
 Reference value :  3.51447e+00
 Reference value :  3.69519e+00
 Reference value :  3.86047e+00
 Reference value :  4.02714e+00
 Reference value :  4.18883e+00
 Reference value :  4.34680e+00
 Reference value :  4.53501e+00
 Reference value :  4.72774e+00
 Reference value :  4.89486e+00
 Reference value :  5.06138e+00
 Reference value :  5.22533e+00
 Reference value :  5.39448e+00
 Reference value :  5.55401e+00
 Reference value :  5.71959e+00
 Reference value :  5.88899e+00
 Reference value :  6.07364e+00
 Reference value :  6.24031e+00
 Reference value :  6.40539e+00
 Reference value :  6.56306e+00
 Reference value :  6.72031e+00
 Reference value :  6.88440e+00
 Reference value :  7.05087e+00
 Reference value :  7.22528e+00
 Reference value :  7.39767e+00
 Reference value :  7.57564e+00
 Reference value :  7.74652e+00
 Reference value :  7.91801e+00
 Reference value :  8.09607e+00
 Reference value :  8.27056e+00
 Reference value :  8.44240e+00
 Reference value :  8.61793e+00
 Reference value :  8.79516e+00
 Reference value :  8.97429e+00
 Reference value :  9.15336e+00
 Reference value :  9.30993e+00
 Reference value :  9.45109e+00
 Reference value :  9.58230e+00
 Reference value :  9.73293e+00
 Reference value :  9.88025e+00
 Reference value :  1.00310e+01
 Reference value :  1.01977e+01
stdout No. of Data Rows : 2046887
stdout sim_end = 1.023000000000e+01
stdout vds_peak            =  8.76857e+01 at=  9.11661e+00
stdout vgs_peak            =  4.44127e+00 at=  1.01693e+01
stdout p_avg               =  3.37679e-02 from=  2.00000e-01 to=  1.02000e+01
stdout id_avg              =  7.36069e-03 from=  2.00000e-01 to=  1.02000e+01
stdout i_peak              =  2.26798e+01 at=  9.11661e+00
stdout coil_peak           =  2.26746e+01 at=  9.11661e+00
stdout tj_repeating = 5.209361228000e+01
