stdout Note: No compatibility mode selected!
stdout Circuit: rom raw-write replay channel 3; bus.csv
stdout Doing analysis at TEMP = 27.000000 and TNOM = 27.000000
stdout Using SPARSE 1.3 as Direct Linear Solver
stdout Initial Transient Solution
stdout --------------------------
stdout Node                                   Voltage
stdout ----                                   -------
stdout rail                                        86
stdout cmd                                          0
stdout gateinput                                    0
stdout gate                                         0
stdout drain                                       86
stdout drainq                                      86
stdout coil                                        86
stdout diode                                       86
stdout lcoil#branch                      -1.17131e-09
stdout vdiode#branch                     -1.23872e-13
stdout vsense#branch                      1.17143e-09
stdout vcmd#branch                                  0
stdout vrail#branch                      -1.17131e-09
 Reference value :  1.08453e-01
 Reference value :  2.84103e-01
 Reference value :  4.80733e-01
 Reference value :  6.70808e-01
 Reference value :  8.51763e-01
 Reference value :  1.04625e+00
 Reference value :  1.23416e+00
 Reference value :  1.42471e+00
 Reference value :  1.61821e+00
 Reference value :  1.79684e+00
 Reference value :  1.96245e+00
 Reference value :  2.13788e+00
 Reference value :  2.32807e+00
 Reference value :  2.50122e+00
 Reference value :  2.68037e+00
 Reference value :  2.87209e+00
 Reference value :  3.03799e+00
 Reference value :  3.20989e+00
 Reference value :  3.39441e+00
 Reference value :  3.57252e+00
 Reference value :  3.76213e+00
 Reference value :  3.95491e+00
 Reference value :  4.14865e+00
 Reference value :  4.34138e+00
 Reference value :  4.53548e+00
 Reference value :  4.71247e+00
 Reference value :  4.88321e+00
 Reference value :  5.05758e+00
 Reference value :  5.25923e+00
 Reference value :  5.45620e+00
 Reference value :  5.65295e+00
 Reference value :  5.81558e+00
 Reference value :  5.99411e+00
 Reference value :  6.17569e+00
 Reference value :  6.36886e+00
 Reference value :  6.56319e+00
 Reference value :  6.76180e+00
 Reference value :  6.95691e+00
 Reference value :  7.15054e+00
 Reference value :  7.34981e+00
 Reference value :  7.54185e+00
 Reference value :  7.73138e+00
 Reference value :  7.93107e+00
 Reference value :  8.12996e+00
 Reference value :  8.32237e+00
 Reference value :  8.51121e+00
 Reference value :  8.70273e+00
 Reference value :  8.90488e+00
 Reference value :  9.10721e+00
 Reference value :  9.27561e+00
 Reference value :  9.44058e+00
 Reference value :  9.60153e+00
 Reference value :  9.76382e+00
 Reference value :  9.92735e+00
 Reference value :  1.00928e+01
stdout No. of Data Rows : 2046939
stdout sim_end = 1.023000000000e+01
stdout vds_peak            =  8.76943e+01 at=  1.02000e+01
stdout vgs_peak            =  4.44127e+00 at=  1.01681e+01
stdout p_avg               =  3.53037e-02 from=  2.00000e-01 to=  1.02000e+01
stdout id_avg              =  8.34711e-03 from=  2.00000e-01 to=  1.02000e+01
stdout i_peak              =  2.26802e+01 at=  1.02000e+01
stdout coil_peak           =  2.26750e+01 at=  1.02000e+01
stdout tj_repeating = 5.218882940000e+01
