stdout Note: No compatibility mode selected!
stdout Circuit: rom raw-write replay channel 16; bus.csv
stdout Doing analysis at TEMP = 27.000000 and TNOM = 27.000000
stdout Using SPARSE 1.3 as Direct Linear Solver
stdout Initial Transient Solution
stdout --------------------------
stdout Node                                   Voltage
stdout ----                                   -------
stdout rail                                        86
stdout cmd                                          0
stdout gateinput                                    0
stdout gate                                         0
stdout drain                                       86
stdout drainq                                      86
stdout coil                                        86
stdout diode                                       86
stdout lcoil#branch                      -1.17131e-09
stdout vdiode#branch                     -1.23872e-13
stdout vsense#branch                      1.17143e-09
stdout vcmd#branch                                  0
stdout vrail#branch                      -1.17131e-09
 Reference value :  2.12180e-02
 Reference value :  2.13533e-01
 Reference value :  4.13953e-01
 Reference value :  6.10948e-01
 Reference value :  8.05143e-01
 Reference value :  1.00265e+00
 Reference value :  1.19861e+00
 Reference value :  1.39453e+00
 Reference value :  1.59603e+00
 Reference value :  1.78812e+00
 Reference value :  1.97717e+00
 Reference value :  2.16493e+00
 Reference value :  2.36250e+00
 Reference value :  2.55580e+00
 Reference value :  2.75113e+00
 Reference value :  2.94847e+00
 Reference value :  3.14746e+00
 Reference value :  3.32812e+00
 Reference value :  3.51837e+00
 Reference value :  3.70126e+00
 Reference value :  3.89533e+00
 Reference value :  4.06098e+00
 Reference value :  4.22101e+00
 Reference value :  4.37916e+00
 Reference value :  4.53880e+00
 Reference value :  4.68783e+00
 Reference value :  4.84156e+00
 Reference value :  4.99154e+00
 Reference value :  5.15013e+00
 Reference value :  5.30985e+00
 Reference value :  5.47223e+00
 Reference value :  5.63722e+00
 Reference value :  5.79923e+00
 Reference value :  5.95755e+00
 Reference value :  6.11722e+00
 Reference value :  6.27542e+00
 Reference value :  6.43580e+00
 Reference value :  6.59509e+00
 Reference value :  6.75501e+00
 Reference value :  6.90515e+00
 Reference value :  7.06601e+00
 Reference value :  7.23430e+00
 Reference value :  7.39564e+00
 Reference value :  7.55619e+00
 Reference value :  7.71308e+00
 Reference value :  7.87211e+00
 Reference value :  8.03062e+00
 Reference value :  8.19132e+00
 Reference value :  8.34952e+00
 Reference value :  8.51179e+00
 Reference value :  8.67972e+00
 Reference value :  8.83889e+00
 Reference value :  8.99403e+00
 Reference value :  9.15192e+00
 Reference value :  9.29751e+00
 Reference value :  9.44406e+00
 Reference value :  9.59081e+00
 Reference value :  9.73817e+00
 Reference value :  9.88531e+00
 Reference value :  1.00308e+01
 Reference value :  1.01796e+01
stdout No. of Data Rows : 2048178
stdout sim_end = 1.023000000000e+01
stdout vds_peak            =  8.76857e+01 at=  3.94234e+00
stdout vgs_peak            =  4.44127e+00 at=  1.01693e+01
stdout p_avg               =  8.66238e-02 from=  2.00000e-01 to=  1.02000e+01
stdout id_avg              =  3.07875e-02 from=  2.00000e-01 to=  1.02000e+01
stdout i_peak              =  2.26802e+01 at=  3.94233e+00
stdout coil_peak           =  2.26750e+01 at=  3.94234e+00
stdout tj_repeating = 5.537067250000e+01
