stdout Note: No compatibility mode selected!
stdout Circuit: rom raw-write replay channel 15; bus.csv
stdout Doing analysis at TEMP = 27.000000 and TNOM = 27.000000
stdout Using SPARSE 1.3 as Direct Linear Solver
stdout Initial Transient Solution
stdout --------------------------
stdout Node                                   Voltage
stdout ----                                   -------
stdout rail                                        86
stdout cmd                                          0
stdout gateinput                                    0
stdout gate                                         0
stdout drain                                       86
stdout drainq                                      86
stdout coil                                        86
stdout diode                                       86
stdout lcoil#branch                      -1.17173e-09
stdout vdiode#branch                      3.01754e-13
stdout vsense#branch                      1.17143e-09
stdout vcmd#branch                                  0
stdout vrail#branch                      -1.17173e-09
 Reference value :  0.00000e+00
 Reference value :  1.80648e-01
 Reference value :  3.57317e-01
 Reference value :  5.17142e-01
 Reference value :  6.94567e-01
 Reference value :  8.69657e-01
 Reference value :  1.04781e+00
 Reference value :  1.22686e+00
 Reference value :  1.40649e+00
 Reference value :  1.59065e+00
 Reference value :  1.76833e+00
 Reference value :  1.95312e+00
 Reference value :  2.12400e+00
 Reference value :  2.29987e+00
 Reference value :  2.47256e+00
 Reference value :  2.64764e+00
 Reference value :  2.82166e+00
 Reference value :  2.99734e+00
 Reference value :  3.17294e+00
 Reference value :  3.34985e+00
 Reference value :  3.52715e+00
 Reference value :  3.70427e+00
 Reference value :  3.88104e+00
 Reference value :  4.05786e+00
 Reference value :  4.23509e+00
 Reference value :  4.41329e+00
 Reference value :  4.59040e+00
 Reference value :  4.76297e+00
 Reference value :  4.93591e+00
 Reference value :  5.11243e+00
 Reference value :  5.28863e+00
 Reference value :  5.46624e+00
 Reference value :  5.64361e+00
 Reference value :  5.82181e+00
 Reference value :  5.99946e+00
 Reference value :  6.17677e+00
 Reference value :  6.36466e+00
 Reference value :  6.55736e+00
 Reference value :  6.74397e+00
 Reference value :  6.93347e+00
 Reference value :  7.12500e+00
 Reference value :  7.31723e+00
 Reference value :  7.51152e+00
 Reference value :  7.70029e+00
 Reference value :  7.87936e+00
 Reference value :  8.06784e+00
 Reference value :  8.25626e+00
 Reference value :  8.44524e+00
 Reference value :  8.63490e+00
 Reference value :  8.82330e+00
 Reference value :  9.01435e+00
 Reference value :  9.20578e+00
 Reference value :  9.39586e+00
 Reference value :  9.58756e+00
 Reference value :  9.77718e+00
 Reference value :  9.95834e+00
 Reference value :  1.01486e+01
stdout No. of Data Rows : 2046173
stdout sim_end = 1.023000000000e+01
stdout vds_peak            =  8.72614e+01 at=  1.31397e+00
stdout vgs_peak            =  4.44129e+00 at=  1.28238e+00
stdout p_avg               =  6.87108e-03 from=  2.00000e-01 to=  1.02000e+01
stdout id_avg              =  6.26589e-03 from=  2.00000e-01 to=  1.02000e+01
stdout i_peak              =  9.94436e+00 at=  1.31395e+00
stdout coil_peak           =  9.93918e+00 at=  1.31396e+00
stdout tj_repeating = 5.042600665000e+01
