stdout Note: No compatibility mode selected!
stdout Circuit: rom raw-write replay channel 12; bus.csv
stdout Doing analysis at TEMP = 27.000000 and TNOM = 27.000000
stdout Using SPARSE 1.3 as Direct Linear Solver
stdout Initial Transient Solution
stdout --------------------------
stdout Node                                   Voltage
stdout ----                                   -------
stdout rail                                        86
stdout cmd                                          0
stdout gateinput                                    0
stdout gate                                         0
stdout drain                                       86
stdout drainq                                      86
stdout coil                                        86
stdout diode                                       86
stdout lcoil#branch                      -1.17162e-09
stdout vdiode#branch                      1.92088e-13
stdout vsense#branch                      1.17143e-09
stdout vcmd#branch                                  0
stdout vrail#branch                      -1.17162e-09
 Reference value :  6.45630e-02
 Reference value :  2.30298e-01
 Reference value :  3.74513e-01
 Reference value :  5.40063e-01
 Reference value :  7.04673e-01
 Reference value :  8.78113e-01
 Reference value :  1.04030e+00
 Reference value :  1.20790e+00
 Reference value :  1.37427e+00
 Reference value :  1.54109e+00
 Reference value :  1.71549e+00
 Reference value :  1.87978e+00
 Reference value :  2.04800e+00
 Reference value :  2.21937e+00
 Reference value :  2.39631e+00
 Reference value :  2.56622e+00
 Reference value :  2.73155e+00
 Reference value :  2.90077e+00
 Reference value :  3.07262e+00
 Reference value :  3.24161e+00
 Reference value :  3.41679e+00
 Reference value :  3.58891e+00
 Reference value :  3.75918e+00
 Reference value :  3.93076e+00
 Reference value :  4.10367e+00
 Reference value :  4.27492e+00
 Reference value :  4.44011e+00
 Reference value :  4.59918e+00
 Reference value :  4.76923e+00
 Reference value :  4.93680e+00
 Reference value :  5.10797e+00
 Reference value :  5.28029e+00
 Reference value :  5.45077e+00
 Reference value :  5.61911e+00
 Reference value :  5.78552e+00
 Reference value :  5.95205e+00
 Reference value :  6.11929e+00
 Reference value :  6.28642e+00
 Reference value :  6.45029e+00
 Reference value :  6.61372e+00
 Reference value :  6.77621e+00
 Reference value :  6.94036e+00
 Reference value :  7.10400e+00
 Reference value :  7.26729e+00
 Reference value :  7.43033e+00
 Reference value :  7.59424e+00
 Reference value :  7.76367e+00
 Reference value :  7.92651e+00
 Reference value :  8.06835e+00
 Reference value :  8.22961e+00
 Reference value :  8.39569e+00
 Reference value :  8.55970e+00
 Reference value :  8.72172e+00
 Reference value :  8.88712e+00
 Reference value :  9.04478e+00
 Reference value :  9.18939e+00
 Reference value :  9.35422e+00
 Reference value :  9.52752e+00
 Reference value :  9.70409e+00
 Reference value :  9.87381e+00
 Reference value :  1.00500e+01
 Reference value :  1.02236e+01
stdout No. of Data Rows : 2046153
stdout sim_end = 1.023000000000e+01
stdout vds_peak            =  8.72341e+01 at=  1.02000e+01
stdout vgs_peak            =  4.44129e+00 at=  1.01681e+01
stdout p_avg               =  5.55971e-03 from=  2.00000e-01 to=  1.02000e+01
stdout id_avg              =  2.32619e-03 from=  2.00000e-01 to=  1.02000e+01
stdout i_peak              =  8.84155e+00 at=  1.02000e+01
stdout coil_peak           =  8.83637e+00 at=  1.02000e+01
stdout tj_repeating = 5.034470220600e+01
