stdout Note: No compatibility mode selected!
stdout Circuit: rom raw-write replay channel 13; bus.csv
stdout Doing analysis at TEMP = 27.000000 and TNOM = 27.000000
stdout Using SPARSE 1.3 as Direct Linear Solver
stdout Initial Transient Solution
stdout --------------------------
stdout Node                                   Voltage
stdout ----                                   -------
stdout rail                                        86
stdout cmd                                          0
stdout gateinput                                    0
stdout gate                                         0
stdout drain                                       86
stdout drainq                                      86
stdout coil                                        86
stdout diode                                       86
stdout lcoil#branch                      -1.17162e-09
stdout vdiode#branch                      1.92088e-13
stdout vsense#branch                      1.17143e-09
stdout vcmd#branch                                  0
stdout vrail#branch                      -1.17162e-09
 Reference value :  9.25480e-02
 Reference value :  2.68963e-01
 Reference value :  4.48683e-01
 Reference value :  6.27693e-01
 Reference value :  8.04618e-01
 Reference value :  9.84623e-01
 Reference value :  1.16095e+00
 Reference value :  1.34114e+00
 Reference value :  1.52239e+00
 Reference value :  1.69575e+00
 Reference value :  1.86674e+00
 Reference value :  2.03750e+00
 Reference value :  2.20999e+00
 Reference value :  2.38566e+00
 Reference value :  2.56048e+00
 Reference value :  2.72701e+00
 Reference value :  2.89236e+00
 Reference value :  3.06010e+00
 Reference value :  3.22649e+00
 Reference value :  3.39572e+00
 Reference value :  3.57242e+00
 Reference value :  3.75042e+00
 Reference value :  3.92189e+00
 Reference value :  4.09958e+00
 Reference value :  4.27645e+00
 Reference value :  4.44392e+00
 Reference value :  4.62002e+00
 Reference value :  4.80095e+00
 Reference value :  4.96794e+00
 Reference value :  5.13642e+00
 Reference value :  5.31327e+00
 Reference value :  5.49123e+00
 Reference value :  5.66402e+00
 Reference value :  5.84409e+00
 Reference value :  6.02360e+00
 Reference value :  6.20369e+00
 Reference value :  6.38260e+00
 Reference value :  6.55491e+00
 Reference value :  6.73322e+00
 Reference value :  6.90119e+00
 Reference value :  7.08084e+00
 Reference value :  7.26088e+00
 Reference value :  7.44315e+00
 Reference value :  7.62620e+00
 Reference value :  7.80909e+00
 Reference value :  7.99247e+00
 Reference value :  8.17465e+00
 Reference value :  8.35630e+00
 Reference value :  8.53819e+00
 Reference value :  8.71761e+00
 Reference value :  8.90035e+00
 Reference value :  9.08078e+00
 Reference value :  9.26240e+00
 Reference value :  9.44322e+00
 Reference value :  9.62632e+00
 Reference value :  9.80862e+00
 Reference value :  9.99090e+00
 Reference value :  1.01729e+01
stdout No. of Data Rows : 2046153
stdout sim_end = 1.023000000000e+01
stdout vds_peak            =  8.72341e+01 at=  1.02000e+01
stdout vgs_peak            =  4.44129e+00 at=  1.01693e+01
stdout p_avg               =  5.47013e-03 from=  2.00000e-01 to=  1.02000e+01
stdout id_avg              =  2.32488e-03 from=  2.00000e-01 to=  1.02000e+01
stdout i_peak              =  8.84155e+00 at=  9.12598e+00
stdout coil_peak           =  8.83637e+00 at=  9.12599e+00
stdout tj_repeating = 5.033914837000e+01
