stdout Note: No compatibility mode selected!
stdout Circuit: rom raw-write replay channel 10; bus.csv
stdout Doing analysis at TEMP = 27.000000 and TNOM = 27.000000
stdout Using SPARSE 1.3 as Direct Linear Solver
stdout Initial Transient Solution
stdout --------------------------
stdout Node                                   Voltage
stdout ----                                   -------
stdout rail                                        86
stdout cmd                                          0
stdout gateinput                                    0
stdout gate                                         0
stdout drain                                       86
stdout drainq                                      86
stdout coil                                        86
stdout diode                                       86
stdout lcoil#branch                      -1.17162e-09
stdout vdiode#branch                      1.92088e-13
stdout vsense#branch                      1.17143e-09
stdout vcmd#branch                                  0
stdout vrail#branch                      -1.17162e-09
 Reference value :  0.00000e+00
 Reference value :  1.95163e-01
 Reference value :  3.79473e-01
 Reference value :  5.64908e-01
 Reference value :  7.55313e-01
 Reference value :  9.36228e-01
 Reference value :  1.12994e+00
 Reference value :  1.32282e+00
 Reference value :  1.51509e+00
 Reference value :  1.70390e+00
 Reference value :  1.88693e+00
 Reference value :  2.06630e+00
 Reference value :  2.23383e+00
 Reference value :  2.40811e+00
 Reference value :  2.58661e+00
 Reference value :  2.75676e+00
 Reference value :  2.93575e+00
 Reference value :  3.11961e+00
 Reference value :  3.30522e+00
 Reference value :  3.50377e+00
 Reference value :  3.68808e+00
 Reference value :  3.85435e+00
 Reference value :  4.03127e+00
 Reference value :  4.19513e+00
 Reference value :  4.38658e+00
 Reference value :  4.58246e+00
 Reference value :  4.78018e+00
 Reference value :  4.96763e+00
 Reference value :  5.14761e+00
 Reference value :  5.34279e+00
 Reference value :  5.53238e+00
 Reference value :  5.70024e+00
 Reference value :  5.86705e+00
 Reference value :  6.04386e+00
 Reference value :  6.22208e+00
 Reference value :  6.39957e+00
 Reference value :  6.58163e+00
 Reference value :  6.76559e+00
 Reference value :  6.95946e+00
 Reference value :  7.16117e+00
 Reference value :  7.35826e+00
 Reference value :  7.55478e+00
 Reference value :  7.74874e+00
 Reference value :  7.94444e+00
 Reference value :  8.14717e+00
 Reference value :  8.34853e+00
 Reference value :  8.54472e+00
 Reference value :  8.74519e+00
 Reference value :  8.92970e+00
 Reference value :  9.09929e+00
 Reference value :  9.25237e+00
 Reference value :  9.40176e+00
 Reference value :  9.52984e+00
 Reference value :  9.65774e+00
 Reference value :  9.79977e+00
 Reference value :  9.94285e+00
 Reference value :  1.00893e+01
stdout No. of Data Rows : 2046140
stdout sim_end = 1.023000000000e+01
stdout vds_peak            =  8.72359e+01 at=  9.11662e+00
stdout vgs_peak            =  4.44129e+00 at=  9.08471e+00
stdout p_avg               =  5.54372e-03 from=  2.00000e-01 to=  1.02000e+01
stdout id_avg              =  3.04290e-03 from=  2.00000e-01 to=  1.02000e+01
stdout i_peak              =  8.84155e+00 at=  9.11660e+00
stdout coil_peak           =  8.83637e+00 at=  9.11661e+00
stdout tj_repeating = 5.034371064000e+01
