stdout Note: No compatibility mode selected!
stdout Circuit: rom gi 1, ac relative phase 0; 18 #44 envelope
stdout Doing analysis at TEMP = 27.000000 and TNOM = 27.000000
stdout Using SPARSE 1.3 as Direct Linear Solver
stdout Initial Transient Solution
stdout --------------------------
stdout Node                                   Voltage
stdout ----                                   -------
stdout vcc                                          5
stdout ac0                                          0
stdout ac                                           0
stdout acf                                          0
stdout mt2                                          0
stdout xs.th                                        0
stdout mt2i                                         0
stdout on                                           0
stdout onr                                          0
stdout latch                                      4.5
stdout a                                      4.45186
stdout b                                      3.88619
stdout e                                      3.10346
stdout eg                                     3.10346
stdout g                                      1.24236
stdout bon#branch                                   0
stdout vmt#branch                                   0
stdout vg#branch                            0.0689299
stdout vl#branch                          -0.00120355
stdout vf106#branch                                 0
stdout vac#branch                                   0
stdout vcc#branch                           -0.068115
 Reference value :  0.00000e+00
 Reference value :  1.13597e-02
 Reference value :  2.32624e-02
 Reference value :  4.50904e-02
 Reference value :  6.41477e-02
 Reference value :  7.68030e-02
 Reference value :  8.87217e-02
 Reference value :  1.00687e-01
 Reference value :  1.12480e-01
 Reference value :  1.24364e-01
 Reference value :  1.36212e-01
 Reference value :  1.48180e-01
 Reference value :  1.60952e-01
 Reference value :  1.88380e-01
 Reference value :  2.14304e-01
 Reference value :  2.27071e-01
 Reference value :  2.38930e-01
 Reference value :  2.50653e-01
 Reference value :  2.62434e-01
 Reference value :  2.75079e-01
 Reference value :  2.97156e-01
 Reference value :  3.09864e-01
 Reference value :  3.21608e-01
 Reference value :  3.33454e-01
 Reference value :  3.45358e-01
 Reference value :  3.57347e-01
 Reference value :  3.69406e-01
 Reference value :  3.88038e-01
 Reference value :  4.15318e-01
 Reference value :  4.28531e-01
 Reference value :  4.40366e-01
 Reference value :  4.52331e-01
 Reference value :  4.64298e-01
 Reference value :  4.78039e-01
 Reference value :  4.97164e-01
 Reference value :  5.14743e-01
stdout No. of Data Rows : 261097
stdout sim_end = 5.200000e-01
stdout peak_current        =  2.30288e+01 at=  2.81106e-03
stdout rms_current         =  4.55229e+00 from=  1.00000e-01 to=  5.00000e-01
stdout avg_power           =  4.43913e+00 from=  1.00000e-01 to=  5.00000e-01
stdout inrush_i2t          =  3.23839e+00 from=  0.00000e+00 to=  3.00000e-02
stdout tj = 1.115929e+02
