stdout Note: No compatibility mode selected!
stdout Circuit: rom gi 1, ac relative phase 180; 18 #44 envelope
stdout Doing analysis at TEMP = 27.000000 and TNOM = 27.000000
stdout Using SPARSE 1.3 as Direct Linear Solver
stdout Initial Transient Solution
stdout --------------------------
stdout Node                                   Voltage
stdout ----                                   -------
stdout vcc                                          5
stdout ac0                                1.35936e-15
stdout ac                                 1.35936e-15
stdout acf                                1.35936e-15
stdout mt2                                1.35936e-15
stdout xs.th                                        0
stdout mt2i                               1.35936e-15
stdout on                                           0
stdout onr                                          0
stdout latch                                      4.5
stdout a                                      4.45186
stdout b                                      3.88619
stdout e                                      3.10346
stdout eg                                     3.10346
stdout g                                      1.24236
stdout bon#branch                                   0
stdout vmt#branch                                   0
stdout vg#branch                            0.0689299
stdout vl#branch                          -0.00120355
stdout vf106#branch                                 0
stdout vac#branch                         1.57772e-30
stdout vcc#branch                           -0.068115
 Reference value :  0.00000e+00
 Reference value :  1.13997e-02
 Reference value :  2.57211e-02
 Reference value :  4.99972e-02
 Reference value :  6.25117e-02
 Reference value :  7.42104e-02
 Reference value :  8.56057e-02
 Reference value :  9.70484e-02
 Reference value :  1.08476e-01
 Reference value :  1.20070e-01
 Reference value :  1.35954e-01
 Reference value :  1.55965e-01
 Reference value :  1.66942e-01
 Reference value :  1.77981e-01
 Reference value :  1.88874e-01
 Reference value :  1.99837e-01
 Reference value :  2.15878e-01
 Reference value :  2.34028e-01
 Reference value :  2.45788e-01
 Reference value :  2.57287e-01
 Reference value :  2.68898e-01
 Reference value :  2.80577e-01
 Reference value :  2.91790e-01
 Reference value :  3.05563e-01
 Reference value :  3.32637e-01
 Reference value :  3.48746e-01
 Reference value :  3.60230e-01
 Reference value :  3.71528e-01
 Reference value :  3.82821e-01
 Reference value :  3.97530e-01
 Reference value :  4.24738e-01
 Reference value :  4.37094e-01
 Reference value :  4.48596e-01
 Reference value :  4.59796e-01
 Reference value :  4.71114e-01
 Reference value :  4.82475e-01
 Reference value :  4.93716e-01
 Reference value :  5.13331e-01
stdout No. of Data Rows : 261097
stdout sim_end = 5.200000e-01
stdout peak_current        =  2.30288e+01 at=  2.81106e-03
stdout rms_current         =  4.55229e+00 from=  1.00000e-01 to=  5.00000e-01
stdout avg_power           =  4.43913e+00 from=  1.00000e-01 to=  5.00000e-01
stdout inrush_i2t          =  3.23839e+00 from=  0.00000e+00 to=  3.00000e-02
stdout tj = 1.115929e+02
