stdout Note: No compatibility mode selected!
stdout Circuit: rom gi 2, ac relative phase 0; 18 #44 envelope
stdout Doing analysis at TEMP = 27.000000 and TNOM = 27.000000
stdout Using SPARSE 1.3 as Direct Linear Solver
stdout Initial Transient Solution
stdout --------------------------
stdout Node                                   Voltage
stdout ----                                   -------
stdout vcc                                          5
stdout ac0                                          0
stdout ac                                           0
stdout acf                                          0
stdout mt2                                          0
stdout xs.th                                        0
stdout mt2i                                         0
stdout on                                           0
stdout onr                                          0
stdout latch                                      4.5
stdout a                                      4.45186
stdout b                                      3.88619
stdout e                                      3.10346
stdout eg                                     3.10346
stdout g                                      1.24236
stdout bon#branch                                   0
stdout vmt#branch                                   0
stdout vg#branch                            0.0689299
stdout vl#branch                          -0.00120355
stdout vf106#branch                                 0
stdout vac#branch                                   0
stdout vcc#branch                           -0.068115
 Reference value :  5.61106e-03
 Reference value :  3.12671e-02
 Reference value :  4.66224e-02
 Reference value :  5.80811e-02
 Reference value :  6.93124e-02
 Reference value :  8.05990e-02
 Reference value :  9.18645e-02
 Reference value :  1.03141e-01
 Reference value :  1.14520e-01
 Reference value :  1.25725e-01
 Reference value :  1.37562e-01
 Reference value :  1.63928e-01
 Reference value :  1.81653e-01
 Reference value :  1.93442e-01
 Reference value :  2.04649e-01
 Reference value :  2.15788e-01
 Reference value :  2.27039e-01
 Reference value :  2.51933e-01
 Reference value :  2.66274e-01
 Reference value :  2.77563e-01
 Reference value :  2.88798e-01
 Reference value :  3.00083e-01
 Reference value :  3.11370e-01
 Reference value :  3.22494e-01
 Reference value :  3.37324e-01
 Reference value :  3.64000e-01
 Reference value :  3.76211e-01
 Reference value :  3.87634e-01
 Reference value :  3.98886e-01
 Reference value :  4.10118e-01
 Reference value :  4.24829e-01
 Reference value :  4.46542e-01
 Reference value :  4.57783e-01
 Reference value :  4.68938e-01
 Reference value :  4.80201e-01
 Reference value :  4.91460e-01
 Reference value :  5.02763e-01
 Reference value :  5.14943e-01
stdout No. of Data Rows : 261097
stdout sim_end = 5.200000e-01
stdout peak_current        =  2.30288e+01 at=  2.81106e-03
stdout rms_current         =  4.55229e+00 from=  1.00000e-01 to=  5.00000e-01
stdout avg_power           =  4.43913e+00 from=  1.00000e-01 to=  5.00000e-01
stdout inrush_i2t          =  3.23839e+00 from=  0.00000e+00 to=  3.00000e-02
stdout tj = 1.115929e+02
