stdout Note: No compatibility mode selected!
stdout Circuit: rom gi 3, ac relative phase 0; 18 #44 envelope
stdout Doing analysis at TEMP = 27.000000 and TNOM = 27.000000
stdout Using SPARSE 1.3 as Direct Linear Solver
stdout Initial Transient Solution
stdout --------------------------
stdout Node                                   Voltage
stdout ----                                   -------
stdout vcc                                          5
stdout ac0                                          0
stdout ac                                           0
stdout acf                                          0
stdout mt2                                          0
stdout xs.th                                        0
stdout mt2i                                         0
stdout on                                           0
stdout onr                                          0
stdout latch                                      4.5
stdout a                                      4.45186
stdout b                                      3.88619
stdout e                                      3.10346
stdout eg                                     3.10346
stdout g                                      1.24236
stdout bon#branch                                   0
stdout vmt#branch                                   0
stdout vg#branch                            0.0689299
stdout vl#branch                          -0.00120355
stdout vf106#branch                                 0
stdout vac#branch                                   0
stdout vcc#branch                           -0.068115
 Reference value :  0.00000e+00
 Reference value :  1.11817e-02
 Reference value :  2.24104e-02
 Reference value :  3.35439e-02
 Reference value :  4.47144e-02
 Reference value :  5.59171e-02
 Reference value :  6.74164e-02
 Reference value :  8.08150e-02
 Reference value :  1.06899e-01
 Reference value :  1.29067e-01
 Reference value :  1.51239e-01
 Reference value :  1.67266e-01
 Reference value :  1.80247e-01
 Reference value :  1.95908e-01
 Reference value :  2.19280e-01
 Reference value :  2.42816e-01
 Reference value :  2.65380e-01
 Reference value :  2.82493e-01
 Reference value :  3.00057e-01
 Reference value :  3.18260e-01
 Reference value :  3.35438e-01
 Reference value :  3.52011e-01
 Reference value :  3.68588e-01
 Reference value :  3.85200e-01
 Reference value :  4.01875e-01
 Reference value :  4.18640e-01
 Reference value :  4.39926e-01
 Reference value :  4.64814e-01
 Reference value :  4.91552e-01
 Reference value :  5.19919e-01
stdout No. of Data Rows : 261097
stdout sim_end = 5.200000e-01
stdout peak_current        =  2.30288e+01 at=  2.81106e-03
stdout rms_current         =  4.55229e+00 from=  1.00000e-01 to=  5.00000e-01
stdout avg_power           =  4.43913e+00 from=  1.00000e-01 to=  5.00000e-01
stdout inrush_i2t          =  3.23839e+00 from=  0.00000e+00 to=  3.00000e-02
stdout tj = 1.115929e+02
