stdout Note: No compatibility mode selected!
stdout Circuit: rom gi 4, ac relative phase 270; 18 #44 envelope
stdout Doing analysis at TEMP = 27.000000 and TNOM = 27.000000
stdout Using SPARSE 1.3 as Direct Linear Solver
stdout Initial Transient Solution
stdout --------------------------
stdout Node                                   Voltage
stdout ----                                   -------
stdout vcc                                          5
stdout ac0                                      -11.1
stdout ac                                    -10.6382
stdout acf                                   -10.6382
stdout mt2                                   -1.08089
stdout xs.th                                  1.54466
stdout mt2i                                  -1.08089
stdout on                                           1
stdout onr                                          1
stdout latch                                      4.5
stdout a                                      4.45186
stdout b                                      3.88619
stdout e                                      3.10346
stdout eg                                     3.10346
stdout g                                      1.24236
stdout bon#branch                                   0
stdout vmt#branch                            -4.61772
stdout vg#branch                            0.0689299
stdout vl#branch                          -0.00120356
stdout vf106#branch                          -4.61772
stdout vac#branch                             4.61772
stdout vcc#branch                           -0.068115
 Reference value :  1.40125e-02
 Reference value :  4.13605e-02
 Reference value :  6.86485e-02
 Reference value :  9.59193e-02
 Reference value :  1.23005e-01
 Reference value :  1.50339e-01
 Reference value :  1.77729e-01
 Reference value :  2.04566e-01
 Reference value :  2.31736e-01
 Reference value :  2.59222e-01
 Reference value :  2.86660e-01
 Reference value :  3.13934e-01
 Reference value :  3.41032e-01
 Reference value :  3.68260e-01
 Reference value :  3.95614e-01
 Reference value :  4.22739e-01
 Reference value :  4.49863e-01
 Reference value :  4.77159e-01
 Reference value :  5.03988e-01
stdout No. of Data Rows : 261114
stdout sim_end = 5.200000e-01
stdout peak_current        =  6.56075e+00 at=  4.99903e-01
stdout rms_current         =  4.52933e+00 from=  1.00000e-01 to=  5.00000e-01
stdout avg_power           =  4.41154e+00 from=  1.00000e-01 to=  5.00000e-01
stdout inrush_i2t          =  3.60658e-01 from=  0.00000e+00 to=  3.00000e-02
stdout tj = 1.112101e+02
