stdout Note: No compatibility mode selected!
stdout Circuit: rom gi 4, ac relative phase 0; 18 #44 envelope
stdout Doing analysis at TEMP = 27.000000 and TNOM = 27.000000
stdout Using SPARSE 1.3 as Direct Linear Solver
stdout Initial Transient Solution
stdout --------------------------
stdout Node                                   Voltage
stdout ----                                   -------
stdout vcc                                          5
stdout ac0                                          0
stdout ac                                           0
stdout acf                                          0
stdout mt2                                          0
stdout xs.th                                        0
stdout mt2i                                         0
stdout on                                           0
stdout onr                                          0
stdout latch                                      4.5
stdout a                                      4.45186
stdout b                                      3.88619
stdout e                                      3.10346
stdout eg                                     3.10346
stdout g                                      1.24236
stdout bon#branch                                   0
stdout vmt#branch                                   0
stdout vg#branch                            0.0689299
stdout vl#branch                          -0.00120355
stdout vf106#branch                                 0
stdout vac#branch                                   0
stdout vcc#branch                           -0.068115
 Reference value :  3.94306e-03
 Reference value :  2.93831e-02
 Reference value :  5.66311e-02
 Reference value :  8.17110e-02
 Reference value :  1.07827e-01
 Reference value :  1.28887e-01
 Reference value :  1.54667e-01
 Reference value :  1.81283e-01
 Reference value :  2.07589e-01
 Reference value :  2.33918e-01
 Reference value :  2.60400e-01
 Reference value :  2.86498e-01
 Reference value :  3.12898e-01
 Reference value :  3.39566e-01
 Reference value :  3.66132e-01
 Reference value :  3.92708e-01
 Reference value :  4.19118e-01
 Reference value :  4.45754e-01
 Reference value :  4.72210e-01
 Reference value :  4.98162e-01
stdout No. of Data Rows : 261097
stdout sim_end = 5.200000e-01
stdout peak_current        =  2.30288e+01 at=  2.81106e-03
stdout rms_current         =  4.55229e+00 from=  1.00000e-01 to=  5.00000e-01
stdout avg_power           =  4.43913e+00 from=  1.00000e-01 to=  5.00000e-01
stdout inrush_i2t          =  3.23839e+00 from=  0.00000e+00 to=  3.00000e-02
stdout tj = 1.115929e+02
