stdout Note: No compatibility mode selected!
stdout Circuit: bridge loss sensitivity: br1 stps20m100st to220 with individual boyd 577202b00000g sinks. other low-voltage bridges stps20m100sg d2pak. 50 c ambient. electrical winding/load assumptions remain to be measured. d2pak lumped temperatures are screening estimates; geometry thermal_mesh.py is the separate layout assessment.
stdout Doing analysis at TEMP = 27.000000 and TNOM = 27.000000
stdout Using KLU as Direct Linear Solver
stdout Operating point simulation skipped by 'uic',
stdout now using transient initial conditions.
 Reference value :  3.35981e-02
 Reference value :  7.93049e-02
 Reference value :  1.22528e-01
 Reference value :  1.66128e-01
 Reference value :  2.08448e-01
 Reference value :  2.51944e-01
 Reference value :  2.93186e-01
 Reference value :  3.37118e-01
 Reference value :  3.80828e-01
 Reference value :  4.23305e-01
 Reference value :  4.66167e-01
 Reference value :  5.09227e-01
 Reference value :  5.52370e-01
 Reference value :  5.95327e-01
 Reference value :  6.37948e-01
 Reference value :  6.82009e-01
 Reference value :  7.26087e-01
 Reference value :  7.69653e-01
 Reference value :  8.10738e-01
 Reference value :  8.54426e-01
 Reference value :  8.97626e-01
 Reference value :  9.40887e-01
 Reference value :  9.80604e-01
stdout No. of Data Rows : 102453
stdout sim_end = 1.000000e+00
stdout iavg_18a            =  6.49279e+00 from=  8.00000e-01 to=  1.00000e+00
stdout irms_18a            =  1.14196e+01 from=  8.00000e-01 to=  1.00000e+00
stdout pd_18a = 2.179996e+00
stdout iavg_5a             =  1.66838e+00 from=  8.00000e-01 to=  1.00000e+00
stdout irms_5a             =  3.47931e+00 from=  8.00000e-01 to=  1.00000e+00
stdout pd_5a = 4.860426e-01
stdout iavg_20a            =  2.50007e+00 from=  8.00000e-01 to=  1.00000e+00
stdout irms_20a            =  5.40665e+00 from=  8.00000e-01 to=  1.00000e+00
stdout pd_20a = 7.532899e-01
stdout iavg_12b            =  3.00008e+00 from=  8.00000e-01 to=  1.00000e+00
stdout irms_12b            =  4.71902e+00 from=  8.00000e-01 to=  1.00000e+00
stdout pd_12b = 8.751270e-01
