stdout Note: No compatibility mode selected!
stdout Circuit: bridge loss sensitivity: br1 stps20m100st to220 with individual boyd 577202b00000g sinks. other low-voltage bridges stps20m100sg d2pak. 50 c ambient. electrical winding/load assumptions remain to be measured. d2pak lumped temperatures are screening estimates; geometry thermal_mesh.py is the separate layout assessment.
stdout Doing analysis at TEMP = 27.000000 and TNOM = 27.000000
stdout Using KLU as Direct Linear Solver
stdout Operating point simulation skipped by 'uic',
stdout now using transient initial conditions.
 Reference value :  3.62800e-02
 Reference value :  8.06862e-02
 Reference value :  1.21070e-01
 Reference value :  1.63082e-01
 Reference value :  2.04599e-01
 Reference value :  2.47395e-01
 Reference value :  2.88972e-01
 Reference value :  3.29769e-01
 Reference value :  3.71915e-01
 Reference value :  4.14106e-01
 Reference value :  4.55810e-01
 Reference value :  4.97375e-01
 Reference value :  5.38892e-01
 Reference value :  5.78229e-01
 Reference value :  6.18290e-01
 Reference value :  6.59467e-01
 Reference value :  6.98873e-01
 Reference value :  7.40890e-01
 Reference value :  7.82217e-01
 Reference value :  8.23493e-01
 Reference value :  8.65960e-01
 Reference value :  9.08117e-01
 Reference value :  9.50583e-01
 Reference value :  9.89850e-01
stdout No. of Data Rows : 103660
stdout sim_end = 1.000000e+00
stdout iavg_18a            =  7.03111e+00 from=  8.00000e-01 to=  1.00000e+00
stdout irms_18a            =  1.23718e+01 from=  8.00000e-01 to=  1.00000e+00
stdout pd_18a = 2.396568e+00
stdout iavg_5a             =  1.48829e+00 from=  8.00000e-01 to=  1.00000e+00
stdout irms_5a             =  3.20257e+00 from=  8.00000e-01 to=  1.00000e+00
stdout pd_5a = 4.323566e-01
stdout iavg_20a            =  2.50005e+00 from=  8.00000e-01 to=  1.00000e+00
stdout irms_20a            =  5.47549e+00 from=  8.00000e-01 to=  1.00000e+00
stdout pd_20a = 7.549700e-01
stdout iavg_12b            =  3.00005e+00 from=  8.00000e-01 to=  1.00000e+00
stdout irms_12b            =  4.79376e+00 from=  8.00000e-01 to=  1.00000e+00
stdout pd_12b = 8.767199e-01
