stdout Note: No compatibility mode selected!
stdout Circuit: bridge loss sensitivity: br1 stps20m100st to220 with individual boyd 577202b00000g sinks. other low-voltage bridges stps20m100sg d2pak. 50 c ambient. electrical winding/load assumptions remain to be measured. d2pak lumped temperatures are screening estimates; geometry thermal_mesh.py is the separate layout assessment.
stdout Doing analysis at TEMP = 27.000000 and TNOM = 27.000000
stdout Using KLU as Direct Linear Solver
stdout Operating point simulation skipped by 'uic',
stdout now using transient initial conditions.
 Reference value :  1.53265e-02
 Reference value :  6.00984e-02
 Reference value :  1.03945e-01
 Reference value :  1.46211e-01
 Reference value :  1.89283e-01
 Reference value :  2.31574e-01
 Reference value :  2.74660e-01
 Reference value :  3.16948e-01
 Reference value :  3.59634e-01
 Reference value :  4.02647e-01
 Reference value :  4.45560e-01
 Reference value :  4.87084e-01
 Reference value :  5.26959e-01
 Reference value :  5.69694e-01
 Reference value :  6.11984e-01
 Reference value :  6.53060e-01
 Reference value :  6.95080e-01
 Reference value :  7.36470e-01
 Reference value :  7.77774e-01
 Reference value :  8.19224e-01
 Reference value :  8.62110e-01
 Reference value :  9.04690e-01
 Reference value :  9.47344e-01
 Reference value :  9.87504e-01
stdout No. of Data Rows : 102616
stdout sim_end = 1.000000e+00
stdout iavg_18a            =  7.05137e+00 from=  8.00000e-01 to=  1.00000e+00
stdout irms_18a            =  1.24363e+01 from=  8.00000e-01 to=  1.00000e+00
stdout pd_18a = 2.406980e+00
stdout iavg_5a             =  1.48234e+00 from=  8.00000e-01 to=  1.00000e+00
stdout irms_5a             =  3.20438e+00 from=  8.00000e-01 to=  1.00000e+00
stdout pd_5a = 4.307480e-01
stdout iavg_20a            =  2.50005e+00 from=  8.00000e-01 to=  1.00000e+00
stdout irms_20a            =  5.49910e+00 from=  8.00000e-01 to=  1.00000e+00
stdout pd_20a = 7.555543e-01
stdout iavg_12b            =  3.00006e+00 from=  8.00000e-01 to=  1.00000e+00
stdout irms_12b            =  4.79797e+00 from=  8.00000e-01 to=  1.00000e+00
stdout pd_12b = 8.768128e-01
