stdout Note: No compatibility mode selected!
stdout Circuit: bridge loss sensitivity: br1 stps20m100st to220 with individual boyd 577202b00000g sinks. other low-voltage bridges stps20m100sg d2pak. 50 c ambient. electrical winding/load assumptions remain to be measured. d2pak lumped temperatures are screening estimates; geometry thermal_mesh.py is the separate layout assessment.
stdout Doing analysis at TEMP = 27.000000 and TNOM = 27.000000
stdout Using KLU as Direct Linear Solver
stdout Operating point simulation skipped by 'uic',
stdout now using transient initial conditions.
 Reference value :  3.78925e-02
 Reference value :  7.84687e-02
 Reference value :  1.18592e-01
 Reference value :  1.58064e-01
 Reference value :  1.98074e-01
 Reference value :  2.38825e-01
 Reference value :  2.79853e-01
 Reference value :  3.22122e-01
 Reference value :  3.61600e-01
 Reference value :  4.02464e-01
 Reference value :  4.43603e-01
 Reference value :  4.83416e-01
 Reference value :  5.23530e-01
 Reference value :  5.63692e-01
 Reference value :  6.04249e-01
 Reference value :  6.44166e-01
 Reference value :  6.84985e-01
 Reference value :  7.26550e-01
 Reference value :  7.68295e-01
 Reference value :  8.09961e-01
 Reference value :  8.50510e-01
 Reference value :  8.90427e-01
 Reference value :  9.30329e-01
 Reference value :  9.70016e-01
stdout No. of Data Rows : 103425
stdout sim_end = 1.000000e+00
stdout iavg_18a            =  6.47470e+00 from=  8.00000e-01 to=  1.00000e+00
stdout irms_18a            =  1.13612e+01 from=  8.00000e-01 to=  1.00000e+00
stdout pd_18a = 2.171001e+00
stdout iavg_5a             =  1.67717e+00 from=  8.00000e-01 to=  1.00000e+00
stdout irms_5a             =  3.47922e+00 from=  8.00000e-01 to=  1.00000e+00
stdout pd_5a = 4.884591e-01
stdout iavg_20a            =  2.50001e+00 from=  8.00000e-01 to=  1.00000e+00
stdout irms_20a            =  5.38190e+00 from=  8.00000e-01 to=  1.00000e+00
stdout pd_20a = 7.526728e-01
stdout iavg_12b            =  3.00001e+00 from=  8.00000e-01 to=  1.00000e+00
stdout irms_12b            =  4.71458e+00 from=  8.00000e-01 to=  1.00000e+00
stdout pd_12b = 8.750134e-01
