stdout Note: No compatibility mode selected!
stdout Circuit: bridge loss sensitivity: br1 stps20m100st to220 with individual boyd 577202b00000g sinks. other low-voltage bridges stps20m100sg d2pak. 50 c ambient. electrical winding/load assumptions remain to be measured. d2pak lumped temperatures are screening estimates; geometry thermal_mesh.py is the separate layout assessment.
stdout Doing analysis at TEMP = 27.000000 and TNOM = 27.000000
stdout Using KLU as Direct Linear Solver
stdout Operating point simulation skipped by 'uic',
stdout now using transient initial conditions.
 Reference value :  2.86077e-02
 Reference value :  7.34251e-02
 Reference value :  1.16427e-01
 Reference value :  1.58140e-01
 Reference value :  2.00595e-01
 Reference value :  2.43294e-01
 Reference value :  2.85778e-01
 Reference value :  3.27025e-01
 Reference value :  3.68228e-01
 Reference value :  4.09531e-01
 Reference value :  4.48892e-01
 Reference value :  4.89730e-01
 Reference value :  5.32256e-01
 Reference value :  5.74483e-01
 Reference value :  6.16390e-01
 Reference value :  6.57219e-01
 Reference value :  6.99573e-01
 Reference value :  7.41138e-01
 Reference value :  7.83241e-01
 Reference value :  8.24407e-01
 Reference value :  8.65450e-01
 Reference value :  9.06388e-01
 Reference value :  9.47429e-01
 Reference value :  9.86435e-01
stdout No. of Data Rows : 103641
stdout sim_end = 1.000000e+00
stdout iavg_18a            =  7.06260e+00 from=  8.00000e-01 to=  1.00000e+00
stdout irms_18a            =  1.24722e+01 from=  8.00000e-01 to=  1.00000e+00
stdout pd_18a = 2.412767e+00
stdout iavg_5a             =  1.47906e+00 from=  8.00000e-01 to=  1.00000e+00
stdout irms_5a             =  3.20536e+00 from=  8.00000e-01 to=  1.00000e+00
stdout pd_5a = 4.298585e-01
stdout iavg_20a            =  2.50003e+00 from=  8.00000e-01 to=  1.00000e+00
stdout irms_20a            =  5.51216e+00 from=  8.00000e-01 to=  1.00000e+00
stdout pd_20a = 7.558710e-01
stdout iavg_12b            =  3.00003e+00 from=  8.00000e-01 to=  1.00000e+00
stdout irms_12b            =  4.80027e+00 from=  8.00000e-01 to=  1.00000e+00
stdout pd_12b = 8.768541e-01
