stdout Note: No compatibility mode selected!
stdout Circuit: bridge loss sensitivity: br1 stps20m100st to220 with individual boyd 577202b00000g sinks. other low-voltage bridges stps20m100sg d2pak. 50 c ambient. electrical winding/load assumptions remain to be measured. d2pak lumped temperatures are screening estimates; geometry thermal_mesh.py is the separate layout assessment.
stdout Doing analysis at TEMP = 27.000000 and TNOM = 27.000000
stdout Using SPARSE 1.3 as Direct Linear Solver
stdout Operating point simulation skipped by 'uic',
stdout now using transient initial conditions.
 Reference value :  2.53019e-02
 Reference value :  1.42618e-01
 Reference value :  2.61331e-01
 Reference value :  3.76272e-01
 Reference value :  4.97552e-01
 Reference value :  6.12412e-01
 Reference value :  7.29692e-01
 Reference value :  8.51272e-01
 Reference value :  9.72952e-01
stdout No. of Data Rows : 50074
stdout rms_18a_c6          =  4.86493e+00 from=  8.00000e-01 to=  1.00000e+00
stdout dc_18a_c6           =  2.07724e-04 from=  8.00000e-01 to=  1.00000e+00
stdout rms_18a_c7          =  4.86493e+00 from=  8.00000e-01 to=  1.00000e+00
stdout dc_18a_c7           =  2.07724e-04 from=  8.00000e-01 to=  1.00000e+00
stdout rms_18b_c6          =  2.57177e+00 from=  8.00000e-01 to=  1.00000e+00
stdout dc_18b_c6           =  9.05958e-05 from=  8.00000e-01 to=  1.00000e+00
stdout rms_18b_c7          =  2.57177e+00 from=  8.00000e-01 to=  1.00000e+00
stdout dc_18b_c7           =  9.05958e-05 from=  8.00000e-01 to=  1.00000e+00
stdout rms_20a_c11         =  4.55657e+00 from=  8.00000e-01 to=  1.00000e+00
stdout dc_20a_c11          =  1.50993e-04 from=  8.00000e-01 to=  1.00000e+00
stdout rms_20b_c11         =  7.77549e+00 from=  8.00000e-01 to=  1.00000e+00
stdout dc_20b_c11          =  3.01986e-04 from=  8.00000e-01 to=  1.00000e+00
stdout rms_5a_c5           =  2.69734e+00 from=  8.00000e-01 to=  1.00000e+00
stdout dc_5a_c5            =  9.19346e-05 from=  8.00000e-01 to=  1.00000e+00
stdout rms_12a_c30         =  3.20084e+00 from=  8.00000e-01 to=  1.00000e+00
stdout dc_12a_c30          =  1.50993e-04 from=  8.00000e-01 to=  1.00000e+00
