stdout Note: No compatibility mode selected!
stdout Circuit: bridge loss sensitivity: br1 stps20m100st to220 with individual boyd 577202b00000g sinks. other low-voltage bridges stps20m100sg d2pak. 50 c ambient. electrical winding/load assumptions remain to be measured. d2pak lumped temperatures are screening estimates; geometry thermal_mesh.py is the separate layout assessment.
stdout Doing analysis at TEMP = 27.000000 and TNOM = 27.000000
stdout Using SPARSE 1.3 as Direct Linear Solver
stdout Operating point simulation skipped by 'uic',
stdout now using transient initial conditions.
 Reference value :  7.08659e-03
 Reference value :  1.21998e-01
 Reference value :  2.38000e-01
 Reference value :  3.52680e-01
 Reference value :  4.66660e-01
 Reference value :  5.79740e-01
 Reference value :  6.94080e-01
 Reference value :  8.09060e-01
 Reference value :  9.23160e-01
stdout No. of Data Rows : 50023
stdout rms_18a_c6          =  2.91513e+00 from=  8.00000e-01 to=  1.00000e+00
stdout dc_18a_c6           =  1.52725e-06 from=  8.00000e-01 to=  1.00000e+00
stdout rms_18a_c7          =  5.04838e+00 from=  8.00000e-01 to=  1.00000e+00
stdout dc_18a_c7           =  2.42660e-06 from=  8.00000e-01 to=  1.00000e+00
stdout rms_18b_c6          =  1.69943e+00 from=  8.00000e-01 to=  1.00000e+00
stdout dc_18b_c6           =  7.50816e-07 from=  8.00000e-01 to=  1.00000e+00
stdout rms_18b_c7          =  2.98784e+00 from=  8.00000e-01 to=  1.00000e+00
stdout dc_18b_c7           =  1.19658e-06 from=  8.00000e-01 to=  1.00000e+00
stdout rms_20a_c11         =  3.76842e+00 from=  8.00000e-01 to=  1.00000e+00
stdout dc_20a_c11          =  1.62283e-06 from=  8.00000e-01 to=  1.00000e+00
stdout rms_20b_c11         =  6.29119e+00 from=  8.00000e-01 to=  1.00000e+00
stdout dc_20b_c11          =  3.24566e-06 from=  8.00000e-01 to=  1.00000e+00
stdout rms_5a_c5           =  2.65735e+00 from=  8.00000e-01 to=  1.00000e+00
stdout dc_5a_c5            =  1.24302e-06 from=  8.00000e-01 to=  1.00000e+00
stdout rms_12a_c30         =  2.87474e+00 from=  8.00000e-01 to=  1.00000e+00
stdout dc_12a_c30          =  1.62283e-06 from=  8.00000e-01 to=  1.00000e+00
