stdout Note: No compatibility mode selected!
stdout Circuit: bridge loss sensitivity: br1 stps20m100st to220 with individual boyd 577202b00000g sinks. other low-voltage bridges stps20m100sg d2pak. 50 c ambient. electrical winding/load assumptions remain to be measured. d2pak lumped temperatures are screening estimates; geometry thermal_mesh.py is the separate layout assessment.
stdout Doing analysis at TEMP = 27.000000 and TNOM = 27.000000
stdout Using SPARSE 1.3 as Direct Linear Solver
stdout Operating point simulation skipped by 'uic',
stdout now using transient initial conditions.
 Reference value :  4.71627e-02
 Reference value :  1.68013e-01
 Reference value :  2.90409e-01
 Reference value :  4.13013e-01
 Reference value :  5.36893e-01
 Reference value :  6.47593e-01
 Reference value :  7.60953e-01
 Reference value :  8.69833e-01
 Reference value :  9.85313e-01
stdout No. of Data Rows : 50045
stdout rms_18a_c6          =  3.17553e+00 from=  8.00000e-01 to=  1.00000e+00
stdout dc_18a_c6           =  1.71402e-04 from=  8.00000e-01 to=  1.00000e+00
stdout rms_18a_c7          =  5.50132e+00 from=  8.00000e-01 to=  1.00000e+00
stdout dc_18a_c7           =  2.72196e-04 from=  8.00000e-01 to=  1.00000e+00
stdout rms_18b_c6          =  1.73680e+00 from=  8.00000e-01 to=  1.00000e+00
stdout dc_18b_c6           =  7.77469e-05 from=  8.00000e-01 to=  1.00000e+00
stdout rms_18b_c7          =  3.06013e+00 from=  8.00000e-01 to=  1.00000e+00
stdout dc_18b_c7           =  1.23854e-04 from=  8.00000e-01 to=  1.00000e+00
stdout rms_20a_c11         =  3.85897e+00 from=  8.00000e-01 to=  1.00000e+00
stdout dc_20a_c11          =  1.68001e-04 from=  8.00000e-01 to=  1.00000e+00
stdout rms_20b_c11         =  6.46483e+00 from=  8.00000e-01 to=  1.00000e+00
stdout dc_20b_c11          =  3.36001e-04 from=  8.00000e-01 to=  1.00000e+00
stdout rms_5a_c5           =  2.44457e+00 from=  8.00000e-01 to=  1.00000e+00
stdout dc_5a_c5            =  1.11424e-04 from=  8.00000e-01 to=  1.00000e+00
stdout rms_12a_c30         =  2.95898e+00 from=  8.00000e-01 to=  1.00000e+00
stdout dc_12a_c30          =  1.68001e-04 from=  8.00000e-01 to=  1.00000e+00
