stdout Note: No compatibility mode selected!
stdout Circuit: bridge loss sensitivity: br1 stps20m100st to220 with individual boyd 577202b00000g sinks. other low-voltage bridges stps20m100sg d2pak. 50 c ambient. electrical winding/load assumptions remain to be measured. d2pak lumped temperatures are screening estimates; geometry thermal_mesh.py is the separate layout assessment.
stdout Doing analysis at TEMP = 27.000000 and TNOM = 27.000000
stdout Using SPARSE 1.3 as Direct Linear Solver
stdout Operating point simulation skipped by 'uic',
stdout now using transient initial conditions.
 Reference value :  2.48219e-02
 Reference value :  1.44865e-01
 Reference value :  2.64114e-01
 Reference value :  3.88929e-01
 Reference value :  5.13308e-01
 Reference value :  6.39953e-01
 Reference value :  7.66733e-01
 Reference value :  8.93933e-01
stdout No. of Data Rows : 50091
stdout rms_18a_c6          =  4.70527e+00 from=  8.00000e-01 to=  1.00000e+00
stdout dc_18a_c6           =  2.22570e-04 from=  8.00000e-01 to=  1.00000e+00
stdout rms_18a_c7          =  4.70527e+00 from=  8.00000e-01 to=  1.00000e+00
stdout dc_18a_c7           =  2.22570e-04 from=  8.00000e-01 to=  1.00000e+00
stdout rms_18b_c6          =  2.51843e+00 from=  8.00000e-01 to=  1.00000e+00
stdout dc_18b_c6           =  9.81594e-05 from=  8.00000e-01 to=  1.00000e+00
stdout rms_18b_c7          =  2.51843e+00 from=  8.00000e-01 to=  1.00000e+00
stdout dc_18b_c7           =  9.81594e-05 from=  8.00000e-01 to=  1.00000e+00
stdout rms_20a_c11         =  4.39705e+00 from=  8.00000e-01 to=  1.00000e+00
stdout dc_20a_c11          =  1.63599e-04 from=  8.00000e-01 to=  1.00000e+00
stdout rms_20b_c11         =  7.48194e+00 from=  8.00000e-01 to=  1.00000e+00
stdout dc_20b_c11          =  3.27222e-04 from=  8.00000e-01 to=  1.00000e+00
stdout rms_5a_c5           =  2.63341e+00 from=  8.00000e-01 to=  1.00000e+00
stdout dc_5a_c5            =  1.00965e-04 from=  8.00000e-01 to=  1.00000e+00
stdout rms_12a_c30         =  3.15603e+00 from=  8.00000e-01 to=  1.00000e+00
stdout dc_12a_c30          =  1.63599e-04 from=  8.00000e-01 to=  1.00000e+00
