stdout Note: No compatibility mode selected!
stdout Circuit: bridge loss sensitivity: br1 stps20m100st to220 with individual boyd 577202b00000g sinks. other low-voltage bridges stps20m100sg d2pak. 50 c ambient. electrical winding/load assumptions remain to be measured. d2pak lumped temperatures are screening estimates; geometry thermal_mesh.py is the separate layout assessment.
stdout Doing analysis at TEMP = 27.000000 and TNOM = 27.000000
stdout Using SPARSE 1.3 as Direct Linear Solver
stdout Operating point simulation skipped by 'uic',
stdout now using transient initial conditions.
 Reference value :  2.50495e-02
 Reference value :  1.39576e-01
 Reference value :  2.60616e-01
 Reference value :  3.83576e-01
 Reference value :  5.02776e-01
 Reference value :  6.24916e-01
 Reference value :  7.43296e-01
 Reference value :  8.65836e-01
 Reference value :  9.65196e-01
stdout No. of Data Rows : 50043
stdout rms_18a_c6          =  3.50917e+00 from=  8.00000e-01 to=  1.00000e+00
stdout dc_18a_c6           =  1.96440e-04 from=  8.00000e-01 to=  1.00000e+00
stdout rms_18a_c7          =  5.34925e+00 from=  8.00000e-01 to=  1.00000e+00
stdout dc_18a_c7           =  2.94251e-04 from=  8.00000e-01 to=  1.00000e+00
stdout rms_18b_c6          =  1.97631e+00 from=  8.00000e-01 to=  1.00000e+00
stdout dc_18b_c6           =  9.31535e-05 from=  8.00000e-01 to=  1.00000e+00
stdout rms_18b_c7          =  3.03114e+00 from=  8.00000e-01 to=  1.00000e+00
stdout dc_18b_c7           =  1.39730e-04 from=  8.00000e-01 to=  1.00000e+00
stdout rms_20a_c11         =  4.33101e+00 from=  8.00000e-01 to=  1.00000e+00
stdout dc_20a_c11          =  1.94070e-04 from=  8.00000e-01 to=  1.00000e+00
stdout rms_20b_c11         =  7.33329e+00 from=  8.00000e-01 to=  1.00000e+00
stdout dc_20b_c11          =  3.88140e-04 from=  8.00000e-01 to=  1.00000e+00
stdout rms_5a_c5           =  2.85879e+00 from=  8.00000e-01 to=  1.00000e+00
stdout dc_5a_c5            =  1.36271e-04 from=  8.00000e-01 to=  1.00000e+00
stdout rms_12a_c30         =  3.08116e+00 from=  8.00000e-01 to=  1.00000e+00
stdout dc_12a_c30          =  1.94070e-04 from=  8.00000e-01 to=  1.00000e+00
