stdout Note: No compatibility mode selected!
stdout Circuit: bridge loss sensitivity: br1 stps20m100st to220 with individual boyd 577202b00000g sinks. other low-voltage bridges stps20m100sg d2pak. 50 c ambient. electrical winding/load assumptions remain to be measured. d2pak lumped temperatures are screening estimates; geometry thermal_mesh.py is the separate layout assessment.
stdout Doing analysis at TEMP = 27.000000 and TNOM = 27.000000
stdout Using SPARSE 1.3 as Direct Linear Solver
stdout Operating point simulation skipped by 'uic',
stdout now using transient initial conditions.
 Reference value :  2.56890e-07
 Reference value :  1.14222e-01
 Reference value :  2.30249e-01
 Reference value :  3.47353e-01
 Reference value :  4.62713e-01
 Reference value :  5.77893e-01
 Reference value :  6.98553e-01
 Reference value :  8.20673e-01
 Reference value :  9.39813e-01
stdout No. of Data Rows : 50027
stdout rms_18a_c6          =  4.47122e+00 from=  8.00000e-01 to=  1.00000e+00
stdout dc_18a_c6           =  2.16479e-04 from=  8.00000e-01 to=  1.00000e+00
stdout rms_18a_c7          =  4.47122e+00 from=  8.00000e-01 to=  1.00000e+00
stdout dc_18a_c7           =  2.16479e-04 from=  8.00000e-01 to=  1.00000e+00
stdout rms_18b_c6          =  2.44017e+00 from=  8.00000e-01 to=  1.00000e+00
stdout dc_18b_c6           =  9.71928e-05 from=  8.00000e-01 to=  1.00000e+00
stdout rms_18b_c7          =  2.44017e+00 from=  8.00000e-01 to=  1.00000e+00
stdout dc_18b_c7           =  9.71928e-05 from=  8.00000e-01 to=  1.00000e+00
stdout rms_20a_c11         =  4.18212e+00 from=  8.00000e-01 to=  1.00000e+00
stdout dc_20a_c11          =  1.61988e-04 from=  8.00000e-01 to=  1.00000e+00
stdout rms_20b_c11         =  7.08252e+00 from=  8.00000e-01 to=  1.00000e+00
stdout dc_20b_c11          =  3.23976e-04 from=  8.00000e-01 to=  1.00000e+00
stdout rms_5a_c5           =  2.55148e+00 from=  8.00000e-01 to=  1.00000e+00
stdout dc_5a_c5            =  1.02238e-04 from=  8.00000e-01 to=  1.00000e+00
stdout rms_12a_c30         =  3.08629e+00 from=  8.00000e-01 to=  1.00000e+00
stdout dc_12a_c30          =  1.61988e-04 from=  8.00000e-01 to=  1.00000e+00
