stdout Note: No compatibility mode selected!
stdout Circuit: bridge loss sensitivity: br1 stps20m100st to220 with individual boyd 577202b00000g sinks. other low-voltage bridges stps20m100sg d2pak. 50 c ambient. electrical winding/load assumptions remain to be measured. d2pak lumped temperatures are screening estimates; geometry thermal_mesh.py is the separate layout assessment.
stdout Doing analysis at TEMP = 27.000000 and TNOM = 27.000000
stdout Using SPARSE 1.3 as Direct Linear Solver
stdout Operating point simulation skipped by 'uic',
stdout now using transient initial conditions.
 Reference value :  7.60840e-02
 Reference value :  1.86973e-01
 Reference value :  2.99937e-01
 Reference value :  4.15857e-01
 Reference value :  5.32817e-01
 Reference value :  6.12377e-01
 Reference value :  6.87937e-01
 Reference value :  7.64077e-01
 Reference value :  8.40517e-01
 Reference value :  9.16897e-01
stdout No. of Data Rows : 50058
stdout rms_18a_c6          =  3.26221e+00 from=  8.00000e-01 to=  1.00000e+00
stdout dc_18a_c6           =  2.09783e-04 from=  8.00000e-01 to=  1.00000e+00
stdout rms_18a_c7          =  5.22967e+00 from=  8.00000e-01 to=  1.00000e+00
stdout dc_18a_c7           =  3.15275e-04 from=  8.00000e-01 to=  1.00000e+00
stdout rms_18b_c6          =  1.85606e+00 from=  8.00000e-01 to=  1.00000e+00
stdout dc_18b_c6           =  1.00863e-04 from=  8.00000e-01 to=  1.00000e+00
stdout rms_18b_c7          =  3.02156e+00 from=  8.00000e-01 to=  1.00000e+00
stdout dc_18b_c7           =  1.51974e-04 from=  8.00000e-01 to=  1.00000e+00
stdout rms_20a_c11         =  4.07566e+00 from=  8.00000e-01 to=  1.00000e+00
stdout dc_20a_c11          =  2.10697e-04 from=  8.00000e-01 to=  1.00000e+00
stdout rms_20b_c11         =  6.86552e+00 from=  8.00000e-01 to=  1.00000e+00
stdout dc_20b_c11          =  4.21394e-04 from=  8.00000e-01 to=  1.00000e+00
stdout rms_5a_c5           =  2.75855e+00 from=  8.00000e-01 to=  1.00000e+00
stdout dc_5a_c5            =  1.52727e-04 from=  8.00000e-01 to=  1.00000e+00
stdout rms_12a_c30         =  2.99774e+00 from=  8.00000e-01 to=  1.00000e+00
stdout dc_12a_c30          =  2.10697e-04 from=  8.00000e-01 to=  1.00000e+00
