stdout Note: No compatibility mode selected!
stdout Circuit: bridge loss sensitivity: br1 stps20m100st to220 with individual boyd 577202b00000g sinks. other low-voltage bridges stps20m100sg d2pak. 50 c ambient. electrical winding/load assumptions remain to be measured. d2pak lumped temperatures are screening estimates; geometry thermal_mesh.py is the separate layout assessment.
stdout Doing analysis at TEMP = 27.000000 and TNOM = 27.000000
stdout Using SPARSE 1.3 as Direct Linear Solver
stdout Operating point simulation skipped by 'uic',
stdout now using transient initial conditions.
 Reference value :  2.45860e-02
 Reference value :  1.42043e-01
 Reference value :  2.59351e-01
 Reference value :  3.73018e-01
 Reference value :  4.89081e-01
 Reference value :  6.05728e-01
 Reference value :  7.18309e-01
 Reference value :  8.30266e-01
 Reference value :  9.47050e-01
stdout No. of Data Rows : 50222
stdout rms_18a_c6          =  3.51006e+00 from=  8.00000e-01 to=  1.00000e+00
stdout dc_18a_c6           =  3.79295e-05 from=  8.00000e-01 to=  1.00000e+00
stdout rms_18a_c7          =  5.38284e+00 from=  8.00000e-01 to=  1.00000e+00
stdout dc_18a_c7           =  5.68164e-05 from=  8.00000e-01 to=  1.00000e+00
stdout rms_18b_c6          =  1.96938e+00 from=  8.00000e-01 to=  1.00000e+00
stdout dc_18b_c6           =  1.79148e-05 from=  8.00000e-01 to=  1.00000e+00
stdout rms_18b_c7          =  3.04417e+00 from=  8.00000e-01 to=  1.00000e+00
stdout dc_18b_c7           =  2.68725e-05 from=  8.00000e-01 to=  1.00000e+00
stdout rms_20a_c11         =  4.34689e+00 from=  8.00000e-01 to=  1.00000e+00
stdout dc_20a_c11          =  3.73034e-05 from=  8.00000e-01 to=  1.00000e+00
stdout rms_20b_c11         =  7.38183e+00 from=  8.00000e-01 to=  1.00000e+00
stdout dc_20b_c11          =  7.46762e-05 from=  8.00000e-01 to=  1.00000e+00
stdout rms_5a_c5           =  2.85944e+00 from=  8.00000e-01 to=  1.00000e+00
stdout dc_5a_c5            =  2.60439e-05 from=  8.00000e-01 to=  1.00000e+00
stdout rms_12a_c30         =  3.08504e+00 from=  8.00000e-01 to=  1.00000e+00
stdout dc_12a_c30          =  3.73262e-05 from=  8.00000e-01 to=  1.00000e+00
