stdout Note: No compatibility mode selected!
stdout Circuit: bridge loss sensitivity: br1 stps20m100st to220 with individual boyd 577202b00000g sinks. other low-voltage bridges stps20m100sg d2pak. 50 c ambient. electrical winding/load assumptions remain to be measured. d2pak lumped temperatures are screening estimates; geometry thermal_mesh.py is the separate layout assessment.
stdout Doing analysis at TEMP = 27.000000 and TNOM = 27.000000
stdout Using SPARSE 1.3 as Direct Linear Solver
stdout Operating point simulation skipped by 'uic',
stdout now using transient initial conditions.
 Reference value :  5.28432e-02
 Reference value :  1.67819e-01
 Reference value :  2.83841e-01
 Reference value :  3.96330e-01
 Reference value :  5.11598e-01
 Reference value :  6.27793e-01
 Reference value :  7.40827e-01
 Reference value :  8.58105e-01
 Reference value :  9.77432e-01
stdout No. of Data Rows : 50246
stdout rms_18a_c6          =  4.72144e+00 from=  8.00000e-01 to=  1.00000e+00
stdout dc_18a_c6           =  2.53017e-04 from=  8.00000e-01 to=  1.00000e+00
stdout rms_18a_c7          =  4.72144e+00 from=  8.00000e-01 to=  1.00000e+00
stdout dc_18a_c7           =  2.53017e-04 from=  8.00000e-01 to=  1.00000e+00
stdout rms_18b_c6          =  2.52052e+00 from=  8.00000e-01 to=  1.00000e+00
stdout dc_18b_c6           =  1.11271e-04 from=  8.00000e-01 to=  1.00000e+00
stdout rms_18b_c7          =  2.52052e+00 from=  8.00000e-01 to=  1.00000e+00
stdout dc_18b_c7           =  1.11271e-04 from=  8.00000e-01 to=  1.00000e+00
stdout rms_20a_c11         =  4.40609e+00 from=  8.00000e-01 to=  1.00000e+00
stdout dc_20a_c11          =  1.85276e-04 from=  8.00000e-01 to=  1.00000e+00
stdout rms_20b_c11         =  7.50979e+00 from=  8.00000e-01 to=  1.00000e+00
stdout dc_20b_c11          =  3.70778e-04 from=  8.00000e-01 to=  1.00000e+00
stdout rms_5a_c5           =  2.63414e+00 from=  8.00000e-01 to=  1.00000e+00
stdout dc_5a_c5            =  1.14061e-04 from=  8.00000e-01 to=  1.00000e+00
stdout rms_12a_c30         =  3.15832e+00 from=  8.00000e-01 to=  1.00000e+00
stdout dc_12a_c30          =  1.85411e-04 from=  8.00000e-01 to=  1.00000e+00
