stdout Note: No compatibility mode selected!
stdout Circuit: bridge loss sensitivity: br1 stps20m100st to220 with individual boyd 577202b00000g sinks. other low-voltage bridges stps20m100sg d2pak. 50 c ambient. electrical winding/load assumptions remain to be measured. d2pak lumped temperatures are screening estimates; geometry thermal_mesh.py is the separate layout assessment.
stdout Doing analysis at TEMP = 27.000000 and TNOM = 27.000000
stdout Using SPARSE 1.3 as Direct Linear Solver
stdout Operating point simulation skipped by 'uic',
stdout now using transient initial conditions.
 Reference value :  4.06812e-02
 Reference value :  1.51687e-01
 Reference value :  2.22444e-01
 Reference value :  2.95988e-01
 Reference value :  3.74521e-01
 Reference value :  4.69905e-01
 Reference value :  5.74181e-01
 Reference value :  6.81692e-01
 Reference value :  7.99838e-01
 Reference value :  9.20585e-01
stdout No. of Data Rows : 50181
stdout rms_18a_c6          =  4.11647e+00 from=  8.00000e-01 to=  1.00000e+00
stdout dc_18a_c6           =  2.83446e-04 from=  8.00000e-01 to=  1.00000e+00
stdout rms_18a_c7          =  4.11647e+00 from=  8.00000e-01 to=  1.00000e+00
stdout dc_18a_c7           =  2.83446e-04 from=  8.00000e-01 to=  1.00000e+00
stdout rms_18b_c6          =  2.38680e+00 from=  8.00000e-01 to=  1.00000e+00
stdout dc_18b_c6           =  1.37562e-04 from=  8.00000e-01 to=  1.00000e+00
stdout rms_18b_c7          =  2.38680e+00 from=  8.00000e-01 to=  1.00000e+00
stdout dc_18b_c7           =  1.37562e-04 from=  8.00000e-01 to=  1.00000e+00
stdout rms_20a_c11         =  4.09532e+00 from=  8.00000e-01 to=  1.00000e+00
stdout dc_20a_c11          =  2.29269e-04 from=  8.00000e-01 to=  1.00000e+00
stdout rms_20b_c11         =  6.92652e+00 from=  8.00000e-01 to=  1.00000e+00
stdout dc_20b_c11          =  4.58539e-04 from=  8.00000e-01 to=  1.00000e+00
stdout rms_5a_c5           =  2.75687e+00 from=  8.00000e-01 to=  1.00000e+00
stdout dc_5a_c5            =  1.64432e-04 from=  8.00000e-01 to=  1.00000e+00
stdout rms_12a_c30         =  3.00395e+00 from=  8.00000e-01 to=  1.00000e+00
stdout dc_12a_c30          =  2.29269e-04 from=  8.00000e-01 to=  1.00000e+00
