stdout Note: No compatibility mode selected!
stdout Circuit: bridge loss sensitivity: br1 stps20m100st to220 with individual boyd 577202b00000g sinks. other low-voltage bridges stps20m100sg d2pak. 50 c ambient. electrical winding/load assumptions remain to be measured. d2pak lumped temperatures are screening estimates; geometry thermal_mesh.py is the separate layout assessment.
stdout Doing analysis at TEMP = 27.000000 and TNOM = 27.000000
stdout Using SPARSE 1.3 as Direct Linear Solver
stdout Operating point simulation skipped by 'uic',
stdout now using transient initial conditions.
 Reference value :  2.00000e-07
 Reference value :  1.21644e-01
 Reference value :  2.37038e-01
 Reference value :  3.48215e-01
 Reference value :  4.60096e-01
 Reference value :  5.80654e-01
 Reference value :  6.38856e-01
 Reference value :  7.25220e-01
 Reference value :  8.10368e-01
 Reference value :  8.79791e-01
 Reference value :  9.70232e-01
stdout No. of Data Rows : 50218
stdout rms_18a_c6          =  3.23750e+00 from=  8.00000e-01 to=  1.00000e+00
stdout dc_18a_c6           =  2.07775e-04 from=  8.00000e-01 to=  1.00000e+00
stdout rms_18a_c7          =  5.28493e+00 from=  8.00000e-01 to=  1.00000e+00
stdout dc_18a_c7           =  3.14597e-04 from=  8.00000e-01 to=  1.00000e+00
stdout rms_18b_c6          =  1.83601e+00 from=  8.00000e-01 to=  1.00000e+00
stdout dc_18b_c6           =  9.95485e-05 from=  8.00000e-01 to=  1.00000e+00
stdout rms_18b_c7          =  3.04725e+00 from=  8.00000e-01 to=  1.00000e+00
stdout dc_18b_c7           =  1.51009e-04 from=  8.00000e-01 to=  1.00000e+00
stdout rms_20a_c11         =  4.08643e+00 from=  8.00000e-01 to=  1.00000e+00
stdout dc_20a_c11          =  2.08829e-04 from=  8.00000e-01 to=  1.00000e+00
stdout rms_20b_c11         =  6.89888e+00 from=  8.00000e-01 to=  1.00000e+00
stdout dc_20b_c11          =  4.17776e-04 from=  8.00000e-01 to=  1.00000e+00
stdout rms_5a_c5           =  2.75763e+00 from=  8.00000e-01 to=  1.00000e+00
stdout dc_5a_c5            =  1.50526e-04 from=  8.00000e-01 to=  1.00000e+00
stdout rms_12a_c30         =  3.00115e+00 from=  8.00000e-01 to=  1.00000e+00
stdout dc_12a_c30          =  2.08841e-04 from=  8.00000e-01 to=  1.00000e+00
