stdout Note: No compatibility mode selected!
stdout Circuit: bridge loss sensitivity: br1 stps20m100st to220 with individual boyd 577202b00000g sinks. other low-voltage bridges stps20m100sg d2pak. 50 c ambient. electrical winding/load assumptions remain to be measured. d2pak lumped temperatures are screening estimates; geometry thermal_mesh.py is the separate layout assessment.
stdout Doing analysis at TEMP = 27.000000 and TNOM = 27.000000
stdout Using SPARSE 1.3 as Direct Linear Solver
stdout Operating point simulation skipped by 'uic',
stdout now using transient initial conditions.
 Reference value :  4.35158e-02
 Reference value :  1.62580e-01
 Reference value :  2.79366e-01
 Reference value :  3.98435e-01
 Reference value :  5.22412e-01
 Reference value :  6.44974e-01
 Reference value :  7.60545e-01
 Reference value :  8.74085e-01
 Reference value :  9.88860e-01
stdout No. of Data Rows : 50205
stdout rms_18a_c6          =  4.48424e+00 from=  8.00000e-01 to=  1.00000e+00
stdout dc_18a_c6           =  6.22221e-05 from=  8.00000e-01 to=  1.00000e+00
stdout rms_18a_c7          =  4.48424e+00 from=  8.00000e-01 to=  1.00000e+00
stdout dc_18a_c7           =  6.22221e-05 from=  8.00000e-01 to=  1.00000e+00
stdout rms_18b_c6          =  2.44189e+00 from=  8.00000e-01 to=  1.00000e+00
stdout dc_18b_c6           =  2.77965e-05 from=  8.00000e-01 to=  1.00000e+00
stdout rms_18b_c7          =  2.44189e+00 from=  8.00000e-01 to=  1.00000e+00
stdout dc_18b_c7           =  2.77965e-05 from=  8.00000e-01 to=  1.00000e+00
stdout rms_20a_c11         =  4.18869e+00 from=  8.00000e-01 to=  1.00000e+00
stdout dc_20a_c11          =  4.62829e-05 from=  8.00000e-01 to=  1.00000e+00
stdout rms_20b_c11         =  7.10291e+00 from=  8.00000e-01 to=  1.00000e+00
stdout dc_20b_c11          =  9.25794e-05 from=  8.00000e-01 to=  1.00000e+00
stdout rms_5a_c5           =  2.55154e+00 from=  8.00000e-01 to=  1.00000e+00
stdout dc_5a_c5            =  2.91644e-05 from=  8.00000e-01 to=  1.00000e+00
stdout rms_12a_c30         =  3.08835e+00 from=  8.00000e-01 to=  1.00000e+00
stdout dc_12a_c30          =  4.63367e-05 from=  8.00000e-01 to=  1.00000e+00
