stdout Note: No compatibility mode selected!
stdout Circuit: bridge loss sensitivity: br1 stps20m100st to220 with individual boyd 577202b00000g sinks. other low-voltage bridges stps20m100sg d2pak. 50 c ambient. electrical winding/load assumptions remain to be measured. d2pak lumped temperatures are screening estimates; geometry thermal_mesh.py is the separate layout assessment.
stdout Doing analysis at TEMP = 27.000000 and TNOM = 27.000000
stdout Using SPARSE 1.3 as Direct Linear Solver
stdout Operating point simulation skipped by 'uic',
stdout now using transient initial conditions.
 Reference value :  2.92662e-02
 Reference value :  1.52950e-01
 Reference value :  2.75484e-01
 Reference value :  3.99101e-01
 Reference value :  5.22549e-01
 Reference value :  6.43245e-01
 Reference value :  7.66749e-01
 Reference value :  8.88744e-01
stdout No. of Data Rows : 50215
stdout rms_18a_c6          =  2.87953e+00 from=  8.00000e-01 to=  1.00000e+00
stdout dc_18a_c6           =  1.99775e-04 from=  8.00000e-01 to=  1.00000e+00
stdout rms_18a_c7          =  5.10876e+00 from=  8.00000e-01 to=  1.00000e+00
stdout dc_18a_c7           =  3.27095e-04 from=  8.00000e-01 to=  1.00000e+00
stdout rms_18b_c6          =  1.67613e+00 from=  8.00000e-01 to=  1.00000e+00
stdout dc_18b_c6           =  9.79880e-05 from=  8.00000e-01 to=  1.00000e+00
stdout rms_18b_c7          =  3.01418e+00 from=  8.00000e-01 to=  1.00000e+00
stdout dc_18b_c7           =  1.60802e-04 from=  8.00000e-01 to=  1.00000e+00
stdout rms_20a_c11         =  3.77517e+00 from=  8.00000e-01 to=  1.00000e+00
stdout dc_20a_c11          =  2.15577e-04 from=  8.00000e-01 to=  1.00000e+00
stdout rms_20b_c11         =  6.31232e+00 from=  8.00000e-01 to=  1.00000e+00
stdout dc_20b_c11          =  4.31222e-04 from=  8.00000e-01 to=  1.00000e+00
stdout rms_5a_c5           =  2.65524e+00 from=  8.00000e-01 to=  1.00000e+00
stdout dc_5a_c5            =  1.64346e-04 from=  8.00000e-01 to=  1.00000e+00
stdout rms_12a_c30         =  2.87756e+00 from=  8.00000e-01 to=  1.00000e+00
stdout dc_12a_c30          =  2.15630e-04 from=  8.00000e-01 to=  1.00000e+00
