stdout Note: No compatibility mode selected!
stdout Circuit: bridge loss sensitivity: br1 stps20m100st to220 with individual boyd 577202b00000g sinks. other low-voltage bridges stps20m100sg d2pak. 50 c ambient. electrical winding/load assumptions remain to be measured. d2pak lumped temperatures are screening estimates; geometry thermal_mesh.py is the separate layout assessment.
stdout Doing analysis at TEMP = 27.000000 and TNOM = 27.000000
stdout Using SPARSE 1.3 as Direct Linear Solver
stdout Operating point simulation skipped by 'uic',
stdout now using transient initial conditions.
 Reference value :  4.96637e-02
 Reference value :  1.71188e-01
 Reference value :  2.93887e-01
 Reference value :  4.19745e-01
 Reference value :  5.43856e-01
 Reference value :  6.66855e-01
 Reference value :  7.89758e-01
 Reference value :  8.88959e-01
stdout No. of Data Rows : 50182
stdout rms_18a_c6          =  4.33242e+00 from=  8.00000e-01 to=  1.00000e+00
stdout dc_18a_c6           =  7.65553e-05 from=  8.00000e-01 to=  1.00000e+00
stdout rms_18a_c7          =  4.33242e+00 from=  8.00000e-01 to=  1.00000e+00
stdout dc_18a_c7           =  7.65553e-05 from=  8.00000e-01 to=  1.00000e+00
stdout rms_18b_c6          =  2.46455e+00 from=  8.00000e-01 to=  1.00000e+00
stdout dc_18b_c6           =  3.64779e-05 from=  8.00000e-01 to=  1.00000e+00
stdout rms_18b_c7          =  2.46455e+00 from=  8.00000e-01 to=  1.00000e+00
stdout dc_18b_c7           =  3.64779e-05 from=  8.00000e-01 to=  1.00000e+00
stdout rms_20a_c11         =  4.30995e+00 from=  8.00000e-01 to=  1.00000e+00
stdout dc_20a_c11          =  6.07868e-05 from=  8.00000e-01 to=  1.00000e+00
stdout rms_20b_c11         =  7.32894e+00 from=  8.00000e-01 to=  1.00000e+00
stdout dc_20b_c11          =  1.21610e-04 from=  8.00000e-01 to=  1.00000e+00
stdout rms_5a_c5           =  2.83963e+00 from=  8.00000e-01 to=  1.00000e+00
stdout dc_5a_c5            =  4.24168e-05 from=  8.00000e-01 to=  1.00000e+00
stdout rms_12a_c30         =  3.07357e+00 from=  8.00000e-01 to=  1.00000e+00
stdout dc_12a_c30          =  6.08090e-05 from=  8.00000e-01 to=  1.00000e+00
