stdout Note: No compatibility mode selected!
stdout Circuit: bridge loss sensitivity: br1 stps20m100st to220 with individual boyd 577202b00000g sinks. other low-voltage bridges stps20m100sg d2pak. 50 c ambient. electrical winding/load assumptions remain to be measured. d2pak lumped temperatures are screening estimates; geometry thermal_mesh.py is the separate layout assessment.
stdout Doing analysis at TEMP = 27.000000 and TNOM = 27.000000
stdout Using SPARSE 1.3 as Direct Linear Solver
stdout Operating point simulation skipped by 'uic',
stdout now using transient initial conditions.
 Reference value :  2.00000e-07
 Reference value :  1.21379e-01
 Reference value :  2.45316e-01
 Reference value :  3.53390e-01
 Reference value :  4.58436e-01
 Reference value :  5.73305e-01
 Reference value :  6.94625e-01
 Reference value :  8.07726e-01
 Reference value :  9.27819e-01
stdout No. of Data Rows : 50204
stdout rms_18a_c6          =  4.88361e+00 from=  8.00000e-01 to=  1.00000e+00
stdout dc_18a_c6           =  3.24096e-04 from=  8.00000e-01 to=  1.00000e+00
stdout rms_18a_c7          =  4.88361e+00 from=  8.00000e-01 to=  1.00000e+00
stdout dc_18a_c7           =  3.24096e-04 from=  8.00000e-01 to=  1.00000e+00
stdout rms_18b_c6          =  2.57416e+00 from=  8.00000e-01 to=  1.00000e+00
stdout dc_18b_c6           =  1.40765e-04 from=  8.00000e-01 to=  1.00000e+00
stdout rms_18b_c7          =  2.57416e+00 from=  8.00000e-01 to=  1.00000e+00
stdout dc_18b_c7           =  1.40765e-04 from=  8.00000e-01 to=  1.00000e+00
stdout rms_20a_c11         =  4.56800e+00 from=  8.00000e-01 to=  1.00000e+00
stdout dc_20a_c11          =  2.34697e-04 from=  8.00000e-01 to=  1.00000e+00
stdout rms_20b_c11         =  7.81053e+00 from=  8.00000e-01 to=  1.00000e+00
stdout dc_20b_c11          =  4.69305e-04 from=  8.00000e-01 to=  1.00000e+00
stdout rms_5a_c5           =  2.69875e+00 from=  8.00000e-01 to=  1.00000e+00
stdout dc_5a_c5            =  1.42415e-04 from=  8.00000e-01 to=  1.00000e+00
stdout rms_12a_c30         =  3.20329e+00 from=  8.00000e-01 to=  1.00000e+00
stdout dc_12a_c30          =  2.34628e-04 from=  8.00000e-01 to=  1.00000e+00
