stdout Note: No compatibility mode selected!
stdout Circuit: bridge loss sensitivity: br1 stps20m100st to220 with individual boyd 577202b00000g sinks. other low-voltage bridges stps20m100sg d2pak. 50 c ambient. electrical winding/load assumptions remain to be measured. d2pak lumped temperatures are screening estimates; geometry thermal_mesh.py is the separate layout assessment.
stdout Doing analysis at TEMP = 27.000000 and TNOM = 27.000000
stdout Using SPARSE 1.3 as Direct Linear Solver
stdout Operating point simulation skipped by 'uic',
stdout now using transient initial conditions.
 Reference value :  1.00322e-01
 Reference value :  1.96823e-01
 Reference value :  3.17922e-01
 Reference value :  4.37638e-01
 Reference value :  5.54052e-01
 Reference value :  6.67997e-01
 Reference value :  7.80795e-01
 Reference value :  8.97434e-01
stdout No. of Data Rows : 50247
stdout rms_18a_c6          =  3.13578e+00 from=  8.00000e-01 to=  1.00000e+00
stdout dc_18a_c6           =  6.54650e-05 from=  8.00000e-01 to=  1.00000e+00
stdout rms_18a_c7          =  5.56510e+00 from=  8.00000e-01 to=  1.00000e+00
stdout dc_18a_c7           =  1.07206e-04 from=  8.00000e-01 to=  1.00000e+00
stdout rms_18b_c6          =  1.71312e+00 from=  8.00000e-01 to=  1.00000e+00
stdout dc_18b_c6           =  2.95766e-05 from=  8.00000e-01 to=  1.00000e+00
stdout rms_18b_c7          =  3.08659e+00 from=  8.00000e-01 to=  1.00000e+00
stdout dc_18b_c7           =  4.85546e-05 from=  8.00000e-01 to=  1.00000e+00
stdout rms_20a_c11         =  3.86533e+00 from=  8.00000e-01 to=  1.00000e+00
stdout dc_20a_c11          =  6.52395e-05 from=  8.00000e-01 to=  1.00000e+00
stdout rms_20b_c11         =  6.48471e+00 from=  8.00000e-01 to=  1.00000e+00
stdout dc_20b_c11          =  1.30260e-04 from=  8.00000e-01 to=  1.00000e+00
stdout rms_5a_c5           =  2.44373e+00 from=  8.00000e-01 to=  1.00000e+00
stdout dc_5a_c5            =  4.30950e-05 from=  8.00000e-01 to=  1.00000e+00
stdout rms_12a_c30         =  2.96162e+00 from=  8.00000e-01 to=  1.00000e+00
stdout dc_12a_c30          =  6.51976e-05 from=  8.00000e-01 to=  1.00000e+00
