stdout Note: No compatibility mode selected!
stdout Circuit: bridge loss sensitivity: br1 stps20m100st to220 with individual boyd 577202b00000g sinks. other low-voltage bridges stps20m100sg d2pak. 50 c ambient. electrical winding/load assumptions remain to be measured. d2pak lumped temperatures are screening estimates; geometry thermal_mesh.py is the separate layout assessment.
stdout Doing analysis at TEMP = 27.000000 and TNOM = 27.000000
stdout Using SPARSE 1.3 as Direct Linear Solver
stdout Operating point simulation skipped by 'uic',
stdout now using transient initial conditions.
 Reference value :  8.61723e-02
 Reference value :  2.06687e-01
 Reference value :  3.26242e-01
 Reference value :  4.48861e-01
 Reference value :  5.71638e-01
 Reference value :  6.91491e-01
 Reference value :  8.12364e-01
 Reference value :  9.32819e-01
stdout No. of Data Rows : 50218
stdout rms_18a_c6          =  3.52695e+00 from=  8.00000e-01 to=  1.00000e+00
stdout dc_18a_c6           =  2.67469e-07 from=  8.00000e-01 to=  1.00000e+00
stdout rms_18a_c7          =  5.75940e+00 from=  8.00000e-01 to=  1.00000e+00
stdout dc_18a_c7           =  4.07420e-07 from=  8.00000e-01 to=  1.00000e+00
stdout rms_18b_c6          =  1.87519e+00 from=  8.00000e-01 to=  1.00000e+00
stdout dc_18b_c6           =  2.15173e-07 from=  8.00000e-01 to=  1.00000e+00
stdout rms_18b_c7          =  3.11978e+00 from=  8.00000e-01 to=  1.00000e+00
stdout dc_18b_c7           =  3.26882e-07 from=  8.00000e-01 to=  1.00000e+00
stdout rms_20a_c11         =  4.18030e+00 from=  8.00000e-01 to=  1.00000e+00
stdout dc_20a_c11          =  4.07453e-07 from=  8.00000e-01 to=  1.00000e+00
stdout rms_20b_c11         =  7.07688e+00 from=  8.00000e-01 to=  1.00000e+00
stdout dc_20b_c11          =  9.99846e-07 from=  8.00000e-01 to=  1.00000e+00
stdout rms_5a_c5           =  2.55146e+00 from=  8.00000e-01 to=  1.00000e+00
stdout dc_5a_c5            =  2.98524e-07 from=  8.00000e-01 to=  1.00000e+00
stdout rms_12a_c30         =  3.08573e+00 from=  8.00000e-01 to=  1.00000e+00
stdout dc_12a_c30          =  5.39468e-07 from=  8.00000e-01 to=  1.00000e+00
