stdout Note: No compatibility mode selected!
stdout Circuit: bridge loss sensitivity: br1 stps20m100st to220 with individual boyd 577202b00000g sinks. other low-voltage bridges stps20m100sg d2pak. 50 c ambient. electrical winding/load assumptions remain to be measured. d2pak lumped temperatures are screening estimates; geometry thermal_mesh.py is the separate layout assessment.
stdout Doing analysis at TEMP = 27.000000 and TNOM = 27.000000
stdout Using SPARSE 1.3 as Direct Linear Solver
stdout Operating point simulation skipped by 'uic',
stdout now using transient initial conditions.
 Reference value :  3.47436e-02
 Reference value :  1.47971e-01
 Reference value :  2.64092e-01
 Reference value :  3.79522e-01
 Reference value :  4.97289e-01
 Reference value :  6.16909e-01
 Reference value :  7.34400e-01
 Reference value :  8.44438e-01
 Reference value :  9.54541e-01
stdout No. of Data Rows : 50243
stdout rms_18a_c6          =  3.82566e+00 from=  8.00000e-01 to=  1.00000e+00
stdout dc_18a_c6           =  1.09184e-04 from=  8.00000e-01 to=  1.00000e+00
stdout rms_18a_c7          =  5.86772e+00 from=  8.00000e-01 to=  1.00000e+00
stdout dc_18a_c7           =  1.63546e-04 from=  8.00000e-01 to=  1.00000e+00
stdout rms_18b_c6          =  2.01230e+00 from=  8.00000e-01 to=  1.00000e+00
stdout dc_18b_c6           =  4.75031e-05 from=  8.00000e-01 to=  1.00000e+00
stdout rms_18b_c7          =  3.11446e+00 from=  8.00000e-01 to=  1.00000e+00
stdout dc_18b_c7           =  7.12555e-05 from=  8.00000e-01 to=  1.00000e+00
stdout rms_20a_c11         =  4.44443e+00 from=  8.00000e-01 to=  1.00000e+00
stdout dc_20a_c11          =  9.89847e-05 from=  8.00000e-01 to=  1.00000e+00
stdout rms_20b_c11         =  7.56610e+00 from=  8.00000e-01 to=  1.00000e+00
stdout dc_20b_c11          =  1.98008e-04 from=  8.00000e-01 to=  1.00000e+00
stdout rms_5a_c5           =  2.65297e+00 from=  8.00000e-01 to=  1.00000e+00
stdout dc_5a_c5            =  6.08683e-05 from=  8.00000e-01 to=  1.00000e+00
stdout rms_12a_c30         =  3.17005e+00 from=  8.00000e-01 to=  1.00000e+00
stdout dc_12a_c30          =  9.90007e-05 from=  8.00000e-01 to=  1.00000e+00
