== ERC / DRC
Saved ERC Report to /home/lolz0r/tng/wpc_power_driver_cost/output/reports/erc.rpt
Found 0 unconnected items
Saved DRC Report to /home/lolz0r/tng/wpc_power_driver_cost/output/reports/drc.rpt
== Gerbers (RS-274X, Protel extensions)
Plotted to '/home/lolz0r/tng/wpc_power_driver_cost/output/gerbers/wpc_power_driver_cost-B_Fab.gbr'.
== Drill (Excellon + map)
Done.
== Position / assembly
Wrote position data to '/home/lolz0r/tng/wpc_power_driver_cost/output/assembly/wpc_power_driver_cost-pos.csv'.
Wrote position data to '/home/lolz0r/tng/wpc_power_driver_cost/output/assembly/wpc_power_driver_cost-pos-all-incl-dnp.csv'.
Successfully created IPC-D-356 file
== BOM
Wrote bill of materials to '/home/lolz0r/tng/wpc_power_driver_cost/output/bom/wpc_power_driver_cost-bom-grouped.csv'.
Wrote bill of materials to '/home/lolz0r/tng/wpc_power_driver_cost/output/bom/wpc_power_driver_cost-bom-flat.csv'.
BOM: 84 line items, 419 parts, qty-1 247.11 USD (270 estimated), qty-100 115.43 USD, 0 unpriced
  MOSFETs                                      44    77.20    32.48
  Electrolytic capacitors                       7    21.70    13.65
  Connectors                                   34    28.16    18.24
  Bridge rectifiers                             5    15.28     8.70
  Fuses + clips                                46    27.67    10.00
  Buck converters (IC, inductor, diode)         6    14.48     9.30
  Logic / comparators / driver                 15     9.42     5.25
  SMD passives                                197    26.30     4.75
  Diodes + LEDs                                37    13.82     5.11
  Triacs + gate transistors + heatsinks        15    10.60     6.75
  Misc / test points                           13     2.48     1.20
== Schematic PDF / SVG
Done.
Done.
== Board PDFs
Done.
Done.
Done.
Done.
Done.
Done.
== 3D
Export time 7.863 s
Successfully created 3D render image
Successfully created 3D render image
Successfully created 3D render image
== Netlist
== Gerber job / zip
-rw-rw-r-- 1 lolz0r lolz0r 2072050 Sep  6 22:03 wpc_power_driver_cost-gerbers.zip
done
== cost export2 done
