  maps built in 0.8 s (2236x1355 cells x 3 layers x 4 classes)
open nets: 291
  net GI5_IN: 3 -> 1 components, 2 links, 0.0 s
  net GI2_OUT: 3 -> 1 components, 2 links, 0.0 s
  net GI4_IN: 3 -> 1 components, 2 links, 0.0 s
  net +50V_F104: 3 -> 1 components, 2 links, 0.0 s
  net GI1_OUT: 3 -> 1 components, 2 links, 0.0 s
  net GI3_IN: 3 -> 1 components, 2 links, 0.0 s
  net /Power_Supply/AC98_A_F: 3 -> 1 components, 2 links, 0.0 s
  net GI2_RET: 2 -> 1 components, 1 links, 0.0 s
  net AC16_A: 4 -> 1 components, 3 links, 0.0 s
  net +50V_F103: 3 -> 1 components, 2 links, 0.0 s
  net GI5_OUT: 4 -> 1 components, 3 links, 0.1 s
  net +50V_F105: 3 -> 1 components, 2 links, 0.0 s
  net /Power_Supply/AC13_A_F: 3 -> 1 components, 2 links, 0.1 s
  net AC98_A: 5 -> 1 components, 4 links, 0.1 s
  net AC9_A: 3 -> 1 components, 2 links, 0.1 s
  net AC13_A: 4 -> 1 components, 3 links, 0.1 s
  net GI4_OUT: 3 -> 1 components, 2 links, 0.1 s
  net GI1_IN: 3 -> 1 components, 2 links, 0.0 s
  net GI2_IN: 3 -> 1 components, 2 links, 0.1 s
  net GI3_OUT: 3 -> 1 components, 2 links, 0.1 s
  net GI4_RET: 2 -> 1 components, 1 links, 0.1 s
  net /Power_Supply/AC9_A_F: 3 -> 1 components, 2 links, 0.1 s
  net AC13_B: 3 -> 1 components, 2 links, 0.1 s
  net AC98_B: 4 -> 1 components, 3 links, 0.3 s
  net GI1_RET: 2 -> 1 components, 1 links, 0.1 s
  net GI3_RET: 2 -> 1 components, 1 links, 0.1 s
  net GI5_RET: 3 -> 1 components, 2 links, 0.2 s
  net /Power_Supply/AC16_A_F: 3 -> 1 components, 2 links, 0.2 s
  net AC9_B: 2 -> 1 components, 1 links, 0.2 s
  net AC16_B: 3 -> 1 components, 2 links, 0.2 s
  no path FLIP_RLY_L: [('U1', '12')]
  FAILED FLIP_RLY_L (no routable pair left)
  net FLIP_RLY_L: 3 -> 2 components, 1 links, 10.9 s
  net /Power_Supply/ACSOL_A_F: 3 -> 1 components, 2 links, 0.2 s
  net GI_RET: 11 -> 1 components, 10 links, 1.2 s
  net ACSOL_B: 6 -> 1 components, 5 links, 0.8 s
  net FLIP_R_AC: 3 -> 1 components, 2 links, 0.3 s
  net FLIP_L_AC: 3 -> 1 components, 2 links, 0.3 s
  net +50V: 28 -> 1 components, 27 links, 14.4 s
  net +20V: 14 -> 1 components, 13 links, 5.0 s
  net ACSOL_A: 7 -> 1 components, 6 links, 1.0 s
  no path +18V: [('U21', '2')]
  no path +18V: [('U21', '2')]
  no path +18V: [('U21', '2')]
  FAILED +18V (no routable pair left)
  net +18V: 26 -> 2 components, 24 links, 58.9 s
  net /Power_Supply/U21_SW: 4 -> 1 components, 3 links, 0.1 s
  net /Power_Supply/U20_SW: 4 -> 1 components, 3 links, 0.0 s
  net /Power_Supply/+5V_RAW: 7 -> 1 components, 6 links, 0.4 s
  net +12V: 11 -> 1 components, 10 links, 1.3 s
  net +12V_F: 5 -> 1 components, 4 links, 0.6 s
  net +12VU: 7 -> 1 components, 6 links, 1.1 s
  net +5V: 71 -> 1 components, 70 links, 62.0 s
  net /GI_Triacs/GI1_G: 2 -> 1 components, 1 links, 0.0 s
  net SOL08: 3 -> 1 components, 2 links, 0.0 s
  net SOL09: 3 -> 1 components, 2 links, 0.0 s
  net SOL13: 3 -> 1 components, 2 links, 0.0 s
  net /GI_Triacs/GI3_G: 2 -> 1 components, 1 links, 0.0 s
  net /GI_Triacs/GI4_G: 2 -> 1 components, 1 links, 0.0 s
  net /GI_Triacs/GI5_G: 2 -> 1 components, 1 links, 0.0 s
  net /GI_Triacs/GI2_G: 2 -> 1 components, 1 links, 0.0 s
  net SOL01: 3 -> 1 components, 2 links, 0.0 s
  net ROW5: 4 -> 1 components, 3 links, 0.0 s
  net COL1: 3 -> 1 components, 2 links, 0.0 s
  net COL5: 3 -> 1 components, 2 links, 0.0 s
  net SOL17: 4 -> 1 components, 3 links, 0.1 s
  net ROW1: 4 -> 1 components, 3 links, 0.1 s
  net /GI_Triacs/RLY_COIL: 3 -> 1 components, 2 links, 0.1 s
  net SOL23: 4 -> 1 components, 3 links, 0.1 s
  net SOL02: 3 -> 1 components, 2 links, 0.0 s
  net SOL14: 3 -> 1 components, 2 links, 0.0 s
  net SOL07: 3 -> 1 components, 2 links, 0.0 s
  net ROW6: 4 -> 1 components, 3 links, 0.0 s
  net SOL10: 3 -> 1 components, 2 links, 0.0 s
  net COL2: 3 -> 1 components, 2 links, 0.1 s
  net COL6: 3 -> 1 components, 2 links, 0.0 s
  net SOL25: 4 -> 1 components, 3 links, 0.1 s
  net SOL25_TB: 2 -> 1 components, 1 links, 0.0 s
  net ROW2: 4 -> 1 components, 3 links, 0.1 s
  net SOL18: 4 -> 1 components, 3 links, 0.1 s
  net ROW7: 4 -> 1 components, 3 links, 0.0 s
  net SOL03: 3 -> 1 components, 2 links, 0.0 s
  net SOL24: 4 -> 1 components, 3 links, 0.1 s
  net COL3: 3 -> 1 components, 2 links, 0.1 s
  net SOL06: 3 -> 1 components, 2 links, 0.1 s
  net SOL15: 3 -> 1 components, 2 links, 0.1 s
  net COL7: 3 -> 1 components, 2 links, 0.1 s
  net ROW3: 4 -> 1 components, 3 links, 0.1 s
  net SOL11: 3 -> 1 components, 2 links, 0.1 s
  net SOL26: 4 -> 1 components, 3 links, 0.2 s
  net SOL26_TB: 2 -> 1 components, 1 links, 0.1 s
  net ROW8: 4 -> 1 components, 3 links, 0.1 s
  net SOL22: 4 -> 1 components, 3 links, 0.2 s
  net COL4: 3 -> 1 components, 2 links, 0.1 s
  net SOL19: 4 -> 1 components, 3 links, 0.2 s
  net ROW4: 4 -> 1 components, 3 links, 0.1 s
  net SOL04: 3 -> 1 components, 2 links, 0.1 s
  net SOL05: 3 -> 1 components, 2 links, 0.1 s
  net SOL16: 3 -> 1 components, 2 links, 0.1 s
  net SOL12: 3 -> 1 components, 2 links, 0.1 s
  net COL8: 4 -> 1 components, 3 links, 0.2 s
  net SOL27: 4 -> 1 components, 3 links, 0.3 s
  net SOL21: 4 -> 1 components, 3 links, 0.2 s
  net SOL27_TB: 2 -> 1 components, 1 links, 0.1 s
  net SOL20: 4 -> 1 components, 3 links, 0.3 s
  net SOL28: 4 -> 1 components, 3 links, 0.4 s
  net SOL28_TB: 2 -> 1 components, 1 links, 0.2 s
  net /Power_Supply/U20_CC: 2 -> 1 components, 1 links, 0.0 s
  net Net-(LED5-Pad2): 2 -> 1 components, 1 links, 0.0 s
  net Net-(LED2-Pad2): 2 -> 1 components, 1 links, 0.0 s
  net Net-(D33-Pad1): 2 -> 1 components, 1 links, 0.0 s
  net Net-(LED6-Pad2): 2 -> 1 components, 1 links, 0.0 s
  net Net-(Q13-Pad2): 2 -> 1 components, 1 links, 0.0 s
  net Net-(Q9-Pad2): 2 -> 1 components, 1 links, 0.0 s
  net Net-(Q15-Pad2): 2 -> 1 components, 1 links, 0.0 s
  net Net-(Q17-Pad2): 2 -> 1 components, 1 links, 0.0 s
  net Net-(Q11-Pad2): 2 -> 1 components, 1 links, 0.0 s
  net /Power_Supply/U21_RT: 2 -> 1 components, 1 links, 0.0 s
  net Net-(LED4-Pad2): 2 -> 1 components, 1 links, 0.0 s
  net /Power_Supply/U21_CC: 2 -> 1 components, 1 links, 0.0 s
  net /Power_Supply/U21_BOOT: 2 -> 1 components, 1 links, 0.0 s
  maps built in 0.5 s (2236x1355 cells x 3 layers x 4 classes)
  rip-up #1: /Power_Supply/U20_FB crosses ['/Power_Supply/U20_SW'] (3 items removed)
  net /Power_Supply/U20_FB: 3 -> 1 components, 2 links, 7.1 s
  net /Power_Supply/U20_BOOT: 2 -> 1 components, 1 links, 0.0 s
  net Net-(LED7-Pad2): 2 -> 1 components, 1 links, 0.0 s
  maps built in 0.5 s (2236x1355 cells x 3 layers x 4 classes)
  rip-up #2: /Power_Supply/U21_EN crosses ['/Power_Supply/U21_RT'] (1 items removed)
  net /Power_Supply/U21_EN: 3 -> 1 components, 2 links, 7.1 s
  net COLDRV1: 2 -> 1 components, 1 links, 0.0 s
  net COLDRV4: 2 -> 1 components, 1 links, 0.0 s
  net COLDRV7: 2 -> 1 components, 1 links, 0.0 s
  net COLDRV2: 2 -> 1 components, 1 links, 0.0 s
  net COLDRV3: 2 -> 1 components, 1 links, 0.0 s
  net COLDRV5: 2 -> 1 components, 1 links, 0.0 s
  net COLDRV6: 2 -> 1 components, 1 links, 0.0 s
  net COLDRV8: 2 -> 1 components, 1 links, 0.0 s
  net /Sol_HighPower/S04_G: 3 -> 1 components, 2 links, 0.0 s
  net /Sol_HighPower/S05_G: 3 -> 1 components, 2 links, 0.0 s
  net /Sol_HighPower/S02_G: 3 -> 1 components, 2 links, 0.0 s
  net /Sol_HighPower/S07_G: 3 -> 1 components, 2 links, 0.0 s
  net /Sol_HighPower/S01_G: 3 -> 1 components, 2 links, 0.0 s
  net /Sol_HighPower/S08_G: 3 -> 1 components, 2 links, 0.0 s
  net /Sol_HighPower/S03_G: 3 -> 1 components, 2 links, 0.0 s
  net /Sol_HighPower/S06_G: 3 -> 1 components, 2 links, 0.0 s
  net /Sol_GeneralPurpose/S28_G: 3 -> 1 components, 2 links, 0.0 s
  net /Sol_LowPower/S16_G: 3 -> 1 components, 2 links, 0.0 s
  net /Sol_LowPower/S12_G: 3 -> 1 components, 2 links, 0.0 s
  net /Sol_GeneralPurpose/S25_G: 3 -> 1 components, 2 links, 0.0 s
  net /Sol_GeneralPurpose/S27_G: 3 -> 1 components, 2 links, 0.0 s
  net /Sol_LowPower/S13_G: 3 -> 1 components, 2 links, 0.0 s
  net /Sol_LowPower/S15_G: 3 -> 1 components, 2 links, 0.0 s
  net /Sol_LowPower/S09_G: 3 -> 1 components, 2 links, 0.0 s
  net /Sol_LowPower/S11_G: 3 -> 1 components, 2 links, 0.0 s
  net /Sol_Flashers/S18_G: 3 -> 1 components, 2 links, 0.0 s
  net /Sol_Flashers/S24_G: 3 -> 1 components, 2 links, 0.0 s
  net /Sol_GeneralPurpose/S26_G: 3 -> 1 components, 2 links, 0.0 s
  net /Sol_LowPower/S14_G: 3 -> 1 components, 2 links, 0.0 s
  net /Sol_LowPower/S10_G: 3 -> 1 components, 2 links, 0.0 s
  net /Sol_Flashers/S17_G: 3 -> 1 components, 2 links, 0.0 s
  net /Sol_Flashers/S19_G: 3 -> 1 components, 2 links, 0.0 s
  net /Sol_Flashers/S20_G: 3 -> 1 components, 2 links, 0.0 s
  net /Sol_Flashers/S21_G: 3 -> 1 components, 2 links, 0.0 s
  net /Sol_Flashers/S22_G: 3 -> 1 components, 2 links, 0.0 s
  maps built in 0.5 s (2236x1355 cells x 3 layers x 4 classes)
  rip-up #3: /Sol_Flashers/S23_G crosses ['SOL24'] (1 items removed)
  net /Sol_Flashers/S23_G: 3 -> 1 components, 2 links, 6.4 s
  net Net-(Q90-Pad1): 3 -> 1 components, 2 links, 0.0 s
  net Net-(Q92-Pad1): 3 -> 1 components, 2 links, 0.0 s
  net Net-(Q97-Pad1): 3 -> 1 components, 2 links, 0.0 s
  net Net-(Q96-Pad1): 3 -> 1 components, 2 links, 0.0 s
  net Net-(Q91-Pad1): 3 -> 1 components, 2 links, 0.0 s
  net Net-(Q86-Pad1): 3 -> 1 components, 2 links, 0.0 s
  net Net-(Q93-Pad1): 3 -> 1 components, 2 links, 0.0 s
  net Net-(Q94-Pad1): 3 -> 1 components, 2 links, 0.0 s
  net Net-(Q95-Pad1): 3 -> 1 components, 2 links, 0.0 s
  net Net-(Q98-Pad1): 3 -> 1 components, 2 links, 0.0 s
  net Net-(LED3-Pad1): 2 -> 1 components, 1 links, 0.0 s
  net Net-(LED1-Pad2): 2 -> 1 components, 1 links, 0.0 s
  net Net-(Q89-Pad1): 3 -> 1 components, 2 links, 0.0 s
  net Net-(Q83-Pad1): 3 -> 1 components, 2 links, 0.0 s
  net Net-(Q85-Pad1): 3 -> 1 components, 2 links, 0.0 s
  net /Lamp_Rows/ROW6_E: 3 -> 1 components, 2 links, 0.0 s
  net Net-(R6-Pad2): 2 -> 1 components, 1 links, 0.0 s
  maps built in 0.5 s (2236x1355 cells x 3 layers x 4 classes)
  rip-up #4: /CPU_Interface/BLK_REF crosses ['Net-(R6-Pad2)'] (1 items removed)
  net /CPU_Interface/BLK_REF: 3 -> 1 components, 2 links, 0.8 s
  net Net-(Q3-Pad1): 3 -> 1 components, 2 links, 0.0 s
  maps built in 0.5 s (2236x1355 cells x 3 layers x 4 classes)
  rip-up #5: /Power_Supply/U20_COMP crosses ['/Power_Supply/U20_SW'] (2 items removed)
  net /Power_Supply/U20_COMP: 3 -> 1 components, 2 links, 6.7 s
  net /Power_Supply/U21_FB: 3 -> 1 components, 2 links, 0.0 s
  net /Lamp_Rows/ROW3_E: 3 -> 1 components, 2 links, 0.0 s
  net /Lamp_Rows/ROW7_E: 3 -> 1 components, 2 links, 0.0 s
  net /Power_Supply/U20_RT: 2 -> 1 components, 1 links, 0.0 s
  net /Lamp_Rows/ROW8_E: 3 -> 1 components, 2 links, 0.0 s
  net /Lamp_Rows/ROW4_Q: 2 -> 1 components, 1 links, 0.0 s
  net ROWCLR7: 3 -> 1 components, 2 links, 0.0 s
  net Net-(Q88-Pad1): 3 -> 1 components, 2 links, 0.0 s
  maps built in 0.6 s (2236x1355 cells x 3 layers x 4 classes)
  rip-up #6: /Power_Supply/U20_EN crosses ['/Power_Supply/U20_RT'] (1 items removed)
  maps built in 0.5 s (2236x1355 cells x 3 layers x 4 classes)
  rip-up #7: /Power_Supply/U20_EN crosses ['/Power_Supply/U20_RT'] (1 items removed)
  net /Power_Supply/U20_EN: 3 -> 1 components, 2 links, 7.1 s
  net Net-(Q84-Pad1): 3 -> 1 components, 2 links, 0.0 s
  net COLB4: 2 -> 1 components, 1 links, 0.0 s
  net /Lamp_Rows/ROW2_E: 3 -> 1 components, 2 links, 0.0 s
  net Net-(Q87-Pad1): 3 -> 1 components, 2 links, 0.0 s
  net SOL21_L: 2 -> 1 components, 1 links, 0.0 s
  net Net-(Q13-Pad1): 3 -> 1 components, 2 links, 0.0 s
  net ROWCLR3: 3 -> 1 components, 2 links, 0.0 s
  net ROWCLR4: 3 -> 1 components, 2 links, 0.0 s
  net /Lamp_Rows/ROW4_S: 3 -> 1 components, 2 links, 0.0 s
  net /Lamp_Rows/ROW1_E: 3 -> 1 components, 2 links, 0.0 s
  net /Lamp_Rows/ROW5_E: 3 -> 1 components, 2 links, 0.0 s
  net ROWCLR5: 3 -> 1 components, 2 links, 0.0 s
  net /Lamp_Rows/ROW4_E: 3 -> 1 components, 2 links, 0.0 s
  net COLB8: 2 -> 1 components, 1 links, 0.0 s
  net ROWCLR1: 3 -> 1 components, 2 links, 0.0 s
  maps built in 0.4 s (2236x1355 cells x 3 layers x 4 classes)
  rip-up #8: /Lamp_Rows/ROW8_S crosses ['/Lamp_Rows/ROW8_E'] (1 items removed)
  net /Lamp_Rows/ROW8_S: 3 -> 1 components, 2 links, 7.5 s
  maps built in 0.5 s (2236x1355 cells x 3 layers x 4 classes)
  rip-up #9: /CPU_Interface/ZC_REF crosses ['+5V'] (4 items removed)
  net /CPU_Interface/ZC_REF: 3 -> 1 components, 2 links, 7.1 s
  net ROWCLR8: 3 -> 1 components, 2 links, 0.0 s
  net /Lamp_Rows/ROW8_Q: 2 -> 1 components, 1 links, 0.0 s
  net SOL16_L: 2 -> 1 components, 1 links, 0.0 s
  net /Lamp_Rows/ROW3_Q: 2 -> 1 components, 1 links, 0.0 s
  net SOL28_L: 2 -> 1 components, 1 links, 0.0 s
  maps built in 0.5 s (2236x1355 cells x 3 layers x 4 classes)
  rip-up #10: /Power_Supply/U21_COMP crosses ['/Power_Supply/U21_FB'] (3 items removed)
  net /Power_Supply/U21_COMP: 3 -> 1 components, 2 links, 6.8 s
  net ROWCLR2: 3 -> 1 components, 2 links, 0.0 s
  net Net-(Q17-Pad1): 3 -> 1 components, 2 links, 0.0 s
  net COLB3: 2 -> 1 components, 1 links, 0.0 s
  net ROWCLR6: 3 -> 1 components, 2 links, 0.0 s
  net GI2_L: 2 -> 1 components, 1 links, 0.0 s
  net GI5_L: 2 -> 1 components, 1 links, 0.0 s
  maps built in 0.5 s (2236x1355 cells x 3 layers x 4 classes)
  rip-up #11: /Lamp_Rows/ROW7_Q crosses ['ROW8'] (1 items removed)
  net /Lamp_Rows/ROW7_Q: 2 -> 1 components, 1 links, 1.2 s
  net /Lamp_Rows/ROW3_S: 3 -> 1 components, 2 links, 0.0 s
  net /Lamp_Rows/ROW7_S: 3 -> 1 components, 2 links, 0.1 s
  net GI3_L: 2 -> 1 components, 1 links, 0.0 s
  net COLB7: 2 -> 1 components, 1 links, 0.0 s
  net SOL20_L: 2 -> 1 components, 1 links, 0.1 s
  net SOL22_L: 2 -> 1 components, 1 links, 0.0 s
  net GI4_L: 2 -> 1 components, 1 links, 0.1 s
  net SOL05_L: 2 -> 1 components, 1 links, 0.1 s
  maps built in 0.6 s (2236x1355 cells x 3 layers x 4 classes)
  rip-up #12: /CPU_Interface/ZC_SAMPLE crosses ['/CPU_Interface/ZC_REF'] (2 items removed)
  net /CPU_Interface/ZC_SAMPLE: 5 -> 1 components, 4 links, 6.9 s
  net /Lamp_Rows/ROW6_Q: 2 -> 1 components, 1 links, 0.0 s
  net COLB2: 2 -> 1 components, 1 links, 0.0 s
  net GI1_L: 2 -> 1 components, 1 links, 0.1 s
  net SOL12_L: 2 -> 1 components, 1 links, 0.1 s
  net SOL15_L: 2 -> 1 components, 1 links, 0.1 s
  net SOL27_L: 2 -> 1 components, 1 links, 0.1 s
  net COLB6: 2 -> 1 components, 1 links, 0.1 s
  maps built in 0.5 s (2236x1355 cells x 3 layers x 4 classes)
  rip-up #13: /Lamp_Rows/ROW2_S crosses ['Net-(Q90-Pad1)'] (2 items removed)
  net /Lamp_Rows/ROW2_S: 3 -> 1 components, 2 links, 7.0 s
  net /Lamp_Rows/ROW6_S: 3 -> 1 components, 2 links, 0.1 s
  net /Lamp_Rows/ROW2_Q: 2 -> 1 components, 1 links, 0.0 s
  net /Lamp_Rows/ROW5_Q: 2 -> 1 components, 1 links, 0.1 s
  net Net-(Q15-Pad1): 3 -> 1 components, 2 links, 0.1 s
  net /Lamp_Rows/ROW5_S: 3 -> 1 components, 2 links, 0.1 s
  maps built in 0.4 s (2236x1355 cells x 3 layers x 4 classes)
  rip-up #14: SOL24_L crosses ['SOL22_L'] (1 items removed)
  net SOL24_L: 2 -> 1 components, 1 links, 8.3 s
  net SOL06_L: 2 -> 1 components, 1 links, 0.1 s
  net COLB1: 2 -> 1 components, 1 links, 0.0 s
  net SOL04_L: 2 -> 1 components, 1 links, 0.1 s
  net SOL19_L: 2 -> 1 components, 1 links, 0.1 s
  net /Lamp_Rows/ROW1_S: 3 -> 1 components, 2 links, 0.1 s
  net /Lamp_Rows/ROW1_Q: 2 -> 1 components, 1 links, 0.1 s
  net COLB5: 2 -> 1 components, 1 links, 0.1 s
  net SOL11_L: 2 -> 1 components, 1 links, 0.1 s
  net SOL14_L: 2 -> 1 components, 1 links, 0.1 s
  net SOL26_L: 2 -> 1 components, 1 links, 0.1 s
  maps built in 0.5 s (2236x1355 cells x 3 layers x 4 classes)
  rip-up #15: Net-(Q11-Pad1) crosses ['GI5_L'] (1 items removed)
  net Net-(Q11-Pad1): 3 -> 1 components, 2 links, 6.0 s
  net SOL07_L: 2 -> 1 components, 1 links, 0.1 s
  net SOL23_L: 2 -> 1 components, 1 links, 0.1 s
  net SOL03_L: 2 -> 1 components, 1 links, 0.1 s
  maps built in 0.4 s (2236x1355 cells x 3 layers x 4 classes)
  rip-up #16: ZERO_CROSS crosses ['Net-(R6-Pad2)'] (2 items removed)
  net ZERO_CROSS: 5 -> 1 components, 4 links, 5.0 s
  net SOL18_L: 2 -> 1 components, 1 links, 0.1 s
  net Net-(Q9-Pad1): 3 -> 1 components, 2 links, 0.1 s
  net Net-(F101-Pad2): 3 -> 1 components, 2 links, 0.1 s
  net Net-(F102-Pad2): 3 -> 1 components, 2 links, 0.1 s
  net SOL10_L: 2 -> 1 components, 1 links, 0.1 s
  net SOL13_L: 2 -> 1 components, 1 links, 0.1 s
  net SOL25_L: 2 -> 1 components, 1 links, 0.1 s
  net SOL08_L: 2 -> 1 components, 1 links, 0.1 s
  net SOL02_L: 2 -> 1 components, 1 links, 0.1 s
  net SOL17_L: 2 -> 1 components, 1 links, 0.1 s
  net SOL09_L: 2 -> 1 components, 1 links, 0.1 s
  net SOL01_L: 2 -> 1 components, 1 links, 0.2 s
  maps built in 0.5 s (2236x1355 cells x 3 layers x 4 classes)
  rip-up #17: CLK_GI crosses ['+5V'] (1 items removed)
  net CLK_GI: 3 -> 1 components, 2 links, 7.1 s
  maps built in 0.5 s (2236x1355 cells x 3 layers x 4 classes)
  rip-up #18: GI_BIT6 crosses ['CLK_GI'] (1 items removed)
  net GI_BIT6: 2 -> 1 components, 1 links, 9.2 s
  maps built in 0.6 s (2236x1355 cells x 3 layers x 4 classes)
  rip-up #19: GI_BIT5 crosses ['GI_BIT6'] (1 items removed)
  net GI_BIT5: 2 -> 1 components, 1 links, 9.3 s
  net CLK_SOL_GEN: 3 -> 1 components, 2 links, 0.2 s
  net CLK_SOL_FLASH: 3 -> 1 components, 2 links, 0.2 s
  maps built in 0.6 s (2236x1355 cells x 3 layers x 4 classes)
  rip-up #20: CLK_SOL_LOW crosses ['SOL14_L'] (3 items removed)
  net CLK_SOL_LOW: 3 -> 1 components, 2 links, 10.7 s
  net CLK_SOL_HIGH: 3 -> 1 components, 2 links, 0.3 s
  maps built in 0.5 s (2236x1355 cells x 3 layers x 4 classes)
  rip-up #21: D1 crosses ['SOL26_L'] (2 items removed)
  net D1: 8 -> 1 components, 7 links, 6.3 s
  maps built in 0.6 s (2236x1355 cells x 3 layers x 4 classes)
  rip-up #22: D2 crosses ['+5V'] (1 items removed)
  net D2: 8 -> 1 components, 7 links, 12.7 s
  maps built in 0.5 s (2236x1355 cells x 3 layers x 4 classes)
  rip-up #23: D4 crosses ['CLK_SOL_GEN'] (1 items removed)
  maps built in 0.7 s (2236x1355 cells x 3 layers x 4 classes)
  rip-up #24: D4 crosses ['ROWCLR5'] (2 items removed)
  no path D4: [('U11', '12')]
  no path D4: [('U11', '12')]
  FAILED D4 (no routable pair left)
  net D4: 8 -> 2 components, 6 links, 43.2 s
  maps built in 0.7 s (2236x1355 cells x 3 layers x 4 classes)
  rip-up #25: D5 crosses ['SOL18_L'] (1 items removed)
  maps built in 0.6 s (2236x1355 cells x 3 layers x 4 classes)
  rip-up #26: D5 crosses ['SOL12_L'] (1 items removed)
  net D5: 8 -> 1 components, 7 links, 17.7 s
  net D7: 8 -> 1 components, 7 links, 2.0 s
  maps built in 0.6 s (2236x1355 cells x 3 layers x 4 classes)
  rip-up #27: D0 crosses ['D1'] (2 items removed)
  maps built in 0.5 s (2236x1355 cells x 3 layers x 4 classes)
  rip-up #28: D0 crosses ['ROWCLR1'] (2 items removed)
  no path D0: [('U13', '12')]
  no path D0: [('U13', '12')]
  FAILED D0 (no routable pair left)
  net D0: 8 -> 2 components, 6 links, 44.5 s
  maps built in 0.6 s (2236x1355 cells x 3 layers x 4 classes)
  rip-up #29: D3 crosses ['SOL12_L', 'SOL19_L'] (2 items removed)
  net D3: 8 -> 1 components, 7 links, 8.5 s
  maps built in 0.6 s (2236x1355 cells x 3 layers x 4 classes)
  rip-up #30: D6 crosses ['D4', 'D5'] (2 items removed)
  maps built in 0.6 s (2236x1355 cells x 3 layers x 4 classes)
  rip-up #31: D6 crosses ['D0'] (2 items removed)
  maps built in 0.5 s (2236x1355 cells x 3 layers x 4 classes)
  rip-up #32: D6 crosses ['D4'] (1 items removed)
  maps built in 0.6 s (2236x1355 cells x 3 layers x 4 classes)
  rip-up #33: D6 crosses ['ROWCLR7'] (2 items removed)
  no path D6: [('U10', '12')]
  no path D6: [('U10', '12')]
  FAILED D6 (no routable pair left)
  net D6: 8 -> 2 components, 6 links, 50.8 s
  net D0_N: 3 -> 1 components, 2 links, 0.2 s
  maps built in 0.6 s (2236x1355 cells x 3 layers x 4 classes)
  rip-up #34: D1_N crosses ['D5'] (1 items removed)
  net D1_N: 3 -> 1 components, 2 links, 12.7 s
  maps built in 0.6 s (2236x1355 cells x 3 layers x 4 classes)
  rip-up #35: D2_N crosses ['D7'] (1 items removed)
  net D2_N: 3 -> 1 components, 2 links, 12.2 s
  net D3_N: 3 -> 1 components, 2 links, 0.3 s
  maps built in 0.7 s (2236x1355 cells x 3 layers x 4 classes)
  rip-up #36: D4_N crosses ['D1', 'D2'] (2 items removed)
  net D4_N: 3 -> 1 components, 2 links, 15.2 s
  maps built in 0.7 s (2236x1355 cells x 3 layers x 4 classes)
  rip-up #37: D5_N crosses ['CLK_GI'] (1 items removed)
  maps built in 0.6 s (2236x1355 cells x 3 layers x 4 classes)
  rip-up #38: D5_N crosses ['D2', 'D5'] (7 items removed)
  net D5_N: 3 -> 1 components, 2 links, 15.1 s
  maps built in 0.7 s (2236x1355 cells x 3 layers x 4 classes)
  rip-up #39: D6_N crosses ['CLK_SOL_GEN'] (1 items removed)
  maps built in 0.7 s (2236x1355 cells x 3 layers x 4 classes)
  rip-up #40: D6_N crosses ['D2'] (4 items removed)
  net D6_N: 3 -> 1 components, 2 links, 14.9 s
  maps built in 0.7 s (2236x1355 cells x 3 layers x 4 classes)
  rip-up #41: D7_N crosses ['D6_N'] (1 items removed)
  net D7_N: 3 -> 1 components, 2 links, 1.7 s
  maps built in 0.7 s (2236x1355 cells x 3 layers x 4 classes)
  rip-up #42: REF_1V4 crosses [] (0 items removed)
  maps built in 0.7 s (2236x1355 cells x 3 layers x 4 classes)
  rip-up #43: REF_1V4 crosses [] (0 items removed)
  maps built in 0.7 s (2236x1355 cells x 3 layers x 4 classes)
  rip-up #44: REF_1V4 crosses [] (0 items removed)
  no path REF_1V4: [('R162', '2')]
  maps built in 0.6 s (2236x1355 cells x 3 layers x 4 classes)
  rip-up #45: REF_1V4 crosses ['/Lamp_Rows/ROW1_S'] (1 items removed)
  maps built in 0.6 s (2236x1355 cells x 3 layers x 4 classes)
  rip-up #46: REF_1V4 crosses ['/Lamp_Rows/ROW2_S'] (1 items removed)
  maps built in 0.6 s (2236x1355 cells x 3 layers x 4 classes)
  rip-up #47: REF_1V4 crosses [] (0 items removed)
  maps built in 0.6 s (2236x1355 cells x 3 layers x 4 classes)
  rip-up #48: REF_1V4 crosses [] (0 items removed)
  maps built in 0.6 s (2236x1355 cells x 3 layers x 4 classes)
  rip-up #49: REF_1V4 crosses [] (0 items removed)
  no path REF_1V4: [('R162', '2')]
  maps built in 0.7 s (2236x1355 cells x 3 layers x 4 classes)
  rip-up #50: REF_1V4 crosses [] (0 items removed)
  maps built in 0.7 s (2236x1355 cells x 3 layers x 4 classes)
  rip-up #51: REF_1V4 crosses [] (0 items removed)
  maps built in 0.7 s (2236x1355 cells x 3 layers x 4 classes)
  rip-up #52: REF_1V4 crosses [] (0 items removed)
  no path REF_1V4: [('R162', '2')]
  maps built in 0.7 s (2236x1355 cells x 3 layers x 4 classes)
  rip-up #53: REF_1V4 crosses ['/Lamp_Rows/ROW8_S'] (1 items removed)
  maps built in 0.7 s (2236x1355 cells x 3 layers x 4 classes)
  rip-up #54: REF_1V4 crosses [] (0 items removed)
  maps built in 0.7 s (2236x1355 cells x 3 layers x 4 classes)
  rip-up #55: REF_1V4 crosses [] (0 items removed)
  maps built in 0.7 s (2236x1355 cells x 3 layers x 4 classes)
  rip-up #56: REF_1V4 crosses [] (0 items removed)
  no path REF_1V4: [('R162', '2')]
  maps built in 0.6 s (2236x1355 cells x 3 layers x 4 classes)
  rip-up #57: REF_1V4 crosses [] (0 items removed)
  maps built in 0.7 s (2236x1355 cells x 3 layers x 4 classes)
  rip-up #58: REF_1V4 crosses [] (0 items removed)
  maps built in 0.6 s (2236x1355 cells x 3 layers x 4 classes)
  rip-up #59: REF_1V4 crosses [] (0 items removed)
  no path REF_1V4: [('R162', '2')]
  maps built in 0.7 s (2236x1355 cells x 3 layers x 4 classes)
  rip-up #60: REF_1V4 crosses ['/CPU_Interface/ZC_SAMPLE'] (1 items removed)
  maps built in 0.7 s (2236x1355 cells x 3 layers x 4 classes)
  rip-up #61: REF_1V4 crosses [] (0 items removed)
  maps built in 0.6 s (2236x1355 cells x 3 layers x 4 classes)
  rip-up #62: REF_1V4 crosses [] (0 items removed)
  maps built in 0.7 s (2236x1355 cells x 3 layers x 4 classes)
  rip-up #63: REF_1V4 crosses [] (0 items removed)
  no path REF_1V4: [('R162', '2')]
  FAILED REF_1V4 (no routable pair left)
  net REF_1V4: 12 -> 2 components, 10 links, 149.0 s
  maps built in 0.6 s (2236x1355 cells x 3 layers x 4 classes)
  rip-up #64: CLK_LAMP_ROW crosses ['D7'] (3 items removed)
  no path CLK_LAMP_ROW: [('U10', '11')]
  no path CLK_LAMP_ROW: [('U11', '3')]
  no path CLK_LAMP_ROW: [('U11', '11')]
  no path CLK_LAMP_ROW: [('U12', '3')]
  no path CLK_LAMP_ROW: [('U12', '11')]
  no path CLK_LAMP_ROW: [('U13', '3')]
  no path CLK_LAMP_ROW: [('U13', '11')]
  FAILED CLK_LAMP_ROW (no routable pair left)
  net CLK_LAMP_ROW: 10 -> 8 components, 2 links, 77.0 s
  net CLK_LAMP_COL: 3 -> 1 components, 2 links, 0.7 s
  maps built in 0.5 s (2236x1355 cells x 3 layers x 4 classes)
  rip-up #65: BLANKING crosses ['D4_N'] (1 items removed)
  maps built in 0.6 s (2236x1355 cells x 3 layers x 4 classes)
  rip-up #66: BLANKING crosses ['CLK_SOL_GEN', 'D0', 'D4', 'D6', 'SOL27_L'] (7 items removed)
  maps built in 0.6 s (2236x1355 cells x 3 layers x 4 classes)
  rip-up #67: BLANKING crosses ['CLK_SOL_HIGH', 'D0'] (2 items removed)
  net BLANKING: 9 -> 1 components, 8 links, 22.9 s
  net /Power_Supply/U20_SW: 2 -> 1 components, 1 links, 0.0 s
  net /Power_Supply/U21_RT: 2 -> 1 components, 1 links, 0.0 s
  net SOL24: 2 -> 1 components, 1 links, 0.0 s
  net Net-(R6-Pad2): 2 -> 1 components, 1 links, 0.0 s
  net /Power_Supply/U20_RT: 2 -> 1 components, 1 links, 0.0 s
  net /Lamp_Rows/ROW8_E: 2 -> 1 components, 1 links, 0.0 s
  net +5V: 4 -> 1 components, 3 links, 3.5 s
  net /Power_Supply/U21_FB: 2 -> 1 components, 1 links, 0.0 s
  net ROW8: 2 -> 1 components, 1 links, 0.0 s
  maps built in 0.6 s (2236x1355 cells x 3 layers x 4 classes)
  rip-up #68: /CPU_Interface/ZC_REF crosses ['/CPU_Interface/ZC_SAMPLE'] (2 items removed)
  net /CPU_Interface/ZC_REF: 2 -> 1 components, 1 links, 3.9 s
  maps built in 0.6 s (2236x1355 cells x 3 layers x 4 classes)
  rip-up #69: Net-(Q90-Pad1) crosses ['/Lamp_Rows/ROW1_E'] (1 items removed)
  net Net-(Q90-Pad1): 2 -> 1 components, 1 links, 3.9 s
  maps built in 0.6 s (2236x1355 cells x 3 layers x 4 classes)
  rip-up #70: SOL22_L crosses ['D3'] (1 items removed)
  net SOL22_L: 2 -> 1 components, 1 links, 3.9 s
  net GI5_L: 2 -> 1 components, 1 links, 0.0 s
  maps built in 0.6 s (2236x1355 cells x 3 layers x 4 classes)
  rip-up #71: CLK_GI crosses ['D7_N'] (1 items removed)
  maps built in 0.6 s (2236x1355 cells x 3 layers x 4 classes)
  rip-up #72: CLK_GI crosses ['D7', 'SOL27_L'] (2 items removed)
  net CLK_GI: 3 -> 1 components, 2 links, 6.5 s
  maps built in 0.6 s (2236x1355 cells x 3 layers x 4 classes)
  rip-up #73: GI_BIT6 crosses ['GI_BIT5'] (3 items removed)
  net GI_BIT6: 2 -> 1 components, 1 links, 4.9 s
  maps built in 0.6 s (2236x1355 cells x 3 layers x 4 classes)
  rip-up #74: SOL14_L crosses ['D7'] (1 items removed)
  maps built in 0.6 s (2236x1355 cells x 3 layers x 4 classes)
  rip-up #75: SOL14_L crosses ['CLK_SOL_LOW'] (2 items removed)
  net SOL14_L: 3 -> 1 components, 2 links, 9.1 s
  maps built in 0.6 s (2236x1355 cells x 3 layers x 4 classes)
  rip-up #76: SOL26_L crosses ['BLANKING', 'SOL28_L'] (3 items removed)
  net SOL26_L: 2 -> 1 components, 1 links, 5.8 s
  maps built in 0.6 s (2236x1355 cells x 3 layers x 4 classes)
  rip-up #77: CLK_SOL_GEN crosses ['CLK_GI'] (3 items removed)
  net CLK_SOL_GEN: 4 -> 1 components, 3 links, 1.8 s
  net ROWCLR5: 3 -> 1 components, 2 links, 0.0 s
  net SOL18_L: 2 -> 1 components, 1 links, 0.1 s
  net SOL12_L: 2 -> 1 components, 1 links, 0.3 s
  net D1: 3 -> 1 components, 2 links, 0.1 s
  net ROWCLR1: 2 -> 1 components, 1 links, 0.0 s
  net SOL19_L: 2 -> 1 components, 1 links, 0.0 s
  maps built in 0.6 s (2236x1355 cells x 3 layers x 4 classes)
  rip-up #78: D4 crosses ['D6'] (1 items removed)
  maps built in 0.6 s (2236x1355 cells x 3 layers x 4 classes)
  rip-up #79: D4 crosses ['ROWCLR5'] (2 items removed)
  no path D4: [('U11', '12')]
  FAILED D4 (no routable pair left)
  net D4: 5 -> 2 components, 3 links, 18.5 s
  net D5: 4 -> 1 components, 3 links, 0.4 s
  maps built in 0.6 s (2236x1355 cells x 3 layers x 4 classes)
  rip-up #80: D0 crosses ['BLANKING'] (1 items removed)
  no path D0: [('U13', '12')]
  FAILED D0 (no routable pair left)
  net D0: 6 -> 2 components, 4 links, 17.1 s
  net ROWCLR7: 2 -> 1 components, 1 links, 0.0 s
  maps built in 0.6 s (2236x1355 cells x 3 layers x 4 classes)
  rip-up #81: D7 crosses ['D6'] (2 items removed)
  maps built in 0.6 s (2236x1355 cells x 3 layers x 4 classes)
  rip-up #82: D7 crosses ['CLK_LAMP_ROW'] (5 items removed)
  net D7: 6 -> 1 components, 5 links, 9.8 s
  maps built in 0.6 s (2236x1355 cells x 3 layers x 4 classes)
  rip-up #83: D2 crosses ['D4_N'] (1 items removed)
  maps built in 0.6 s (2236x1355 cells x 3 layers x 4 classes)
  rip-up #84: D2 crosses ['D5_N'] (3 items removed)
  net D2: 4 -> 1 components, 3 links, 10.5 s
  maps built in 0.6 s (2236x1355 cells x 3 layers x 4 classes)
  rip-up #85: D6_N crosses ['CLK_SOL_GEN'] (8 items removed)
  net D6_N: 2 -> 1 components, 1 links, 1.0 s
  net /Lamp_Rows/ROW1_S: 2 -> 1 components, 1 links, 0.0 s
  maps built in 0.6 s (2236x1355 cells x 3 layers x 4 classes)
  rip-up #86: /Lamp_Rows/ROW2_S crosses ['REF_1V4'] (4 items removed)
  net /Lamp_Rows/ROW2_S: 3 -> 1 components, 2 links, 4.8 s
  net /Lamp_Rows/ROW8_S: 2 -> 1 components, 1 links, 0.0 s
  maps built in 0.6 s (2236x1355 cells x 3 layers x 4 classes)
  rip-up #87: /CPU_Interface/ZC_SAMPLE crosses ['/CPU_Interface/BLK_REF', 'Net-(R6-Pad2)'] (7 items removed)
  net /CPU_Interface/ZC_SAMPLE: 3 -> 1 components, 2 links, 5.2 s
  maps built in 0.6 s (2236x1355 cells x 3 layers x 4 classes)
  rip-up #88: D4_N crosses ['D1', 'D4'] (3 items removed)
  maps built in 0.6 s (2236x1355 cells x 3 layers x 4 classes)
  rip-up #89: D4_N crosses ['D1'] (2 items removed)
  net D4_N: 3 -> 1 components, 2 links, 15.0 s
  maps built in 0.6 s (2236x1355 cells x 3 layers x 4 classes)
  rip-up #90: D6 crosses ['D4', 'GI4_L'] (3 items removed)
  maps built in 0.6 s (2236x1355 cells x 3 layers x 4 classes)
  rip-up #91: D6 crosses ['ROWCLR7'] (3 items removed)
  no path D6: [('U10', '12')]
  FAILED D6 (no routable pair left)
  net D6: 5 -> 2 components, 3 links, 24.2 s
  no path SOL27_L: [('U2', '17'), (None, None)]
  FAILED SOL27_L (no routable pair left)
  net SOL27_L: 2 -> 2 components, 0 links, 6.5 s
  net CLK_SOL_HIGH: 2 -> 1 components, 1 links, 0.1 s
  net /Lamp_Rows/ROW1_E: 2 -> 1 components, 1 links, 0.0 s
  net D3: 2 -> 1 components, 1 links, 0.1 s
  maps built in 0.6 s (2236x1355 cells x 3 layers x 4 classes)
  rip-up #92: D7_N crosses ['CLK_SOL_FLASH', 'CLK_SOL_HIGH'] (3 items removed)
  net D7_N: 2 -> 1 components, 1 links, 1.0 s
  maps built in 0.6 s (2236x1355 cells x 3 layers x 4 classes)
  rip-up #93: GI_BIT5 crosses ['GI_BIT6'] (3 items removed)
  net GI_BIT5: 2 -> 1 components, 1 links, 4.7 s
  maps built in 0.6 s (2236x1355 cells x 3 layers x 4 classes)
  rip-up #94: CLK_SOL_LOW crosses ['+20V', 'SOL13_L'] (3 items removed)
  net CLK_SOL_LOW: 2 -> 1 components, 1 links, 6.8 s
  maps built in 0.6 s (2236x1355 cells x 3 layers x 4 classes)
  rip-up #95: BLANKING crosses ['D0'] (3 items removed)
  net BLANKING: 4 -> 1 components, 3 links, 10.3 s
  no path SOL28_L: [('U2', '16'), (None, None)]
  FAILED SOL28_L (no routable pair left)
  net SOL28_L: 2 -> 2 components, 0 links, 7.7 s
  maps built in 0.8 s (2236x1355 cells x 3 layers x 4 classes)
  rip-up #96: CLK_GI crosses ['D7_N'] (1 items removed)
  net CLK_GI: 2 -> 1 components, 1 links, 1.1 s
  net ROWCLR5: 2 -> 1 components, 1 links, 0.0 s
  no path CLK_LAMP_ROW: [('U10', '3'), (None, None)]
  no path CLK_LAMP_ROW: [('U10', '11')]
  no path CLK_LAMP_ROW: [('U11', '3')]
  no path CLK_LAMP_ROW: [('U11', '11')]
  no path CLK_LAMP_ROW: [('U12', '3')]
  no path CLK_LAMP_ROW: [('U12', '11')]
  no path CLK_LAMP_ROW: [('U13', '3')]
  no path CLK_LAMP_ROW: [('U13', '11')]
  FAILED CLK_LAMP_ROW (no routable pair left)
  net CLK_LAMP_ROW: 9 -> 9 components, 0 links, 83.9 s
  no path D5_N: [('U9', '15'), (None, None)]
  FAILED D5_N (no routable pair left)
  net D5_N: 2 -> 2 components, 0 links, 12.1 s
  maps built in 0.7 s (2236x1355 cells x 3 layers x 4 classes)
  rip-up #97: CLK_SOL_GEN crosses ['CLK_GI', 'D6_N'] (4 items removed)
  net CLK_SOL_GEN: 2 -> 1 components, 1 links, 1.2 s
  maps built in 0.7 s (2236x1355 cells x 3 layers x 4 classes)
  rip-up #98: REF_1V4 crosses [] (0 items removed)
  maps built in 0.7 s (2236x1355 cells x 3 layers x 4 classes)
  rip-up #99: REF_1V4 crosses [] (0 items removed)
  maps built in 0.7 s (2236x1355 cells x 3 layers x 4 classes)
  rip-up #100: REF_1V4 crosses [] (0 items removed)
  no path REF_1V4: [('R162', '2')]
  maps built in 0.7 s (2236x1355 cells x 3 layers x 4 classes)
  rip-up #101: REF_1V4 crosses ['/Lamp_Rows/ROW1_S'] (1 items removed)
  maps built in 0.6 s (2236x1355 cells x 3 layers x 4 classes)
  rip-up #102: REF_1V4 crosses ['/Lamp_Rows/ROW1_S'] (1 items removed)
  maps built in 0.8 s (2236x1355 cells x 3 layers x 4 classes)
  rip-up #103: REF_1V4 crosses [] (0 items removed)
  maps built in 0.7 s (2236x1355 cells x 3 layers x 4 classes)
  rip-up #104: REF_1V4 crosses [] (0 items removed)
  maps built in 0.7 s (2236x1355 cells x 3 layers x 4 classes)
  rip-up #105: REF_1V4 crosses [] (0 items removed)
  no path REF_1V4: [('R162', '2')]
  FAILED REF_1V4 (no routable pair left)
  net REF_1V4: 5 -> 2 components, 3 links, 70.9 s
  net /CPU_Interface/BLK_REF: 2 -> 1 components, 1 links, 0.0 s
  maps built in 0.8 s (2236x1355 cells x 3 layers x 4 classes)
  rip-up #106: Net-(R6-Pad2) crosses ['/CPU_Interface/BLK_REF'] (8 items removed)
  net Net-(R6-Pad2): 2 -> 1 components, 1 links, 5.5 s
  net D1: 2 -> 1 components, 1 links, 0.1 s
  maps built in 0.7 s (2236x1355 cells x 3 layers x 4 classes)
  rip-up #107: D4 crosses ['D6'] (1 items removed)
  maps built in 0.7 s (2236x1355 cells x 3 layers x 4 classes)
  rip-up #108: D4 crosses ['ROWCLR5'] (3 items removed)
  no path D4: [('U11', '12')]
  FAILED D4 (no routable pair left)
  net D4: 5 -> 2 components, 3 links, 28.8 s
  maps built in 0.7 s (2236x1355 cells x 3 layers x 4 classes)
  rip-up #109: GI4_L crosses ['D6'] (9 items removed)
  net GI4_L: 2 -> 1 components, 1 links, 6.3 s
  net ROWCLR7: 2 -> 1 components, 1 links, 0.0 s
  net CLK_SOL_FLASH: 2 -> 1 components, 1 links, 0.0 s
  maps built in 0.7 s (2236x1355 cells x 3 layers x 4 classes)
  rip-up #110: CLK_SOL_HIGH crosses ['D4_N'] (3 items removed)
  maps built in 0.6 s (2236x1355 cells x 3 layers x 4 classes)
  rip-up #111: CLK_SOL_HIGH crosses ['CLK_LAMP_COL', 'CLK_LAMP_ROW', 'CLK_SOL_FLASH'] (3 items removed)
  net CLK_SOL_HIGH: 3 -> 1 components, 2 links, 10.6 s
  maps built in 0.6 s (2236x1355 cells x 3 layers x 4 classes)
  rip-up #112: GI_BIT6 crosses ['GI_BIT5'] (5 items removed)
  net GI_BIT6: 2 -> 1 components, 1 links, 5.5 s
  net +20V: 2 -> 1 components, 1 links, 0.4 s
  net SOL13_L: 2 -> 1 components, 1 links, 0.0 s
  no path D0: [('U13', '12')]
  FAILED D0 (no routable pair left)
  net D0: 4 -> 2 components, 2 links, 11.3 s
  maps built in 0.7 s (2236x1355 cells x 3 layers x 4 classes)
  rip-up #113: D7_N crosses ['+12V_F', 'CLK_LAMP_COL', 'CLK_SOL_LOW', 'D4_N'] (4 items removed)
  net D7_N: 2 -> 1 components, 1 links, 1.4 s
  net CLK_GI: 2 -> 1 components, 1 links, 0.0 s
  net D6_N: 2 -> 1 components, 1 links, 0.1 s
  net /Lamp_Rows/ROW1_S: 3 -> 1 components, 2 links, 0.1 s
  net /CPU_Interface/BLK_REF: 2 -> 1 components, 1 links, 0.0 s
  maps built in 0.7 s (2236x1355 cells x 3 layers x 4 classes)
  rip-up #114: D6 crosses ['GI4_L'] (3 items removed)
  no path D6: [('U2', '8'), (None, None)]
  maps built in 0.7 s (2236x1355 cells x 3 layers x 4 classes)
  rip-up #115: D6 crosses ['ROWCLR7'] (4 items removed)
  no path D6: [('U10', '12')]
  FAILED D6 (no routable pair left)
  net D6: 4 -> 3 components, 1 links, 47.1 s
  net ROWCLR5: 2 -> 1 components, 1 links, 0.0 s
  net D4_N: 3 -> 1 components, 2 links, 0.1 s
  maps built in 0.6 s (2236x1355 cells x 3 layers x 4 classes)
  rip-up #116: CLK_LAMP_COL crosses ['CLK_SOL_HIGH'] (1 items removed)
  net CLK_LAMP_COL: 3 -> 1 components, 2 links, 8.8 s
  no path CLK_LAMP_ROW: [('U10', '3'), (None, None)]
  no path CLK_LAMP_ROW: [('U10', '3'), (None, None)]
  no path CLK_LAMP_ROW: [('U10', '11')]
  no path CLK_LAMP_ROW: [('U11', '3')]
  no path CLK_LAMP_ROW: [('U11', '11')]
  no path CLK_LAMP_ROW: [('U12', '3')]
  no path CLK_LAMP_ROW: [('U12', '11')]
  no path CLK_LAMP_ROW: [('U13', '3')]
  no path CLK_LAMP_ROW: [('U13', '11')]
  FAILED CLK_LAMP_ROW (no routable pair left)
  net CLK_LAMP_ROW: 10 -> 9 components, 1 links, 111.9 s
  net CLK_SOL_FLASH: 2 -> 1 components, 1 links, 0.0 s
  maps built in 0.8 s (2236x1355 cells x 3 layers x 4 classes)
  rip-up #117: GI_BIT5 crosses ['GI_BIT6'] (1 items removed)
  net GI_BIT5: 2 -> 1 components, 1 links, 7.4 s
  net +12V_F: 2 -> 1 components, 1 links, 0.2 s
  net CLK_SOL_LOW: 2 -> 1 components, 1 links, 0.1 s
  maps built in 0.8 s (2236x1355 cells x 3 layers x 4 classes)
  rip-up #118: GI4_L crosses ['GI5_L'] (2 items removed)
  net GI4_L: 2 -> 1 components, 1 links, 7.0 s
  net ROWCLR7: 2 -> 1 components, 1 links, 0.0 s
  maps built in 0.7 s (2236x1355 cells x 3 layers x 4 classes)
  rip-up #119: CLK_SOL_HIGH crosses ['D0_N', 'D2_N'] (2 items removed)
  net CLK_SOL_HIGH: 2 -> 1 components, 1 links, 11.9 s
  no path GI_BIT6: [('U1', '13'), (None, None)]
  FAILED GI_BIT6 (no routable pair left)
  net GI_BIT6: 2 -> 2 components, 0 links, 9.4 s
  maps built in 0.8 s (2236x1355 cells x 3 layers x 4 classes)
  rip-up #120: GI5_L crosses ['GI4_L'] (8 items removed)
  net GI5_L: 2 -> 1 components, 1 links, 8.1 s
  net D0_N: 2 -> 1 components, 1 links, 0.1 s
  maps built in 0.7 s (2236x1355 cells x 3 layers x 4 classes)
  rip-up #121: D2_N crosses ['CLK_SOL_HIGH'] (1 items removed)
  net D2_N: 2 -> 1 components, 1 links, 1.1 s
  maps built in 0.8 s (2236x1355 cells x 3 layers x 4 classes)
  rip-up #122: GI4_L crosses ['GI5_L'] (7 items removed)
  net GI4_L: 2 -> 1 components, 1 links, 7.2 s
  net CLK_SOL_HIGH: 2 -> 1 components, 1 links, 0.2 s
  no path GI5_L: [('U1', '15'), (None, None)]
  FAILED GI5_L (no routable pair left)
  net GI5_L: 2 -> 2 components, 0 links, 8.8 s
routed 850 links in 1464.6 s, 122 rip-ups (237 items), failed: ['+18V', 'CLK_LAMP_ROW', 'D0', 'D4', 'D5_N', 'D6', 'FLIP_RLY_L', 'GI5_L', 'GI_BIT6', 'REF_1V4', 'SOL27_L', 'SOL28_L']
wrote .scratch/board_v1_routed.kicad_pcb: 7938 new items
