  GI_RET: routed with class Bus (neck-down)
  GI_RET: routed with class Bus (neck-down)
  GI_RET: routed with class Bus (neck-down)
  GI_RET: routed with class Bus (neck-down)
  GI_RET: routed with class Bus (neck-down)
  net GI_RET: 11 -> 1 components, 9 links, 23.2 s
  net GI5_IN: 3 -> 1 components, 2 links, 0.0 s
  net AC98_A: 4 -> 1 components, 3 links, 0.0 s
  net GI4_IN: 3 -> 1 components, 2 links, 0.0 s
  net GI1_OUT: 4 -> 1 components, 3 links, 0.0 s
  net GI3_IN: 3 -> 1 components, 2 links, 0.0 s
  net /Power_Supply/AC98_A_F: 3 -> 1 components, 2 links, 0.0 s
  net AC98_B: 3 -> 1 components, 2 links, 0.0 s
  net AC16_A: 4 -> 1 components, 3 links, 0.0 s
  net /Power_Supply/AC13_A_F: 3 -> 1 components, 2 links, 0.0 s
  net GI2_OUT: 4 -> 1 components, 3 links, 0.0 s
  net GI5_OUT: 5 -> 1 components, 4 links, 0.1 s
  net AC9_A: 3 -> 1 components, 2 links, 0.0 s
  net AC13_A: 4 -> 1 components, 3 links, 0.0 s
  net GI1_IN: 3 -> 1 components, 2 links, 0.0 s
  net +50V_F103: 4 -> 1 components, 3 links, 0.1 s
  net +50V_F104: 4 -> 1 components, 3 links, 0.0 s
  net GI2_IN: 3 -> 1 components, 2 links, 0.0 s
  net GI4_OUT: 4 -> 1 components, 3 links, 0.0 s
  net +50V_F105: 4 -> 1 components, 3 links, 0.1 s
  net GI3_OUT: 4 -> 1 components, 3 links, 0.2 s
  net AC13_B: 3 -> 1 components, 2 links, 0.1 s
  rip-up #1: /Power_Supply/+5V_RAW crosses ['/Power_Supply/U20_EN', '/Power_Supply/U20_RT'] (5 items removed)
  /Power_Supply/+5V_RAW: routed with class BusN (neck-down)
  rip-up #2: /Power_Supply/+5V_RAW crosses ['/Power_Supply/U20_EN', '/Power_Supply/U20_RT'] (5 items removed)
  /Power_Supply/+5V_RAW: routed with class BusS (neck-down)
  net /Power_Supply/+5V_RAW: 7 -> 1 components, 6 links, 15.4 s
  net AC16_A_F: 5 -> 1 components, 4 links, 0.1 s
  net AC16_B: 5 -> 1 components, 4 links, 0.2 s
  net ACSOL_A_F: 5 -> 1 components, 4 links, 0.2 s
  net ACSOL_B: 5 -> 1 components, 4 links, 0.3 s
  +12VU: routed with class BusN (neck-down)
  net +12VU: 7 -> 1 components, 6 links, 5.5 s
  rip-up #3: +20V crosses ['SOL20_L'] (1 items removed)
  +20V: routed with class BusN (neck-down)
  net +20V: 11 -> 1 components, 10 links, 11.0 s
  rip-up #4: +50V crosses ['SOL15'] (3 items removed)
  net +50V: 28 -> 1 components, 26 links, 7.7 s
  net ACSOL_A: 6 -> 1 components, 5 links, 0.2 s
  AC9_AF: routed with class BusN (neck-down)
  net AC9_AF: 4 -> 1 components, 3 links, 0.7 s
  AC9_B: routed with class BusN (neck-down)
  net AC9_B: 3 -> 1 components, 2 links, 4.7 s
  +18V: routed with class BusN (neck-down)
  +18V: routed with class BusN (neck-down)
  +18V: routed with class BusN (neck-down)
  +18V: routed with class BusN (neck-down)
  rip-up #5: +18V crosses ['COL6', 'COL7', 'COLB5'] (3 items removed)
  +18V: routed with class BusN (neck-down)
  +18V: routed with class BusN (neck-down)
  rip-up #6: +18V crosses ['COLB2', 'Net-(Q95-G)'] (4 items removed)
  +18V: routed with class BusN (neck-down)
  +18V: routed with class BusN (neck-down)
  +18V: routed with class BusN (neck-down)
  +18V: routed with class BusN (neck-down)
  +18V: routed with class BusN (neck-down)
  rip-up #7: +18V crosses [] (0 items removed)
  rip-up #8: +18V crosses [] (0 items removed)
  rip-up #9: +18V crosses [] (0 items removed)
  +18V: routed with class BusN (neck-down)
  +18V: routed with class BusS (neck-down)
  net +18V: 26 -> 1 components, 25 links, 67.4 s
  rip-up #10: +5V crosses [] (0 items removed)
  rip-up #11: +5V crosses [] (0 items removed)
  rip-up #12: +5V crosses [] (0 items removed)
  +5V: routed with class BusS (neck-down)
  +5V: routed with class BusN (neck-down)
  +5V: routed with class BusN (neck-down)
  rip-up #13: +5V crosses ['GI4_L'] (2 items removed)
  +5V: routed with class BusN (neck-down)
  +5V: routed with class BusN (neck-down)
  rip-up #14: +5V crosses ['D2', 'D7'] (2 items removed)
  rip-up #15: +5V crosses [] (0 items removed)
  rip-up #16: +5V crosses [] (0 items removed)
  +5V: routed with class BusS (neck-down)
  rip-up #17: +5V crosses ['SOL21_L'] (2 items removed)
  +5V: routed with class BusN (neck-down)
  rip-up #18: +5V crosses ['D2', 'D3', 'SOL20_L'] (3 items removed)
  +5V: routed with class BusN (neck-down)
  rip-up #19: +5V crosses ['D2_N'] (1 items removed)
  +5V: routed with class BusN (neck-down)
  +5V: routed with class BusN (neck-down)
  +5V: routed with class BusN (neck-down)
  +5V: routed with class BusN (neck-down)
  +5V: routed with class BusS (neck-down)
  +5V: routed with class BusS (neck-down)
  +5V: routed with class BusS (neck-down)
  rip-up #20: +5V crosses ['ZERO_CROSS'] (6 items removed)
  rip-up #21: +5V crosses [] (0 items removed)
  rip-up #22: +5V crosses [] (0 items removed)
  +5V: routed with class BusN (neck-down)
  rip-up #23: +5V crosses ['CLK_SOL_HIGH'] (2 items removed)
  +5V: routed with class BusN (neck-down)
  rip-up #24: +5V crosses ['D1', 'D6', 'D7'] (5 items removed)
  +5V: routed with class BusN (neck-down)
  rip-up #25: +5V crosses ['AC9_B'] (1 items removed)
  rip-up #26: +5V crosses ['/Power_Supply/U20_COMP'] (1 items removed)
  +5V: routed with class BusN (neck-down)
  +5V: routed with class BusN (neck-down)
  +5V: routed with class BusN (neck-down)
  rip-up #27: +5V crosses ['CLK_GI'] (2 items removed)
  rip-up #28: +5V crosses ['CLK_SOL_LOW', 'D3_N', 'D7_N'] (9 items removed)
  +5V: routed with class BusN (neck-down)
  rip-up #29: +5V crosses ['D1'] (1 items removed)
  +5V: routed with class BusN (neck-down)
  +5V: routed with class BusN (neck-down)
  +5V: routed with class BusN (neck-down)
  rip-up #30: +5V crosses ['D6'] (4 items removed)
  rip-up #31: +5V crosses [] (0 items removed)
  rip-up #32: +5V crosses [] (0 items removed)
  +5V: routed with class BusN (neck-down)
  +5V: routed with class BusS (neck-down)
  +5V: routed with class BusE (neck-down)
  +5V: routed with class BusE (neck-down)
  +5V: routed with class BusS (neck-down)
  rip-up #33: +5V crosses ['CLK_LAMP_ROW', 'D4'] (2 items removed)
  rip-up #34: +5V crosses [] (0 items removed)
  rip-up #35: +5V crosses [] (0 items removed)
  +5V: routed with class BusN (neck-down)
  +5V: routed with class BusN (neck-down)
  rip-up #36: +5V crosses ['D3'] (1 items removed)
  +5V: routed with class BusN (neck-down)
  rip-up #37: +5V crosses [] (0 items removed)
  rip-up #38: +5V crosses [] (0 items removed)
  rip-up #39: +5V crosses [] (0 items removed)
  +5V: routed with class BusN (neck-down)
  +5V: routed with class BusS (neck-down)
  +5V: routed with class BusS (neck-down)
  +5V: routed with class BusE (neck-down)
  +5V: routed with class BusN (neck-down)
  rip-up #40: +5V crosses ['CLK_LAMP_ROW', 'D2', 'ROWCLR3'] (18 items removed)
  rip-up #41: +5V crosses [] (0 items removed)
  rip-up #42: +5V crosses [] (0 items removed)
  +5V: routed with class BusN (neck-down)
  +5V: routed with class BusS (neck-down)
  rip-up #43: +5V crosses ['ROWCLR1'] (2 items removed)
  +5V: routed with class BusN (neck-down)
  +5V: routed with class BusE (neck-down)
  rip-up #44: +5V crosses ['D0', 'D2', 'ROWCLR1'] (17 items removed)
  rip-up #45: +5V crosses [] (0 items removed)
  rip-up #46: +5V crosses [] (0 items removed)
  +5V: routed with class BusN (neck-down)
  +5V: routed with class BusN (neck-down)
  +5V: routed with class BusE (neck-down)
  +5V: routed with class BusN (neck-down)
  +5V: routed with class BusN (neck-down)
  +5V: routed with class BusN (neck-down)
  +5V: routed with class BusE (neck-down)
  rip-up #47: +5V crosses ['ROWCLR2'] (1 items removed)
  rip-up #48: +5V crosses [] (0 items removed)
  rip-up #49: +5V crosses [] (0 items removed)
  +5V: routed with class BusN (neck-down)
  +5V: routed with class BusS (neck-down)
  rip-up #50: +5V crosses [] (0 items removed)
  rip-up #51: +5V crosses [] (0 items removed)
  rip-up #52: +5V crosses [] (0 items removed)
  +5V: routed with class BusN (neck-down)
  rip-up #53: +5V crosses [] (0 items removed)
  rip-up #54: +5V crosses [] (0 items removed)
  rip-up #55: +5V crosses [] (0 items removed)
  +5V: routed with class BusN (neck-down)
  +5V: routed with class BusN (neck-down)
  +5V: routed with class BusN (neck-down)
  rip-up #56: +5V crosses ['GI1_IN', 'GI5_OUT'] (3 items removed)
  net +5V: 71 -> 1 components, 68 links, 691.2 s
  net GI2_RET: 3 -> 1 components, 2 links, 0.1 s
  net GI4_RET: 3 -> 1 components, 2 links, 0.1 s
  net GI1_RET: 3 -> 1 components, 2 links, 0.1 s
  net GI3_RET: 3 -> 1 components, 2 links, 0.1 s
  net GI5_RET: 4 -> 1 components, 3 links, 0.2 s
  net SOL13: 2 -> 1 components, 1 links, 0.0 s
  net SOL23_TB: 2 -> 1 components, 1 links, 0.0 s
  net SOL08: 2 -> 1 components, 1 links, 0.0 s
  net SOL09: 2 -> 1 components, 1 links, 0.0 s
  net SOL01: 2 -> 1 components, 1 links, 0.0 s
  net SOL25: 5 -> 1 components, 4 links, 0.1 s
  net SOL14: 2 -> 1 components, 1 links, 0.0 s
  net SOL24_TB: 2 -> 1 components, 1 links, 0.0 s
  net SOL07: 2 -> 1 components, 1 links, 0.0 s
  net SOL10: 2 -> 1 components, 1 links, 0.0 s
  net SOL02: 2 -> 1 components, 1 links, 0.0 s
  net SOL22_TB: 2 -> 1 components, 1 links, 0.0 s
  net SOL15: 3 -> 1 components, 2 links, 0.1 s
  net SOL26: 5 -> 1 components, 4 links, 0.1 s
  net SOL11: 2 -> 1 components, 1 links, 0.1 s
  net SOL06: 2 -> 1 components, 1 links, 0.0 s
  net SOL03: 2 -> 1 components, 1 links, 0.1 s
  net SOL21_TB: 2 -> 1 components, 1 links, 0.0 s
  net SOL16: 2 -> 1 components, 1 links, 0.1 s
  net SOL04: 2 -> 1 components, 1 links, 0.1 s
  rip-up #57: SOL27 crosses ['+5V'] (1 items removed)
  net SOL27: 5 -> 1 components, 4 links, 5.9 s
  net SOL12: 2 -> 1 components, 1 links, 0.1 s
  net SOL20: 4 -> 1 components, 3 links, 0.2 s
  net SOL05: 2 -> 1 components, 1 links, 0.1 s
  net SOL28: 5 -> 1 components, 4 links, 0.2 s
  rip-up #58: Net-(U6B--) crosses ['+5V', 'Net-(R6-Pad2)'] (4 items removed)
  net Net-(U6B--): 2 -> 1 components, 1 links, 2.4 s
  rip-up #59: /CPU_Interface/ZC_SAMPLE crosses ['Net-(R6-Pad2)'] (2 items removed)
  net /CPU_Interface/ZC_SAMPLE: 5 -> 1 components, 4 links, 4.7 s
  net /Power_Supply/U20_EN: 2 -> 1 components, 1 links, 0.0 s
  net /Power_Supply/U20_RT: 3 -> 1 components, 2 links, 0.0 s
  net SOL20_L: 3 -> 1 components, 2 links, 0.0 s
  net COL6: 2 -> 1 components, 1 links, 0.0 s
  net COL7: 2 -> 1 components, 1 links, 0.0 s
  net COLB5: 2 -> 1 components, 1 links, 0.0 s
  net COLB2: 2 -> 1 components, 1 links, 0.0 s
  rip-up #60: Net-(Q95-G) crosses ['COLB4'] (1 items removed)
  net Net-(Q95-G): 3 -> 1 components, 1 links, 2.1 s
  net GI4_L: 2 -> 1 components, 1 links, 0.0 s
  net D2: 5 -> 1 components, 4 links, 0.5 s
  net D7: 3 -> 1 components, 2 links, 0.3 s
  rip-up #61: SOL21_L crosses [] (0 items removed)
  rip-up #62: SOL21_L crosses [] (0 items removed)
  rip-up #63: SOL21_L crosses [] (0 items removed)
  no path SOL21_L: [('R38', '1'), (None, None)]
  FAILED SOL21_L (no routable pair left)
  net SOL21_L: 2 -> 2 components, 0 links, 6.4 s
  net D3: 4 -> 1 components, 2 links, 0.5 s
  net D2_N: 2 -> 1 components, 1 links, 0.1 s
  net ZERO_CROSS: 2 -> 1 components, 1 links, 0.1 s
  net CLK_SOL_HIGH: 2 -> 1 components, 1 links, 0.1 s
  net D1: 3 -> 1 components, 2 links, 0.5 s
  net D6: 5 -> 1 components, 4 links, 0.4 s
  net AC9_B: 2 -> 1 components, 1 links, 0.6 s
  net /Power_Supply/U20_COMP: 2 -> 1 components, 1 links, 0.0 s
  net CLK_GI: 2 -> 1 components, 1 links, 0.1 s
  rip-up #64: CLK_SOL_LOW crosses ['CLK_SOL_FLASH'] (1 items removed)
  net CLK_SOL_LOW: 2 -> 1 components, 1 links, 6.4 s
  net D3_N: 2 -> 1 components, 1 links, 0.1 s
  rip-up #65: D7_N crosses ['CLK_GI'] (1 items removed)
  net D7_N: 2 -> 1 components, 1 links, 2.3 s
  net CLK_LAMP_ROW: 3 -> 1 components, 2 links, 0.1 s
  rip-up #66: D4 crosses [] (0 items removed)
  rip-up #67: D4 crosses [] (0 items removed)
  rip-up #68: D4 crosses [] (0 items removed)
  no path D4: [('U11', '12'), (None, None)]
  FAILED D4 (no routable pair left)
  net D4: 2 -> 2 components, 0 links, 20.9 s
  net ROWCLR3: 1 -> 1 components, 0 links, 0.0 s
  rip-up #69: ROWCLR1 crosses ['+5V'] (4 items removed)
  rip-up #70: ROWCLR1 crosses [] (0 items removed)
  rip-up #71: ROWCLR1 crosses [] (0 items removed)
  no path ROWCLR1: [('R149', '2'), ('U16', '14')]
  FAILED ROWCLR1 (no routable pair left)
  net ROWCLR1: 2 -> 2 components, 0 links, 6.5 s
  rip-up #72: D0 crosses [] (0 items removed)
  rip-up #73: D0 crosses [] (0 items removed)
  rip-up #74: D0 crosses [] (0 items removed)
  no path D0: [('U13', '12'), (None, None)]
  FAILED D0 (no routable pair left)
  net D0: 3 -> 2 components, 1 links, 20.3 s
  net ROWCLR2: 3 -> 1 components, 2 links, 0.0 s
  net GI1_IN: 1 -> 1 components, 0 links, 0.0 s
  net GI5_OUT: 2 -> 1 components, 1 links, 0.0 s
  rip-up #75: +5V crosses ['ZERO_CROSS'] (3 items removed)
  +5V: routed with class BusS (neck-down)
  net +5V: 6 -> 1 components, 5 links, 32.8 s
  no path Net-(R6-Pad2): [(None, None), (None, None)]
  FAILED Net-(R6-Pad2) (no routable pair left)
  net Net-(R6-Pad2): 2 -> 2 components, 0 links, 5.4 s
  net COLB4: 2 -> 1 components, 1 links, 0.0 s
  net CLK_SOL_FLASH: 2 -> 1 components, 1 links, 0.1 s
  rip-up #76: CLK_GI crosses ['D5_N'] (1 items removed)
  net CLK_GI: 2 -> 1 components, 1 links, 5.0 s
  net ZERO_CROSS: 2 -> 1 components, 1 links, 0.2 s
  rip-up #77: D5_N crosses ['CLK_GI'] (1 items removed)
  net D5_N: 2 -> 1 components, 1 links, 2.0 s
  rip-up #78: CLK_GI crosses ['D5_N'] (1 items removed)
  net CLK_GI: 2 -> 1 components, 1 links, 4.9 s
  rip-up #79: D5_N crosses ['CLK_GI'] (1 items removed)
  net D5_N: 2 -> 1 components, 1 links, 2.1 s
  thrash guard: CLK_GI <-> D5_N - link skipped
  no path CLK_GI: [('J113', '13'), (None, None)]
  FAILED CLK_GI (no routable pair left)
  net CLK_GI: 2 -> 2 components, 0 links, 3.0 s
routed 338 links in 971.3 s, 79 rip-ups (127 items), failed: ['CLK_GI', 'D0', 'D4', 'Net-(R6-Pad2)', 'ROWCLR1', 'SOL21_L']
== v3 reroute done
round 0: 59 errors, 7 open (non-GND), 0 GND open
    clearance | Pad 13 [ROWCLR1] of U13 on F.Cu / Track [+5V] on F.Cu, length 0.2000 mm
    clearance | Track [+5V] on F.Cu, length 0.2000 mm / Pad 13 [ROWCLR3] of U12 on F.Cu
    clearance | PTH pad 2 [CLK_LAMP_COL] of SR1 / Track [+5V] on F.Cu, length 0.5744 mm
    clearance | Track [GI4_OUT] on F.Cu, length 1.0834 m / Track [GI2_IN] on F.Cu, length 16.2000 m
    clearance | PTH pad 2 [GI1_RET] of Q18 / Track [GI_RET] on F.Cu, length 0.7082 mm
    clearance | Track [GI_RET] on F.Cu, length 0.7872 mm / PTH pad 2 [GI2_RET] of Q10
    open: Track [D0] on F.Cu, length 0.2000 mm @391.8,148.0 / Track [D0] on In2.Cu, length 5.8000 mm @393.2,143.6
    open: Track [D4] on F.Cu, length 0.7016 mm @356.0,148.4 / Track [D4] on F.Cu, length 2.2000 mm @369.8,144.8
    open: Track [SOL21_L] on In2.Cu, length 6.4000 @196.2,120.8 / Track [SOL21_L] on F.Cu, length 0.4432 m @196.2,138.0
    open: Track [ROWCLR1] on F.Cu, length 0.2000 m @392.2,147.4 / Track [ROWCLR1] on F.Cu, length 1.2000 m @394.2,152.8
    open: PTH pad 1 [unconnected-(F102-Pad1)] of F @180.5,53.2 / PTH pad 1 [unconnected-(F102-Pad1)] of F @180.5,59.9
    open: Track [CLK_GI] on B.Cu, length 4.2000 mm @19.2,112.6 / Track [CLK_GI] on F.Cu, length 0.2000 mm @8.8,112.6
    open: PTH pad 1 [unconnected-(F101-Pad1)] of F @165.1,53.2 / PTH pad 1 [unconnected-(F101-Pad1)] of F @165.1,59.9
 found.
   routed 42 links in 145.4 s, 20 rip-ups (37 items), failed: ['CLK_LAMP_ROW', 'D0', 'D4', 'SOL21_L']
round 1: 7 errors, 6 open (non-GND), 0 GND open
    shorting_items | PTH pad 9 [unconnected-(J115-Pin_9-Pad9) / Track [GI_RET] on F.Cu, length 1.5823 mm
    shorting_items | PTH pad 9 [unconnected-(J115-Pin_9-Pad9) / Track [GI_RET] on F.Cu, length 1.6027 mm
    courtyards_overlap | Footprint J129 / Footprint H6
    pth_inside_courtyard | PTH pad 1 [SOL09] of J129 / Footprint H6
    copper_edge_clearance | Segment on Edge.Cuts / Track [GI_RET] on F.Cu, length 3.8000 mm
    copper_edge_clearance | Segment on Edge.Cuts / Track [GI_RET] on F.Cu, length 9.4000 mm
    open: Track [CLK_LAMP_ROW] on In2.Cu, length 0 @393.0,149.4 / Track [CLK_LAMP_ROW] on F.Cu, length 0.7 @392.0,149.4
    open: Track [D0] on F.Cu, length 0.4000 mm @393.6,149.0 / Track [D0] on F.Cu, length 0.2000 mm @392.0,148.6
    open: Track [D4] on F.Cu, length 0.7016 mm @356.0,148.4 / Track [D4] on F.Cu, length 2.2000 mm @369.8,144.8
    open: Track [SOL21_L] on In2.Cu, length 6.4000 @196.2,120.8 / Track [SOL21_L] on F.Cu, length 0.4432 m @196.2,138.0
    open: PTH pad 1 [unconnected-(F102-Pad1)] of F @180.5,53.2 / PTH pad 1 [unconnected-(F102-Pad1)] of F @180.5,59.9
    open: PTH pad 1 [unconnected-(F101-Pad1)] of F @165.1,53.2 / PTH pad 1 [unconnected-(F101-Pad1)] of F @165.1,59.9
    removed 5
   routed 13 links in 138.7 s, 16 rip-ups (38 items), failed: ['D0', 'D4', 'ROWCLR1', 'SOL21_L']
round 2: 7 errors, 7 open (non-GND), 0 GND open
    shorting_items | PTH pad 9 [unconnected-(J115-Pin_9-Pad9) / Track [GI_RET] on F.Cu, length 1.6027 mm
    shorting_items | PTH pad 9 [unconnected-(J115-Pin_9-Pad9) / Track [GI_RET] on F.Cu, length 1.5823 mm
    courtyards_overlap | Footprint J129 / Footprint H6
    pth_inside_courtyard | PTH pad 1 [SOL09] of J129 / Footprint H6
    copper_edge_clearance | Segment on Edge.Cuts / Track [GI_RET] on F.Cu, length 3.8000 mm
    copper_edge_clearance | Segment on Edge.Cuts / Track [GI_RET] on F.Cu, length 9.4000 mm
    open: Track [D0] on F.Cu, length 0.2000 mm @393.8,149.0 / Track [D0] on F.Cu, length 0.7406 mm @392.0,148.6
    open: Track [D4] on F.Cu, length 0.7016 mm @356.0,148.4 / Track [D4] on F.Cu, length 2.2000 mm @369.8,144.8
    open: Track [SOL21_L] on In2.Cu, length 6.4000 @196.2,120.8 / Track [SOL21_L] on F.Cu, length 0.4432 m @196.2,138.0
    open: Track [ROWCLR1] on F.Cu, length 0.5107 m @391.8,147.0 / Track [ROWCLR1] on F.Cu, length 0.2000 m @388.8,154.4
    open: Track [ROWCLR1] on F.Cu, length 2.4000 m @394.0,140.6 / Track [ROWCLR1] on F.Cu, length 0.5107 m @391.8,147.0
    open: PTH pad 1 [unconnected-(F102-Pad1)] of F @180.5,53.2 / PTH pad 1 [unconnected-(F102-Pad1)] of F @180.5,59.9
    open: PTH pad 1 [unconnected-(F101-Pad1)] of F @165.1,53.2 / PTH pad 1 [unconnected-(F101-Pad1)] of F @165.1,59.9
    removed 5
   routed 9 links in 83.1 s, 15 rip-ups (13 items), failed: ['CLK_LAMP_ROW', 'D0', 'D4', 'SOL21_L']
round 3: 7 errors, 6 open (non-GND), 0 GND open
    shorting_items | PTH pad 9 [unconnected-(J115-Pin_9-Pad9) / Track [GI_RET] on F.Cu, length 1.5823 mm
    shorting_items | PTH pad 9 [unconnected-(J115-Pin_9-Pad9) / Track [GI_RET] on F.Cu, length 1.6027 mm
    courtyards_overlap | Footprint J129 / Footprint H6
    pth_inside_courtyard | PTH pad 1 [SOL09] of J129 / Footprint H6
    copper_edge_clearance | Segment on Edge.Cuts / Track [GI_RET] on F.Cu, length 3.8000 mm
    copper_edge_clearance | Segment on Edge.Cuts / Track [GI_RET] on F.Cu, length 9.4000 mm
    open: Track [CLK_LAMP_ROW] on F.Cu, length 0.7 @392.0,149.4 / Track [CLK_LAMP_ROW] on In2.Cu, length 0 @393.0,149.4
    open: Track [D0] on F.Cu, length 0.7406 mm @392.0,148.6 / Track [D0] on F.Cu, length 0.2000 mm @393.6,148.8
    open: Track [D4] on F.Cu, length 0.7016 mm @356.0,148.4 / Track [D4] on F.Cu, length 2.2000 mm @369.8,144.8
    open: Track [SOL21_L] on In2.Cu, length 6.4000 @196.2,120.8 / Track [SOL21_L] on F.Cu, length 0.4432 m @196.2,138.0
    open: PTH pad 1 [unconnected-(F102-Pad1)] of F @180.5,53.2 / PTH pad 1 [unconnected-(F102-Pad1)] of F @180.5,59.9
    open: PTH pad 1 [unconnected-(F101-Pad1)] of F @165.1,53.2 / PTH pad 1 [unconnected-(F101-Pad1)] of F @165.1,59.9
== v3 repair done rc=0
