  GI_RET: routed with class Bus (neck-down)
  GI_RET: routed with class Bus (neck-down)
  GI_RET: routed with class Bus (neck-down)
  GI_RET: routed with class Bus (neck-down)
  GI_RET: routed with class Bus (neck-down)
  net GI_RET: 11 -> 1 components, 9 links, 18.7 s
  net AC98_B: 4 -> 1 components, 3 links, 0.0 s
  net /Power_Supply/AC98_A_F: 4 -> 1 components, 3 links, 0.0 s
  net /Power_Supply/AC13_A_F: 4 -> 1 components, 3 links, 0.0 s
  net AC13_B: 4 -> 1 components, 3 links, 0.1 s
  /Power_Supply/+5V_RAW: routed with class BusN (neck-down)
  rip-up #1: /Power_Supply/+5V_RAW crosses [] (0 items removed)
  rip-up #2: /Power_Supply/+5V_RAW crosses [] (0 items removed)
  rip-up #3: /Power_Supply/+5V_RAW crosses [] (0 items removed)
  /Power_Supply/+5V_RAW: routed with class BusN (neck-down)
  /Power_Supply/+5V_RAW: routed with class BusS (neck-down)
  rip-up #4: /Power_Supply/+5V_RAW crosses ['ACSOL_B'] (1 items removed)
  net /Power_Supply/+5V_RAW: 8 -> 1 components, 7 links, 21.0 s
  net AC16_A_F: 6 -> 1 components, 5 links, 0.2 s
  net AC16_B: 6 -> 1 components, 5 links, 0.2 s
  net +12VU: 8 -> 1 components, 6 links, 2.4 s
  +20V: routed with class BusN (neck-down)
  net +20V: 12 -> 1 components, 10 links, 5.7 s
  AC9_AF: routed with class BusN (neck-down)
  net AC9_AF: 5 -> 1 components, 4 links, 4.4 s
  rip-up #5: AC9_B crosses ['FLIP_RLY_L'] (1 items removed)
  AC9_B: routed with class BusN (neck-down)
  net AC9_B: 4 -> 1 components, 3 links, 10.0 s
  +18V: routed with class BusN (neck-down)
  +18V: routed with class BusN (neck-down)
  +18V: routed with class BusN (neck-down)
  +18V: routed with class BusN (neck-down)
  +18V: routed with class BusN (neck-down)
  +18V: routed with class BusN (neck-down)
  +18V: routed with class BusN (neck-down)
  +18V: routed with class BusN (neck-down)
  +18V: routed with class BusN (neck-down)
  +18V: routed with class BusN (neck-down)
  +18V: routed with class BusN (neck-down)
  rip-up #6: +18V crosses [] (0 items removed)
  rip-up #7: +18V crosses [] (0 items removed)
  rip-up #8: +18V crosses [] (0 items removed)
  +18V: routed with class BusN (neck-down)
  +18V: routed with class BusS (neck-down)
  net +18V: 27 -> 1 components, 26 links, 63.4 s
  rip-up #9: SOL21_L crosses [] (0 items removed)
  rip-up #10: SOL21_L crosses [] (0 items removed)
  rip-up #11: SOL21_L crosses [] (0 items removed)
  no path SOL21_L: [('R38', '1'), (None, None)]
  FAILED SOL21_L (no routable pair left)
  net SOL21_L: 2 -> 2 components, 0 links, 6.6 s
  net SOL17: 4 -> 1 components, 3 links, 0.0 s
  net SOL13: 4 -> 1 components, 3 links, 0.0 s
  net SOL23_TB: 2 -> 1 components, 1 links, 0.0 s
  net SOL23: 4 -> 1 components, 3 links, 0.0 s
  net SOL08: 4 -> 1 components, 3 links, 0.0 s
  net SOL09: 4 -> 1 components, 3 links, 0.1 s
  net SOL25_TB: 2 -> 1 components, 1 links, 0.0 s
  net SOL01: 4 -> 1 components, 3 links, 0.0 s
  net SOL25: 5 -> 1 components, 4 links, 0.1 s
  net SOL14: 4 -> 1 components, 3 links, 0.1 s
  net SOL18: 4 -> 1 components, 3 links, 0.1 s
  net SOL24_TB: 2 -> 1 components, 1 links, 0.0 s
  net SOL24: 4 -> 1 components, 3 links, 0.1 s
  net SOL07: 4 -> 1 components, 3 links, 0.1 s
  net SOL10: 4 -> 1 components, 3 links, 0.2 s
  net SOL02: 4 -> 1 components, 3 links, 0.1 s
  net SOL26_TB: 2 -> 1 components, 1 links, 0.0 s
  net SOL22_TB: 2 -> 1 components, 1 links, 0.0 s
  net SOL15: 4 -> 1 components, 2 links, 0.1 s
  net SOL22: 4 -> 1 components, 3 links, 0.1 s
  net SOL19: 4 -> 1 components, 3 links, 0.1 s
  net SOL26: 5 -> 1 components, 4 links, 0.1 s
  net SOL11: 4 -> 1 components, 3 links, 0.6 s
  net SOL06: 4 -> 1 components, 3 links, 0.3 s
  net SOL03: 4 -> 1 components, 3 links, 0.1 s
  net SOL21_TB: 2 -> 1 components, 1 links, 0.0 s
  net SOL21: 4 -> 1 components, 3 links, 0.1 s
  net SOL27_TB: 2 -> 1 components, 1 links, 0.1 s
  net SOL16: 4 -> 1 components, 3 links, 0.8 s
  net SOL04: 4 -> 1 components, 3 links, 0.4 s
  net SOL27: 5 -> 1 components, 4 links, 0.1 s
  rip-up #12: SOL12 crosses ['+20V'] (1 items removed)
  net SOL12: 4 -> 1 components, 3 links, 3.0 s
  net SOL20: 4 -> 1 components, 3 links, 0.1 s
  rip-up #13: SOL05 crosses ['+50V', 'SOL06'] (2 items removed)
  net SOL05: 4 -> 1 components, 3 links, 3.2 s
  net SOL28_TB: 2 -> 1 components, 1 links, 0.1 s
  rip-up #14: SOL28 crosses ['SOL25_TB'] (1 items removed)
  rip-up #15: SOL28 crosses ['SOL27_L'] (2 items removed)
  net SOL28: 5 -> 1 components, 4 links, 7.7 s
  rip-up #16: D0 crosses ['ROWCLR1'] (1 items removed)
  net D0: 2 -> 1 components, 1 links, 7.0 s
  rip-up #17: D4 crosses [] (0 items removed)
  rip-up #18: D4 crosses [] (0 items removed)
  rip-up #19: D4 crosses [] (0 items removed)
  no path D4: [('U11', '12'), (None, None)]
  FAILED D4 (no routable pair left)
  net D4: 2 -> 2 components, 0 links, 22.1 s
  rip-up #20: CLK_LAMP_ROW crosses ['+5V'] (2 items removed)
  rip-up #21: CLK_LAMP_ROW crosses [] (0 items removed)
  rip-up #22: CLK_LAMP_ROW crosses [] (0 items removed)
  no path CLK_LAMP_ROW: [('U13', '11'), (None, None)]
  FAILED CLK_LAMP_ROW (no routable pair left)
  net CLK_LAMP_ROW: 2 -> 2 components, 0 links, 19.1 s
  net ACSOL_B: 2 -> 1 components, 1 links, 0.1 s
  net FLIP_RLY_L: 2 -> 1 components, 1 links, 0.1 s
  rip-up #23: +20V crosses ['SOL12'] (1 items removed)
  net +20V: 2 -> 1 components, 1 links, 4.7 s
  net +50V: 1 -> 1 components, 0 links, 0.0 s
  rip-up #24: SOL06 crosses ['SOL08'] (2 items removed)
  net SOL06: 2 -> 1 components, 1 links, 3.3 s
  net SOL25_TB: 2 -> 1 components, 1 links, 0.0 s
  net SOL27_L: 2 -> 1 components, 1 links, 0.0 s
  rip-up #25: ROWCLR1 crosses ['D0'] (4 items removed)
  net ROWCLR1: 2 -> 1 components, 1 links, 2.7 s
  net +5V: 2 -> 1 components, 1 links, 1.2 s
  rip-up #26: SOL12 crosses ['+20V'] (1 items removed)
  net SOL12: 2 -> 1 components, 1 links, 3.2 s
  net SOL08: 2 -> 1 components, 1 links, 0.0 s
  rip-up #27: D0 crosses ['ROWCLR1'] (1 items removed)
  net D0: 2 -> 1 components, 1 links, 7.8 s
  rip-up #28: +20V crosses ['SOL12'] (1 items removed)
  net +20V: 2 -> 1 components, 1 links, 4.8 s
  rip-up #29: ROWCLR1 crosses ['D0'] (3 items removed)
  net ROWCLR1: 2 -> 1 components, 1 links, 2.6 s
  thrash guard: SOL12 <-> +20V - link skipped
  SOL12: routed with class Drive (neck-down)
  net SOL12: 2 -> 1 components, 1 links, 0.5 s
  thrash guard: D0 <-> ROWCLR1 - link skipped
  no path D0: [('U13', '12'), (None, None)]
  FAILED D0 (no routable pair left)
  net D0: 2 -> 2 components, 0 links, 4.4 s
routed 197 links in 237.9 s, 29 rip-ups (24 items), failed: ['CLK_LAMP_ROW', 'D0', 'D4', 'SOL21_L']
== v4 reroute done
round 0: 44 errors, 5 open (non-GND), 1 GND open
    clearance | Track [/Power_Supply/AC98_A_F] on F.Cu,  / Track [+12V] on F.Cu, length 9.4000 mm
    clearance | Track [SOL14] on B.Cu, length 20.4000 mm / Track [+20V] on B.Cu, length 0.2000 mm
    clearance | Track [SOL14] on B.Cu, length 0.2000 mm / Track [+20V] on B.Cu, length 0.2000 mm
    shorting_items | Pad 3 [<no net>] of D107 on F.Cu / Track [AC9_B] on F.Cu, length 1.8553 mm
    shorting_items | Pad 3 [<no net>] of D108 on F.Cu / Track [AC9_AF] on F.Cu, length 1.8510 mm
    clearance | Pad 2 [Net-(LED5-A)] of R194 on F.Cu / Track [+20V] on F.Cu, length 0.2000 mm
    open: Track [CLK_LAMP_ROW] on F.Cu, length 0.7 @392.0,149.4 / Track [CLK_LAMP_ROW] on In2.Cu, length 0 @393.0,149.4
    open: Track [+12VU] on B.Cu, length 7.6000 mm @38.4,55.6 / Pad 1 [+12VU] of R250 on F.Cu @40.4,63.7
    open: Track [D0] on F.Cu, length 0.7406 mm @392.0,148.6 / Track [D0] on F.Cu, length 0.2000 mm @393.8,149.0
    open: Pad 12 [D4] of U11 on F.Cu @356.7,148.4 / Track [D4] on F.Cu, length 2.2000 mm @369.8,144.8
    open: Track [SOL21_L] on In2.Cu, length 6.4000 @196.2,120.8 / Track [SOL21_L] on F.Cu, length 0.4432 m @196.2,138.0
    removed 32
   routed 10 links in 75.4 s, 13 rip-ups (11 items), failed: ['CLK_LAMP_ROW', 'D0', 'D4', 'SOL21_L']
round 1: 17 errors, 5 open (non-GND), 1 GND open
    clearance | Pad 1 [AC98_B] of D116 on F.Cu / Pad 3 [<no net>] of D115 on F.Cu
    clearance | Pad 3 [<no net>] of D116 on F.Cu / Pad 1 [/Power_Supply/AC98_A_F] of D115 o
    clearance | Pad 1 [AC9_AF] of D107 on F.Cu / Pad 3 [<no net>] of D108 on F.Cu
    clearance | Pad 3 [<no net>] of D107 on F.Cu / Pad 1 [AC9_B] of D108 on F.Cu
    clearance | Pad 1 [AC13_B] of D104 on F.Cu / Pad 3 [<no net>] of D103 on F.Cu
    clearance | Pad 3 [<no net>] of D104 on F.Cu / Pad 1 [/Power_Supply/AC13_A_F] of D103 o
    open: Track [CLK_LAMP_ROW] on F.Cu, length 0.7 @392.0,149.4 / Track [CLK_LAMP_ROW] on In2.Cu, length 0 @393.0,149.4
    open: Track [+12VU] on F.Cu, length 2.4000 mm @38.4,63.2 / Pad 1 [+12VU] of R250 on F.Cu @40.4,63.7
    open: Track [D0] on F.Cu, length 0.2000 mm @392.0,148.6 / Track [D0] on F.Cu, length 0.2000 mm @393.8,149.0
    open: Pad 12 [D4] of U11 on F.Cu @356.7,148.4 / Track [D4] on F.Cu, length 2.2000 mm @369.8,144.8
    open: Track [SOL21_L] on In2.Cu, length 6.4000 @196.2,120.8 / Track [SOL21_L] on F.Cu, length 0.4432 m @196.2,138.0
   routed 5 links in 75.0 s, 13 rip-ups (5 items), failed: ['CLK_LAMP_ROW', 'D0', 'D4', 'SOL21_L']
round 2: 17 errors, 5 open (non-GND), 1 GND open
    clearance | Pad 1 [AC98_B] of D116 on F.Cu / Pad 3 [<no net>] of D115 on F.Cu
    clearance | Pad 3 [<no net>] of D116 on F.Cu / Pad 1 [/Power_Supply/AC98_A_F] of D115 o
    clearance | Pad 1 [AC9_AF] of D107 on F.Cu / Pad 3 [<no net>] of D108 on F.Cu
    clearance | Pad 3 [<no net>] of D107 on F.Cu / Pad 1 [AC9_B] of D108 on F.Cu
    clearance | Pad 1 [AC13_B] of D104 on F.Cu / Pad 3 [<no net>] of D103 on F.Cu
    clearance | Pad 3 [<no net>] of D104 on F.Cu / Pad 1 [/Power_Supply/AC13_A_F] of D103 o
    open: Track [CLK_LAMP_ROW] on F.Cu, length 0.7 @392.0,149.4 / Track [CLK_LAMP_ROW] on In2.Cu, length 0 @393.0,149.4
    open: Track [+12VU] on B.Cu, length 7.6000 mm @38.4,55.6 / Pad 1 [+12VU] of R250 on F.Cu @40.4,63.7
    open: Track [D0] on F.Cu, length 0.2000 mm @392.0,148.6 / Track [D0] on F.Cu, length 0.2000 mm @393.6,148.8
    open: Pad 12 [D4] of U11 on F.Cu @356.7,148.4 / Track [D4] on F.Cu, length 2.2000 mm @369.8,144.8
    open: Track [SOL21_L] on In2.Cu, length 6.4000 @196.2,120.8 / Track [SOL21_L] on F.Cu, length 0.4432 m @196.2,138.0
   routed 5 links in 78.5 s, 13 rip-ups (10 items), failed: ['CLK_LAMP_ROW', 'D0', 'D4', 'SOL21_L']
round 3: 17 errors, 5 open (non-GND), 1 GND open
    clearance | Pad 1 [AC98_B] of D116 on F.Cu / Pad 3 [<no net>] of D115 on F.Cu
    clearance | Pad 3 [<no net>] of D116 on F.Cu / Pad 1 [/Power_Supply/AC98_A_F] of D115 o
    clearance | Pad 1 [AC9_AF] of D107 on F.Cu / Pad 3 [<no net>] of D108 on F.Cu
    clearance | Pad 3 [<no net>] of D107 on F.Cu / Pad 1 [AC9_B] of D108 on F.Cu
    clearance | Pad 1 [AC13_B] of D104 on F.Cu / Pad 3 [<no net>] of D103 on F.Cu
    clearance | Pad 3 [<no net>] of D104 on F.Cu / Pad 1 [/Power_Supply/AC13_A_F] of D103 o
    open: Track [CLK_LAMP_ROW] on F.Cu, length 0.7 @392.0,149.4 / Track [CLK_LAMP_ROW] on In2.Cu, length 0 @393.0,149.4
    open: Track [+12VU] on B.Cu, length 7.6000 mm @38.4,55.6 / Pad 1 [+12VU] of R250 on F.Cu @40.4,63.7
    open: Track [D0] on F.Cu, length 0.7406 mm @392.0,148.6 / Track [D0] on F.Cu, length 0.2000 mm @393.8,149.0
    open: Track [D4] on F.Cu, length 0.7016 mm @356.0,148.4 / Track [D4] on F.Cu, length 2.2000 mm @369.8,144.8
    open: Track [SOL21_L] on In2.Cu, length 6.4000 @196.2,120.8 / Track [SOL21_L] on F.Cu, length 0.4432 m @196.2,138.0
== v4 repair done rc=0
