== GND stitch vias
placed 15 stitch vias; failed: ['D108-2', 'C21-2', 'B13-2']
== rail pours
rail pours: 24 zones added, 97 thermal vias (47 positions skipped: other-net copper underneath)
== finish (dedupe, thermal vias, GND pours, refill, stub cleanup)
.scratch/flow.kicad_pcb: removed 13 duplicate segments, 0 duplicate vias
helper segments removed: 5
thermal vias added: 8
removed 2 colliding thermal vias
final DRC: {('error', 'clearance'): 3, ('error', 'shorting_items'): 1, ('warning', 'track_dangling'): 109, ('warning', 'via_dangling'): 73, ('warning', 'isolated_copper'): 7, ('warning', 'npth_inside_courtyard'): 1, ('warning', 'hole_to_hole'): 8} unconnected 0
   clearance Clearance violation (netclass 'Power' clearance 0.2000 mm; actual 0.0590 mm) ['Via [GND] on F.Cu - B.Cu', 'Track [ZERO_CROSS] on B.Cu, length 10.8000 mm']
   shorting_items Items shorting two nets (nets /Power_Supply/U21_SW and GND) ['Track [/Power_Supply/U21_SW] on In2.Cu, length 4.6', 'Via [GND] on F.Cu - B.Cu']
   clearance Clearance violation (netclass 'Power' clearance 0.2000 mm; actual 0.1410 mm) ['Via [GND] on F.Cu - B.Cu', 'Track [/CPU_Interface/ZC_SAMPLE] on B.Cu, length 8']
   clearance Clearance violation (netclass 'Power' clearance 0.2000 mm; actual 0.1410 mm) ['Track [BLANKING] on In2.Cu, length 7.8000 mm', 'Via [GND] on F.Cu - B.Cu']
removed 512 items; unconnected 0->0, errors 4->4, dangling left 65
== legend
legend: 50 labels, 3 title/caution texts, fiducials FID1-3 at corners; board 449.3 x 273.0
== final DRC
{('error', 'clearance'): 3, ('error', 'shorting_items'): 1, ('warning', 'track_dangling'): 53, ('warning', 'via_dangling'): 12, ('warning', 'isolated_copper'): 7, ('warning', 'npth_inside_courtyard'): 1, ('warning', 'hole_to_hole'): 8} unconnected 0
   clearance | Via [GND] on F.Cu - B.Cu @152.1,75.3 / Track [ZERO_CROSS] on B.Cu, length 10.8000 mm @147.6,76.0
   shorting_items | Track [/Power_Supply/U21_SW] on In2.Cu, lengt @154.6,76.2 / Via [GND] on F.Cu - B.Cu @152.1,75.3
   clearance | Via [GND] on F.Cu - B.Cu @152.1,74.1 / Track [/CPU_Interface/ZC_SAMPLE] on B.Cu, len @147.2,73.4
   clearance | Track [BLANKING] on In2.Cu, length 7.8000 mm @147.2,73.4 / Via [GND] on F.Cu - B.Cu @152.1,74.1
== finalize done rc=0
