stdout Note: No compatibility mode selected!
stdout Circuit: rom raw-write replay channel 9; bus.csv
stdout Doing analysis at TEMP = 27.000000 and TNOM = 27.000000
stdout Using SPARSE 1.3 as Direct Linear Solver
stdout Initial Transient Solution
stdout --------------------------
stdout Node                                   Voltage
stdout ----                                   -------
stdout rail                                        86
stdout cmd                                          0
stdout gateinput                                    0
stdout gate                                         0
stdout drain                                       86
stdout drainq                                      86
stdout coil                                        86
stdout diode                                       86
stdout lcoil#branch                      -1.17162e-09
stdout vdiode#branch                      1.92088e-13
stdout vsense#branch                      1.17143e-09
stdout vcmd#branch                                  0
stdout vrail#branch                      -1.17162e-09
 Reference value :  0.00000e+00
 Reference value :  1.91438e-01
 Reference value :  3.86509e-01
 Reference value :  5.70144e-01
 Reference value :  7.51584e-01
 Reference value :  9.36014e-01
 Reference value :  1.09621e+00
 Reference value :  1.25860e+00
 Reference value :  1.43065e+00
 Reference value :  1.58969e+00
 Reference value :  1.75658e+00
 Reference value :  1.92953e+00
 Reference value :  2.09322e+00
 Reference value :  2.25550e+00
 Reference value :  2.42894e+00
 Reference value :  2.62148e+00
 Reference value :  2.81675e+00
 Reference value :  3.01137e+00
 Reference value :  3.20201e+00
 Reference value :  3.38887e+00
 Reference value :  3.58165e+00
 Reference value :  3.77221e+00
 Reference value :  3.96462e+00
 Reference value :  4.15901e+00
 Reference value :  4.35588e+00
 Reference value :  4.55278e+00
 Reference value :  4.74943e+00
 Reference value :  4.94115e+00
 Reference value :  5.13301e+00
 Reference value :  5.32396e+00
 Reference value :  5.51784e+00
 Reference value :  5.71149e+00
 Reference value :  5.90748e+00
 Reference value :  6.10286e+00
 Reference value :  6.29822e+00
 Reference value :  6.49045e+00
 Reference value :  6.68380e+00
 Reference value :  6.87731e+00
 Reference value :  7.07147e+00
 Reference value :  7.25892e+00
 Reference value :  7.45608e+00
 Reference value :  7.65158e+00
 Reference value :  7.84609e+00
 Reference value :  8.03934e+00
 Reference value :  8.23526e+00
 Reference value :  8.42955e+00
 Reference value :  8.62264e+00
 Reference value :  8.81990e+00
 Reference value :  9.01538e+00
 Reference value :  9.21010e+00
 Reference value :  9.40384e+00
 Reference value :  9.59590e+00
 Reference value :  9.76796e+00
 Reference value :  9.93311e+00
 Reference value :  1.00991e+01
stdout No. of Data Rows : 2046246
stdout sim_end = 1.023000000000e+01
stdout vds_peak            =  8.72228e+01 at=  2.64691e-01
stdout vgs_peak            =  4.44129e+00 at=  7.55028e+00
stdout p_avg               =  1.81544e-02 from=  2.00000e-01 to=  1.02000e+01
stdout id_avg              =  7.47050e-03 from=  2.00000e-01 to=  1.02000e+01
stdout i_peak              =  8.84158e+00 at=  7.59751e+00
stdout coil_peak           =  8.83641e+00 at=  8.94001e+00
stdout tj_repeating = 5.112557032000e+01
