stdout Note: No compatibility mode selected!
stdout Circuit: rom raw-write replay channel 2; bus.csv
stdout Doing analysis at TEMP = 27.000000 and TNOM = 27.000000
stdout Using SPARSE 1.3 as Direct Linear Solver
stdout Initial Transient Solution
stdout --------------------------
stdout Node                                   Voltage
stdout ----                                   -------
stdout rail                                        86
stdout cmd                                          0
stdout gateinput                                    0
stdout gate                                         0
stdout drain                                       86
stdout drainq                                      86
stdout coil                                        86
stdout diode                                       86
stdout lcoil#branch                      -1.17131e-09
stdout vdiode#branch                     -1.23872e-13
stdout vsense#branch                      1.17143e-09
stdout vcmd#branch                                  0
stdout vrail#branch                      -1.17131e-09
 Reference value :  0.00000e+00
 Reference value :  1.67468e-01
 Reference value :  3.34494e-01
 Reference value :  4.71483e-01
 Reference value :  5.95668e-01
 Reference value :  7.35853e-01
 Reference value :  8.68838e-01
 Reference value :  1.01559e+00
 Reference value :  1.15090e+00
 Reference value :  1.29843e+00
 Reference value :  1.44823e+00
 Reference value :  1.59731e+00
 Reference value :  1.74931e+00
 Reference value :  1.90964e+00
 Reference value :  2.06945e+00
 Reference value :  2.22724e+00
 Reference value :  2.38785e+00
 Reference value :  2.54749e+00
 Reference value :  2.70960e+00
 Reference value :  2.87194e+00
 Reference value :  3.04800e+00
 Reference value :  3.21600e+00
 Reference value :  3.39036e+00
 Reference value :  3.56987e+00
 Reference value :  3.74106e+00
 Reference value :  3.90832e+00
 Reference value :  4.07082e+00
 Reference value :  4.22524e+00
 Reference value :  4.38783e+00
 Reference value :  4.55334e+00
 Reference value :  4.73054e+00
 Reference value :  4.90186e+00
 Reference value :  5.07021e+00
 Reference value :  5.25420e+00
 Reference value :  5.42849e+00
 Reference value :  5.61520e+00
 Reference value :  5.80224e+00
 Reference value :  5.97911e+00
 Reference value :  6.16386e+00
 Reference value :  6.34683e+00
 Reference value :  6.52410e+00
 Reference value :  6.70697e+00
 Reference value :  6.89336e+00
 Reference value :  7.07142e+00
 Reference value :  7.25671e+00
 Reference value :  7.43818e+00
 Reference value :  7.62118e+00
 Reference value :  7.78556e+00
 Reference value :  7.94804e+00
 Reference value :  8.09492e+00
 Reference value :  8.21689e+00
 Reference value :  8.36265e+00
 Reference value :  8.51191e+00
 Reference value :  8.66310e+00
 Reference value :  8.80874e+00
 Reference value :  8.96578e+00
 Reference value :  9.11797e+00
 Reference value :  9.27547e+00
 Reference value :  9.42234e+00
 Reference value :  9.56035e+00
 Reference value :  9.71075e+00
 Reference value :  9.86118e+00
 Reference value :  9.99803e+00
 Reference value :  1.01489e+01
stdout No. of Data Rows : 2049242
stdout sim_end = 1.023000000000e+01
stdout vds_peak            =  8.76983e+01 at=  8.21186e+00
stdout vgs_peak            =  4.49650e+00 at=  3.22887e-01
stdout p_avg               =  5.27861e-01 from=  2.00000e-01 to=  1.02000e+01
stdout id_avg              =  7.21941e-01 from=  2.00000e-01 to=  1.02000e+01
stdout i_peak              =  6.84841e+01 at=  4.62933e-01
stdout coil_peak           =  2.26747e+01 at=  8.21186e+00
stdout tj_repeating = 8.272736960000e+01
