stdout Note: No compatibility mode selected!
stdout Circuit: rom raw-write replay channel 5; bus.csv
stdout Doing analysis at TEMP = 27.000000 and TNOM = 27.000000
stdout Using SPARSE 1.3 as Direct Linear Solver
stdout Initial Transient Solution
stdout --------------------------
stdout Node                                   Voltage
stdout ----                                   -------
stdout rail                                        86
stdout cmd                                          0
stdout gateinput                                    0
stdout gate                                         0
stdout drain                                       86
stdout drainq                                      86
stdout coil                                        86
stdout diode                                       86
stdout lcoil#branch                      -1.17131e-09
stdout vdiode#branch                     -1.23872e-13
stdout vsense#branch                      1.17143e-09
stdout vcmd#branch                                  0
stdout vrail#branch                      -1.17131e-09
 Reference value :  5.55530e-02
 Reference value :  2.18978e-01
 Reference value :  3.77328e-01
 Reference value :  5.45248e-01
 Reference value :  7.00963e-01
 Reference value :  8.61053e-01
 Reference value :  1.02723e+00
 Reference value :  1.19457e+00
 Reference value :  1.36717e+00
 Reference value :  1.53375e+00
 Reference value :  1.70332e+00
 Reference value :  1.86634e+00
 Reference value :  2.03149e+00
 Reference value :  2.19491e+00
 Reference value :  2.35595e+00
 Reference value :  2.52495e+00
 Reference value :  2.68908e+00
 Reference value :  2.85434e+00
 Reference value :  3.01856e+00
 Reference value :  3.18091e+00
 Reference value :  3.34822e+00
 Reference value :  3.51298e+00
 Reference value :  3.67620e+00
 Reference value :  3.84804e+00
 Reference value :  4.02037e+00
 Reference value :  4.18463e+00
 Reference value :  4.33865e+00
 Reference value :  4.49878e+00
 Reference value :  4.66054e+00
 Reference value :  4.81928e+00
 Reference value :  4.98024e+00
 Reference value :  5.14800e+00
 Reference value :  5.31481e+00
 Reference value :  5.48175e+00
 Reference value :  5.64750e+00
 Reference value :  5.81637e+00
 Reference value :  5.97656e+00
 Reference value :  6.13878e+00
 Reference value :  6.30764e+00
 Reference value :  6.46881e+00
 Reference value :  6.63485e+00
 Reference value :  6.79877e+00
 Reference value :  6.97000e+00
 Reference value :  7.13888e+00
 Reference value :  7.31318e+00
 Reference value :  7.47769e+00
 Reference value :  7.64547e+00
 Reference value :  7.81223e+00
 Reference value :  7.97633e+00
 Reference value :  8.14279e+00
 Reference value :  8.30691e+00
 Reference value :  8.47243e+00
 Reference value :  8.65263e+00
 Reference value :  8.82754e+00
 Reference value :  8.99365e+00
 Reference value :  9.16388e+00
 Reference value :  9.33278e+00
 Reference value :  9.50357e+00
 Reference value :  9.67797e+00
 Reference value :  9.85930e+00
 Reference value :  1.00215e+01
 Reference value :  1.01893e+01
stdout No. of Data Rows : 2046458
stdout sim_end = 1.023000000000e+01
stdout vds_peak            =  8.76814e+01 at=  1.02000e+01
stdout vgs_peak            =  4.44127e+00 at=  1.01353e+01
stdout p_avg               =  3.86983e-02 from=  2.00000e-01 to=  1.02000e+01
stdout id_avg              =  1.67136e-05 from=  2.00000e-01 to=  1.02000e+01
stdout i_peak              =  2.26811e+01 at=  1.01955e+01
stdout coil_peak           =  2.26760e+01 at=  1.02000e+01
stdout tj_repeating = 5.239929212000e+01
