stdout Note: No compatibility mode selected!
stdout Circuit: rom raw-write replay channel 1; bus.csv
stdout Doing analysis at TEMP = 27.000000 and TNOM = 27.000000
stdout Using SPARSE 1.3 as Direct Linear Solver
stdout Initial Transient Solution
stdout --------------------------
stdout Node                                   Voltage
stdout ----                                   -------
stdout rail                                        86
stdout cmd                                          0
stdout gateinput                                    0
stdout gate                                         0
stdout drain                                       86
stdout drainq                                      86
stdout coil                                        86
stdout diode                                       86
stdout lcoil#branch                      -1.17131e-09
stdout vdiode#branch                     -1.23872e-13
stdout vsense#branch                      1.17143e-09
stdout vcmd#branch                                  0
stdout vrail#branch                      -1.17131e-09
 Reference value :  0.00000e+00
 Reference value :  2.00703e-01
 Reference value :  3.74689e-01
 Reference value :  5.23714e-01
 Reference value :  6.86999e-01
 Reference value :  8.51234e-01
 Reference value :  1.01004e+00
 Reference value :  1.17015e+00
 Reference value :  1.33021e+00
 Reference value :  1.49426e+00
 Reference value :  1.65572e+00
 Reference value :  1.82003e+00
 Reference value :  1.98318e+00
 Reference value :  2.14817e+00
 Reference value :  2.31088e+00
 Reference value :  2.47316e+00
 Reference value :  2.63403e+00
 Reference value :  2.79822e+00
 Reference value :  2.96261e+00
 Reference value :  3.12780e+00
 Reference value :  3.29250e+00
 Reference value :  3.45724e+00
 Reference value :  3.61672e+00
 Reference value :  3.77705e+00
 Reference value :  3.93604e+00
 Reference value :  4.09332e+00
 Reference value :  4.25667e+00
 Reference value :  4.39077e+00
 Reference value :  4.52629e+00
 Reference value :  4.65749e+00
 Reference value :  4.78877e+00
 Reference value :  4.92090e+00
 Reference value :  5.05484e+00
 Reference value :  5.18910e+00
 Reference value :  5.32653e+00
 Reference value :  5.46422e+00
 Reference value :  5.62166e+00
 Reference value :  5.77082e+00
 Reference value :  5.92252e+00
 Reference value :  6.08689e+00
 Reference value :  6.25486e+00
 Reference value :  6.42543e+00
 Reference value :  6.60137e+00
 Reference value :  6.75789e+00
 Reference value :  6.91739e+00
 Reference value :  7.07865e+00
 Reference value :  7.25369e+00
 Reference value :  7.41647e+00
 Reference value :  7.58598e+00
 Reference value :  7.76794e+00
 Reference value :  7.96080e+00
 Reference value :  8.11978e+00
 Reference value :  8.26394e+00
 Reference value :  8.42012e+00
 Reference value :  8.57379e+00
 Reference value :  8.72714e+00
 Reference value :  8.88205e+00
 Reference value :  9.03711e+00
 Reference value :  9.19590e+00
 Reference value :  9.35276e+00
 Reference value :  9.50939e+00
 Reference value :  9.66281e+00
 Reference value :  9.81503e+00
 Reference value :  9.96955e+00
 Reference value :  1.01149e+01
stdout No. of Data Rows : 2049177
stdout sim_end = 1.023000000000e+01
stdout vds_peak            =  8.76997e+01 at=  8.19428e+00
stdout vgs_peak            =  4.49626e+00 at=  3.22885e-01
stdout p_avg               =  5.66889e-01 from=  2.00000e-01 to=  1.02000e+01
stdout id_avg              =  7.60811e-01 from=  2.00000e-01 to=  1.02000e+01
stdout i_peak              =  6.93962e+01 at=  8.15514e+00
stdout coil_peak           =  2.26747e+01 at=  5.03115e-01
stdout tj_repeating = 8.514711180000e+01
