stdout Note: No compatibility mode selected!
stdout Circuit: rom raw-write replay channel 4; bus.csv
stdout Doing analysis at TEMP = 27.000000 and TNOM = 27.000000
stdout Using SPARSE 1.3 as Direct Linear Solver
stdout Initial Transient Solution
stdout --------------------------
stdout Node                                   Voltage
stdout ----                                   -------
stdout rail                                        86
stdout cmd                                          0
stdout gateinput                                    0
stdout gate                                         0
stdout drain                                       86
stdout drainq                                      86
stdout coil                                        86
stdout diode                                       86
stdout lcoil#branch                      -1.17131e-09
stdout vdiode#branch                     -1.23872e-13
stdout vsense#branch                      1.17143e-09
stdout vcmd#branch                                  0
stdout vrail#branch                      -1.17131e-09
 Reference value :  2.38630e-02
 Reference value :  2.16343e-01
 Reference value :  4.13958e-01
 Reference value :  6.04168e-01
 Reference value :  7.96583e-01
 Reference value :  9.83413e-01
 Reference value :  1.17093e+00
 Reference value :  1.35827e+00
 Reference value :  1.55067e+00
 Reference value :  1.73518e+00
 Reference value :  1.92092e+00
 Reference value :  2.10042e+00
 Reference value :  2.27282e+00
 Reference value :  2.45318e+00
 Reference value :  2.65101e+00
 Reference value :  2.85348e+00
 Reference value :  3.05867e+00
 Reference value :  3.26259e+00
 Reference value :  3.46523e+00
 Reference value :  3.66641e+00
 Reference value :  3.86004e+00
 Reference value :  4.05424e+00
 Reference value :  4.24943e+00
 Reference value :  4.44890e+00
 Reference value :  4.64881e+00
 Reference value :  4.84543e+00
 Reference value :  5.04333e+00
 Reference value :  5.23510e+00
 Reference value :  5.42353e+00
 Reference value :  5.61477e+00
 Reference value :  5.80382e+00
 Reference value :  5.99075e+00
 Reference value :  6.16286e+00
 Reference value :  6.33821e+00
 Reference value :  6.52741e+00
 Reference value :  6.71363e+00
 Reference value :  6.89975e+00
 Reference value :  7.09191e+00
 Reference value :  7.26782e+00
 Reference value :  7.44868e+00
 Reference value :  7.62162e+00
 Reference value :  7.78812e+00
 Reference value :  7.97076e+00
 Reference value :  8.14669e+00
 Reference value :  8.31260e+00
 Reference value :  8.49816e+00
 Reference value :  8.66477e+00
 Reference value :  8.83063e+00
 Reference value :  8.99985e+00
 Reference value :  9.17842e+00
 Reference value :  9.35034e+00
 Reference value :  9.51989e+00
 Reference value :  9.68805e+00
 Reference value :  9.85924e+00
 Reference value :  1.00265e+01
 Reference value :  1.01976e+01
stdout No. of Data Rows : 2046457
stdout sim_end = 1.023000000000e+01
stdout vds_peak            =  8.76814e+01 at=  1.02000e+01
stdout vgs_peak            =  4.44127e+00 at=  1.01345e+01
stdout p_avg               =  3.92556e-02 from=  2.00000e-01 to=  1.02000e+01
stdout id_avg              =  1.69366e-05 from=  2.00000e-01 to=  1.02000e+01
stdout i_peak              =  2.26811e+01 at=  1.01946e+01
stdout coil_peak           =  2.26760e+01 at=  1.02000e+01
stdout tj_repeating = 5.243384844000e+01
