stdout Note: No compatibility mode selected!
stdout Circuit: rom raw-write replay channel 3; bus.csv
stdout Doing analysis at TEMP = 27.000000 and TNOM = 27.000000
stdout Using SPARSE 1.3 as Direct Linear Solver
stdout Initial Transient Solution
stdout --------------------------
stdout Node                                   Voltage
stdout ----                                   -------
stdout rail                                        86
stdout cmd                                          0
stdout gateinput                                    0
stdout gate                                         0
stdout drain                                       86
stdout drainq                                      86
stdout coil                                        86
stdout diode                                       86
stdout lcoil#branch                      -1.17131e-09
stdout vdiode#branch                     -1.23872e-13
stdout vsense#branch                      1.17143e-09
stdout vcmd#branch                                  0
stdout vrail#branch                      -1.17131e-09
 Reference value :  1.57430e-02
 Reference value :  2.02973e-01
 Reference value :  4.02843e-01
 Reference value :  5.71978e-01
 Reference value :  7.42983e-01
 Reference value :  9.13698e-01
 Reference value :  1.09677e+00
 Reference value :  1.26488e+00
 Reference value :  1.43764e+00
 Reference value :  1.61742e+00
 Reference value :  1.79005e+00
 Reference value :  1.95616e+00
 Reference value :  2.12542e+00
 Reference value :  2.30638e+00
 Reference value :  2.49245e+00
 Reference value :  2.68474e+00
 Reference value :  2.87793e+00
 Reference value :  3.06903e+00
 Reference value :  3.26408e+00
 Reference value :  3.44502e+00
 Reference value :  3.61400e+00
 Reference value :  3.78467e+00
 Reference value :  3.97584e+00
 Reference value :  4.17720e+00
 Reference value :  4.36942e+00
 Reference value :  4.53891e+00
 Reference value :  4.71232e+00
 Reference value :  4.89002e+00
 Reference value :  5.07941e+00
 Reference value :  5.27693e+00
 Reference value :  5.47160e+00
 Reference value :  5.66957e+00
 Reference value :  5.85734e+00
 Reference value :  6.05624e+00
 Reference value :  6.25380e+00
 Reference value :  6.43505e+00
 Reference value :  6.63510e+00
 Reference value :  6.83105e+00
 Reference value :  7.02702e+00
 Reference value :  7.21657e+00
 Reference value :  7.40327e+00
 Reference value :  7.60256e+00
 Reference value :  7.80245e+00
 Reference value :  8.00501e+00
 Reference value :  8.20590e+00
 Reference value :  8.40417e+00
 Reference value :  8.60121e+00
 Reference value :  8.79969e+00
 Reference value :  9.00118e+00
 Reference value :  9.20213e+00
 Reference value :  9.38399e+00
 Reference value :  9.58027e+00
 Reference value :  9.77389e+00
 Reference value :  9.95895e+00
 Reference value :  1.01494e+01
stdout No. of Data Rows : 2046458
stdout sim_end = 1.023000000000e+01
stdout vds_peak            =  8.76814e+01 at=  1.02000e+01
stdout vgs_peak            =  4.44127e+00 at=  1.01345e+01
stdout p_avg               =  3.92566e-02 from=  2.00000e-01 to=  1.02000e+01
stdout id_avg              =  1.69370e-05 from=  2.00000e-01 to=  1.02000e+01
stdout i_peak              =  2.26811e+01 at=  1.01946e+01
stdout coil_peak           =  2.26760e+01 at=  1.02000e+01
stdout tj_repeating = 5.243390858000e+01
