stdout Note: No compatibility mode selected!
stdout Circuit: rom raw-write replay channel 6; bus.csv
stdout Doing analysis at TEMP = 27.000000 and TNOM = 27.000000
stdout Using SPARSE 1.3 as Direct Linear Solver
stdout Initial Transient Solution
stdout --------------------------
stdout Node                                   Voltage
stdout ----                                   -------
stdout rail                                        86
stdout cmd                                          0
stdout gateinput                                    0
stdout gate                                         0
stdout drain                                       86
stdout drainq                                      86
stdout coil                                        86
stdout diode                                       86
stdout lcoil#branch                      -1.17131e-09
stdout vdiode#branch                     -1.23872e-13
stdout vsense#branch                      1.17143e-09
stdout vcmd#branch                                  0
stdout vrail#branch                      -1.17131e-09
 Reference value :  3.61130e-02
 Reference value :  2.00633e-01
 Reference value :  3.59575e-01
 Reference value :  5.05650e-01
 Reference value :  6.42620e-01
 Reference value :  7.77760e-01
 Reference value :  9.12880e-01
 Reference value :  1.05516e+00
 Reference value :  1.19844e+00
 Reference value :  1.34008e+00
 Reference value :  1.47681e+00
 Reference value :  1.61646e+00
 Reference value :  1.75180e+00
 Reference value :  1.88698e+00
 Reference value :  2.02097e+00
 Reference value :  2.16041e+00
 Reference value :  2.30502e+00
 Reference value :  2.44908e+00
 Reference value :  2.60311e+00
 Reference value :  2.75380e+00
 Reference value :  2.91927e+00
 Reference value :  3.07786e+00
 Reference value :  3.23335e+00
 Reference value :  3.40081e+00
 Reference value :  3.56626e+00
 Reference value :  3.73027e+00
 Reference value :  3.89447e+00
 Reference value :  4.06646e+00
 Reference value :  4.22482e+00
 Reference value :  4.38401e+00
 Reference value :  4.54898e+00
 Reference value :  4.73256e+00
 Reference value :  4.91720e+00
 Reference value :  5.10287e+00
 Reference value :  5.29682e+00
 Reference value :  5.49015e+00
 Reference value :  5.68315e+00
 Reference value :  5.87661e+00
 Reference value :  6.06878e+00
 Reference value :  6.26344e+00
 Reference value :  6.45856e+00
 Reference value :  6.65334e+00
 Reference value :  6.84806e+00
 Reference value :  7.04020e+00
 Reference value :  7.23089e+00
 Reference value :  7.42301e+00
 Reference value :  7.59085e+00
 Reference value :  7.75064e+00
 Reference value :  7.90943e+00
 Reference value :  8.06596e+00
 Reference value :  8.21784e+00
 Reference value :  8.37424e+00
 Reference value :  8.52923e+00
 Reference value :  8.68423e+00
 Reference value :  8.84018e+00
 Reference value :  9.01819e+00
 Reference value :  9.17610e+00
 Reference value :  9.33515e+00
 Reference value :  9.49373e+00
 Reference value :  9.64779e+00
 Reference value :  9.80509e+00
 Reference value :  9.95970e+00
 Reference value :  1.01170e+01
stdout No. of Data Rows : 2047315
stdout sim_end = 1.023000000000e+01
stdout vds_peak            =  8.76858e+01 at=  8.99822e+00
stdout vgs_peak            =  4.44127e+00 at=  7.38321e+00
stdout p_avg               =  1.81944e-01 from=  2.00000e-01 to=  1.02000e+01
stdout id_avg              =  2.40080e-02 from=  2.00000e-01 to=  1.02000e+01
stdout i_peak              =  2.26811e+01 at=  7.44338e+00
stdout coil_peak           =  2.26760e+01 at=  8.98466e+00
stdout tj_repeating = 6.128051560000e+01
