stdout Note: No compatibility mode selected!
stdout Circuit: rom raw-write replay channel 13; bus.csv
stdout Doing analysis at TEMP = 27.000000 and TNOM = 27.000000
stdout Using SPARSE 1.3 as Direct Linear Solver
stdout Initial Transient Solution
stdout --------------------------
stdout Node                                   Voltage
stdout ----                                   -------
stdout rail                                        86
stdout cmd                                          0
stdout gateinput                                    0
stdout gate                                         0
stdout drain                                       86
stdout drainq                                      86
stdout coil                                        86
stdout diode                                       86
stdout lcoil#branch                      -1.17162e-09
stdout vdiode#branch                      1.92088e-13
stdout vsense#branch                      1.17143e-09
stdout vcmd#branch                                  0
stdout vrail#branch                      -1.17162e-09
 Reference value :  0.00000e+00
 Reference value :  1.76203e-01
 Reference value :  3.36923e-01
 Reference value :  5.16908e-01
 Reference value :  6.88888e-01
 Reference value :  8.63898e-01
 Reference value :  1.03304e+00
 Reference value :  1.20761e+00
 Reference value :  1.38174e+00
 Reference value :  1.54566e+00
 Reference value :  1.69890e+00
 Reference value :  1.86121e+00
 Reference value :  2.02601e+00
 Reference value :  2.18376e+00
 Reference value :  2.35348e+00
 Reference value :  2.52634e+00
 Reference value :  2.71647e+00
 Reference value :  2.87683e+00
 Reference value :  3.05955e+00
 Reference value :  3.22629e+00
 Reference value :  3.41356e+00
 Reference value :  3.60701e+00
 Reference value :  3.76986e+00
 Reference value :  3.96500e+00
 Reference value :  4.16192e+00
 Reference value :  4.35705e+00
 Reference value :  4.54205e+00
 Reference value :  4.71836e+00
 Reference value :  4.88505e+00
 Reference value :  5.05399e+00
 Reference value :  5.23142e+00
 Reference value :  5.38715e+00
 Reference value :  5.54516e+00
 Reference value :  5.71855e+00
 Reference value :  5.89379e+00
 Reference value :  6.07759e+00
 Reference value :  6.27435e+00
 Reference value :  6.44955e+00
 Reference value :  6.62641e+00
 Reference value :  6.80160e+00
 Reference value :  6.96801e+00
 Reference value :  7.13601e+00
 Reference value :  7.32195e+00
 Reference value :  7.50232e+00
 Reference value :  7.68474e+00
 Reference value :  7.87222e+00
 Reference value :  8.05019e+00
 Reference value :  8.23238e+00
 Reference value :  8.42400e+00
 Reference value :  8.61089e+00
 Reference value :  8.78264e+00
 Reference value :  8.95799e+00
 Reference value :  9.13273e+00
 Reference value :  9.31478e+00
 Reference value :  9.48954e+00
 Reference value :  9.65824e+00
 Reference value :  9.84043e+00
 Reference value :  9.99395e+00
 Reference value :  1.01626e+01
stdout No. of Data Rows : 2046234
stdout sim_end = 1.023000000000e+01
stdout vds_peak            =  8.72229e+01 at=  1.61400e+00
stdout vgs_peak            =  4.44129e+00 at=  1.54964e+00
stdout p_avg               =  1.80687e-02 from=  2.00000e-01 to=  1.02000e+01
stdout id_avg              =  7.47434e-03 from=  2.00000e-01 to=  1.02000e+01
stdout i_peak              =  8.84158e+00 at=  1.59687e+00
stdout coil_peak           =  8.83641e+00 at=  8.96433e+00
stdout tj_repeating = 5.112025816000e+01
