stdout Note: No compatibility mode selected!
stdout Circuit: rom raw-write replay channel 16; bus.csv
stdout Doing analysis at TEMP = 27.000000 and TNOM = 27.000000
stdout Using SPARSE 1.3 as Direct Linear Solver
stdout Initial Transient Solution
stdout --------------------------
stdout Node                                   Voltage
stdout ----                                   -------
stdout rail                                        86
stdout cmd                                          0
stdout gateinput                                    0
stdout gate                                         0
stdout drain                                       86
stdout drainq                                      86
stdout coil                                        86
stdout diode                                       86
stdout lcoil#branch                      -1.17131e-09
stdout vdiode#branch                     -1.23872e-13
stdout vsense#branch                      1.17143e-09
stdout vcmd#branch                                  0
stdout vrail#branch                      -1.17131e-09
 Reference value :  0.00000e+00
 Reference value :  1.81113e-01
 Reference value :  3.39755e-01
 Reference value :  4.89410e-01
 Reference value :  6.38335e-01
 Reference value :  7.88035e-01
 Reference value :  9.37805e-01
 Reference value :  1.08505e+00
 Reference value :  1.23462e+00
 Reference value :  1.38458e+00
 Reference value :  1.53447e+00
 Reference value :  1.68460e+00
 Reference value :  1.83477e+00
 Reference value :  1.98715e+00
 Reference value :  2.14141e+00
 Reference value :  2.30516e+00
 Reference value :  2.47540e+00
 Reference value :  2.65204e+00
 Reference value :  2.83214e+00
 Reference value :  3.01449e+00
 Reference value :  3.19780e+00
 Reference value :  3.38107e+00
 Reference value :  3.56437e+00
 Reference value :  3.74702e+00
 Reference value :  3.92781e+00
 Reference value :  4.10032e+00
 Reference value :  4.28302e+00
 Reference value :  4.46654e+00
 Reference value :  4.64972e+00
 Reference value :  4.83249e+00
 Reference value :  4.99468e+00
 Reference value :  5.17199e+00
 Reference value :  5.35276e+00
 Reference value :  5.53578e+00
 Reference value :  5.72203e+00
 Reference value :  5.88956e+00
 Reference value :  6.06769e+00
 Reference value :  6.24878e+00
 Reference value :  6.43332e+00
 Reference value :  6.61730e+00
 Reference value :  6.80524e+00
 Reference value :  6.99269e+00
 Reference value :  7.17947e+00
 Reference value :  7.36557e+00
 Reference value :  7.55151e+00
 Reference value :  7.73368e+00
 Reference value :  7.91428e+00
 Reference value :  8.09398e+00
 Reference value :  8.27296e+00
 Reference value :  8.45333e+00
 Reference value :  8.63467e+00
 Reference value :  8.81683e+00
 Reference value :  9.00146e+00
 Reference value :  9.18533e+00
 Reference value :  9.36814e+00
 Reference value :  9.55129e+00
 Reference value :  9.73543e+00
 Reference value :  9.91890e+00
 Reference value :  1.01029e+01
stdout No. of Data Rows : 2046451
stdout sim_end = 1.023000000000e+01
stdout vds_peak            =  8.76857e+01 at=  2.31919e-01
stdout vgs_peak            =  4.44127e+00 at=  2.00009e-01
stdout p_avg               =  1.77649e-02 from=  2.00000e-01 to=  1.02000e+01
stdout id_avg              =  9.32428e-03 from=  2.00000e-01 to=  1.02000e+01
stdout i_peak              =  2.26802e+01 at=  2.31908e-01
stdout coil_peak           =  2.26750e+01 at=  2.31913e-01
stdout tj_repeating = 5.110142070000e+01
