stdout Note: No compatibility mode selected!
stdout Circuit: rom raw-write replay channel 12; bus.csv
stdout Doing analysis at TEMP = 27.000000 and TNOM = 27.000000
stdout Using SPARSE 1.3 as Direct Linear Solver
stdout Initial Transient Solution
stdout --------------------------
stdout Node                                   Voltage
stdout ----                                   -------
stdout rail                                        86
stdout cmd                                          0
stdout gateinput                                    0
stdout gate                                         0
stdout drain                                       86
stdout drainq                                      86
stdout coil                                        86
stdout diode                                       86
stdout lcoil#branch                      -1.17162e-09
stdout vdiode#branch                      1.92088e-13
stdout vsense#branch                      1.17143e-09
stdout vcmd#branch                                  0
stdout vrail#branch                      -1.17162e-09
 Reference value :  2.84830e-02
 Reference value :  2.23433e-01
 Reference value :  4.17427e-01
 Reference value :  6.09682e-01
 Reference value :  7.98912e-01
 Reference value :  9.82147e-01
 Reference value :  1.16798e+00
 Reference value :  1.33411e+00
 Reference value :  1.51016e+00
 Reference value :  1.68842e+00
 Reference value :  1.86014e+00
 Reference value :  2.03965e+00
 Reference value :  2.21751e+00
 Reference value :  2.40329e+00
 Reference value :  2.60156e+00
 Reference value :  2.78497e+00
 Reference value :  2.95312e+00
 Reference value :  3.13099e+00
 Reference value :  3.29399e+00
 Reference value :  3.48555e+00
 Reference value :  3.68156e+00
 Reference value :  3.88012e+00
 Reference value :  4.06692e+00
 Reference value :  4.24761e+00
 Reference value :  4.44368e+00
 Reference value :  4.63247e+00
 Reference value :  4.80050e+00
 Reference value :  4.96755e+00
 Reference value :  5.14483e+00
 Reference value :  5.32335e+00
 Reference value :  5.50116e+00
 Reference value :  5.68389e+00
 Reference value :  5.86742e+00
 Reference value :  6.06127e+00
 Reference value :  6.26041e+00
 Reference value :  6.45808e+00
 Reference value :  6.65428e+00
 Reference value :  6.84751e+00
 Reference value :  7.04450e+00
 Reference value :  7.24814e+00
 Reference value :  7.45015e+00
 Reference value :  7.64591e+00
 Reference value :  7.84709e+00
 Reference value :  8.03093e+00
 Reference value :  8.20053e+00
 Reference value :  8.38181e+00
 Reference value :  8.56379e+00
 Reference value :  8.71779e+00
 Reference value :  8.87668e+00
 Reference value :  9.03613e+00
 Reference value :  9.17890e+00
 Reference value :  9.32549e+00
 Reference value :  9.47527e+00
 Reference value :  9.62731e+00
 Reference value :  9.79821e+00
 Reference value :  9.96157e+00
 Reference value :  1.01249e+01
stdout No. of Data Rows : 2046231
stdout sim_end = 1.023000000000e+01
stdout vds_peak            =  8.72266e+01 at=  8.94820e+00
stdout vgs_peak            =  4.44129e+00 at=  8.88352e+00
stdout p_avg               =  1.81075e-02 from=  2.00000e-01 to=  1.02000e+01
stdout id_avg              =  7.94584e-03 from=  2.00000e-01 to=  1.02000e+01
stdout i_peak              =  8.84158e+00 at=  7.58931e+00
stdout coil_peak           =  8.83641e+00 at=  8.94819e+00
stdout tj_repeating = 5.112266624000e+01
