stdout Note: No compatibility mode selected!
stdout Circuit: rom raw-write replay channel 11; bus.csv
stdout Doing analysis at TEMP = 27.000000 and TNOM = 27.000000
stdout Using SPARSE 1.3 as Direct Linear Solver
stdout Initial Transient Solution
stdout --------------------------
stdout Node                                   Voltage
stdout ----                                   -------
stdout rail                                        86
stdout cmd                                          0
stdout gateinput                                    0
stdout gate                                         0
stdout drain                                       86
stdout drainq                                      86
stdout coil                                        86
stdout diode                                       86
stdout lcoil#branch                      -1.17133e-09
stdout vdiode#branch                     -9.54714e-14
stdout vsense#branch                      1.17143e-09
stdout vcmd#branch                                  0
stdout vrail#branch                      -1.17134e-09
 Reference value :  4.46630e-02
 Reference value :  2.33688e-01
 Reference value :  3.91588e-01
 Reference value :  5.46468e-01
 Reference value :  7.06053e-01
 Reference value :  8.61053e-01
 Reference value :  1.00146e+00
 Reference value :  1.13580e+00
 Reference value :  1.27841e+00
 Reference value :  1.41902e+00
 Reference value :  1.56160e+00
 Reference value :  1.69822e+00
 Reference value :  1.83783e+00
 Reference value :  1.97736e+00
 Reference value :  2.12750e+00
 Reference value :  2.28857e+00
 Reference value :  2.42897e+00
 Reference value :  2.57086e+00
 Reference value :  2.72653e+00
 Reference value :  2.87434e+00
 Reference value :  3.00917e+00
 Reference value :  3.15561e+00
 Reference value :  3.30531e+00
 Reference value :  3.46645e+00
 Reference value :  3.62922e+00
 Reference value :  3.79031e+00
 Reference value :  3.95439e+00
 Reference value :  4.11462e+00
 Reference value :  4.27564e+00
 Reference value :  4.43424e+00
 Reference value :  4.59410e+00
 Reference value :  4.75563e+00
 Reference value :  4.92542e+00
 Reference value :  5.11834e+00
 Reference value :  5.32085e+00
 Reference value :  5.52529e+00
 Reference value :  5.72613e+00
 Reference value :  5.92759e+00
 Reference value :  6.12780e+00
 Reference value :  6.32800e+00
 Reference value :  6.51436e+00
 Reference value :  6.67811e+00
 Reference value :  6.83881e+00
 Reference value :  7.00013e+00
 Reference value :  7.16076e+00
 Reference value :  7.32057e+00
 Reference value :  7.47319e+00
 Reference value :  7.62985e+00
 Reference value :  7.79040e+00
 Reference value :  7.94959e+00
 Reference value :  8.11189e+00
 Reference value :  8.27345e+00
 Reference value :  8.43312e+00
 Reference value :  8.59401e+00
 Reference value :  8.75551e+00
 Reference value :  8.91855e+00
 Reference value :  9.07692e+00
 Reference value :  9.23373e+00
 Reference value :  9.39183e+00
 Reference value :  9.54201e+00
 Reference value :  9.70062e+00
 Reference value :  9.85122e+00
 Reference value :  1.00038e+01
 Reference value :  1.01576e+01
stdout No. of Data Rows : 2046116
stdout sim_end = 1.023000000000e+01
stdout vds_peak            =  8.71556e+01 at=  6.43122e+00
stdout vgs_peak            =  4.44129e+00 at=  6.36654e+00
stdout p_avg               =  6.79152e-03 from=  2.00000e-01 to=  1.02000e+01
stdout id_avg              =  1.01779e-02 from=  2.00000e-01 to=  1.02000e+01
stdout i_peak              =  6.58894e+00 at=  6.40852e+00
stdout coil_peak           =  6.58376e+00 at=  2.61733e-01
stdout tj_repeating = 5.042107417800e+01
