stdout Note: No compatibility mode selected!
stdout Circuit: rom raw-write replay channel 14; bus.csv
stdout Doing analysis at TEMP = 27.000000 and TNOM = 27.000000
stdout Using SPARSE 1.3 as Direct Linear Solver
stdout Initial Transient Solution
stdout --------------------------
stdout Node                                   Voltage
stdout ----                                   -------
stdout rail                                        86
stdout cmd                                          0
stdout gateinput                                    0
stdout gate                                         0
stdout drain                                       86
stdout drainq                                      86
stdout coil                                        86
stdout diode                                       86
stdout lcoil#branch                      -1.17162e-09
stdout vdiode#branch                      1.92088e-13
stdout vsense#branch                      1.17143e-09
stdout vcmd#branch                                  0
stdout vrail#branch                      -1.17162e-09
 Reference value :  0.00000e+00
 Reference value :  1.68503e-01
 Reference value :  3.36085e-01
 Reference value :  5.11500e-01
 Reference value :  6.78225e-01
 Reference value :  8.50920e-01
 Reference value :  1.01943e+00
 Reference value :  1.18773e+00
 Reference value :  1.36303e+00
 Reference value :  1.53300e+00
 Reference value :  1.70555e+00
 Reference value :  1.88267e+00
 Reference value :  2.05624e+00
 Reference value :  2.23228e+00
 Reference value :  2.40037e+00
 Reference value :  2.57378e+00
 Reference value :  2.74955e+00
 Reference value :  2.92106e+00
 Reference value :  3.09970e+00
 Reference value :  3.27592e+00
 Reference value :  3.44917e+00
 Reference value :  3.62321e+00
 Reference value :  3.79837e+00
 Reference value :  3.97477e+00
 Reference value :  4.14437e+00
 Reference value :  4.30567e+00
 Reference value :  4.47715e+00
 Reference value :  4.65032e+00
 Reference value :  4.82278e+00
 Reference value :  4.99954e+00
 Reference value :  5.17527e+00
 Reference value :  5.34689e+00
 Reference value :  5.51822e+00
 Reference value :  5.68817e+00
 Reference value :  5.85923e+00
 Reference value :  6.02969e+00
 Reference value :  6.19703e+00
 Reference value :  6.36414e+00
 Reference value :  6.53066e+00
 Reference value :  6.69723e+00
 Reference value :  6.86515e+00
 Reference value :  7.03208e+00
 Reference value :  7.19913e+00
 Reference value :  7.36626e+00
 Reference value :  7.53948e+00
 Reference value :  7.70425e+00
 Reference value :  7.85579e+00
 Reference value :  8.01222e+00
 Reference value :  8.18080e+00
 Reference value :  8.34977e+00
 Reference value :  8.51793e+00
 Reference value :  8.68229e+00
 Reference value :  8.84638e+00
 Reference value :  8.99140e+00
 Reference value :  9.15672e+00
 Reference value :  9.33263e+00
 Reference value :  9.51244e+00
 Reference value :  9.68585e+00
 Reference value :  9.86374e+00
 Reference value :  1.00420e+01
 Reference value :  1.02177e+01
stdout No. of Data Rows : 2046247
stdout sim_end = 1.023000000000e+01
stdout vds_peak            =  8.72229e+01 at=  7.59740e+00
stdout vgs_peak            =  4.44129e+00 at=  8.88353e+00
stdout p_avg               =  1.81237e-02 from=  2.00000e-01 to=  1.02000e+01
stdout id_avg              =  7.47292e-03 from=  2.00000e-01 to=  1.02000e+01
stdout i_peak              =  8.84158e+00 at=  8.93076e+00
stdout coil_peak           =  8.83641e+00 at=  2.64680e-01
stdout tj_repeating = 5.112367126000e+01
