stdout Note: No compatibility mode selected!
stdout Circuit: jlc-3 u20 loss_restart; engineering averaged controller, not ti vendor model
stdout Doing analysis at TEMP = 27.000000 and TNOM = 27.000000
stdout Using KLU as Direct Linear Solver
stdout Operating point simulation skipped by 'uic',
stdout now using transient initial conditions.
 Reference value :  1.77800e-02
 Reference value :  3.71953e-02
 Reference value :  5.70932e-02
 Reference value :  7.95192e-02
 Reference value :  9.93437e-02
 Reference value :  1.19006e-01
stdout No. of Data Rows : 60342
stdout sim_end = 1.200000000000e-01
stdout output_peak         =  5.12701e+00 at=  6.38602e-03
stdout output_floor        =  0.00000e+00 at=  4.00000e-08
stdout settled_min         =  5.09231e+00 at=  1.20000e-01
stdout settled_max         =  5.09231e+00 at=  1.05002e-01
stdout step_min            =  7.15492e-37 at=  6.49992e-02
stdout step_max            =  5.09258e+00 at=  2.40000e-02
stdout input_min           =  1.08398e+01 at=  1.13104e-01
stdout inductor_average_peak=  3.89088e+00 at=  8.57197e-02
stdout inductor_average_min=  -1.12799e-18 at=  2.66303e-03
stdout shunt_current_peak  =  3.82666e+00 at=  3.65339e-03
stdout shunt_current_min   =  -2.78843e-20 at=  8.49993e-02
stdout secondary_rms       =  0.00000e+00 from=  1.00000e-01 to=  1.20000e-01
