stdout Note: No compatibility mode selected!
stdout Circuit: jlc-3 u20 startup; engineering averaged controller, not ti vendor model
stdout Doing analysis at TEMP = 27.000000 and TNOM = 27.000000
stdout Using KLU as Direct Linear Solver
stdout Operating point simulation skipped by 'uic',
stdout now using transient initial conditions.
 Reference value :  1.53260e-02
 Reference value :  3.38860e-02
 Reference value :  5.22920e-02
 Reference value :  7.18500e-02
 Reference value :  9.15480e-02
 Reference value :  1.10830e-01
stdout No. of Data Rows : 60148
stdout sim_end = 1.200000000000e-01
stdout output_peak         =  5.12701e+00 at=  6.38602e-03
stdout output_floor        =  0.00000e+00 at=  4.00000e-08
stdout settled_min         =  5.09258e+00 at=  1.19998e-01
stdout settled_max         =  5.09258e+00 at=  1.20000e-01
stdout step_min            =  5.09258e+00 at=  4.35000e-02
stdout step_max            =  5.09258e+00 at=  2.40000e-02
stdout input_min           =  1.08816e+01 at=  1.13120e-01
stdout inductor_average_peak=  3.89088e+00 at=  3.38139e-03
stdout inductor_average_min=  -1.12799e-18 at=  2.66303e-03
stdout shunt_current_peak  =  3.82666e+00 at=  3.65339e-03
stdout shunt_current_min   =  -2.78843e-20 at=  2.66211e-03
stdout secondary_rms       =  0.00000e+00 from=  1.00000e-01 to=  1.20000e-01
