stdout Note: No compatibility mode selected!
stdout Circuit: jlc-3 u20 startup; engineering averaged controller, not ti vendor model
stdout Doing analysis at TEMP = 27.000000 and TNOM = 27.000000
stdout Using KLU as Direct Linear Solver
stdout Operating point simulation skipped by 'uic',
stdout now using transient initial conditions.
 Reference value :  7.72134e-03
 Reference value :  2.76313e-02
 Reference value :  4.75833e-02
 Reference value :  6.75373e-02
 Reference value :  8.75913e-02
 Reference value :  1.07003e-01
stdout No. of Data Rows : 60078
stdout sim_end = 1.200000000000e-01
stdout output_peak         =  5.12653e+00 at=  6.05734e-03
stdout output_floor        =  0.00000e+00 at=  4.00000e-08
stdout settled_min         =  5.09211e+00 at=  1.19999e-01
stdout settled_max         =  5.09211e+00 at=  1.20000e-01
stdout step_min            =  5.09211e+00 at=  6.49993e-02
stdout step_max            =  5.09211e+00 at=  2.40013e-02
stdout input_min           =  1.10274e+01 at=  1.19313e-01
stdout inductor_average_peak=  3.89088e+00 at=  3.05359e-03
stdout inductor_average_min=  -1.06470e-18 at=  2.33460e-03
stdout shunt_current_peak  =  3.82666e+00 at=  3.32559e-03
stdout shunt_current_min   =  -2.78843e-20 at=  2.33411e-03
stdout secondary_rms       =  0.00000e+00 from=  1.00000e-01 to=  1.20000e-01
