stdout Note: No compatibility mode selected!
stdout Circuit: jlc-3 u20 load_step; engineering averaged controller, not ti vendor model
stdout Doing analysis at TEMP = 27.000000 and TNOM = 27.000000
stdout Using KLU as Direct Linear Solver
stdout Operating point simulation skipped by 'uic',
stdout now using transient initial conditions.
 Reference value :  6.09782e-03
 Reference value :  2.41637e-02
 Reference value :  4.28362e-02
 Reference value :  6.15812e-02
 Reference value :  8.05092e-02
 Reference value :  9.88672e-02
 Reference value :  1.17731e-01
stdout No. of Data Rows : 60147
stdout sim_end = 1.200000000000e-01
stdout output_peak         =  5.33736e+00 at=  5.50982e-02
stdout output_floor        =  0.00000e+00 at=  4.00000e-08
stdout settled_min         =  5.09272e+00 at=  1.20000e-01
stdout settled_max         =  5.09272e+00 at=  1.19997e-01
stdout step_min            =  4.84806e+00 at=  2.50982e-02
stdout step_max            =  5.33736e+00 at=  5.50982e-02
stdout input_min           =  1.30797e+01 at=  1.11841e-01
stdout inductor_average_peak=  3.11470e+00 at=  2.51682e-02
stdout inductor_average_min=  -1.06470e-18 at=  2.33460e-03
stdout shunt_current_peak  =  3.10952e+00 at=  2.51682e-02
stdout shunt_current_min   =  -7.27869e-22 at=  2.33411e-03
stdout secondary_rms       =  0.00000e+00 from=  1.00000e-01 to=  1.20000e-01
