stdout Note: No compatibility mode selected!
stdout Circuit: jlc-3 u20 prebiased; engineering averaged controller, not ti vendor model
stdout Doing analysis at TEMP = 27.000000 and TNOM = 27.000000
stdout Using KLU as Direct Linear Solver
stdout Operating point simulation skipped by 'uic',
stdout now using transient initial conditions.
 Reference value :  6.61592e-03
 Reference value :  2.66480e-02
 Reference value :  4.56365e-02
 Reference value :  6.61465e-02
 Reference value :  8.64845e-02
 Reference value :  1.06925e-01
stdout No. of Data Rows : 60136
stdout sim_end = 1.200000000000e-01
stdout output_peak         =  5.11896e+00 at=  3.15485e-02
stdout output_floor        =  3.92214e+00 at=  3.06015e-02
stdout settled_min         =  5.09254e+00 at=  1.20000e-01
stdout settled_max         =  5.09254e+00 at=  1.19997e-01
stdout step_min            =  3.92214e+00 at=  3.06015e-02
stdout step_max            =  5.11896e+00 at=  3.15485e-02
stdout input_min           =  1.05921e+01 at=  1.11833e-01
stdout inductor_average_peak=  8.10570e-01 at=  3.07805e-02
stdout inductor_average_min=  -3.08791e-319 at=  1.94792e-03
stdout shunt_current_peak  =  7.95088e-01 at=  3.07805e-02
stdout shunt_current_min   =  -9.53179e-05 at=  2.00000e-06
stdout secondary_rms       =  0.00000e+00 from=  1.00000e-01 to=  1.20000e-01
