stdout Note: No compatibility mode selected!
stdout Circuit: jlc-3 u20 loss_restart; engineering averaged controller, not ti vendor model
stdout Doing analysis at TEMP = 27.000000 and TNOM = 27.000000
stdout Using KLU as Direct Linear Solver
stdout Operating point simulation skipped by 'uic',
stdout now using transient initial conditions.
 Reference value :  1.68018e-02
 Reference value :  3.67191e-02
 Reference value :  5.84641e-02
 Reference value :  7.97041e-02
 Reference value :  9.92070e-02
 Reference value :  1.19419e-01
stdout No. of Data Rows : 60364
stdout sim_end = 1.200000000000e-01
stdout output_peak         =  5.12700e+00 at=  6.93576e-03
stdout output_floor        =  0.00000e+00 at=  4.00000e-08
stdout settled_min         =  5.09226e+00 at=  1.20000e-01
stdout settled_max         =  5.09226e+00 at=  1.05001e-01
stdout step_min            =  1.17375e-225 at=  6.49981e-02
stdout step_max            =  5.09258e+00 at=  2.40018e-02
stdout input_min           =  7.96925e+00 at=  1.12765e-01
stdout inductor_average_peak=  3.89088e+00 at=  8.57192e-02
stdout inductor_average_min=  -1.51444e-18 at=  8.50000e-02
stdout shunt_current_peak  =  3.82666e+00 at=  4.20314e-03
stdout shunt_current_min   =  -2.78265e-20 at=  8.49983e-02
stdout secondary_rms       =  0.00000e+00 from=  1.00000e-01 to=  1.20000e-01
