stdout Note: No compatibility mode selected!
stdout Circuit: jlc-3 u20 prebiased; engineering averaged controller, not ti vendor model
stdout Doing analysis at TEMP = 27.000000 and TNOM = 27.000000
stdout Using KLU as Direct Linear Solver
stdout Operating point simulation skipped by 'uic',
stdout now using transient initial conditions.
 Reference value :  8.52592e-03
 Reference value :  2.77730e-02
 Reference value :  4.78033e-02
 Reference value :  6.78893e-02
 Reference value :  8.77053e-02
 Reference value :  1.06677e-01
stdout No. of Data Rows : 60172
stdout sim_end = 1.200000000000e-01
stdout output_peak         =  5.11796e+00 at=  2.92433e-02
stdout output_floor        =  4.00762e+00 at=  2.83565e-02
stdout settled_min         =  5.09305e+00 at=  1.20000e-01
stdout settled_max         =  5.09305e+00 at=  1.19999e-01
stdout step_min            =  4.00762e+00 at=  2.83565e-02
stdout step_max            =  5.11796e+00 at=  2.92433e-02
stdout input_min           =  1.31207e+01 at=  1.14259e-01
stdout inductor_average_peak=  8.10581e-01 at=  2.85356e-02
stdout inductor_average_min=  -3.08791e-319 at=  1.94792e-03
stdout shunt_current_peak  =  7.95099e-01 at=  2.85356e-02
stdout shunt_current_min   =  -9.53179e-05 at=  2.00000e-06
stdout secondary_rms       =  0.00000e+00 from=  1.00000e-01 to=  1.20000e-01
