stdout Note: No compatibility mode selected!
stdout Circuit: jlc-3 u20 load_step; engineering averaged controller, not ti vendor model
stdout Doing analysis at TEMP = 27.000000 and TNOM = 27.000000
stdout Using KLU as Direct Linear Solver
stdout Operating point simulation skipped by 'uic',
stdout now using transient initial conditions.
 Reference value :  5.31423e-03
 Reference value :  2.44254e-02
 Reference value :  4.37241e-02
 Reference value :  6.26740e-02
 Reference value :  8.14700e-02
 Reference value :  1.00986e-01
stdout No. of Data Rows : 60181
stdout sim_end = 1.200000000000e-01
stdout output_peak         =  5.33664e+00 at=  5.50981e-02
stdout output_floor        =  0.00000e+00 at=  4.00000e-08
stdout settled_min         =  5.09200e+00 at=  1.19998e-01
stdout settled_max         =  5.09200e+00 at=  1.20000e-01
stdout step_min            =  4.84734e+00 at=  2.51001e-02
stdout step_max            =  5.33664e+00 at=  5.50981e-02
stdout input_min           =  1.05557e+01 at=  1.14166e-01
stdout inductor_average_peak=  3.11469e+00 at=  2.51681e-02
stdout inductor_average_min=  -1.09304e-18 at=  3.21273e-03
stdout shunt_current_peak  =  3.10953e+00 at=  2.51701e-02
stdout shunt_current_min   =  -7.27869e-22 at=  3.21211e-03
stdout secondary_rms       =  0.00000e+00 from=  1.00000e-01 to=  1.20000e-01
