stdout Note: No compatibility mode selected!
stdout Circuit: jlc-3 u20 startup; engineering averaged controller, not ti vendor model
stdout Doing analysis at TEMP = 27.000000 and TNOM = 27.000000
stdout Using KLU as Direct Linear Solver
stdout Operating point simulation skipped by 'uic',
stdout now using transient initial conditions.
 Reference value :  9.71736e-03
 Reference value :  2.94614e-02
 Reference value :  4.92834e-02
 Reference value :  6.89894e-02
 Reference value :  8.87874e-02
 Reference value :  1.08557e-01
stdout No. of Data Rows : 60101
stdout sim_end = 1.200000000000e-01
stdout output_peak         =  5.12652e+00 at=  6.54536e-03
stdout output_floor        =  0.00000e+00 at=  4.00000e-08
stdout settled_min         =  5.09210e+00 at=  1.20000e-01
stdout settled_max         =  5.09210e+00 at=  1.19997e-01
stdout step_min            =  5.09210e+00 at=  4.37754e-02
stdout step_max            =  5.09210e+00 at=  2.40014e-02
stdout input_min           =  8.17172e+00 at=  1.10705e-01
stdout inductor_average_peak=  3.89088e+00 at=  3.54161e-03
stdout inductor_average_min=  -1.09303e-18 at=  2.82273e-03
stdout shunt_current_peak  =  3.82666e+00 at=  3.81361e-03
stdout shunt_current_min   =  -2.78843e-20 at=  2.82211e-03
stdout secondary_rms       =  0.00000e+00 from=  1.00000e-01 to=  1.20000e-01
