stdout Note: No compatibility mode selected!
stdout Circuit: jlc-3 u20 prebiased; engineering averaged controller, not ti vendor model
stdout Doing analysis at TEMP = 27.000000 and TNOM = 27.000000
stdout Using KLU as Direct Linear Solver
stdout Operating point simulation skipped by 'uic',
stdout now using transient initial conditions.
 Reference value :  6.84392e-03
 Reference value :  2.68714e-02
 Reference value :  4.63627e-02
 Reference value :  6.60627e-02
 Reference value :  8.58507e-02
 Reference value :  1.05743e-01
stdout No. of Data Rows : 60118
stdout sim_end = 1.200000000000e-01
stdout output_peak         =  5.11915e+00 at=  3.10607e-02
stdout output_floor        =  3.94023e+00 at=  3.01261e-02
stdout settled_min         =  5.09303e+00 at=  1.20000e-01
stdout settled_max         =  5.09303e+00 at=  1.19997e-01
stdout step_min            =  3.94023e+00 at=  3.01261e-02
stdout step_max            =  5.11915e+00 at=  3.10607e-02
stdout input_min           =  1.31213e+01 at=  1.11877e-01
stdout inductor_average_peak=  8.10571e-01 at=  3.03049e-02
stdout inductor_average_min=  -3.08791e-319 at=  1.94792e-03
stdout shunt_current_peak  =  7.95091e-01 at=  3.03069e-02
stdout shunt_current_min   =  -9.53179e-05 at=  2.00000e-06
stdout secondary_rms       =  0.00000e+00 from=  1.00000e-01 to=  1.20000e-01
