stdout Note: No compatibility mode selected!
stdout Circuit: jlc-3 u21 prebiased; engineering averaged controller, not ti vendor model
stdout Doing analysis at TEMP = 27.000000 and TNOM = 27.000000
stdout Using KLU as Direct Linear Solver
stdout Operating point simulation skipped by 'uic',
stdout now using transient initial conditions.
 Reference value :  1.78799e-02
 Reference value :  3.70151e-02
 Reference value :  5.60391e-02
 Reference value :  7.57651e-02
 Reference value :  9.51831e-02
 Reference value :  1.14561e-01
stdout No. of Data Rows : 60122
stdout sim_end = 1.200000000000e-01
stdout output_peak         =  1.20324e+01 at=  3.70311e-02
stdout output_floor        =  1.06108e+01 at=  3.61356e-02
stdout settled_min         =  1.20030e+01 at=  1.12607e-01
stdout settled_max         =  1.20032e+01 at=  1.13451e-01
stdout step_min            =  1.06108e+01 at=  3.61356e-02
stdout step_max            =  1.20324e+01 at=  3.70311e-02
stdout input_min           =  1.15245e+01 at=  1.12577e-01
stdout inductor_average_peak=  2.35512e+00 at=  3.65571e-02
stdout inductor_average_min=  -3.08791e-319 at=  1.94792e-03
stdout shunt_current_peak  =  1.48617e+00 at=  3.63133e-02
stdout shunt_current_min   =  2.93530e-04 at=  2.00000e-06
stdout secondary_rms       =  0.00000e+00 from=  1.00000e-01 to=  1.20000e-01
