stdout Note: No compatibility mode selected!
stdout Circuit: jlc-3 u21 startup; engineering averaged controller, not ti vendor model
stdout Doing analysis at TEMP = 27.000000 and TNOM = 27.000000
stdout Using KLU as Direct Linear Solver
stdout Operating point simulation skipped by 'uic',
stdout now using transient initial conditions.
 Reference value :  5.32950e-03
 Reference value :  2.55215e-02
 Reference value :  4.53275e-02
 Reference value :  6.54475e-02
 Reference value :  8.54755e-02
 Reference value :  1.05634e-01
stdout No. of Data Rows : 60109
stdout sim_end = 1.200000000000e-01
stdout output_peak         =  1.50564e+01 at=  1.51172e-02
stdout output_floor        =  0.00000e+00 at=  2.00000e-08
stdout settled_min         =  1.19951e+01 at=  1.12496e-01
stdout settled_max         =  1.20076e+01 at=  1.13700e-01
stdout step_min            =  1.19952e+01 at=  6.24955e-02
stdout step_max            =  1.21769e+01 at=  2.40015e-02
stdout input_min           =  1.11118e+01 at=  1.12470e-01
stdout inductor_average_peak=  7.99201e+00 at=  7.62325e-03
stdout inductor_average_min=  -1.23655e-18 at=  4.02132e-03
stdout shunt_current_peak  =  1.49946e+00 at=  1.42752e-02
stdout shunt_current_min   =  -1.73509e-21 at=  4.02011e-03
stdout secondary_rms       =  0.00000e+00 from=  1.00000e-01 to=  1.20000e-01
