stdout Note: No compatibility mode selected!
stdout Circuit: jlc-3 u21 prebiased; engineering averaged controller, not ti vendor model
stdout Doing analysis at TEMP = 27.000000 and TNOM = 27.000000
stdout Using KLU as Direct Linear Solver
stdout Operating point simulation skipped by 'uic',
stdout now using transient initial conditions.
 Reference value :  1.38259e-02
 Reference value :  3.23515e-02
 Reference value :  5.25035e-02
 Reference value :  7.27215e-02
 Reference value :  9.30115e-02
 Reference value :  1.13230e-01
stdout No. of Data Rows : 60173
stdout sim_end = 1.200000000000e-01
stdout output_peak         =  1.20243e+01 at=  3.05135e-02
stdout output_floor        =  1.08672e+01 at=  2.94527e-02
stdout settled_min         =  1.20010e+01 at=  1.20000e-01
stdout settled_max         =  1.20010e+01 at=  1.05002e-01
stdout step_min            =  1.08672e+01 at=  2.94527e-02
stdout step_max            =  1.20243e+01 at=  3.05135e-02
stdout input_min           =  1.42445e+01 at=  1.12578e-01
stdout inductor_average_peak=  2.29597e+00 at=  2.97975e-02
stdout inductor_average_min=  -3.08791e-319 at=  1.94792e-03
stdout shunt_current_peak  =  1.48604e+00 at=  2.96723e-02
stdout shunt_current_min   =  2.93530e-04 at=  2.00000e-06
stdout secondary_rms       =  0.00000e+00 from=  1.00000e-01 to=  1.20000e-01
