stdout Note: No compatibility mode selected!
stdout Circuit: jlc-3 u21 loss_restart; engineering averaged controller, not ti vendor model
stdout Doing analysis at TEMP = 27.000000 and TNOM = 27.000000
stdout Using KLU as Direct Linear Solver
stdout Operating point simulation skipped by 'uic',
stdout now using transient initial conditions.
 Reference value :  4.31350e-03
 Reference value :  2.31435e-02
 Reference value :  4.15558e-02
 Reference value :  6.37118e-02
 Reference value :  8.61441e-02
 Reference value :  1.05230e-01
stdout No. of Data Rows : 60580
stdout sim_end = 1.200000000000e-01
stdout output_peak         =  1.51368e+01 at=  1.03874e-01
stdout output_floor        =  -1.83628e-12 at=  9.27074e-02
stdout settled_min         =  1.20404e+01 at=  1.20000e-01
stdout settled_max         =  1.41887e+01 at=  1.05000e-01
stdout step_min            =  2.92013e-26 at=  6.49998e-02
stdout step_max            =  1.21769e+01 at=  2.40015e-02
stdout input_min           =  1.10010e+01 at=  1.12441e-01
stdout inductor_average_peak=  7.99201e+00 at=  9.63103e-02
stdout inductor_average_min=  -1.23655e-18 at=  4.02132e-03
stdout shunt_current_peak  =  1.49946e+00 at=  1.42752e-02
stdout shunt_current_min   =  -9.75204e-11 at=  9.27074e-02
stdout secondary_rms       =  0.00000e+00 from=  1.00000e-01 to=  1.20000e-01
