stdout Note: No compatibility mode selected!
stdout Circuit: jlc-3 u21 loss_restart; engineering averaged controller, not ti vendor model
stdout Doing analysis at TEMP = 27.000000 and TNOM = 27.000000
stdout Using KLU as Direct Linear Solver
stdout Operating point simulation skipped by 'uic',
stdout now using transient initial conditions.
 Reference value :  3.49076e-03
 Reference value :  2.27840e-02
 Reference value :  4.12647e-02
 Reference value :  6.15027e-02
 Reference value :  8.35527e-02
 Reference value :  1.03201e-01
stdout No. of Data Rows : 60434
stdout sim_end = 1.200000000000e-01
stdout output_peak         =  1.53264e+01 at=  9.67008e-02
stdout output_floor        =  -2.57680e-17 at=  8.54931e-02
stdout settled_min         =  1.20104e+01 at=  1.20000e-01
stdout settled_max         =  1.21832e+01 at=  1.05001e-01
stdout step_min            =  1.42368e-25 at=  6.49987e-02
stdout step_max            =  1.21454e+01 at=  2.40020e-02
stdout input_min           =  1.37790e+01 at=  1.12477e-01
stdout inductor_average_peak=  7.99201e+00 at=  6.87582e-03
stdout inductor_average_min=  -7.94932e-19 at=  3.27227e-03
stdout shunt_current_peak  =  1.49946e+00 at=  9.60148e-02
stdout shunt_current_min   =  -1.36452e-15 at=  8.54931e-02
stdout secondary_rms       =  0.00000e+00 from=  1.00000e-01 to=  1.20000e-01
