stdout Note: No compatibility mode selected!
stdout Circuit: jlc-3 u21 load_step; engineering averaged controller, not ti vendor model
stdout Doing analysis at TEMP = 27.000000 and TNOM = 27.000000
stdout Using KLU as Direct Linear Solver
stdout Operating point simulation skipped by 'uic',
stdout now using transient initial conditions.
 Reference value :  7.86853e-03
 Reference value :  2.74729e-02
 Reference value :  4.66329e-02
 Reference value :  6.62769e-02
 Reference value :  8.55869e-02
 Reference value :  1.04817e-01
stdout No. of Data Rows : 60114
stdout sim_end = 1.200000000000e-01
stdout output_peak         =  1.28909e+01 at=  7.75784e-03
stdout output_floor        =  0.00000e+00 at=  2.00000e-08
stdout settled_min         =  1.20014e+01 at=  1.20000e-01
stdout settled_max         =  1.20014e+01 at=  1.05001e-01
stdout step_min            =  1.18859e+01 at=  2.54509e-02
stdout step_max            =  1.22644e+01 at=  2.40005e-02
stdout input_min           =  1.44621e+01 at=  1.10519e-01
stdout inductor_average_peak=  7.99201e+00 at=  6.49784e-03
stdout inductor_average_min=  -8.56452e-19 at=  2.89446e-03
stdout shunt_current_peak  =  1.48609e+00 at=  3.08122e-03
stdout shunt_current_min   =  -7.13797e-23 at=  2.89410e-03
stdout secondary_rms       =  0.00000e+00 from=  1.00000e-01 to=  1.20000e-01
