stdout Note: No compatibility mode selected!
stdout Circuit: jlc-3 u21 load_step; engineering averaged controller, not ti vendor model
stdout Doing analysis at TEMP = 27.000000 and TNOM = 27.000000
stdout Using KLU as Direct Linear Solver
stdout Operating point simulation skipped by 'uic',
stdout now using transient initial conditions.
 Reference value :  1.68765e-02
 Reference value :  3.61668e-02
 Reference value :  5.59188e-02
 Reference value :  7.56048e-02
 Reference value :  9.53768e-02
 Reference value :  1.15243e-01
stdout No. of Data Rows : 60146
stdout sim_end = 1.200000000000e-01
stdout output_peak         =  1.28925e+01 at=  8.13196e-03
stdout output_floor        =  0.00000e+00 at=  2.00000e-08
stdout settled_min         =  1.20021e+01 at=  1.20000e-01
stdout settled_max         =  1.20021e+01 at=  1.05001e-01
stdout step_min            =  1.18885e+01 at=  2.54608e-02
stdout step_max            =  1.22804e+01 at=  2.40005e-02
stdout input_min           =  1.42444e+01 at=  1.12577e-01
stdout inductor_average_peak=  7.99201e+00 at=  7.47996e-03
stdout inductor_average_min=  -7.94932e-19 at=  3.27227e-03
stdout shunt_current_peak  =  1.48615e+00 at=  3.45796e-03
stdout shunt_current_min   =  -7.16160e-23 at=  3.27211e-03
stdout secondary_rms       =  0.00000e+00 from=  1.00000e-01 to=  1.20000e-01
