stdout Note: No compatibility mode selected!
stdout Circuit: jlc-3 u21 loss_restart; engineering averaged controller, not ti vendor model
stdout Doing analysis at TEMP = 27.000000 and TNOM = 27.000000
stdout Using KLU as Direct Linear Solver
stdout Operating point simulation skipped by 'uic',
stdout now using transient initial conditions.
 Reference value :  1.80391e-03
 Reference value :  2.09597e-02
 Reference value :  3.91557e-02
 Reference value :  5.80077e-02
 Reference value :  8.02597e-02
 Reference value :  1.00557e-01
 Reference value :  1.19511e-01
stdout No. of Data Rows : 60291
stdout sim_end = 1.200000000000e-01
stdout output_peak         =  1.53287e+01 at=  9.73336e-02
stdout output_floor        =  0.00000e+00 at=  2.00000e-08
stdout settled_min         =  1.20132e+01 at=  1.20000e-01
stdout settled_max         =  1.22101e+01 at=  1.05001e-01
stdout step_min            =  1.08919e-25 at=  6.49997e-02
stdout step_max            =  1.21319e+01 at=  2.40017e-02
stdout input_min           =  1.40181e+01 at=  1.10437e-01
stdout inductor_average_peak=  7.99201e+00 at=  8.97276e-02
stdout inductor_average_min=  -8.56452e-19 at=  2.89446e-03
stdout shunt_current_peak  =  1.49946e+00 at=  9.66476e-02
stdout shunt_current_min   =  -1.89097e-21 at=  8.61254e-02
stdout secondary_rms       =  0.00000e+00 from=  1.00000e-01 to=  1.20000e-01
