stdout Note: No compatibility mode selected!
stdout Circuit: jlc-3 u21 load_step; engineering averaged controller, not ti vendor model
stdout Doing analysis at TEMP = 27.000000 and TNOM = 27.000000
stdout Using KLU as Direct Linear Solver
stdout Operating point simulation skipped by 'uic',
stdout now using transient initial conditions.
 Reference value :  7.14075e-03
 Reference value :  2.54118e-02
 Reference value :  4.41658e-02
 Reference value :  6.26558e-02
 Reference value :  8.10278e-02
 Reference value :  9.99698e-02
 Reference value :  1.18204e-01
stdout No. of Data Rows : 60106
stdout sim_end = 1.200000000000e-01
stdout output_peak         =  1.28828e+01 at=  8.92075e-03
stdout output_floor        =  0.00000e+00 at=  2.00000e-08
stdout settled_min         =  1.20012e+01 at=  1.12608e-01
stdout settled_max         =  1.20014e+01 at=  1.13448e-01
stdout step_min            =  1.18922e+01 at=  2.54758e-02
stdout step_max            =  1.23014e+01 at=  2.40004e-02
stdout input_min           =  1.15244e+01 at=  1.12578e-01
stdout inductor_average_peak=  7.99201e+00 at=  8.22875e-03
stdout inductor_average_min=  -1.23655e-18 at=  4.02132e-03
stdout shunt_current_peak  =  1.48613e+00 at=  4.20675e-03
stdout shunt_current_min   =  -7.16160e-23 at=  4.02011e-03
stdout secondary_rms       =  0.00000e+00 from=  1.00000e-01 to=  1.20000e-01
