stdout Note: No compatibility mode selected!
stdout Circuit: jlc-3 u21 startup; engineering averaged controller, not ti vendor model
stdout Doing analysis at TEMP = 27.000000 and TNOM = 27.000000
stdout Using KLU as Direct Linear Solver
stdout Operating point simulation skipped by 'uic',
stdout now using transient initial conditions.
 Reference value :  4.75076e-03
 Reference value :  2.46600e-02
 Reference value :  4.52960e-02
 Reference value :  6.56480e-02
 Reference value :  8.45560e-02
 Reference value :  1.05376e-01
stdout No. of Data Rows : 60153
stdout sim_end = 1.200000000000e-01
stdout output_peak         =  1.53034e+01 at=  1.44818e-02
stdout output_floor        =  0.00000e+00 at=  2.00000e-08
stdout settled_min         =  1.20046e+01 at=  1.20000e-01
stdout settled_max         =  1.20046e+01 at=  1.05002e-01
stdout step_min            =  1.20046e+01 at=  6.50000e-02
stdout step_max            =  1.21454e+01 at=  2.40020e-02
stdout input_min           =  1.39122e+01 at=  1.12506e-01
stdout inductor_average_peak=  7.99201e+00 at=  6.87582e-03
stdout inductor_average_min=  -7.94932e-19 at=  3.27227e-03
stdout shunt_current_peak  =  1.49946e+00 at=  1.37518e-02
stdout shunt_current_min   =  -1.72153e-21 at=  3.27211e-03
stdout secondary_rms       =  0.00000e+00 from=  1.00000e-01 to=  1.20000e-01
