stdout Note: No compatibility mode selected!
stdout Circuit: jlc-3 u21 loss_restart; engineering averaged controller, not ti vendor model
stdout Doing analysis at TEMP = 27.000000 and TNOM = 27.000000
stdout Using KLU as Direct Linear Solver
stdout Operating point simulation skipped by 'uic',
stdout now using transient initial conditions.
 Reference value :  1.64792e-03
 Reference value :  2.08009e-02
 Reference value :  3.90279e-02
 Reference value :  6.10899e-02
 Reference value :  8.34159e-02
 Reference value :  1.03443e-01
stdout No. of Data Rows : 60325
stdout sim_end = 1.200000000000e-01
stdout output_peak         =  1.50424e+01 at=  9.78624e-02
stdout output_floor        =  0.00000e+00 at=  2.00000e-08
stdout settled_min         =  1.20097e+01 at=  1.18817e-01
stdout settled_max         =  1.22484e+01 at=  1.05001e-01
stdout step_min            =  2.22251e-26 at=  6.49999e-02
stdout step_max            =  1.21574e+01 at=  2.40009e-02
stdout input_min           =  1.12055e+01 at=  1.10409e-01
stdout inductor_average_peak=  7.99201e+00 at=  9.04204e-02
stdout inductor_average_min=  -1.37591e-18 at=  3.59746e-03
stdout shunt_current_peak  =  1.49946e+00 at=  9.71344e-02
stdout shunt_current_min   =  -1.72153e-21 at=  3.59611e-03
stdout secondary_rms       =  0.00000e+00 from=  1.00000e-01 to=  1.20000e-01
