stdout Note: No compatibility mode selected!
stdout Circuit: jlc-3 u21 startup; engineering averaged controller, not ti vendor model
stdout Doing analysis at TEMP = 27.000000 and TNOM = 27.000000
stdout Using KLU as Direct Linear Solver
stdout Operating point simulation skipped by 'uic',
stdout now using transient initial conditions.
 Reference value :  5.68001e-03
 Reference value :  2.63237e-02
 Reference value :  4.65017e-02
 Reference value :  6.67577e-02
 Reference value :  8.69617e-02
 Reference value :  1.07574e-01
stdout No. of Data Rows : 60106
stdout sim_end = 1.200000000000e-01
stdout output_peak         =  1.53257e+01 at=  1.41000e-02
stdout output_floor        =  0.00000e+00 at=  2.00000e-08
stdout settled_min         =  1.20018e+01 at=  1.20000e-01
stdout settled_max         =  1.20018e+01 at=  1.05002e-01
stdout step_min            =  1.20018e+01 at=  6.49997e-02
stdout step_max            =  1.21319e+01 at=  2.40017e-02
stdout input_min           =  1.41470e+01 at=  1.10462e-01
stdout inductor_average_peak=  7.99201e+00 at=  1.15320e-02
stdout inductor_average_min=  -8.56452e-19 at=  2.89446e-03
stdout shunt_current_peak  =  1.49946e+00 at=  1.34140e-02
stdout shunt_current_min   =  -1.72153e-21 at=  2.89410e-03
stdout secondary_rms       =  0.00000e+00 from=  1.00000e-01 to=  1.20000e-01
