stdout Note: No compatibility mode selected!
stdout Circuit: jlc-3 u20 loss_restart; engineering averaged controller, not ti vendor model
stdout Doing analysis at TEMP = 27.000000 and TNOM = 27.000000
stdout Using KLU as Direct Linear Solver
stdout Operating point simulation skipped by 'uic',
stdout now using transient initial conditions.
 Reference value :  7.03663e-03
 Reference value :  2.52686e-02
 Reference value :  4.32926e-02
 Reference value :  6.12493e-02
 Reference value :  8.07293e-02
 Reference value :  9.84466e-02
 Reference value :  1.15425e-01
stdout No. of Data Rows : 60317
stdout sim_end = 1.200000000000e-01
stdout output_peak         =  5.00153e+00 at=  4.88610e-02
stdout output_floor        =  0.00000e+00 at=  4.00000e-08
stdout settled_min         =  5.00102e+00 at=  1.05001e-01
stdout settled_max         =  5.00116e+00 at=  1.20000e-01
stdout step_min            =  2.31150e-26 at=  6.49993e-02
stdout step_max            =  5.00153e+00 at=  4.88610e-02
stdout input_min           =  1.10249e+01 at=  1.10979e-01
stdout inductor_average_peak=  3.80396e+00 at=  2.63288e-03
stdout inductor_average_min=  -1.27384e-18 at=  8.50176e-02
stdout shunt_current_peak  =  3.78503e+00 at=  2.63288e-03
stdout shunt_current_min   =  -2.88678e-20 at=  8.50159e-02
stdout secondary_rms       =  2.83846e+00 from=  1.00000e-01 to=  1.20000e-01
