stdout Note: No compatibility mode selected!
stdout Circuit: jlc-3 u20 load_step; engineering averaged controller, not ti vendor model
stdout Doing analysis at TEMP = 27.000000 and TNOM = 27.000000
stdout Using KLU as Direct Linear Solver
stdout Operating point simulation skipped by 'uic',
stdout now using transient initial conditions.
 Reference value :  1.49429e-02
 Reference value :  3.22553e-02
 Reference value :  5.11173e-02
 Reference value :  6.91516e-02
 Reference value :  8.61936e-02
 Reference value :  1.03604e-01
stdout No. of Data Rows : 60204
stdout sim_end = 1.200000000000e-01
stdout output_peak         =  5.18354e+00 at=  5.50473e-02
stdout output_floor        =  0.00000e+00 at=  4.00000e-08
stdout settled_min         =  5.00051e+00 at=  1.20000e-01
stdout settled_max         =  5.00051e+00 at=  1.05002e-01
stdout step_min            =  4.81734e+00 at=  2.50473e-02
stdout step_max            =  5.18354e+00 at=  5.50473e-02
stdout input_min           =  1.05565e+01 at=  1.14166e-01
stdout inductor_average_peak=  3.72576e+00 at=  2.50993e-02
stdout inductor_average_min=  -1.09305e-18 at=  3.21273e-03
stdout shunt_current_peak  =  3.70867e+00 at=  2.50993e-02
stdout shunt_current_min   =  -7.44412e-22 at=  3.21211e-03
stdout secondary_rms       =  1.06138e-01 from=  1.00000e-01 to=  1.20000e-01
