stdout Note: No compatibility mode selected!
stdout Circuit: jlc-3 u20 startup; engineering averaged controller, not ti vendor model
stdout Doing analysis at TEMP = 27.000000 and TNOM = 27.000000
stdout Using KLU as Direct Linear Solver
stdout Operating point simulation skipped by 'uic',
stdout now using transient initial conditions.
 Reference value :  6.87263e-03
 Reference value :  2.65606e-02
 Reference value :  4.53086e-02
 Reference value :  6.25786e-02
 Reference value :  8.01586e-02
 Reference value :  9.92066e-02
 Reference value :  1.18921e-01
stdout No. of Data Rows : 60078
stdout sim_end = 1.200000000000e-01
stdout output_peak         =  5.00153e+00 at=  8.82086e-02
stdout output_floor        =  0.00000e+00 at=  4.00000e-08
stdout settled_min         =  5.00153e+00 at=  1.20000e-01
stdout settled_max         =  5.00153e+00 at=  1.19997e-01
stdout step_min            =  5.00144e+00 at=  2.40006e-02
stdout step_max            =  5.00153e+00 at=  6.49986e-02
stdout input_min           =  1.10572e+01 at=  1.19323e-01
stdout inductor_average_peak=  3.80396e+00 at=  2.63288e-03
stdout inductor_average_min=  -1.06472e-18 at=  2.33460e-03
stdout shunt_current_peak  =  3.78503e+00 at=  2.63288e-03
stdout shunt_current_min   =  -2.84628e-20 at=  2.33411e-03
stdout secondary_rms       =  2.73127e+00 from=  1.00000e-01 to=  1.20000e-01
