stdout Note: No compatibility mode selected!
stdout Circuit: jlc-3 u20 loss_restart; engineering averaged controller, not ti vendor model
stdout Doing analysis at TEMP = 27.000000 and TNOM = 27.000000
stdout Using KLU as Direct Linear Solver
stdout Operating point simulation skipped by 'uic',
stdout now using transient initial conditions.
 Reference value :  3.71920e-04
 Reference value :  1.89067e-02
 Reference value :  3.77570e-02
 Reference value :  5.70463e-02
 Reference value :  7.68423e-02
 Reference value :  9.59048e-02
 Reference value :  1.14907e-01
stdout No. of Data Rows : 60407
stdout sim_end = 1.200000000000e-01
stdout output_peak         =  5.00079e+00 at=  5.05730e-02
stdout output_floor        =  0.00000e+00 at=  4.00000e-08
stdout settled_min         =  5.00063e+00 at=  1.05001e-01
stdout settled_max         =  5.00077e+00 at=  1.20000e-01
stdout step_min            =  3.90101e-26 at=  6.49983e-02
stdout step_max            =  5.00079e+00 at=  5.05730e-02
stdout input_min           =  1.08719e+01 at=  1.13117e-01
stdout inductor_average_peak=  3.80396e+00 at=  2.96066e-03
stdout inductor_average_min=  -1.12801e-18 at=  2.66303e-03
stdout shunt_current_peak  =  3.78502e+00 at=  2.96066e-03
stdout shunt_current_min   =  -2.91570e-20 at=  8.49984e-02
stdout secondary_rms       =  3.07874e+00 from=  1.00000e-01 to=  1.20000e-01
