stdout Note: No compatibility mode selected!
stdout Circuit: jlc-3 u20 loss_restart; engineering averaged controller, not ti vendor model
stdout Doing analysis at TEMP = 27.000000 and TNOM = 27.000000
stdout Using KLU as Direct Linear Solver
stdout Operating point simulation skipped by 'uic',
stdout now using transient initial conditions.
 Reference value :  3.78640e-03
 Reference value :  2.31644e-02
 Reference value :  4.26383e-02
 Reference value :  6.30463e-02
 Reference value :  8.32483e-02
 Reference value :  1.01464e-01
stdout No. of Data Rows : 60372
stdout sim_end = 1.200000000000e-01
stdout output_peak         =  5.00152e+00 at=  1.20000e-01
stdout output_floor        =  0.00000e+00 at=  4.00000e-08
stdout settled_min         =  5.00138e+00 at=  1.05000e-01
stdout settled_max         =  5.00152e+00 at=  1.20000e-01
stdout step_min            =  3.58825e-28 at=  6.49983e-02
stdout step_max            =  5.00079e+00 at=  3.75610e-02
stdout input_min           =  8.00814e+00 at=  1.12780e-01
stdout inductor_average_peak=  3.80396e+00 at=  3.51040e-03
stdout inductor_average_min=  -1.37369e-18 at=  8.49998e-02
stdout shunt_current_peak  =  3.78503e+00 at=  8.52984e-02
stdout shunt_current_min   =  -2.84628e-20 at=  8.49985e-02
stdout secondary_rms       =  3.57753e+00 from=  1.00000e-01 to=  1.20000e-01
