stdout Note: No compatibility mode selected!
stdout Circuit: jlc-3 u20 prebiased; engineering averaged controller, not ti vendor model
stdout Doing analysis at TEMP = 27.000000 and TNOM = 27.000000
stdout Using KLU as Direct Linear Solver
stdout Operating point simulation skipped by 'uic',
stdout now using transient initial conditions.
 Reference value :  1.24659e-02
 Reference value :  3.17673e-02
 Reference value :  5.16113e-02
 Reference value :  7.16853e-02
 Reference value :  9.17493e-02
 Reference value :  1.11637e-01
stdout No. of Data Rows : 60223
stdout sim_end = 1.200000000000e-01
stdout output_peak         =  5.02335e+00 at=  2.91790e-02
stdout output_floor        =  3.91681e+00 at=  2.83426e-02
stdout settled_min         =  5.00095e+00 at=  1.20000e-01
stdout settled_max         =  5.00095e+00 at=  1.05015e-01
stdout step_min            =  3.91681e+00 at=  2.83426e-02
stdout step_max            =  5.02335e+00 at=  2.91790e-02
stdout input_min           =  1.31213e+01 at=  1.14259e-01
stdout inductor_average_peak=  9.40010e-01 at=  2.84490e-02
stdout inductor_average_min=  -3.08791e-319 at=  1.94792e-03
stdout shunt_current_peak  =  9.21956e-01 at=  2.84490e-02
stdout shunt_current_min   =  -9.53137e-05 at=  2.00000e-06
stdout secondary_rms       =  8.08165e-02 from=  1.00000e-01 to=  1.20000e-01
