stdout Note: No compatibility mode selected!
stdout Circuit: jlc-3 u21 loss_restart; engineering averaged controller, not ti vendor model
stdout Doing analysis at TEMP = 27.000000 and TNOM = 27.000000
stdout Using KLU as Direct Linear Solver
stdout Operating point simulation skipped by 'uic',
stdout now using transient initial conditions.
 Reference value :  8.47063e-03
 Reference value :  2.72706e-02
 Reference value :  4.58749e-02
 Reference value :  6.62149e-02
 Reference value :  8.68182e-02
 Reference value :  1.05482e-01
stdout No. of Data Rows : 60343
stdout sim_end = 1.200000000000e-01
stdout output_peak         =  1.23837e+01 at=  9.55975e-02
stdout output_floor        =  -9.26446e-14 at=  8.68182e-02
stdout settled_min         =  1.20534e+01 at=  1.20000e-01
stdout settled_max         =  1.21474e+01 at=  1.05002e-01
stdout step_min            =  6.17625e-25 at=  6.49989e-02
stdout step_max            =  1.21242e+01 at=  2.40006e-02
stdout input_min           =  1.11960e+01 at=  1.10406e-01
stdout inductor_average_peak=  7.99201e+00 at=  9.04215e-02
stdout inductor_average_min=  -1.37594e-18 at=  3.59746e-03
stdout shunt_current_peak  =  1.49946e+00 at=  9.55675e-02
stdout shunt_current_min   =  -4.90581e-12 at=  8.68182e-02
stdout secondary_rms       =  9.69409e+00 from=  1.00000e-01 to=  1.20000e-01
