stdout Note: No compatibility mode selected!
stdout Circuit: jlc-3 u21 prebiased; engineering averaged controller, not ti vendor model
stdout Doing analysis at TEMP = 27.000000 and TNOM = 27.000000
stdout Using KLU as Direct Linear Solver
stdout Operating point simulation skipped by 'uic',
stdout now using transient initial conditions.
 Reference value :  1.10539e-02
 Reference value :  2.88790e-02
 Reference value :  4.41112e-02
 Reference value :  5.98192e-02
 Reference value :  7.49792e-02
 Reference value :  8.99052e-02
 Reference value :  1.05669e-01
stdout No. of Data Rows : 60201
stdout sim_end = 1.200000000000e-01
stdout output_peak         =  1.21521e+01 at=  3.24136e-02
stdout output_floor        =  1.07757e+01 at=  3.18365e-02
stdout settled_min         =  1.20028e+01 at=  1.18859e-01
stdout settled_max         =  1.20028e+01 at=  1.05001e-01
stdout step_min            =  1.07757e+01 at=  3.18365e-02
stdout step_max            =  1.21521e+01 at=  3.24136e-02
stdout input_min           =  1.17005e+01 at=  1.10519e-01
stdout inductor_average_peak=  4.59460e+00 at=  3.22216e-02
stdout inductor_average_min=  -3.08791e-319 at=  3.45578e-02
stdout shunt_current_peak  =  1.48675e+00 at=  3.19456e-02
stdout shunt_current_min   =  2.93530e-04 at=  2.00000e-06
stdout secondary_rms       =  8.27219e+00 from=  1.00000e-01 to=  1.20000e-01
