stdout Note: No compatibility mode selected!
stdout Circuit: jlc-3 u21 startup; engineering averaged controller, not ti vendor model
stdout Doing analysis at TEMP = 27.000000 and TNOM = 27.000000
stdout Using KLU as Direct Linear Solver
stdout Operating point simulation skipped by 'uic',
stdout now using transient initial conditions.
 Reference value :  8.44063e-03
 Reference value :  2.68946e-02
 Reference value :  4.46486e-02
 Reference value :  6.27346e-02
 Reference value :  8.15226e-02
 Reference value :  1.00463e-01
 Reference value :  1.19145e-01
stdout No. of Data Rows : 60136
stdout sim_end = 1.200000000000e-01
stdout output_peak         =  1.23809e+01 at=  1.23746e-02
stdout output_floor        =  0.00000e+00 at=  2.00000e-08
stdout settled_min         =  1.20000e+01 at=  1.18773e-01
stdout settled_max         =  1.20039e+01 at=  1.11193e-01
stdout step_min            =  1.20087e+01 at=  6.04466e-02
stdout step_max            =  1.21242e+01 at=  2.40006e-02
stdout input_min           =  1.13088e+01 at=  1.18765e-01
stdout inductor_average_peak=  7.99201e+00 at=  7.20063e-03
stdout inductor_average_min=  -1.37594e-18 at=  3.59746e-03
stdout shunt_current_peak  =  1.49946e+00 at=  1.23446e-02
stdout shunt_current_min   =  -1.76220e-21 at=  3.59611e-03
stdout secondary_rms       =  9.21735e+00 from=  1.00000e-01 to=  1.20000e-01
