stdout Note: No compatibility mode selected!
stdout Circuit: jlc-3 u21 startup; engineering averaged controller, not ti vendor model
stdout Doing analysis at TEMP = 27.000000 and TNOM = 27.000000
stdout Using KLU as Direct Linear Solver
stdout Operating point simulation skipped by 'uic',
stdout now using transient initial conditions.
 Reference value :  9.76090e-03
 Reference value :  2.90049e-02
 Reference value :  4.78569e-02
 Reference value :  6.68929e-02
 Reference value :  8.58989e-02
 Reference value :  1.04879e-01
stdout No. of Data Rows : 60063
stdout sim_end = 1.200000000000e-01
stdout output_peak         =  1.23647e+01 at=  1.27929e-02
stdout output_floor        =  0.00000e+00 at=  2.00000e-08
stdout settled_min         =  1.19987e+01 at=  1.12475e-01
stdout settled_max         =  1.20034e+01 at=  1.13529e-01
stdout step_min            =  1.20063e+01 at=  6.24829e-02
stdout step_max            =  1.21276e+01 at=  2.40009e-02
stdout input_min           =  1.11115e+01 at=  1.12469e-01
stdout inductor_average_peak=  7.99201e+00 at=  1.24409e-02
stdout inductor_average_min=  -1.23658e-18 at=  4.02132e-03
stdout shunt_current_peak  =  1.49946e+00 at=  1.27529e-02
stdout shunt_current_min   =  -1.76220e-21 at=  4.02011e-03
stdout secondary_rms       =  9.51386e+00 from=  1.00000e-01 to=  1.20000e-01
