stdout Note: No compatibility mode selected!
stdout Circuit: bridge loss sensitivity: br1 stps20m100st to220 with individual boyd 577202b00000g sinks. other low-voltage bridges stps20m100sg d2pak. 50 c ambient. electrical winding/load assumptions remain to be measured. d2pak lumped temperatures are screening estimates; geometry thermal_mesh.py is the separate layout assessment.
stdout Doing analysis at TEMP = 27.000000 and TNOM = 27.000000
stdout Using SPARSE 1.3 as Direct Linear Solver
stdout Operating point simulation skipped by 'uic',
stdout now using transient initial conditions.
 Reference value :  4.26211e-02
 Reference value :  1.66180e-01
 Reference value :  2.92038e-01
stdout No. of Data Rows : 15068
stdout iavg_18a            =  6.44715e+00 from=  2.33330e-01 to=  3.00000e-01
stdout irms_18a            =  1.12152e+01 from=  2.33330e-01 to=  3.00000e-01
stdout pin_18a             =  1.03441e+02 from=  2.33330e-01 to=  3.00000e-01
stdout pout_18a            =  9.24905e+01 from=  2.33330e-01 to=  3.00000e-01
stdout vdc_18a             =  1.43302e+01 from=  2.33330e-01 to=  3.00000e-01
stdout pmodel_18a = 1.095005e+01
stdout pd_18a = 1.923452e+00
stdout pds_18a = 7.693809e+00
stdout rthreq_18a = 3.119391e+01
stdout tj_18a = 1.152663e+02
stdout iavg_18b            =  3.00017e+00 from=  2.33330e-01 to=  3.00000e-01
stdout irms_18b            =  5.92738e+00 from=  2.33330e-01 to=  3.00000e-01
stdout pin_18b             =  5.14735e+01 from=  2.33330e-01 to=  3.00000e-01
stdout pout_18b            =  4.73131e+01 from=  2.33330e-01 to=  3.00000e-01
stdout vdc_18b             =  1.57701e+01 from=  2.33330e-01 to=  3.00000e-01
stdout pmodel_18b = 4.160360e+00
stdout pd_18b = 7.921261e-01
stdout pds_18b = 3.168504e+00
stdout rthreq_18b = 7.574552e+01
stdout tj_18b = 7.883755e+01
stdout iavg_18c            =  8.00046e+00 from=  2.33330e-01 to=  3.00000e-01
stdout irms_18c            =  1.34313e+01 from=  2.33330e-01 to=  3.00000e-01
stdout pin_18c             =  1.24895e+02 from=  2.33330e-01 to=  3.00000e-01
stdout pout_18c            =  1.10358e+02 from=  2.33330e-01 to=  3.00000e-01
stdout vdc_18c             =  1.37940e+01 from=  2.33330e-01 to=  3.00000e-01
stdout pmodel_18c = 1.453640e+01
stdout pd_18c = 2.493855e+00
stdout pds_18c = 9.975419e+00
stdout rthreq_18c = 2.405914e+01
stdout tj_18c = 1.336332e+02
stdout iavg_20a            =  2.50015e+00 from=  2.33330e-01 to=  3.00000e-01
stdout irms_20a            =  5.23056e+00 from=  2.33330e-01 to=  3.00000e-01
stdout pin_20a             =  5.24365e+01 from=  2.33330e-01 to=  3.00000e-01
stdout pout_20a            =  4.90487e+01 from=  2.33330e-01 to=  3.00000e-01
stdout vdc_20a             =  1.96183e+01 from=  2.33330e-01 to=  3.00000e-01
stdout pmodel_20a = 3.387750e+00
stdout pd_20a = 6.516594e-01
stdout pds_20a = 2.606638e+00
stdout rthreq_20a = 9.207264e+01
stdout tj_20a = 7.345974e+01
stdout iavg_20b            =  5.00029e+00 from=  2.33330e-01 to=  3.00000e-01
stdout irms_20b            =  9.31257e+00 from=  2.33330e-01 to=  3.00000e-01
stdout pin_20b             =  9.97733e+01 from=  2.33330e-01 to=  3.00000e-01
stdout pout_20b            =  9.17072e+01 from=  2.33330e-01 to=  3.00000e-01
stdout vdc_20b             =  1.83404e+01 from=  2.33330e-01 to=  3.00000e-01
stdout pmodel_20b = 8.066120e+00
stdout pd_20b = 1.444147e+00
stdout pds_20b = 5.776586e+00
stdout rthreq_20b = 4.154703e+01
stdout tj_20b = 1.019893e+02
stdout iavg_50a            =  3.01016e+00 from=  2.33330e-01 to=  3.00000e-01
stdout irms_50a            =  5.14664e+00 from=  2.33330e-01 to=  3.00000e-01
stdout pin_50a             =  1.77672e+02 from=  2.33330e-01 to=  3.00000e-01
stdout pout_50a            =  1.69075e+02 from=  2.33330e-01 to=  3.00000e-01
stdout vdc_50a             =  5.61681e+01 from=  2.33330e-01 to=  3.00000e-01
stdout pmodel_50a = 8.597500e+00
stdout pds_50a = 5.716839e+00
stdout tj_50a = 1.174587e+02
stdout iavg_50b            =  7.01054e+00 from=  2.33330e-01 to=  3.00000e-01
stdout irms_50b            =  1.03772e+01 from=  2.33330e-01 to=  3.00000e-01
stdout pin_50b             =  3.42149e+02 from=  2.33330e-01 to=  3.00000e-01
stdout pout_50b            =  3.17018e+02 from=  2.33330e-01 to=  3.00000e-01
stdout vdc_50b             =  4.52202e+01 from=  2.33330e-01 to=  3.00000e-01
stdout pmodel_50b = 2.513090e+01
stdout pds_50b = 1.487821e+01
stdout tj_50b = 2.255629e+02
stdout iavg_5a             =  1.69159e+00 from=  2.33330e-01 to=  3.00000e-01
stdout irms_5a             =  3.40868e+00 from=  2.33330e-01 to=  3.00000e-01
stdout pin_5a              =  1.97297e+01 from=  2.33330e-01 to=  3.00000e-01
stdout pout_5a             =  1.77316e+01 from=  2.33330e-01 to=  3.00000e-01
stdout vdc_5a              =  1.04916e+01 from=  2.33330e-01 to=  3.00000e-01
stdout pmodel_5a = 1.998140e+00
stdout pd_5a = 4.105877e-01
stdout pds_5a = 1.642351e+00
stdout rthreq_5a = 1.461320e+02
stdout tj_5a = 6.683410e+01
stdout iavg_5b             =  1.32718e+00 from=  2.33330e-01 to=  3.00000e-01
stdout irms_5b             =  2.77937e+00 from=  2.33330e-01 to=  3.00000e-01
stdout pin_5b              =  1.56954e+01 from=  2.33330e-01 to=  3.00000e-01
stdout pout_5b             =  1.41904e+01 from=  2.33330e-01 to=  3.00000e-01
stdout vdc_5b              =  1.06981e+01 from=  2.33330e-01 to=  3.00000e-01
stdout pmodel_5b = 1.505020e+00
stdout pd_5b = 3.160148e-01
stdout pds_5b = 1.264059e+00
stdout rthreq_5b = 1.898645e+02
stdout tj_5b = 6.295661e+01
stdout iavg_12a            =  2.50014e+00 from=  2.33330e-01 to=  3.00000e-01
stdout irms_12a            =  4.02102e+00 from=  2.33330e-01 to=  3.00000e-01
stdout pin_12a             =  3.36112e+01 from=  2.33330e-01 to=  3.00000e-01
stdout pout_12a            =  3.07018e+01 from=  2.33330e-01 to=  3.00000e-01
stdout vdc_12a             =  1.22800e+01 from=  2.33330e-01 to=  3.00000e-01
stdout pmodel_12a = 2.909400e+00
stdout pd_12a = 6.024225e-01
stdout pds_12a = 2.409690e+00
stdout rthreq_12a = 9.959787e+01
stdout tj_12a = 7.469932e+01
stdout iavg_12b            =  3.00017e+00 from=  2.33330e-01 to=  3.00000e-01
stdout irms_12b            =  4.67877e+00 from=  2.33330e-01 to=  3.00000e-01
stdout pin_12b             =  3.87166e+01 from=  2.33330e-01 to=  3.00000e-01
stdout pout_12b            =  3.51150e+01 from=  2.33330e-01 to=  3.00000e-01
stdout vdc_12b             =  1.17043e+01 from=  2.33330e-01 to=  3.00000e-01
stdout pmodel_12b = 3.601560e+00
stdout pd_12b = 7.338566e-01
stdout pds_12b = 2.935427e+00
stdout rthreq_12b = 8.175984e+01
stdout tj_12b = 8.008812e+01
