stdout Note: No compatibility mode selected!
stdout Circuit: tps54360b +5v buck (set point 5.10 v: 11.3 k / 2.1 k 0.1 % divider, thermal review 2026-09-07), switching model: peak-current-mode (12 a/v comp gain, 4.5 a min current limit, 400 khz clock), 10 uh, 2 x 330 uf (45 mohm each) + 10 uf, b560c; 8 v in (10000 uf raw rail minimum at 3 a), 1 a -> 3 a load step at 10 ms (after the soft-start / integrator settling); rc 33.2k / cc 33n / cp 470p (datasheet 8.2.2.11, fco = sqrt(fp_mod fsw/2) = 5.3 khz for cout 670 uf)
stdout Doing analysis at TEMP = 27.000000 and TNOM = 27.000000
stdout Using SPARSE 1.3 as Direct Linear Solver
stdout Initial Transient Solution
stdout --------------------------
stdout Node                                   Voltage
stdout ----                                   -------
stdout vin                                          8
stdout vinf                                         8
stdout clk                                          0
stdout ref                                          0
stdout vout                               3.99703e-06
stdout fb                                 6.26401e-07
stdout comp                                 -0.339051
stdout cc                                   -0.339051
stdout vcl                                        2.6
stdout vcl0                                      -0.2
stdout ipk                                          0
stdout st                                    -0.67152
stdout vone                                         1
stdout swa                                3.99703e-06
stdout sw                                 3.99703e-06
stdout c1                                           0
stdout c2                                           0
stdout ld                                 9.99259e-15
stdout ctl                                          0
stdout vsw#branch                               8e-07
stdout bipk#branch                                  0
stdout l1#branch                          7.99705e-07
stdout vctl#branch                                  0
stdout vone#branch                       -2.67151e-12
stdout vcl0#branch                       -2.15301e-10
stdout vcl#branch                        -3.93905e-12
stdout vref#branch                                  0
stdout vclk#branch                                  0
stdout vin#branch                              -8e-07
 Reference value :  0.00000e+00
 Reference value :  3.77510e-04
 Reference value :  7.07692e-04
 Reference value :  1.04537e-03
 Reference value :  1.35468e-03
 Reference value :  1.67141e-03
 Reference value :  2.02001e-03
 Reference value :  2.38501e-03
 Reference value :  2.75073e-03
 Reference value :  3.12259e-03
 Reference value :  3.47973e-03
 Reference value :  3.82833e-03
 Reference value :  4.19767e-03
 Reference value :  4.57147e-03
 Reference value :  4.94136e-03
 Reference value :  5.31250e-03
 Reference value :  5.68543e-03
 Reference value :  6.06501e-03
 Reference value :  6.43486e-03
 Reference value :  6.80566e-03
 Reference value :  7.18155e-03
 Reference value :  7.54787e-03
 Reference value :  7.92258e-03
 Reference value :  8.29253e-03
 Reference value :  8.66488e-03
 Reference value :  9.03789e-03
 Reference value :  9.40843e-03
 Reference value :  9.77825e-03
 Reference value :  1.01498e-02
 Reference value :  1.05225e-02
 Reference value :  1.08963e-02
 Reference value :  1.12762e-02
 Reference value :  1.16578e-02
 Reference value :  1.20393e-02
 Reference value :  1.24245e-02
 Reference value :  1.28019e-02
 Reference value :  1.31701e-02
 Reference value :  1.34033e-02
 Reference value :  1.37649e-02
 Reference value :  1.41277e-02
 Reference value :  1.44878e-02
 Reference value :  1.48528e-02
 Reference value :  1.52173e-02
 Reference value :  1.55820e-02
 Reference value :  1.59395e-02
stdout No. of Data Rows : 958932
stdout vout_ss             =  5.10500e+00 from=  9.00000e-03 to=  1.00000e-02
stdout vout_ripple         =  2.82357e-02 from=  9.90000e-03 to=  1.00000e-02
stdout vout_step_min       =  5.00376e+00 at=  1.00878e-02
stdout vout_step_max       =  5.19376e+00 at=  1.26151e-02
stdout il_peak             =  3.66046e+00 at=  1.07078e-02
stdout vout_3a             =  5.09105e+00 from=  1.20000e-02 to=  1.25000e-02
stdout iin_3a              =  -2.10254e+00 from=  1.20000e-02 to=  1.25000e-02
stdout ipk_max             =  3.67528e+00 at=  1.07056e-02
stdout t_settle            =  2.09284e-03
