stdout Note: No compatibility mode selected!
stdout Circuit: g.i. dimming at machine level with the cost board's own zero-cross detector (half-wave sample of the fused 9 vac leg on u6a +, 0.26 v reference, no hysteresis -> 60 hz square wave as the a-12697): the 9 vac winding / gbu8j / c5 10000 uf at 3 a; firmware model as in the modern suite: after every zc edge the string is re-armed l x 1.024 ms later (l = 0 / 3 / 7 in successive 50 ms windows), string 1 = gate held until the next edge, string 2 = 8 us gate pulse (freewpc triac_rtt style, pinmame 'first write in the half-cycle'); bta16-600c (50 ma q-iv igt) in the return leg of an 18-lamp 6.8 vac string (1.4 r)
stdout Doing analysis at TEMP = 27.000000 and TNOM = 27.000000
stdout Using SPARSE 1.3 as Direct Linear Solver
stdout Initial Transient Solution
stdout --------------------------
stdout Node                                   Voltage
stdout ----                                   -------
stdout vcc                                          5
stdout s1                                -1.76248e-22
stdout s2                                -1.76248e-22
stdout sa                                -1.76248e-22
stdout sb                                -1.76249e-22
stdout vraw                               2.06912e-26
stdout acd                                          0
stdout smp                               -2.29889e-23
stdout zref                                  0.263158
stdout zc                                   0.0980392
stdout zl                                           0
stdout zcd                                          0
stdout edge                                         0
stdout ts                                           0
stdout lvl                                          0
stdout latch1                                       0
stdout latch2                                     4.6
stdout xd1.a                              1.91284e-10
stdout xd1.b                              2.43888e-09
stdout xd1.vcc                                      5
stdout e1                                 6.22987e-12
stdout eg1                                6.22987e-12
stdout g1                                 5.48887e-12
stdout xd2.a                                  4.56591
stdout xd2.b                                  4.16529
stdout xd2.vcc                                      5
stdout e2                                     3.41105
stdout eg2                                    3.41105
stdout g2                                     1.29526
stdout mt2a                                         0
stdout mt2ai                                        0
stdout on1                                          0
stdout onr1                                         0
stdout mt2b                                         0
stdout mt2bi                                        0
stdout on2                                          0
stdout onr2                                         0
stdout ac1                                          0
stdout acs1                                         0
stdout ac2                                          0
stdout acs2                                         0
stdout bon2#branch                                  0
stdout vmt2#branch                                  0
stdout vg2#branch                           0.0783629
stdout bon1#branch                                  0
stdout vmt1#branch                                  0
stdout vg1#branch                         2.74444e-14
stdout bg2#branch                        -0.000852365
stdout bg1#branch                         4.78211e-12
stdout blvl#branch                                  0
stdout bedge#branch                                 0
stdout bzl#branch                                   0
stdout eac#branch                                   0
stdout vstr2#branch                                 0
stdout vac2#branch                                  0
stdout vstr1#branch                                 0
stdout vac1#branch                                  0
stdout v.xd2.vcc#branch                     -0.077927
stdout v.xd1.vcc#branch                  -1.00542e-11
stdout v9#branch                          7.66297e-27
stdout vcc#branch                         -0.00344341
 Reference value :  1.00800e-02
 Reference value :  4.23283e-02
 Reference value :  7.40874e-02
 Reference value :  1.05580e-01
 Reference value :  1.37228e-01
stdout No. of Data Rows : 75538
stdout zc_r1               =  6.71426e-02
stdout zc_r2               =  8.38100e-02
stdout zc_f1               =  7.45544e-02
stdout zc_r1_10            =  6.71417e-02
stdout zc_r1_90            =  6.71436e-02
stdout zc_high             =  5.08116e+00 at=  8.38126e-02
stdout zc_low              =  9.47859e-02 at=  9.12224e-02
stdout tz1                 =  6.66667e-02
stdout tz2                 =  7.50000e-02
stdout tz3                 =  8.33333e-02
stdout ig_pk               =  8.00302e-02 at=  6.14799e-08
stdout l0_max              =  6.62069e+00 at=  2.08327e-02
stdout l0_min              =  -6.62069e+00 at=  2.91661e-02
stdout l0_avg              =  -1.30902e-07 from=  1.66670e-02 to=  5.00011e-02
stdout l0_rms_sq           =  2.19188e+01 from=  1.66670e-02 to=  5.00011e-02
stdout l3h_max             =  6.62069e+00 at=  7.08334e-02
stdout l3h_min             =  -6.62069e+00 at=  9.58336e-02
stdout l3h_avg             =  5.05492e-01 from=  6.66670e-02 to=  1.00000e-01
stdout l3h_rms_sq          =  1.98977e+01 from=  6.66670e-02 to=  1.00000e-01
stdout l3p_max             =  6.62069e+00 at=  7.08334e-02
stdout l3p_min             =  -6.62069e+00 at=  9.58336e-02
stdout l3p_avg             =  -3.40228e-01 from=  6.66670e-02 to=  1.00000e-01
stdout l3p_rms_sq          =  1.57865e+01 from=  6.66670e-02 to=  1.00000e-01
stdout l7h_max             =  6.62069e+00 at=  1.37500e-01
stdout l7h_min             =  -3.59254e+00 at=  1.31812e-01
stdout l7h_avg             =  1.93862e+00 from=  1.16667e-01 to=  1.50000e-01
stdout l7h_rms_sq          =  1.13701e+01 from=  1.16667e-01 to=  1.50000e-01
stdout l7p_max             =  1.47698e+00 at=  1.24403e-01
stdout l7p_min             =  -3.59254e+00 at=  1.31812e-01
stdout l7p_rms_sq          =  4.37828e-01 from=  1.16667e-01 to=  1.50000e-01
