stdout Note: No compatibility mode selected!
stdout Circuit: cost-board power supplies in the machine: +18v = 13.3vac / gbj1510 / 2 x 10000uf at 2.8 a lamps (5 ohm) + the +12v digital buck (1 a) ; +5v = 9vac / gbu8j / 10000uf -> tps54360b buck (averaged: eta 0.88, dmax 0.97) at 3 a ; +20v = 16vac / gbj1510 / 10000uf with a 4 a flasher burst (flashers only) ; "+50v" = 51.4vac (72.7 v peak, 0.6 ohm per leg) / gbpc3510 / 2 x 2200uf with an ae-23-800 (4.2 ohm) 40 ms pulse at 120 ms (the 4400 uf need ~6 cycles to charge through the 1.2 ohm winding)
stdout Doing analysis at TEMP = 27.000000 and TNOM = 27.000000
stdout Using SPARSE 1.3 as Direct Linear Solver
stdout Operating point simulation skipped by 'uic',
stdout now using transient initial conditions.
 Reference value :  2.00000e-07
 Reference value :  1.67761e-01
 Reference value :  1.86874e-01
 Reference value :  1.88335e-01
 Reference value :  1.89785e-01
 Reference value :  1.91248e-01
 Reference value :  1.92727e-01
 Reference value :  1.94204e-01
 Reference value :  1.95641e-01
 Reference value :  1.97031e-01
 Reference value :  1.98396e-01
 Reference value :  1.99792e-01
 Reference value :  2.01234e-01
 Reference value :  2.02669e-01
 Reference value :  2.04135e-01
 Reference value :  2.05559e-01
 Reference value :  2.07077e-01
 Reference value :  2.08630e-01
stdout No. of Data Rows : 124789
stdout v18_avg             =  1.53252e+01 from=  8.00000e-02 to=  1.20000e-01
stdout v18_ripple          =  1.12146e+00 from=  8.00000e-02 to=  1.20000e-01
stdout vin5_min            =  9.97361e+00 at=  8.61457e-02
stdout v5_min              =  5.10000e+00 at=  1.20000e-01
stdout v5_max              =  5.10000e+00 at=  1.20000e-01
stdout v5_cpu_worst = 4.860000e+00
stdout v50_idle            =  6.92151e+01 from=  1.00000e-01 to=  1.20000e-01
stdout v50_max             =  6.93927e+01 at=  1.13116e-01
stdout v50_avg_pulse       =  4.16421e+01 from=  1.30000e-01 to=  1.59007e-01
stdout v50_min_pulse       =  3.55316e+01 at=  1.51992e-01
stdout icoil_max           =  1.30721e+01 at=  1.26660e-01
stdout v20_min             =  1.78070e+01 at=  1.19355e-01
stdout v12_min             =  1.20000e+01 at=  1.39987e-01
stdout v12_max             =  1.20000e+01 at=  1.39987e-01
stdout vin5_ripple         =  1.00774e+00 from=  8.00000e-02 to=  1.20000e-01
stdout v20_ripple          =  2.19429e+00 from=  8.00000e-02 to=  1.20000e-01
