stdout Note: No compatibility mode selected!
stdout Circuit: cost-board low-power solenoid driver (sol 9-16) in the machine: 74hct574 (4.6 v / 40 r) -> 100r -> ipd90n10s4l06 dpak (10k pull-down) -> ae-26-1200 coil (10.8 ohm, 25 mh) on ~70 v, s3m tie-back, 40 ms pulse
stdout Doing analysis at TEMP = 27.000000 and TNOM = 27.000000
stdout Using SPARSE 1.3 as Direct Linear Solver
stdout Initial Transient Solution
stdout --------------------------
stdout Node                                   Voltage
stdout ----                                   -------
stdout v50                                         70
stdout latch                                        0
stdout a                                            0
stdout g                                            0
stdout col                                         70
stdout cold                                        70
stdout v50c                                        70
stdout cl                                          70
stdout lc#branch                         -1.13864e-09
stdout vcoil#branch                       1.13864e-09
stdout vdr#branch                         1.13869e-09
stdout vl#branch                                    0
stdout v50#branch                        -1.13864e-09
 Reference value :  0.00000e+00
stdout No. of Data Rows : 12543
stdout icoil_max           =  6.47411e+00 at=  4.09954e-02
stdout vce_on              =  7.96053e-02 from=  3.00000e-02 to=  4.00008e-02
stdout vcol_peak           =  7.11389e+01 at=  4.10136e-02
stdout i_latch             =  4.53649e-04 from=  3.00000e-02 to=  4.00008e-02
stdout icoil_off           =  3.07113e-07 at=  5.60265e-02
stdout vgs_on              =  4.53649e+00 from=  3.00000e-02 to=  4.00008e-02
stdout p_fet               =  5.15375e-01 from=  3.00000e-02 to=  4.00008e-02
