stdout Note: No compatibility mode selected!
stdout Circuit: bridge loss sensitivity: br1 stps20m100st to220 with individual boyd 577202b00000g sinks. other low-voltage bridges stps20m100sg d2pak. 50 c ambient. electrical winding/load assumptions remain to be measured. d2pak lumped temperatures are screening estimates; geometry thermal_mesh.py is the separate layout assessment.
stdout Doing analysis at TEMP = 27.000000 and TNOM = 27.000000
stdout Using KLU as Direct Linear Solver
stdout Operating point simulation skipped by 'uic',
stdout now using transient initial conditions.
 Reference value :  1.00000e-07
 Reference value :  3.70696e-02
 Reference value :  7.47904e-02
 Reference value :  1.11688e-01
 Reference value :  1.47856e-01
 Reference value :  1.84603e-01
 Reference value :  2.22017e-01
 Reference value :  2.58846e-01
 Reference value :  2.95233e-01
 Reference value :  3.30616e-01
 Reference value :  3.66958e-01
 Reference value :  4.03353e-01
 Reference value :  4.39666e-01
 Reference value :  4.76363e-01
 Reference value :  5.13493e-01
 Reference value :  5.50496e-01
 Reference value :  5.86203e-01
 Reference value :  6.22356e-01
 Reference value :  6.58806e-01
 Reference value :  6.95963e-01
 Reference value :  7.32176e-01
 Reference value :  7.68826e-01
 Reference value :  8.05133e-01
 Reference value :  8.41626e-01
 Reference value :  8.77421e-01
 Reference value :  9.13333e-01
 Reference value :  9.49766e-01
 Reference value :  9.86283e-01
stdout No. of Data Rows : 101255
stdout rms_18a_c6          =  3.00289e+00 from=  8.00000e-01 to=  1.00000e+00
stdout dc_18a_c6           =  6.43170e-05 from=  8.00000e-01 to=  1.00000e+00
stdout rms_18a_c60         =  1.95896e+00 from=  8.00000e-01 to=  1.00000e+00
stdout dc_18a_c60          =  4.32313e-05 from=  8.00000e-01 to=  1.00000e+00
stdout rms_18a_c7          =  1.95896e+00 from=  8.00000e-01 to=  1.00000e+00
stdout dc_18a_c7           =  4.32313e-05 from=  8.00000e-01 to=  1.00000e+00
stdout rms_18a_c61         =  1.95896e+00 from=  8.00000e-01 to=  1.00000e+00
stdout dc_18a_c61          =  4.32313e-05 from=  8.00000e-01 to=  1.00000e+00
stdout rms_18b_c6          =  1.70942e+00 from=  8.00000e-01 to=  1.00000e+00
stdout dc_18b_c6           =  3.07210e-05 from=  8.00000e-01 to=  1.00000e+00
stdout rms_18b_c60         =  1.10629e+00 from=  8.00000e-01 to=  1.00000e+00
stdout dc_18b_c60          =  2.05334e-05 from=  8.00000e-01 to=  1.00000e+00
stdout rms_18b_c7          =  1.10629e+00 from=  8.00000e-01 to=  1.00000e+00
stdout dc_18b_c7           =  2.05334e-05 from=  8.00000e-01 to=  1.00000e+00
stdout rms_18b_c61         =  1.10629e+00 from=  8.00000e-01 to=  1.00000e+00
stdout dc_18b_c61          =  2.05334e-05 from=  8.00000e-01 to=  1.00000e+00
stdout rms_20a_c11         =  2.75943e+00 from=  8.00000e-01 to=  1.00000e+00
stdout dc_20a_c11          =  4.61366e-05 from=  8.00000e-01 to=  1.00000e+00
stdout rms_20a_c62         =  1.77764e+00 from=  8.00000e-01 to=  1.00000e+00
stdout dc_20a_c62          =  3.07977e-05 from=  8.00000e-01 to=  1.00000e+00
stdout rms_20b_c11         =  4.68213e+00 from=  8.00000e-01 to=  1.00000e+00
stdout dc_20b_c11          =  9.54045e-05 from=  8.00000e-01 to=  1.00000e+00
stdout rms_20b_c62         =  3.04194e+00 from=  8.00000e-01 to=  1.00000e+00
stdout dc_20b_c62          =  6.32575e-05 from=  8.00000e-01 to=  1.00000e+00
stdout rms_5a_c5           =  1.78845e+00 from=  8.00000e-01 to=  1.00000e+00
stdout dc_5a_c5            =  3.16770e-05 from=  8.00000e-01 to=  1.00000e+00
stdout rms_5a_c59          =  1.15569e+00 from=  8.00000e-01 to=  1.00000e+00
stdout dc_5a_c59           =  2.11136e-05 from=  8.00000e-01 to=  1.00000e+00
stdout rms_12a_c30         =  1.89597e+00 from=  8.00000e-01 to=  1.00000e+00
stdout dc_12a_c30          =  4.61767e-05 from=  8.00000e-01 to=  1.00000e+00
stdout rms_12a_c63         =  1.24116e+00 from=  8.00000e-01 to=  1.00000e+00
stdout dc_12a_c63          =  3.08276e-05 from=  8.00000e-01 to=  1.00000e+00
