stdout Note: No compatibility mode selected!
stdout Circuit: bridge loss sensitivity: br1 stps20m100st to220 with individual boyd 577202b00000g sinks. other low-voltage bridges stps20m100sg d2pak. 50 c ambient. electrical winding/load assumptions remain to be measured. d2pak lumped temperatures are screening estimates; geometry thermal_mesh.py is the separate layout assessment.
stdout Doing analysis at TEMP = 27.000000 and TNOM = 27.000000
stdout Using KLU as Direct Linear Solver
stdout Operating point simulation skipped by 'uic',
stdout now using transient initial conditions.
 Reference value :  2.33156e-02
 Reference value :  5.79546e-02
 Reference value :  9.23174e-02
 Reference value :  1.27131e-01
 Reference value :  1.62475e-01
 Reference value :  1.97581e-01
 Reference value :  2.33273e-01
 Reference value :  2.68596e-01
 Reference value :  3.04713e-01
 Reference value :  3.40096e-01
 Reference value :  3.75853e-01
 Reference value :  4.11586e-01
 Reference value :  4.48446e-01
 Reference value :  4.84503e-01
 Reference value :  5.20226e-01
 Reference value :  5.55963e-01
 Reference value :  5.91946e-01
 Reference value :  6.28616e-01
 Reference value :  6.65843e-01
 Reference value :  7.01006e-01
 Reference value :  7.37371e-01
 Reference value :  7.73783e-01
 Reference value :  8.10446e-01
 Reference value :  8.46813e-01
 Reference value :  8.83693e-01
 Reference value :  9.20466e-01
 Reference value :  9.57301e-01
 Reference value :  9.92923e-01
stdout No. of Data Rows : 101256
stdout rms_18a_c6          =  2.30751e+00 from=  8.00000e-01 to=  1.00000e+00
stdout dc_18a_c6           =  4.95187e-05 from=  8.00000e-01 to=  1.00000e+00
stdout rms_18a_c60         =  2.30751e+00 from=  8.00000e-01 to=  1.00000e+00
stdout dc_18a_c60          =  4.95187e-05 from=  8.00000e-01 to=  1.00000e+00
stdout rms_18a_c7          =  2.30751e+00 from=  8.00000e-01 to=  1.00000e+00
stdout dc_18a_c7           =  4.95187e-05 from=  8.00000e-01 to=  1.00000e+00
stdout rms_18a_c61         =  2.30751e+00 from=  8.00000e-01 to=  1.00000e+00
stdout dc_18a_c61          =  4.95187e-05 from=  8.00000e-01 to=  1.00000e+00
stdout rms_18b_c6          =  1.28702e+00 from=  8.00000e-01 to=  1.00000e+00
stdout dc_18b_c6           =  2.30803e-05 from=  8.00000e-01 to=  1.00000e+00
stdout rms_18b_c60         =  1.28702e+00 from=  8.00000e-01 to=  1.00000e+00
stdout dc_18b_c60          =  2.30803e-05 from=  8.00000e-01 to=  1.00000e+00
stdout rms_18b_c7          =  1.28702e+00 from=  8.00000e-01 to=  1.00000e+00
stdout dc_18b_c7           =  2.30803e-05 from=  8.00000e-01 to=  1.00000e+00
stdout rms_18b_c61         =  1.28702e+00 from=  8.00000e-01 to=  1.00000e+00
stdout dc_18b_c61          =  2.30803e-05 from=  8.00000e-01 to=  1.00000e+00
stdout rms_20a_c11         =  2.34734e+00 from=  8.00000e-01 to=  1.00000e+00
stdout dc_20a_c11          =  3.84671e-05 from=  8.00000e-01 to=  1.00000e+00
stdout rms_20a_c62         =  2.34734e+00 from=  8.00000e-01 to=  1.00000e+00
stdout dc_20a_c62          =  3.84671e-05 from=  8.00000e-01 to=  1.00000e+00
stdout rms_20b_c11         =  4.00549e+00 from=  8.00000e-01 to=  1.00000e+00
stdout dc_20b_c11          =  7.78834e-05 from=  8.00000e-01 to=  1.00000e+00
stdout rms_20b_c62         =  4.00549e+00 from=  8.00000e-01 to=  1.00000e+00
stdout dc_20b_c62          =  7.78834e-05 from=  8.00000e-01 to=  1.00000e+00
stdout rms_5a_c5           =  1.50673e+00 from=  8.00000e-01 to=  1.00000e+00
stdout dc_5a_c5            =  2.60592e-05 from=  8.00000e-01 to=  1.00000e+00
stdout rms_5a_c59          =  1.50673e+00 from=  8.00000e-01 to=  1.00000e+00
stdout dc_5a_c59           =  2.60592e-05 from=  8.00000e-01 to=  1.00000e+00
stdout rms_12a_c30         =  1.58677e+00 from=  8.00000e-01 to=  1.00000e+00
stdout dc_12a_c30          =  3.85809e-05 from=  8.00000e-01 to=  1.00000e+00
stdout rms_12a_c63         =  1.58677e+00 from=  8.00000e-01 to=  1.00000e+00
stdout dc_12a_c63          =  3.85809e-05 from=  8.00000e-01 to=  1.00000e+00
