stdout Note: No compatibility mode selected!
stdout Circuit: bridge loss sensitivity: br1 stps20m100st to220 with individual boyd 577202b00000g sinks. other low-voltage bridges stps20m100sg d2pak. 50 c ambient. electrical winding/load assumptions remain to be measured. d2pak lumped temperatures are screening estimates; geometry thermal_mesh.py is the separate layout assessment.
stdout Doing analysis at TEMP = 27.000000 and TNOM = 27.000000
stdout Using KLU as Direct Linear Solver
stdout Operating point simulation skipped by 'uic',
stdout now using transient initial conditions.
 Reference value :  3.06982e-02
 Reference value :  6.68092e-02
 Reference value :  1.03441e-01
 Reference value :  1.39826e-01
 Reference value :  1.77411e-01
 Reference value :  2.14613e-01
 Reference value :  2.51946e-01
 Reference value :  2.88976e-01
 Reference value :  3.26393e-01
 Reference value :  3.62586e-01
 Reference value :  3.99766e-01
 Reference value :  4.37012e-01
 Reference value :  4.74603e-01
 Reference value :  5.11896e-01
 Reference value :  5.47696e-01
 Reference value :  5.85473e-01
 Reference value :  6.22526e-01
 Reference value :  6.59026e-01
 Reference value :  6.96793e-01
 Reference value :  7.33573e-01
 Reference value :  7.69986e-01
 Reference value :  8.06958e-01
 Reference value :  8.44023e-01
 Reference value :  8.81176e-01
 Reference value :  9.17561e-01
 Reference value :  9.53573e-01
 Reference value :  9.88596e-01
stdout No. of Data Rows : 101256
stdout rms_18a_c6          =  2.95552e+00 from=  8.00000e-01 to=  1.00000e+00
stdout dc_18a_c6           =  6.38545e-05 from=  8.00000e-01 to=  1.00000e+00
stdout rms_18a_c60         =  1.85192e+00 from=  8.00000e-01 to=  1.00000e+00
stdout dc_18a_c60          =  4.27700e-05 from=  8.00000e-01 to=  1.00000e+00
stdout rms_18a_c7          =  1.85192e+00 from=  8.00000e-01 to=  1.00000e+00
stdout dc_18a_c7           =  4.27700e-05 from=  8.00000e-01 to=  1.00000e+00
stdout rms_18a_c61         =  1.85192e+00 from=  8.00000e-01 to=  1.00000e+00
stdout dc_18a_c61          =  4.27700e-05 from=  8.00000e-01 to=  1.00000e+00
stdout rms_18b_c6          =  1.71686e+00 from=  8.00000e-01 to=  1.00000e+00
stdout dc_18b_c6           =  3.07453e-05 from=  8.00000e-01 to=  1.00000e+00
stdout rms_18b_c60         =  1.05929e+00 from=  8.00000e-01 to=  1.00000e+00
stdout dc_18b_c60          =  2.05253e-05 from=  8.00000e-01 to=  1.00000e+00
stdout rms_18b_c7          =  1.05929e+00 from=  8.00000e-01 to=  1.00000e+00
stdout dc_18b_c7           =  2.05253e-05 from=  8.00000e-01 to=  1.00000e+00
stdout rms_18b_c61         =  1.05929e+00 from=  8.00000e-01 to=  1.00000e+00
stdout dc_18b_c61          =  2.05253e-05 from=  8.00000e-01 to=  1.00000e+00
stdout rms_20a_c11         =  2.69806e+00 from=  8.00000e-01 to=  1.00000e+00
stdout dc_20a_c11          =  4.61596e-05 from=  8.00000e-01 to=  1.00000e+00
stdout rms_20a_c62         =  1.65544e+00 from=  8.00000e-01 to=  1.00000e+00
stdout dc_20a_c62          =  3.07747e-05 from=  8.00000e-01 to=  1.00000e+00
stdout rms_20b_c11         =  4.55191e+00 from=  8.00000e-01 to=  1.00000e+00
stdout dc_20b_c11          =  9.24444e-05 from=  8.00000e-01 to=  1.00000e+00
stdout rms_20b_c62         =  2.83548e+00 from=  8.00000e-01 to=  1.00000e+00
stdout dc_20b_c62          =  6.16583e-05 from=  8.00000e-01 to=  1.00000e+00
stdout rms_5a_c5           =  1.77328e+00 from=  8.00000e-01 to=  1.00000e+00
stdout dc_5a_c5            =  3.22993e-05 from=  8.00000e-01 to=  1.00000e+00
stdout rms_5a_c59          =  1.09393e+00 from=  8.00000e-01 to=  1.00000e+00
stdout dc_5a_c59           =  2.14617e-05 from=  8.00000e-01 to=  1.00000e+00
stdout rms_12a_c30         =  1.89412e+00 from=  8.00000e-01 to=  1.00000e+00
stdout dc_12a_c30          =  4.62110e-05 from=  8.00000e-01 to=  1.00000e+00
stdout rms_12a_c63         =  1.19480e+00 from=  8.00000e-01 to=  1.00000e+00
stdout dc_12a_c63          =  3.06837e-05 from=  8.00000e-01 to=  1.00000e+00
