stdout Note: No compatibility mode selected!
stdout Circuit: bridge loss sensitivity: br1 stps20m100st to220 with individual boyd 577202b00000g sinks. other low-voltage bridges stps20m100sg d2pak. 50 c ambient. electrical winding/load assumptions remain to be measured. d2pak lumped temperatures are screening estimates; geometry thermal_mesh.py is the separate layout assessment.
stdout Doing analysis at TEMP = 27.000000 and TNOM = 27.000000
stdout Using KLU as Direct Linear Solver
stdout Operating point simulation skipped by 'uic',
stdout now using transient initial conditions.
 Reference value :  1.12752e-03
 Reference value :  3.93788e-02
 Reference value :  7.90766e-02
 Reference value :  1.18087e-01
 Reference value :  1.57060e-01
 Reference value :  1.95936e-01
 Reference value :  2.35157e-01
 Reference value :  2.74507e-01
 Reference value :  3.13017e-01
 Reference value :  3.51985e-01
 Reference value :  3.90725e-01
 Reference value :  4.30455e-01
 Reference value :  4.69435e-01
 Reference value :  5.07855e-01
 Reference value :  5.47480e-01
 Reference value :  5.87060e-01
 Reference value :  6.26037e-01
 Reference value :  6.64667e-01
 Reference value :  7.03977e-01
 Reference value :  7.42503e-01
 Reference value :  7.78935e-01
 Reference value :  8.15897e-01
 Reference value :  8.52693e-01
 Reference value :  8.92123e-01
 Reference value :  9.31045e-01
 Reference value :  9.67845e-01
stdout No. of Data Rows : 101358
stdout rms_18a_c6          =  2.40074e+00 from=  8.00000e-01 to=  1.00000e+00
stdout dc_18a_c6           =  4.25394e-05 from=  8.00000e-01 to=  1.00000e+00
stdout rms_18a_c60         =  2.40074e+00 from=  8.00000e-01 to=  1.00000e+00
stdout dc_18a_c60          =  4.25394e-05 from=  8.00000e-01 to=  1.00000e+00
stdout rms_18a_c7          =  2.40074e+00 from=  8.00000e-01 to=  1.00000e+00
stdout dc_18a_c7           =  4.25394e-05 from=  8.00000e-01 to=  1.00000e+00
stdout rms_18a_c61         =  2.40074e+00 from=  8.00000e-01 to=  1.00000e+00
stdout dc_18a_c61          =  4.25394e-05 from=  8.00000e-01 to=  1.00000e+00
stdout rms_18b_c6          =  1.27692e+00 from=  8.00000e-01 to=  1.00000e+00
stdout dc_18b_c6           =  1.85857e-05 from=  8.00000e-01 to=  1.00000e+00
stdout rms_18b_c60         =  1.27692e+00 from=  8.00000e-01 to=  1.00000e+00
stdout dc_18b_c60          =  1.85857e-05 from=  8.00000e-01 to=  1.00000e+00
stdout rms_18b_c7          =  1.27692e+00 from=  8.00000e-01 to=  1.00000e+00
stdout dc_18b_c7           =  1.85857e-05 from=  8.00000e-01 to=  1.00000e+00
stdout rms_18b_c61         =  1.27692e+00 from=  8.00000e-01 to=  1.00000e+00
stdout dc_18b_c61          =  1.85857e-05 from=  8.00000e-01 to=  1.00000e+00
stdout rms_20a_c11         =  2.26838e+00 from=  8.00000e-01 to=  1.00000e+00
stdout dc_20a_c11          =  3.09762e-05 from=  8.00000e-01 to=  1.00000e+00
stdout rms_20a_c62         =  2.26838e+00 from=  8.00000e-01 to=  1.00000e+00
stdout dc_20a_c62          =  3.09762e-05 from=  8.00000e-01 to=  1.00000e+00
stdout rms_20b_c11         =  3.86668e+00 from=  8.00000e-01 to=  1.00000e+00
stdout dc_20b_c11          =  6.38247e-05 from=  8.00000e-01 to=  1.00000e+00
stdout rms_20b_c62         =  3.86668e+00 from=  8.00000e-01 to=  1.00000e+00
stdout dc_20b_c62          =  6.38247e-05 from=  8.00000e-01 to=  1.00000e+00
stdout rms_5a_c5           =  1.34635e+00 from=  8.00000e-01 to=  1.00000e+00
stdout dc_5a_c5            =  1.89201e-05 from=  8.00000e-01 to=  1.00000e+00
stdout rms_5a_c59          =  1.34635e+00 from=  8.00000e-01 to=  1.00000e+00
stdout dc_5a_c59           =  1.89201e-05 from=  8.00000e-01 to=  1.00000e+00
stdout rms_12a_c30         =  1.59790e+00 from=  8.00000e-01 to=  1.00000e+00
stdout dc_12a_c30          =  3.09575e-05 from=  8.00000e-01 to=  1.00000e+00
stdout rms_12a_c63         =  1.59790e+00 from=  8.00000e-01 to=  1.00000e+00
stdout dc_12a_c63          =  3.09575e-05 from=  8.00000e-01 to=  1.00000e+00
