stdout Note: No compatibility mode selected!
stdout Circuit: bridge loss sensitivity: br1 stps20m100st to220 with individual boyd 577202b00000g sinks. other low-voltage bridges stps20m100sg d2pak. 50 c ambient. electrical winding/load assumptions remain to be measured. d2pak lumped temperatures are screening estimates; geometry thermal_mesh.py is the separate layout assessment.
stdout Doing analysis at TEMP = 27.000000 and TNOM = 27.000000
stdout Using KLU as Direct Linear Solver
stdout Operating point simulation skipped by 'uic',
stdout now using transient initial conditions.
 Reference value :  2.28295e-02
 Reference value :  6.04289e-02
 Reference value :  9.71392e-02
 Reference value :  1.33947e-01
 Reference value :  1.71047e-01
 Reference value :  2.08104e-01
 Reference value :  2.44857e-01
 Reference value :  2.82045e-01
 Reference value :  3.18475e-01
 Reference value :  3.54927e-01
 Reference value :  3.91405e-01
 Reference value :  4.27995e-01
 Reference value :  4.64917e-01
 Reference value :  5.01835e-01
 Reference value :  5.37755e-01
 Reference value :  5.74667e-01
 Reference value :  6.11815e-01
 Reference value :  6.48865e-01
 Reference value :  6.85297e-01
 Reference value :  7.22183e-01
 Reference value :  7.57705e-01
 Reference value :  7.94667e-01
 Reference value :  8.31215e-01
 Reference value :  8.68175e-01
 Reference value :  9.05047e-01
 Reference value :  9.42203e-01
 Reference value :  9.77500e-01
stdout No. of Data Rows : 101358
stdout rms_18a_c6          =  3.32677e+00 from=  8.00000e-01 to=  1.00000e+00
stdout dc_18a_c6           =  5.65740e-05 from=  8.00000e-01 to=  1.00000e+00
stdout rms_18a_c60         =  2.20841e+00 from=  8.00000e-01 to=  1.00000e+00
stdout dc_18a_c60          =  3.80826e-05 from=  8.00000e-01 to=  1.00000e+00
stdout rms_18a_c7          =  2.20841e+00 from=  8.00000e-01 to=  1.00000e+00
stdout dc_18a_c7           =  3.80826e-05 from=  8.00000e-01 to=  1.00000e+00
stdout rms_18a_c61         =  2.20841e+00 from=  8.00000e-01 to=  1.00000e+00
stdout dc_18a_c61          =  3.80826e-05 from=  8.00000e-01 to=  1.00000e+00
stdout rms_18b_c6          =  1.75202e+00 from=  8.00000e-01 to=  1.00000e+00
stdout dc_18b_c6           =  2.47719e-05 from=  8.00000e-01 to=  1.00000e+00
stdout rms_18b_c60         =  1.16053e+00 from=  8.00000e-01 to=  1.00000e+00
stdout dc_18b_c60          =  1.65219e-05 from=  8.00000e-01 to=  1.00000e+00
stdout rms_18b_c7          =  1.16053e+00 from=  8.00000e-01 to=  1.00000e+00
stdout dc_18b_c7           =  1.65219e-05 from=  8.00000e-01 to=  1.00000e+00
stdout rms_18b_c61         =  1.16053e+00 from=  8.00000e-01 to=  1.00000e+00
stdout dc_18b_c61          =  1.65219e-05 from=  8.00000e-01 to=  1.00000e+00
stdout rms_20a_c11         =  2.87284e+00 from=  8.00000e-01 to=  1.00000e+00
stdout dc_20a_c11          =  3.71677e-05 from=  8.00000e-01 to=  1.00000e+00
stdout rms_20a_c62         =  1.89987e+00 from=  8.00000e-01 to=  1.00000e+00
stdout dc_20a_c62          =  2.47802e-05 from=  8.00000e-01 to=  1.00000e+00
stdout rms_20b_c11         =  4.90715e+00 from=  8.00000e-01 to=  1.00000e+00
stdout dc_20b_c11          =  7.67182e-05 from=  8.00000e-01 to=  1.00000e+00
stdout rms_20b_c62         =  3.25272e+00 from=  8.00000e-01 to=  1.00000e+00
stdout dc_20b_c62          =  5.07909e-05 from=  8.00000e-01 to=  1.00000e+00
stdout rms_5a_c5           =  1.68008e+00 from=  8.00000e-01 to=  1.00000e+00
stdout dc_5a_c5            =  2.23375e-05 from=  8.00000e-01 to=  1.00000e+00
stdout rms_5a_c59          =  1.11162e+00 from=  8.00000e-01 to=  1.00000e+00
stdout dc_5a_c59           =  1.48856e-05 from=  8.00000e-01 to=  1.00000e+00
stdout rms_12a_c30         =  1.95494e+00 from=  8.00000e-01 to=  1.00000e+00
stdout dc_12a_c30          =  3.72615e-05 from=  8.00000e-01 to=  1.00000e+00
stdout rms_12a_c63         =  1.29868e+00 from=  8.00000e-01 to=  1.00000e+00
stdout dc_12a_c63          =  2.48588e-05 from=  8.00000e-01 to=  1.00000e+00
