stdout Note: No compatibility mode selected!
stdout Circuit: bridge loss sensitivity: br1 stps20m100st to220 with individual boyd 577202b00000g sinks. other low-voltage bridges stps20m100sg d2pak. 50 c ambient. electrical winding/load assumptions remain to be measured. d2pak lumped temperatures are screening estimates; geometry thermal_mesh.py is the separate layout assessment.
stdout Doing analysis at TEMP = 27.000000 and TNOM = 27.000000
stdout Using KLU as Direct Linear Solver
stdout Operating point simulation skipped by 'uic',
stdout now using transient initial conditions.
 Reference value :  1.61609e-02
 Reference value :  5.14737e-02
 Reference value :  8.85928e-02
 Reference value :  1.25786e-01
 Reference value :  1.61406e-01
 Reference value :  1.97411e-01
 Reference value :  2.33313e-01
 Reference value :  2.69346e-01
 Reference value :  3.05253e-01
 Reference value :  3.42026e-01
 Reference value :  3.78796e-01
 Reference value :  4.15923e-01
 Reference value :  4.52696e-01
 Reference value :  4.88706e-01
 Reference value :  5.24663e-01
 Reference value :  5.60406e-01
 Reference value :  5.96543e-01
 Reference value :  6.32276e-01
 Reference value :  6.69286e-01
 Reference value :  7.05873e-01
 Reference value :  7.42126e-01
 Reference value :  7.77261e-01
 Reference value :  8.13063e-01
 Reference value :  8.50166e-01
 Reference value :  8.87591e-01
 Reference value :  9.25073e-01
 Reference value :  9.63043e-01
 Reference value :  9.97896e-01
stdout No. of Data Rows : 101256
stdout rms_18a_c6          =  2.20268e+00 from=  8.00000e-01 to=  1.00000e+00
stdout dc_18a_c6           =  4.85519e-05 from=  8.00000e-01 to=  1.00000e+00
stdout rms_18a_c60         =  2.20268e+00 from=  8.00000e-01 to=  1.00000e+00
stdout dc_18a_c60          =  4.85519e-05 from=  8.00000e-01 to=  1.00000e+00
stdout rms_18a_c7          =  2.20268e+00 from=  8.00000e-01 to=  1.00000e+00
stdout dc_18a_c7           =  4.85519e-05 from=  8.00000e-01 to=  1.00000e+00
stdout rms_18a_c61         =  2.20268e+00 from=  8.00000e-01 to=  1.00000e+00
stdout dc_18a_c61          =  4.85519e-05 from=  8.00000e-01 to=  1.00000e+00
stdout rms_18b_c6          =  1.24862e+00 from=  8.00000e-01 to=  1.00000e+00
stdout dc_18b_c6           =  2.30803e-05 from=  8.00000e-01 to=  1.00000e+00
stdout rms_18b_c60         =  1.24862e+00 from=  8.00000e-01 to=  1.00000e+00
stdout dc_18b_c60          =  2.30803e-05 from=  8.00000e-01 to=  1.00000e+00
stdout rms_18b_c7          =  1.24862e+00 from=  8.00000e-01 to=  1.00000e+00
stdout dc_18b_c7           =  2.30803e-05 from=  8.00000e-01 to=  1.00000e+00
stdout rms_18b_c61         =  1.24862e+00 from=  8.00000e-01 to=  1.00000e+00
stdout dc_18b_c61          =  2.30803e-05 from=  8.00000e-01 to=  1.00000e+00
stdout rms_20a_c11         =  2.21884e+00 from=  8.00000e-01 to=  1.00000e+00
stdout dc_20a_c11          =  3.84672e-05 from=  8.00000e-01 to=  1.00000e+00
stdout rms_20a_c62         =  2.21884e+00 from=  8.00000e-01 to=  1.00000e+00
stdout dc_20a_c62          =  3.84672e-05 from=  8.00000e-01 to=  1.00000e+00
stdout rms_20b_c11         =  3.77310e+00 from=  8.00000e-01 to=  1.00000e+00
stdout dc_20b_c11          =  7.76049e-05 from=  8.00000e-01 to=  1.00000e+00
stdout rms_20b_c62         =  3.77310e+00 from=  8.00000e-01 to=  1.00000e+00
stdout dc_20b_c62          =  7.76049e-05 from=  8.00000e-01 to=  1.00000e+00
stdout rms_5a_c5           =  1.45020e+00 from=  8.00000e-01 to=  1.00000e+00
stdout dc_5a_c5            =  2.66211e-05 from=  8.00000e-01 to=  1.00000e+00
stdout rms_5a_c59          =  1.45020e+00 from=  8.00000e-01 to=  1.00000e+00
stdout dc_5a_c59           =  2.66211e-05 from=  8.00000e-01 to=  1.00000e+00
stdout rms_12a_c30         =  1.55531e+00 from=  8.00000e-01 to=  1.00000e+00
stdout dc_12a_c30          =  3.84704e-05 from=  8.00000e-01 to=  1.00000e+00
stdout rms_12a_c63         =  1.55531e+00 from=  8.00000e-01 to=  1.00000e+00
stdout dc_12a_c63          =  3.84704e-05 from=  8.00000e-01 to=  1.00000e+00
