stdout Note: No compatibility mode selected!
stdout Circuit: bridge loss sensitivity: br1 stps20m100st to220 with individual boyd 577202b00000g sinks. other low-voltage bridges stps20m100sg d2pak. 50 c ambient. electrical winding/load assumptions remain to be measured. d2pak lumped temperatures are screening estimates; geometry thermal_mesh.py is the separate layout assessment.
stdout Doing analysis at TEMP = 27.000000 and TNOM = 27.000000
stdout Using KLU as Direct Linear Solver
stdout Operating point simulation skipped by 'uic',
stdout now using transient initial conditions.
 Reference value :  3.00300e-02
 Reference value :  6.93243e-02
 Reference value :  1.05269e-01
 Reference value :  1.43746e-01
 Reference value :  1.81325e-01
 Reference value :  2.18991e-01
 Reference value :  2.56820e-01
 Reference value :  2.95288e-01
 Reference value :  3.33150e-01
 Reference value :  3.70818e-01
 Reference value :  4.08720e-01
 Reference value :  4.46838e-01
 Reference value :  4.84820e-01
 Reference value :  5.21528e-01
 Reference value :  5.59490e-01
 Reference value :  5.97490e-01
 Reference value :  6.35303e-01
 Reference value :  6.72178e-01
 Reference value :  7.10183e-01
 Reference value :  7.45498e-01
 Reference value :  7.80431e-01
 Reference value :  8.18043e-01
 Reference value :  8.54401e-01
 Reference value :  8.92473e-01
 Reference value :  9.30945e-01
 Reference value :  9.67703e-01
stdout No. of Data Rows : 101923
stdout rms_18a_c6          =  2.21170e+00 from=  8.00000e-01 to=  1.00000e+00
stdout dc_18a_c6           =  5.24361e-05 from=  8.00000e-01 to=  1.00000e+00
stdout rms_18a_c60         =  2.21170e+00 from=  8.00000e-01 to=  1.00000e+00
stdout dc_18a_c60          =  5.24361e-05 from=  8.00000e-01 to=  1.00000e+00
stdout rms_18a_c7          =  2.21170e+00 from=  8.00000e-01 to=  1.00000e+00
stdout dc_18a_c7           =  5.24361e-05 from=  8.00000e-01 to=  1.00000e+00
stdout rms_18a_c61         =  2.21170e+00 from=  8.00000e-01 to=  1.00000e+00
stdout dc_18a_c61          =  5.24361e-05 from=  8.00000e-01 to=  1.00000e+00
stdout rms_18b_c6          =  1.24999e+00 from=  8.00000e-01 to=  1.00000e+00
stdout dc_18b_c6           =  2.45997e-05 from=  8.00000e-01 to=  1.00000e+00
stdout rms_18b_c60         =  1.24999e+00 from=  8.00000e-01 to=  1.00000e+00
stdout dc_18b_c60          =  2.45997e-05 from=  8.00000e-01 to=  1.00000e+00
stdout rms_18b_c7          =  1.24999e+00 from=  8.00000e-01 to=  1.00000e+00
stdout dc_18b_c7           =  2.45997e-05 from=  8.00000e-01 to=  1.00000e+00
stdout rms_18b_c61         =  1.24999e+00 from=  8.00000e-01 to=  1.00000e+00
stdout dc_18b_c61          =  2.45997e-05 from=  8.00000e-01 to=  1.00000e+00
stdout rms_20a_c11         =  2.22550e+00 from=  8.00000e-01 to=  1.00000e+00
stdout dc_20a_c11          =  4.09995e-05 from=  8.00000e-01 to=  1.00000e+00
stdout rms_20a_c62         =  2.22550e+00 from=  8.00000e-01 to=  1.00000e+00
stdout dc_20a_c62          =  4.09995e-05 from=  8.00000e-01 to=  1.00000e+00
stdout rms_20b_c11         =  3.79353e+00 from=  8.00000e-01 to=  1.00000e+00
stdout dc_20b_c11          =  9.14014e-05 from=  8.00000e-01 to=  1.00000e+00
stdout rms_20b_c62         =  3.79353e+00 from=  8.00000e-01 to=  1.00000e+00
stdout dc_20b_c62          =  9.14014e-05 from=  8.00000e-01 to=  1.00000e+00
stdout rms_5a_c5           =  1.45073e+00 from=  8.00000e-01 to=  1.00000e+00
stdout dc_5a_c5            =  2.82327e-05 from=  8.00000e-01 to=  1.00000e+00
stdout rms_5a_c59          =  1.45073e+00 from=  8.00000e-01 to=  1.00000e+00
stdout dc_5a_c59           =  2.82327e-05 from=  8.00000e-01 to=  1.00000e+00
stdout rms_12a_c30         =  1.55678e+00 from=  8.00000e-01 to=  1.00000e+00
stdout dc_12a_c30          =  4.09517e-05 from=  8.00000e-01 to=  1.00000e+00
stdout rms_12a_c63         =  1.55678e+00 from=  8.00000e-01 to=  1.00000e+00
stdout dc_12a_c63          =  4.09517e-05 from=  8.00000e-01 to=  1.00000e+00
