stdout Note: No compatibility mode selected!
stdout Circuit: bridge loss sensitivity: br1 stps20m100st to220 with individual boyd 577202b00000g sinks. other low-voltage bridges stps20m100sg d2pak. 50 c ambient. electrical winding/load assumptions remain to be measured. d2pak lumped temperatures are screening estimates; geometry thermal_mesh.py is the separate layout assessment.
stdout Doing analysis at TEMP = 27.000000 and TNOM = 27.000000
stdout Using KLU as Direct Linear Solver
stdout Operating point simulation skipped by 'uic',
stdout now using transient initial conditions.
 Reference value :  2.11113e-02
 Reference value :  6.05145e-02
 Reference value :  9.85859e-02
 Reference value :  1.36156e-01
 Reference value :  1.72699e-01
 Reference value :  2.10225e-01
 Reference value :  2.47605e-01
 Reference value :  2.84635e-01
 Reference value :  3.21409e-01
 Reference value :  3.58703e-01
 Reference value :  3.94568e-01
 Reference value :  4.31792e-01
 Reference value :  4.67433e-01
 Reference value :  5.04860e-01
 Reference value :  5.42803e-01
 Reference value :  5.80407e-01
 Reference value :  6.16747e-01
 Reference value :  6.54041e-01
 Reference value :  6.91693e-01
 Reference value :  7.29097e-01
 Reference value :  7.65473e-01
 Reference value :  8.02983e-01
 Reference value :  8.40306e-01
 Reference value :  8.75431e-01
 Reference value :  9.11655e-01
 Reference value :  9.48990e-01
 Reference value :  9.84339e-01
stdout No. of Data Rows : 101980
stdout rms_18a_c6          =  2.52810e+00 from=  8.00000e-01 to=  1.00000e+00
stdout dc_18a_c6           =  2.02154e-05 from=  8.00000e-01 to=  1.00000e+00
stdout rms_18a_c60         =  2.52810e+00 from=  8.00000e-01 to=  1.00000e+00
stdout dc_18a_c60          =  2.02154e-05 from=  8.00000e-01 to=  1.00000e+00
stdout rms_18a_c7          =  2.52810e+00 from=  8.00000e-01 to=  1.00000e+00
stdout dc_18a_c7           =  2.02154e-05 from=  8.00000e-01 to=  1.00000e+00
stdout rms_18a_c61         =  2.52810e+00 from=  8.00000e-01 to=  1.00000e+00
stdout dc_18a_c61          =  2.02154e-05 from=  8.00000e-01 to=  1.00000e+00
stdout rms_18b_c6          =  1.31740e+00 from=  8.00000e-01 to=  1.00000e+00
stdout dc_18b_c6           =  8.41329e-06 from=  8.00000e-01 to=  1.00000e+00
stdout rms_18b_c60         =  1.31740e+00 from=  8.00000e-01 to=  1.00000e+00
stdout dc_18b_c60          =  8.41329e-06 from=  8.00000e-01 to=  1.00000e+00
stdout rms_18b_c7          =  1.31740e+00 from=  8.00000e-01 to=  1.00000e+00
stdout dc_18b_c7           =  8.41329e-06 from=  8.00000e-01 to=  1.00000e+00
stdout rms_18b_c61         =  1.31740e+00 from=  8.00000e-01 to=  1.00000e+00
stdout dc_18b_c61          =  8.41329e-06 from=  8.00000e-01 to=  1.00000e+00
stdout rms_20a_c11         =  2.40843e+00 from=  8.00000e-01 to=  1.00000e+00
stdout dc_20a_c11          =  1.40238e-05 from=  8.00000e-01 to=  1.00000e+00
stdout rms_20a_c62         =  2.40843e+00 from=  8.00000e-01 to=  1.00000e+00
stdout dc_20a_c62          =  1.40238e-05 from=  8.00000e-01 to=  1.00000e+00
stdout rms_20b_c11         =  4.13132e+00 from=  8.00000e-01 to=  1.00000e+00
stdout dc_20b_c11          =  2.80540e-05 from=  8.00000e-01 to=  1.00000e+00
stdout rms_20b_c62         =  4.13132e+00 from=  8.00000e-01 to=  1.00000e+00
stdout dc_20b_c62          =  2.80540e-05 from=  8.00000e-01 to=  1.00000e+00
stdout rms_5a_c5           =  1.40295e+00 from=  8.00000e-01 to=  1.00000e+00
stdout dc_5a_c5            =  8.37756e-06 from=  8.00000e-01 to=  1.00000e+00
stdout rms_5a_c59          =  1.40295e+00 from=  8.00000e-01 to=  1.00000e+00
stdout dc_5a_c59           =  8.37756e-06 from=  8.00000e-01 to=  1.00000e+00
stdout rms_12a_c30         =  1.63108e+00 from=  8.00000e-01 to=  1.00000e+00
stdout dc_12a_c30          =  1.41573e-05 from=  8.00000e-01 to=  1.00000e+00
stdout rms_12a_c63         =  1.63108e+00 from=  8.00000e-01 to=  1.00000e+00
stdout dc_12a_c63          =  1.41573e-05 from=  8.00000e-01 to=  1.00000e+00
