stdout Note: No compatibility mode selected!
stdout Circuit: bridge loss sensitivity: br1 stps20m100st to220 with individual boyd 577202b00000g sinks. other low-voltage bridges stps20m100sg d2pak. 50 c ambient. electrical winding/load assumptions remain to be measured. d2pak lumped temperatures are screening estimates; geometry thermal_mesh.py is the separate layout assessment.
stdout Doing analysis at TEMP = 27.000000 and TNOM = 27.000000
stdout Using KLU as Direct Linear Solver
stdout Operating point simulation skipped by 'uic',
stdout now using transient initial conditions.
 Reference value :  4.77504e-06
 Reference value :  3.95621e-02
 Reference value :  7.91385e-02
 Reference value :  1.17193e-01
 Reference value :  1.56233e-01
 Reference value :  1.94870e-01
 Reference value :  2.33883e-01
 Reference value :  2.70928e-01
 Reference value :  3.09840e-01
 Reference value :  3.48237e-01
 Reference value :  3.87185e-01
 Reference value :  4.24787e-01
 Reference value :  4.63205e-01
 Reference value :  5.00737e-01
 Reference value :  5.39358e-01
 Reference value :  5.76730e-01
 Reference value :  6.15243e-01
 Reference value :  6.51397e-01
 Reference value :  6.87715e-01
 Reference value :  7.25147e-01
 Reference value :  7.62275e-01
 Reference value :  8.00417e-01
 Reference value :  8.38225e-01
 Reference value :  8.75667e-01
 Reference value :  9.13675e-01
 Reference value :  9.52160e-01
 Reference value :  9.88015e-01
stdout No. of Data Rows : 101917
stdout rms_18a_c6          =  3.00384e+00 from=  8.00000e-01 to=  1.00000e+00
stdout dc_18a_c6           =  6.94136e-05 from=  8.00000e-01 to=  1.00000e+00
stdout rms_18a_c60         =  1.84976e+00 from=  8.00000e-01 to=  1.00000e+00
stdout dc_18a_c60          =  4.62663e-05 from=  8.00000e-01 to=  1.00000e+00
stdout rms_18a_c7          =  1.84976e+00 from=  8.00000e-01 to=  1.00000e+00
stdout dc_18a_c7           =  4.62663e-05 from=  8.00000e-01 to=  1.00000e+00
stdout rms_18a_c61         =  1.84976e+00 from=  8.00000e-01 to=  1.00000e+00
stdout dc_18a_c61          =  4.62663e-05 from=  8.00000e-01 to=  1.00000e+00
stdout rms_18b_c6          =  1.74066e+00 from=  8.00000e-01 to=  1.00000e+00
stdout dc_18b_c6           =  3.28176e-05 from=  8.00000e-01 to=  1.00000e+00
stdout rms_18b_c60         =  1.05391e+00 from=  8.00000e-01 to=  1.00000e+00
stdout dc_18b_c60          =  2.18602e-05 from=  8.00000e-01 to=  1.00000e+00
stdout rms_18b_c7          =  1.05391e+00 from=  8.00000e-01 to=  1.00000e+00
stdout dc_18b_c7           =  2.18602e-05 from=  8.00000e-01 to=  1.00000e+00
stdout rms_18b_c61         =  1.05391e+00 from=  8.00000e-01 to=  1.00000e+00
stdout dc_18b_c61          =  2.18602e-05 from=  8.00000e-01 to=  1.00000e+00
stdout rms_20a_c11         =  2.72602e+00 from=  8.00000e-01 to=  1.00000e+00
stdout dc_20a_c11          =  4.92583e-05 from=  8.00000e-01 to=  1.00000e+00
stdout rms_20a_c62         =  1.64078e+00 from=  8.00000e-01 to=  1.00000e+00
stdout dc_20a_c62          =  3.27402e-05 from=  8.00000e-01 to=  1.00000e+00
stdout rms_20b_c11         =  4.60767e+00 from=  8.00000e-01 to=  1.00000e+00
stdout dc_20b_c11          =  1.04391e-04 from=  8.00000e-01 to=  1.00000e+00
stdout rms_20b_c62         =  2.81887e+00 from=  8.00000e-01 to=  1.00000e+00
stdout dc_20b_c62          =  6.85497e-05 from=  8.00000e-01 to=  1.00000e+00
stdout rms_5a_c5           =  1.78696e+00 from=  8.00000e-01 to=  1.00000e+00
stdout dc_5a_c5            =  3.43010e-05 from=  8.00000e-01 to=  1.00000e+00
stdout rms_5a_c59          =  1.08178e+00 from=  8.00000e-01 to=  1.00000e+00
stdout dc_5a_c59           =  2.27231e-05 from=  8.00000e-01 to=  1.00000e+00
stdout rms_12a_c30         =  1.90856e+00 from=  8.00000e-01 to=  1.00000e+00
stdout dc_12a_c30          =  4.92901e-05 from=  8.00000e-01 to=  1.00000e+00
stdout rms_12a_c63         =  1.18429e+00 from=  8.00000e-01 to=  1.00000e+00
stdout dc_12a_c63          =  3.25330e-05 from=  8.00000e-01 to=  1.00000e+00
