stdout Note: No compatibility mode selected!
stdout Circuit: bridge loss sensitivity: br1 stps20m100st to220 with individual boyd 577202b00000g sinks. other low-voltage bridges stps20m100sg d2pak. 50 c ambient. electrical winding/load assumptions remain to be measured. d2pak lumped temperatures are screening estimates; geometry thermal_mesh.py is the separate layout assessment.
stdout Doing analysis at TEMP = 27.000000 and TNOM = 27.000000
stdout Using KLU as Direct Linear Solver
stdout Operating point simulation skipped by 'uic',
stdout now using transient initial conditions.
 Reference value :  1.99235e-02
 Reference value :  5.75862e-02
 Reference value :  9.48589e-02
 Reference value :  1.32653e-01
 Reference value :  1.69818e-01
 Reference value :  2.07170e-01
 Reference value :  2.44028e-01
 Reference value :  2.81730e-01
 Reference value :  3.20188e-01
 Reference value :  3.57760e-01
 Reference value :  3.94268e-01
 Reference value :  4.32230e-01
 Reference value :  4.69628e-01
 Reference value :  5.07370e-01
 Reference value :  5.44248e-01
 Reference value :  5.80391e-01
 Reference value :  6.18253e-01
 Reference value :  6.56295e-01
 Reference value :  6.92773e-01
 Reference value :  7.30451e-01
 Reference value :  7.68437e-01
 Reference value :  8.06550e-01
 Reference value :  8.43787e-01
 Reference value :  8.81105e-01
 Reference value :  9.18213e-01
 Reference value :  9.54881e-01
 Reference value :  9.89150e-01
stdout No. of Data Rows : 101926
stdout rms_18a_c6          =  2.27662e+00 from=  8.00000e-01 to=  1.00000e+00
stdout dc_18a_c6           =  5.39552e-05 from=  8.00000e-01 to=  1.00000e+00
stdout rms_18a_c60         =  2.27662e+00 from=  8.00000e-01 to=  1.00000e+00
stdout dc_18a_c60          =  5.39552e-05 from=  8.00000e-01 to=  1.00000e+00
stdout rms_18a_c7          =  2.27662e+00 from=  8.00000e-01 to=  1.00000e+00
stdout dc_18a_c7           =  5.39552e-05 from=  8.00000e-01 to=  1.00000e+00
stdout rms_18a_c61         =  2.27662e+00 from=  8.00000e-01 to=  1.00000e+00
stdout dc_18a_c61          =  5.39552e-05 from=  8.00000e-01 to=  1.00000e+00
stdout rms_18b_c6          =  1.27349e+00 from=  8.00000e-01 to=  1.00000e+00
stdout dc_18b_c6           =  2.45985e-05 from=  8.00000e-01 to=  1.00000e+00
stdout rms_18b_c60         =  1.27349e+00 from=  8.00000e-01 to=  1.00000e+00
stdout dc_18b_c60          =  2.45985e-05 from=  8.00000e-01 to=  1.00000e+00
stdout rms_18b_c7          =  1.27349e+00 from=  8.00000e-01 to=  1.00000e+00
stdout dc_18b_c7           =  2.45985e-05 from=  8.00000e-01 to=  1.00000e+00
stdout rms_18b_c61         =  1.27349e+00 from=  8.00000e-01 to=  1.00000e+00
stdout dc_18b_c61          =  2.45985e-05 from=  8.00000e-01 to=  1.00000e+00
stdout rms_20a_c11         =  2.30317e+00 from=  8.00000e-01 to=  1.00000e+00
stdout dc_20a_c11          =  4.09975e-05 from=  8.00000e-01 to=  1.00000e+00
stdout rms_20a_c62         =  2.30317e+00 from=  8.00000e-01 to=  1.00000e+00
stdout dc_20a_c62          =  4.09975e-05 from=  8.00000e-01 to=  1.00000e+00
stdout rms_20b_c11         =  3.93648e+00 from=  8.00000e-01 to=  1.00000e+00
stdout dc_20b_c11          =  8.24501e-05 from=  8.00000e-01 to=  1.00000e+00
stdout rms_20b_c62         =  3.93648e+00 from=  8.00000e-01 to=  1.00000e+00
stdout dc_20b_c62          =  8.24501e-05 from=  8.00000e-01 to=  1.00000e+00
stdout rms_5a_c5           =  1.48433e+00 from=  8.00000e-01 to=  1.00000e+00
stdout dc_5a_c5            =  2.78465e-05 from=  8.00000e-01 to=  1.00000e+00
stdout rms_5a_c59          =  1.48433e+00 from=  8.00000e-01 to=  1.00000e+00
stdout dc_5a_c59           =  2.78465e-05 from=  8.00000e-01 to=  1.00000e+00
stdout rms_12a_c30         =  1.57625e+00 from=  8.00000e-01 to=  1.00000e+00
stdout dc_12a_c30          =  4.10457e-05 from=  8.00000e-01 to=  1.00000e+00
stdout rms_12a_c63         =  1.57625e+00 from=  8.00000e-01 to=  1.00000e+00
stdout dc_12a_c63          =  4.10457e-05 from=  8.00000e-01 to=  1.00000e+00
