stdout Note: No compatibility mode selected!
stdout Circuit: bridge loss sensitivity: br1 stps20m100st to220 with individual boyd 577202b00000g sinks. other low-voltage bridges stps20m100sg d2pak. 50 c ambient. electrical winding/load assumptions remain to be measured. d2pak lumped temperatures are screening estimates; geometry thermal_mesh.py is the separate layout assessment.
stdout Doing analysis at TEMP = 27.000000 and TNOM = 27.000000
stdout Using KLU as Direct Linear Solver
stdout Operating point simulation skipped by 'uic',
stdout now using transient initial conditions.
 Reference value :  2.80000e-02
 Reference value :  6.47239e-02
 Reference value :  1.02235e-01
 Reference value :  1.39890e-01
 Reference value :  1.76932e-01
 Reference value :  2.13645e-01
 Reference value :  2.51087e-01
 Reference value :  2.88985e-01
 Reference value :  3.26587e-01
 Reference value :  3.63285e-01
 Reference value :  4.00717e-01
 Reference value :  4.38105e-01
 Reference value :  4.75097e-01
 Reference value :  5.10363e-01
 Reference value :  5.44758e-01
 Reference value :  5.81155e-01
 Reference value :  6.18657e-01
 Reference value :  6.55161e-01
 Reference value :  6.92363e-01
 Reference value :  7.29641e-01
 Reference value :  7.67723e-01
 Reference value :  8.04461e-01
 Reference value :  8.40453e-01
 Reference value :  8.78651e-01
 Reference value :  9.16973e-01
 Reference value :  9.53121e-01
 Reference value :  9.87525e-01
stdout No. of Data Rows : 101921
stdout rms_18a_c6          =  3.07266e+00 from=  8.00000e-01 to=  1.00000e+00
stdout dc_18a_c6           =  7.08038e-05 from=  8.00000e-01 to=  1.00000e+00
stdout rms_18a_c60         =  2.03626e+00 from=  8.00000e-01 to=  1.00000e+00
stdout dc_18a_c60          =  4.76742e-05 from=  8.00000e-01 to=  1.00000e+00
stdout rms_18a_c7          =  2.03626e+00 from=  8.00000e-01 to=  1.00000e+00
stdout dc_18a_c7           =  4.76742e-05 from=  8.00000e-01 to=  1.00000e+00
stdout rms_18a_c61         =  2.03626e+00 from=  8.00000e-01 to=  1.00000e+00
stdout dc_18a_c61          =  4.76742e-05 from=  8.00000e-01 to=  1.00000e+00
stdout rms_18b_c6          =  1.71870e+00 from=  8.00000e-01 to=  1.00000e+00
stdout dc_18b_c6           =  3.27781e-05 from=  8.00000e-01 to=  1.00000e+00
stdout rms_18b_c60         =  1.13602e+00 from=  8.00000e-01 to=  1.00000e+00
stdout dc_18b_c60          =  2.18731e-05 from=  8.00000e-01 to=  1.00000e+00
stdout rms_18b_c7          =  1.13602e+00 from=  8.00000e-01 to=  1.00000e+00
stdout dc_18b_c7           =  2.18731e-05 from=  8.00000e-01 to=  1.00000e+00
stdout rms_18b_c61         =  1.13602e+00 from=  8.00000e-01 to=  1.00000e+00
stdout dc_18b_c61          =  2.18731e-05 from=  8.00000e-01 to=  1.00000e+00
stdout rms_20a_c11         =  2.82526e+00 from=  8.00000e-01 to=  1.00000e+00
stdout dc_20a_c11          =  4.91943e-05 from=  8.00000e-01 to=  1.00000e+00
stdout rms_20a_c62         =  1.86354e+00 from=  8.00000e-01 to=  1.00000e+00
stdout dc_20a_c62          =  3.28034e-05 from=  8.00000e-01 to=  1.00000e+00
stdout rms_20b_c11         =  4.82831e+00 from=  8.00000e-01 to=  1.00000e+00
stdout dc_20b_c11          =  9.84222e-05 from=  8.00000e-01 to=  1.00000e+00
stdout rms_20b_c62         =  3.19435e+00 from=  8.00000e-01 to=  1.00000e+00
stdout dc_20b_c62          =  6.56435e-05 from=  8.00000e-01 to=  1.00000e+00
stdout rms_5a_c5           =  1.81014e+00 from=  8.00000e-01 to=  1.00000e+00
stdout dc_5a_c5            =  3.32125e-05 from=  8.00000e-01 to=  1.00000e+00
stdout rms_5a_c59          =  1.19535e+00 from=  8.00000e-01 to=  1.00000e+00
stdout dc_5a_c59           =  2.21348e-05 from=  8.00000e-01 to=  1.00000e+00
stdout rms_12a_c30         =  1.90650e+00 from=  8.00000e-01 to=  1.00000e+00
stdout dc_12a_c30          =  4.93061e-05 from=  8.00000e-01 to=  1.00000e+00
stdout rms_12a_c63         =  1.26490e+00 from=  8.00000e-01 to=  1.00000e+00
stdout dc_12a_c63          =  3.29267e-05 from=  8.00000e-01 to=  1.00000e+00
