stdout Note: No compatibility mode selected!
stdout Circuit: bridge loss sensitivity: br1 stps20m100st to220 with individual boyd 577202b00000g sinks. other low-voltage bridges stps20m100sg d2pak. 50 c ambient. electrical winding/load assumptions remain to be measured. d2pak lumped temperatures are screening estimates; geometry thermal_mesh.py is the separate layout assessment.
stdout Doing analysis at TEMP = 27.000000 and TNOM = 27.000000
stdout Using KLU as Direct Linear Solver
stdout Operating point simulation skipped by 'uic',
stdout now using transient initial conditions.
 Reference value :  2.53414e-02
 Reference value :  6.18157e-02
 Reference value :  9.71805e-02
 Reference value :  1.32676e-01
 Reference value :  1.67986e-01
 Reference value :  2.03592e-01
 Reference value :  2.38205e-01
 Reference value :  2.72962e-01
 Reference value :  3.07863e-01
 Reference value :  3.43173e-01
 Reference value :  3.77532e-01
 Reference value :  4.13455e-01
 Reference value :  4.48587e-01
 Reference value :  4.84108e-01
 Reference value :  5.18998e-01
 Reference value :  5.54563e-01
 Reference value :  5.89735e-01
 Reference value :  6.24888e-01
 Reference value :  6.59256e-01
 Reference value :  6.94698e-01
 Reference value :  7.30164e-01
 Reference value :  7.65202e-01
 Reference value :  8.00037e-01
 Reference value :  8.35434e-01
 Reference value :  8.70721e-01
 Reference value :  9.06273e-01
 Reference value :  9.40847e-01
 Reference value :  9.76534e-01
stdout No. of Data Rows : 101978
stdout rms_18a_c6          =  2.41068e+00 from=  8.00000e-01 to=  1.00000e+00
stdout dc_18a_c6           =  5.95938e-05 from=  8.00000e-01 to=  1.00000e+00
stdout rms_18a_c60         =  2.41068e+00 from=  8.00000e-01 to=  1.00000e+00
stdout dc_18a_c60          =  5.95938e-05 from=  8.00000e-01 to=  1.00000e+00
stdout rms_18a_c7          =  2.41068e+00 from=  8.00000e-01 to=  1.00000e+00
stdout dc_18a_c7           =  5.95938e-05 from=  8.00000e-01 to=  1.00000e+00
stdout rms_18a_c61         =  2.41068e+00 from=  8.00000e-01 to=  1.00000e+00
stdout dc_18a_c61          =  5.95938e-05 from=  8.00000e-01 to=  1.00000e+00
stdout rms_18b_c6          =  1.27821e+00 from=  8.00000e-01 to=  1.00000e+00
stdout dc_18b_c6           =  2.57089e-05 from=  8.00000e-01 to=  1.00000e+00
stdout rms_18b_c60         =  1.27821e+00 from=  8.00000e-01 to=  1.00000e+00
stdout dc_18b_c60          =  2.57089e-05 from=  8.00000e-01 to=  1.00000e+00
stdout rms_18b_c7          =  1.27821e+00 from=  8.00000e-01 to=  1.00000e+00
stdout dc_18b_c7           =  2.57089e-05 from=  8.00000e-01 to=  1.00000e+00
stdout rms_18b_c61         =  1.27821e+00 from=  8.00000e-01 to=  1.00000e+00
stdout dc_18b_c61          =  2.57089e-05 from=  8.00000e-01 to=  1.00000e+00
stdout rms_20a_c11         =  2.27469e+00 from=  8.00000e-01 to=  1.00000e+00
stdout dc_20a_c11          =  4.28475e-05 from=  8.00000e-01 to=  1.00000e+00
stdout rms_20a_c62         =  2.27469e+00 from=  8.00000e-01 to=  1.00000e+00
stdout dc_20a_c62          =  4.28475e-05 from=  8.00000e-01 to=  1.00000e+00
stdout rms_20b_c11         =  3.88599e+00 from=  8.00000e-01 to=  1.00000e+00
stdout dc_20b_c11          =  9.66712e-05 from=  8.00000e-01 to=  1.00000e+00
stdout rms_20b_c62         =  3.88599e+00 from=  8.00000e-01 to=  1.00000e+00
stdout dc_20b_c62          =  9.66712e-05 from=  8.00000e-01 to=  1.00000e+00
stdout rms_5a_c5           =  1.34712e+00 from=  8.00000e-01 to=  1.00000e+00
stdout dc_5a_c5            =  2.60762e-05 from=  8.00000e-01 to=  1.00000e+00
stdout rms_5a_c59          =  1.34712e+00 from=  8.00000e-01 to=  1.00000e+00
stdout dc_5a_c59           =  2.60762e-05 from=  8.00000e-01 to=  1.00000e+00
stdout rms_12a_c30         =  1.59928e+00 from=  8.00000e-01 to=  1.00000e+00
stdout dc_12a_c30          =  4.27733e-05 from=  8.00000e-01 to=  1.00000e+00
stdout rms_12a_c63         =  1.59928e+00 from=  8.00000e-01 to=  1.00000e+00
stdout dc_12a_c63          =  4.27733e-05 from=  8.00000e-01 to=  1.00000e+00
