stdout Note: gnd in a subcircuit is not set to 0 automatically
stdout Note: Compatibility modes selected: ps
stdout Circuit: ti tps54360 transient model, 12v actual compensation, vin=20.69
stdout Reducing trtol to 1 for xspice 'A' devices
stdout Doing analysis at TEMP = 27.000000 and TNOM = 27.000000
stdout Using SPARSE 1.3 as Direct Linear Solver
stdout Initial Transient Solution
stdout --------------------------
stdout Node                                   Voltage
stdout ----                                   -------
stdout vin                                          0
stdout vinf                              -2.08005e-08
stdout xu.set0                                      0
stdout xu.u6_n16588693                           0.86
stdout xu.x_u6_u134.yint                            1
stdout xu.x_u6_u134.e_abmgate_int1                  1
stdout xu.u6_n16564386                              0
stdout xu.sdwn                                      1
stdout xu.u6_n16543632                              1
stdout xu.u6_n16489275                    1.14396e-60
stdout xu.x_u6_u603.x1.yint1                        0
stdout xu.x_u6_u603.x1.e_abmgate1_int1               0
stdout xu.sysclk                                    0
stdout xu.x_u6_u603.x1.yint2                        0
stdout xu.x_u6_u603.x1.yint3                        1
stdout xu.x_u6_u603.x1.e_abmgate2_int1               1
stdout xu.x_u6_u603.clkdel                          1
stdout xu.x_u6_u603.x2.yint                         0
stdout xu.x_u6_u603.x2.e_abmgate_int1               0
stdout xu.x_u6_u603.clkint                          0
stdout xu.x_u6_u603.qint                            0
stdout xu.x_u6_u603.gq_int1                        -1
stdout xu.u6_pwm                                    0
stdout xu.set1                                      1
stdout xu.x_u6_u603.my5                             1
stdout xu.x_u6_u603.qqq                             0
stdout xu.x_u6_u603.x3.yint1                        0
stdout xu.x_u6_u603.x3.e_abmgate1_int1               0
stdout xu.x_u6_u603.x3.yint2                        0
stdout xu.x_u6_u603.x3.yint3                        0
stdout xu.x_u6_u603.x3.e_abmgate2_int1               0
stdout xu.x_u6_u603.qqqd1                           0
stdout xu.pwm_clk                                   0
stdout xu.x_u6_u603.qbr                             1
stdout xu.x_u6_u603.eqb_int1                        1
stdout xu.n16528816                                 1
stdout xu.u6_n16489469                    3.43757e-12
stdout xu.e_u6_abm148_int1                3.43757e-12
stdout xu.u6_vrampin                      3.43757e-06
stdout xu.u6_n16502082                      -1.22e-06
stdout xu.e_u6_abm163_int1                  -1.22e-06
stdout xu.u6_n16488977                    2.49722e-06
stdout xu.u6_vramp                        3.43757e-12
stdout xu.u6_iswf                                -0.1
stdout xu.e_u6_abm152_int1                       -0.1
stdout xu.isw                            -2.08008e-15
stdout xu.u6_n16489395                              0
stdout xu.u6_n165858563                         0.024
stdout xu.x_u6_u602.yint                            0
stdout xu.x_u6_u602.e_abmgate_int1                  0
stdout xu.u6_n16575036                              0
stdout xu.boot_uvlo                                 0
stdout xu.u6_ovtp                                   1
stdout xu.u6_n16531938                      -0.111508
stdout xu.e_u6_abm165_int1                  -0.111508
stdout xu.u6_ictrl                          -0.111508
stdout xu.e_u6_abm164_int1                2.49722e-06
stdout comp                                  0.594386
stdout xu.g_u6_abmi4_int1                -0.000343757
stdout xu.if2ia                           0.000343757
stdout xu.e_u6_abm151_int1                          0
stdout xu.pwm_final                                 0
stdout xu.x_u6_u599.yint1                           0
stdout xu.x_u6_u599.e_abmgate1_int1                 0
stdout xu.x_u6_u599.yint2                           0
stdout xu.x_u6_u599.yint3                           1
stdout xu.x_u6_u599.e_abmgate2_int1                 1
stdout xu.u6_n16489527                              1
stdout xu.x_u6_u600.yint                            0
stdout xu.x_u6_u600.e_abm_int1                      0
stdout xu.x_u6_u598.yint                            0
stdout xu.x_u6_u598.e_abmgate_int1                  0
stdout xu.x_u6_u604.inp1                        0.436
stdout xu.x_u6_u604.inm1                       -0.424
stdout xu.vsenseint                      -2.23507e-15
stdout xu.x_u6_u604.inm2                       -0.436
stdout xu.x_u6_u604.ehys_int1                  -0.012
stdout xu.x_u6_u604.1                               1
stdout xu.x_u6_u604.eout_int1                       1
stdout xu.u3_n16489962                              1
stdout xu.u3_n16638112                   -2.23507e-15
stdout rt                                    0.999996
stdout xu.u3_n16667294                   2.09934e-140
stdout xu.u3_n16667366                   1.24615e-122
stdout xu.u3_n166379101                           0.6
stdout xu.u3_n16638088                            0.6
stdout xu.u3_n16490102                              5
stdout xu.u3_ramp                         5.07254e-05
stdout xu.u3_n16650384                    5.07254e-05
stdout xu.i_rt                            4.16675e-06
stdout xu.u3_n16523619                              1
stdout xu.e_u3_abm164_int1               -2.23507e-15
stdout fb                                -2.23507e-15
stdout xu.x_u3_u6.yint                              1
stdout xu.x_u3_u6.e_abm_int1                        1
stdout xu.u3_n16637796                            0.4
stdout xu.u3_out2                                   1
stdout xu.fsw                             0.000405803
stdout xu.e_u3_abm1_int1                  0.000405803
stdout xu.u3_n16505459                              1
stdout xu.x_u3_u131.yint                            0
stdout xu.x_u3_u131.e_abm_int1                      0
stdout xu.u3_sysclk1                                0
stdout xu.x_u3_u7.yint                              1
stdout xu.x_u3_u7.e_abm_int1                        1
stdout xu.u3_out3                                   1
stdout xu.x_u3_u138.yint                            0
stdout xu.x_u3_u138.e_abmgate_int1                  0
stdout xu.x_u3_u135.yint1                           0
stdout xu.x_u3_u135.e_abmgate1_int1                 0
stdout xu.x_u3_u135.yint2                           0
stdout xu.x_u3_u135.yint3                           0
stdout xu.x_u3_u135.e_abmgate2_int1                 0
stdout xu.u3_n16517387                              0
stdout xu.u3_n16676060                    0.000343757
stdout xu.e_u3_abm166_int1                0.000343757
stdout xu.u3_out1                                   1
stdout xu.u3_n16668029                            0.2
stdout xu.x_u3_u134.yint                            1
stdout xu.x_u3_u134.e_abmgate_int1                  1
stdout xu.u3_n16517226                              1
stdout xu.e_u3_abm165_int1                5.07254e-05
stdout xu.u3_n166679551                           0.2
stdout xu.e_u3_abm7_int1                          0.2
stdout xu.u3_n166378601                           0.4
stdout xu.x_u3_u136.yint                            0
stdout xu.x_u3_u136.e_abmgate_int1                  0
stdout xu.u3_n16667326                              1
stdout xu.x_u3_u8.yint                              1
stdout xu.x_u3_u8.e_abm_int1                        1
stdout xu.e_u3_abm4_int1                          0.4
stdout xu.x_u3_u137.yint1                           0
stdout xu.x_u3_u137.e_abmgate1_int1                 0
stdout xu.x_u3_u137.yint2                           0
stdout xu.x_u3_u137.yint3                           1
stdout xu.x_u3_u137.e_abmgate2_int1                 1
stdout xu.e_u3_abm6_int1                          0.6
stdout xu.x_u8_u606.yint                            0
stdout xu.x_u8_u606.e_abmgate_int1                  0
stdout xu.u8_sdwn_n                                 0
stdout xu.x_u8_u613.yint                            0
stdout xu.x_u8_u613.e_abmgate_int1                  0
stdout xu.u8_n7365280                               0
stdout xu.u8_n73698801                              6
stdout xu.u8_n7345383                               6
stdout xu.u8_n7274256                               0
stdout xu.x_u8_u608.yint                            0
stdout xu.x_u8_u608.e_abmgate_int1                  0
stdout xu.u8_hdrvin                                 0
stdout xu.u8_n7342498                               0
stdout xu.u8_n7274022                               0
stdout xu.x_u8_u602.yint                            1
stdout xu.x_u8_u602.e_abmgate_int1                  1
stdout xu.u8_out                                    0
stdout xu.u8_boot_on                                1
stdout xu.x_u8_u607.yint                            0
stdout xu.x_u8_u607.e_abmgate_int1                  0
stdout xu.u8_ldrv                                   1
stdout xu.enab                                      0
stdout xu.u8_boot_sw_on                             0
stdout xu.x_u8_u612.yint1                           1
stdout xu.x_u8_u612.e_abmgate1_int1                 1
stdout xu.u8_n7274198                               1
stdout xu.x_u8_u612.yint2                           1
stdout xu.x_u8_u612.yint3                           1
stdout xu.x_u8_u612.e_abmgate2_int1                 1
stdout xu.u8_n7343256                               1
stdout xu.x_u8_u609.yint                            1
stdout xu.x_u8_u609.e_abmgate_int1                  1
stdout xu.u8_n7274032                               1
stdout xu.u8_n7273984                    -2.08005e-08
stdout xu.e_u8_abm2_int1                            6
stdout boot                              -1.89229e-11
stdout xu.x_u8_u610.yint                            1
stdout xu.x_u8_u610.e_abmgate_int1                  1
stdout xu.x_u8_u604.yint                            0
stdout xu.x_u8_u604.e_abmgate_int1                  0
stdout xu.u8_n7347010                    -1.88893e-11
stdout xu.e_u8_abm169_int1               -1.88893e-11
stdout sw                                -3.35784e-14
stdout xu.x_u8_u611.yint1                           0
stdout xu.x_u8_u611.e_abmgate1_int1                 0
stdout xu.x_u8_u611.yint2                           0
stdout xu.x_u8_u611.yint3                           0
stdout xu.x_u8_u611.e_abmgate2_int1                 0
stdout xu.hdrv                           -3.35973e-14
stdout xu.x_u8_u605.yint                            1
stdout xu.x_u8_u605.e_abmgate_int1                  1
stdout xu.e_u8_abm167_int1                          0
stdout xu.x_u8_u5.yint                              0
stdout xu.x_u8_u5.e_abm_int1                        0
stdout xu.u5_n16512904                          7e-05
stdout xu.ocb                                       0
stdout xu.g_u5_abm2i1_int1                -2.6488e-06
stdout xu.vref_gm                             -0.0344
stdout xu.u5_vgm                              7.7e-05
stdout xu.u5_n16513008                              2
stdout xu.u5_n16513064                        7.7e-05
stdout xu.e_u5_abm177_int1                    7.7e-05
stdout xu.x_u5_u603.yint                            0
stdout xu.x_u5_u603.e_abmgate_int1                  0
stdout xu.u5_n16513124                              0
stdout xu.u5_n16512948                          7e-05
stdout xu.u5_n16513186                              0
stdout xu.e_u5_abm8_int1                            0
stdout xu.u5_n16513014                            0.6
stdout xu.x_u5_u614.yint                            0
stdout xu.x_u5_u614.e_abmgate_int1                  0
stdout xu.u5_n16513160                              0
stdout xu.e_u5_abm171_int1                      7e-05
stdout xu.ss_tr                                     0
stdout xu.x_u11_u604.yint                           1
stdout xu.x_u11_u604.e_abmgate_int1                 1
stdout xu.u11_n16496294                             1
stdout xu.ss_disch                                  0
stdout xu.e_u11_abm173_int1                         0
stdout xu.u11_n6045136                              0
stdout xu.x_u11_u601.yint                           1
stdout xu.x_u11_u601.e_abmgate_int1                 1
stdout xu.u11_uvlo                                  1
stdout xu.x_u11_u603.yint                           0
stdout xu.x_u11_u603.e_abmgate_int1                 0
stdout xu.u11_n6045130                              0
stdout xu.u11_n6045018                            4.3
stdout xu.x_u11_u602.yint                           1
stdout xu.x_u11_u602.e_abm_int1                     1
stdout en                                   0.0207963
stdout xu.u1_n7335522                               0
stdout xu.e_u1_abm173_int1                          0
stdout xu.u1_n7335540                               0
stdout xu.e_u1_abm1_int1                            0
stdout xu.g_u1_abmii1_int1                    1.2e-06
stdout xu.u7_indelayed2                    1.0379e-57
stdout xu.u7_n16490100                              1
stdout xu.u7_n16489586                              1
stdout xu.x_u7_u6.yint                              0
stdout xu.x_u7_u6.e_abmgate_int1                    0
stdout xu.u7_or2out2                                0
stdout xu.u7_or2out1                                0
stdout xu.u7_n16489522                              0
stdout xu.u7_indelayed1                   4.65239e-57
stdout xu.x_u7_u826.yint1                           0
stdout xu.x_u7_u826.e_abmgate1_int1                 0
stdout xu.x_u7_u826.yint2                           0
stdout xu.x_u7_u826.yint3                           1
stdout xu.x_u7_u826.e_abmgate2_int1                 1
stdout xu.u7_n16509390                              1
stdout xu.x_u7_u825.yint                            0
stdout xu.x_u7_u825.e_abmgate_int1                  0
stdout xu.u7_n16509288                              0
stdout xu.e_u7_abm13_int1                           1
stdout xu.x_u7_u823.yint                            0
stdout xu.x_u7_u823.e_abmgate_int1                  0
stdout xu.u7_n16497188                              1
stdout xu.x_u7_u827.yint                            0
stdout xu.x_u7_u827.e_abmgate_int1                  0
stdout xu.x_u7_u822.yint1                           0
stdout xu.x_u7_u822.e_abmgate1_int1                 0
stdout xu.x_u7_u822.yint2                           0
stdout xu.x_u7_u822.yint3                           1
stdout xu.x_u7_u822.e_abmgate2_int1                 1
stdout xu.x_u7_u824.yint                            0
stdout xu.x_u7_u824.e_abmgate_int1                  0
stdout xu.u4_n7398284                         -0.0344
stdout xu.e_u4_abm178_int1                    -0.0344
stdout xu.u4_n7404432                         -0.0344
stdout xu.u4_n7398466                               0
stdout xu.e_u4_abm180_int1                          0
stdout xu.u4_n7397990                             1.7
stdout xu.g_u4_abmii1_int1                          0
stdout xu.u4_n16518371                              0
stdout xu.u4_n7404426                         -0.0344
stdout xu.x_u4_u1.yint                              0
stdout xu.x_u4_u1.e_abmgate_int1                    0
stdout xu.u4_n7398492                               0
stdout xu.e_u4_abm179_int1                    -0.0344
stdout xu.u4_n7398290                         -0.0344
stdout xu.g_u4_abmi5_int1                           0
stdout xu.e_u4_abm174_int1                    -0.0344
stdout vout                               -3.3526e-14
stdout cc                                    0.594386
stdout linductor                         -3.35784e-14
stdout c1                                           0
stdout c2                                           0
stdout b.xu.be_u4_abm174#branch                     0
stdout b.xu.bg_u4_abmi5#branch                      0
stdout b.xu.be_u4_abm179#branch                     0
stdout b.xu.x_u4_u1.be_abmgate#branch               0
stdout b.xu.bg_u4_abmii1#branch                     0
stdout b.xu.be_u4_abm180#branch                     0
stdout b.xu.be_u4_abm178#branch                     0
stdout b.xu.x_u7_u824.be_abmgate#branch               0
stdout b.xu.x_u7_u822.be_abmgate2#branch               0
stdout b.xu.x_u7_u822.be_abmgate1#branch               0
stdout b.xu.x_u7_u827.be_abmgate#branch               0
stdout b.xu.x_u7_u823.be_abmgate#branch               0
stdout b.xu.be_u7_abm13#branch                      0
stdout b.xu.x_u7_u825.be_abmgate#branch               0
stdout b.xu.x_u7_u826.be_abmgate2#branch               0
stdout b.xu.x_u7_u826.be_abmgate1#branch               0
stdout b.xu.x_u7_u6.be_abmgate#branch               0
stdout b.xu.bg_u1_abmii1#branch                     0
stdout b.xu.be_u1_abm1#branch                       0
stdout b.xu.be_u1_abm173#branch                     0
stdout b.xu.x_u11_u602.be_abm#branch                0
stdout b.xu.x_u11_u603.be_abmgate#branch               0
stdout b.xu.x_u11_u601.be_abmgate#branch               0
stdout b.xu.be_u11_abm173#branch                    0
stdout b.xu.x_u11_u604.be_abmgate#branch               0
stdout b.xu.be_u5_abm171#branch                     0
stdout b.xu.x_u5_u614.be_abmgate#branch               0
stdout b.xu.be_u5_abm8#branch                       0
stdout b.xu.x_u5_u603.be_abmgate#branch               0
stdout b.xu.be_u5_abm177#branch                     0
stdout b.xu.bg_u5_abm2i1#branch                     0
stdout b.xu.x_u8_u5.be_abm#branch                   0
stdout b.xu.be_u8_abm167#branch                     0
stdout b.xu.x_u8_u605.be_abmgate#branch               0
stdout b.xu.x_u8_u611.be_abmgate2#branch               0
stdout b.xu.x_u8_u611.be_abmgate1#branch               0
stdout b.xu.be_u8_abm169#branch                     0
stdout b.xu.x_u8_u604.be_abmgate#branch               0
stdout b.xu.x_u8_u610.be_abmgate#branch               0
stdout b.xu.be_u8_abm2#branch                       0
stdout b.xu.x_u8_u609.be_abmgate#branch               0
stdout b.xu.x_u8_u612.be_abmgate2#branch               0
stdout b.xu.x_u8_u612.be_abmgate1#branch               0
stdout b.xu.x_u8_u607.be_abmgate#branch               0
stdout b.xu.x_u8_u602.be_abmgate#branch               0
stdout b.xu.x_u8_u608.be_abmgate#branch               0
stdout b.xu.x_u8_u613.be_abmgate#branch               0
stdout b.xu.x_u8_u606.be_abmgate#branch               0
stdout b.xu.be_u3_abm6#branch                       0
stdout b.xu.x_u3_u137.be_abmgate2#branch               0
stdout b.xu.x_u3_u137.be_abmgate1#branch               0
stdout b.xu.be_u3_abm4#branch                       0
stdout b.xu.x_u3_u8.be_abm#branch                   0
stdout b.xu.x_u3_u136.be_abmgate#branch               0
stdout b.xu.be_u3_abm7#branch                       0
stdout b.xu.be_u3_abm165#branch                     0
stdout v.xu.v_u3_v44#branch              -4.16675e-06
stdout b.xu.x_u3_u134.be_abmgate#branch               0
stdout b.xu.be_u3_abm166#branch                     0
stdout b.xu.x_u3_u135.be_abmgate2#branch               0
stdout b.xu.x_u3_u135.be_abmgate1#branch               0
stdout b.xu.x_u3_u138.be_abmgate#branch               0
stdout b.xu.x_u3_u7.be_abm#branch                   0
stdout b.xu.x_u3_u131.be_abm#branch                 0
stdout b.xu.be_u3_abm1#branch                       0
stdout b.xu.x_u3_u6.be_abm#branch                   0
stdout b.xu.be_u3_abm164#branch                     0
stdout b.xu.x_u6_u604.beout#branch                  0
stdout b.xu.x_u6_u604.behys#branch                  0
stdout b.xu.x_u6_u598.be_abmgate#branch               0
stdout b.xu.x_u6_u600.be_abm#branch                 0
stdout b.xu.x_u6_u599.be_abmgate2#branch               0
stdout b.xu.x_u6_u599.be_abmgate1#branch               0
stdout b.xu.be_u6_abm151#branch                     0
stdout b.xu.bg_u6_abmi4#branch                      0
stdout b.xu.be_u6_abm164#branch                     0
stdout b.xu.be_u6_abm165#branch                     0
stdout b.xu.x_u6_u602.be_abmgate#branch               0
stdout b.xu.be_u6_abm152#branch                     0
stdout b.xu.be_u6_abm163#branch                     0
stdout b.xu.be_u6_abm148#branch                     0
stdout b.xu.x_u6_u603.beqb#branch                   0
stdout b.xu.x_u6_u603.x3.be_abmgate2#branch               0
stdout b.xu.x_u6_u603.x3.be_abmgate1#branch               0
stdout b.xu.x_u6_u603.bgq#branch                    0
stdout b.xu.x_u6_u603.x2.be_abmgate#branch               0
stdout b.xu.x_u6_u603.x1.be_abmgate2#branch               0
stdout b.xu.x_u6_u603.x1.be_abmgate1#branch               0
stdout b.xu.x_u6_u134.be_abmgate#branch               0
stdout h.xu.x_u8_h1.h_u8_h1#branch                  0
stdout v.xu.x_u8_h1.vh_u8_h1#branch      -2.08008e-15
stdout h.xu.x_u3_h1.h_u3_h1#branch        -8.3335e-06
stdout v.xu.x_u3_h1.vh_u3_h1#branch      -4.16675e-06
stdout l1#branch                         -2.09649e-15
stdout e.xu.e_u4_abm174#branch                      0
stdout e.xu.e_u4_abm179#branch                      0
stdout e.xu.x_u4_u1.e_abmgate#branch                0
stdout e.xu.e_u4_abm180#branch                      0
stdout e.xu.e_u4_abm178#branch                      0
stdout e.xu.x_u7_u824.e_abmgate#branch               0
stdout e.xu.x_u7_u822.e_abmgate2#branch               0
stdout e.xu.x_u7_u822.e_abmgate1#branch               0
stdout e.xu.x_u7_u827.e_abmgate#branch               0
stdout e.xu.x_u7_u823.e_abmgate#branch               0
stdout e.xu.e_u7_abm13#branch                       0
stdout e.xu.x_u7_u825.e_abmgate#branch               0
stdout e.xu.x_u7_u826.e_abmgate2#branch               0
stdout e.xu.x_u7_u826.e_abmgate1#branch               0
stdout e.xu.x_u7_u6.e_abmgate#branch                0
stdout e.xu.e_u1_abm1#branch                        0
stdout e.xu.e_u1_abm173#branch            2.11086e-10
stdout e.xu.x_u11_u602.e_abm#branch                 0
stdout e.xu.x_u11_u603.e_abmgate#branch               0
stdout e.xu.x_u11_u601.e_abmgate#branch               0
stdout e.xu.e_u11_abm173#branch                     0
stdout e.xu.x_u11_u604.e_abmgate#branch               0
stdout e.xu.e_u5_abm171#branch                      0
stdout e.xu.x_u5_u614.e_abmgate#branch               0
stdout e.xu.e_u5_abm8#branch                        0
stdout e.xu.x_u5_u603.e_abmgate#branch               0
stdout e.xu.e_u5_abm177#branch                      0
stdout e.xu.x_u8_u5.e_abm#branch                    0
stdout e.xu.e_u8_abm167#branch                      0
stdout e.xu.x_u8_u605.e_abmgate#branch               0
stdout e.xu.x_u8_u611.e_abmgate2#branch               0
stdout e.xu.x_u8_u611.e_abmgate1#branch               0
stdout e.xu.e_u8_abm169#branch                      0
stdout e.xu.x_u8_u604.e_abmgate#branch               0
stdout e.xu.x_u8_u610.e_abmgate#branch               0
stdout e.xu.e_u8_abm2#branch                        0
stdout e.xu.x_u8_u609.e_abmgate#branch      -1.001e-09
stdout e.xu.x_u8_u612.e_abmgate2#branch               0
stdout e.xu.x_u8_u612.e_abmgate1#branch               0
stdout e.xu.x_u8_u607.e_abmgate#branch               0
stdout e.xu.x_u8_u602.e_abmgate#branch               0
stdout e.xu.x_u8_u608.e_abmgate#branch               0
stdout e.xu.x_u8_u613.e_abmgate#branch               0
stdout e.xu.x_u8_u606.e_abmgate#branch               0
stdout e.xu.e_u3_abm6#branch                        0
stdout e.xu.x_u3_u137.e_abmgate2#branch               0
stdout e.xu.x_u3_u137.e_abmgate1#branch               0
stdout e.xu.e_u3_abm4#branch                        0
stdout e.xu.x_u3_u8.e_abm#branch                    0
stdout e.xu.x_u3_u136.e_abmgate#branch    2.09934e-140
stdout e.xu.e_u3_abm7#branch                        0
stdout e.xu.e_u3_abm165#branch                      0
stdout e.xu.x_u3_u134.e_abmgate#branch      -1.001e-09
stdout e.xu.e_u3_abm166#branch                      0
stdout e.xu.x_u3_u135.e_abmgate2#branch               0
stdout e.xu.x_u3_u135.e_abmgate1#branch               0
stdout e.xu.x_u3_u138.e_abmgate#branch               0
stdout e.xu.x_u3_u7.e_abm#branch                    0
stdout e.xu.x_u3_u131.e_abm#branch                  0
stdout e.xu.e_u3_abm1#branch                        0
stdout e.xu.x_u3_u6.e_abm#branch                    0
stdout e.xu.e_u3_abm164#branch                      0
stdout e.xu.x_u6_u604.eout#branch                   0
stdout e.xu.x_u6_u604.ehys#branch            4.36e-05
stdout e.xu.x_u6_u604.ein#branch            -4.36e-05
stdout e.xu.x_u6_u598.e_abmgate#branch               0
stdout e.xu.x_u6_u600.e_abm#branch                  0
stdout e.xu.x_u6_u599.e_abmgate2#branch               0
stdout e.xu.x_u6_u599.e_abmgate1#branch               0
stdout e.xu.e_u6_abm151#branch           -6.32869e-77
stdout e.xu.e_u6_abm164#branch                      0
stdout e.xu.e_u6_abm165#branch                      0
stdout e.xu.x_u6_u602.e_abmgate#branch               0
stdout e.xu.e_u6_abm152#branch                      0
stdout e.xu.e_u6_abm163#branch                      0
stdout e.xu.e_u6_abm148#branch                      0
stdout e.xu.x_u6_u603.eqb#branch                    0
stdout e.xu.x_u6_u603.x3.e_abmgate2#branch               0
stdout e.xu.x_u6_u603.x3.e_abmgate1#branch               0
stdout e.xu.x_u6_u603.eq#branch                     0
stdout e.xu.x_u6_u603.x2.e_abmgate#branch               0
stdout e.xu.x_u6_u603.x1.e_abmgate2#branch               0
stdout e.xu.x_u6_u603.x1.e_abmgate1#branch               0
stdout e.xu.x_u6_u134.e_abmgate#branch      -1.001e-09
stdout v.xu.v_u4_v70#branch                -1.701e-12
stdout v.xu.v_u11_v64#branch                        0
stdout v.xu.v_u5_v5#branch                -2.6696e-06
stdout v.xu.v_u5_v6#branch               -1.40661e-12
stdout v.xu.v_u3_v45#branch              -5.07254e-05
stdout v.xu.v_u3_v46#branch                         0
stdout v.xu.v_v46#branch                            0
stdout v.xu.v_u6_v2#branch                          0
stdout v.xu.x_u6_u603.v1#branch            -1.001e-12
stdout v.xu.v_u6_v1#branch                          0
stdout v.xu.v_v47#branch                            0
stdout vin#branch                        -1.04003e-06
 Reference value :  0.00000e+00
 Reference value :  1.20381e-04
 Reference value :  1.97545e-04
 Reference value :  2.35882e-04
 Reference value :  2.74316e-04
 Reference value :  3.31724e-04
 Reference value :  3.70218e-04
 Reference value :  4.09034e-04
 Reference value :  4.60591e-04
 Reference value :  5.04770e-04
 Reference value :  5.44211e-04
 Reference value :  6.01343e-04
 Reference value :  6.41263e-04
 Reference value :  6.97991e-04
 Reference value :  7.37817e-04
 Reference value :  7.94623e-04
 Reference value :  8.33175e-04
 Reference value :  8.89542e-04
 Reference value :  9.31413e-04
 Reference value :  9.87408e-04
 Reference value :  1.03586e-03
 Reference value :  1.08589e-03
 Reference value :  1.14104e-03
 Reference value :  1.17977e-03
 Reference value :  1.22276e-03
 Reference value :  1.27665e-03
 Reference value :  1.33389e-03
 Reference value :  1.37527e-03
 Reference value :  1.41187e-03
 Reference value :  1.43302e-03
 Reference value :  1.46046e-03
 Reference value :  1.48904e-03
 Reference value :  1.51073e-03
 Reference value :  1.53977e-03
 Reference value :  1.56674e-03
 Reference value :  1.58816e-03
 Reference value :  1.61391e-03
 Reference value :  1.63673e-03
 Reference value :  1.66357e-03
 Reference value :  1.69238e-03
 Reference value :  1.71428e-03
 Reference value :  1.74331e-03
 Reference value :  1.77009e-03
 Reference value :  1.79910e-03
 Reference value :  1.81872e-03
 Reference value :  1.84745e-03
 Reference value :  1.87434e-03
 Reference value :  1.89831e-03
 Reference value :  1.92742e-03
 Reference value :  1.95372e-03
 Reference value :  1.98275e-03
 Reference value :  2.00657e-03
 Reference value :  2.03389e-03
 Reference value :  2.05993e-03
 Reference value :  2.07565e-03
 Reference value :  2.09032e-03
 Reference value :  2.10159e-03
 Reference value :  2.11466e-03
 Reference value :  2.12934e-03
 Reference value :  2.14390e-03
 Reference value :  2.15853e-03
 Reference value :  2.17310e-03
 Reference value :  2.18462e-03
 Reference value :  2.19915e-03
 Reference value :  2.21220e-03
 Reference value :  2.22683e-03
 Reference value :  2.24139e-03
 Reference value :  2.25603e-03
 Reference value :  2.27051e-03
 Reference value :  2.28208e-03
 Reference value :  2.29652e-03
 Reference value :  2.31102e-03
 Reference value :  2.32383e-03
 Reference value :  2.33829e-03
 Reference value :  2.35285e-03
 Reference value :  2.36455e-03
 Reference value :  2.38192e-03
 Reference value :  2.39642e-03
 Reference value :  2.41098e-03
 Reference value :  2.42560e-03
 Reference value :  2.44009e-03
 Reference value :  2.45175e-03
 Reference value :  2.46629e-03
 Reference value :  2.48250e-03
 Reference value :  2.49556e-03
 Reference value :  2.51007e-03
 Reference value :  2.52459e-03
 Reference value :  2.53715e-03
 Reference value :  2.55172e-03
 Reference value :  2.56629e-03
 Reference value :  2.57809e-03
 Reference value :  2.59257e-03
 Reference value :  2.60727e-03
 Reference value :  2.62181e-03
 Reference value :  2.63425e-03
 Reference value :  2.64880e-03
 Reference value :  2.66341e-03
 Reference value :  2.67531e-03
 Reference value :  2.68989e-03
 Reference value :  2.70446e-03
 Reference value :  2.71902e-03
 Reference value :  2.73151e-03
 Reference value :  2.74597e-03
 Reference value :  2.76051e-03
 Reference value :  2.76981e-03
 Reference value :  2.77714e-03
 Reference value :  2.78339e-03
 Reference value :  2.79070e-03
 Reference value :  2.79800e-03
 Reference value :  2.80528e-03
 Reference value :  2.81256e-03
 Reference value :  2.81987e-03
 Reference value :  2.82822e-03
 Reference value :  2.83560e-03
 Reference value :  2.84297e-03
 Reference value :  2.84918e-03
 Reference value :  2.85647e-03
 Reference value :  2.86488e-03
 Reference value :  2.87109e-03
 Reference value :  2.87840e-03
 Reference value :  2.88574e-03
 Reference value :  2.89295e-03
 Reference value :  2.89912e-03
 Reference value :  2.90646e-03
 Reference value :  2.91378e-03
 Reference value :  2.91998e-03
 Reference value :  2.92719e-03
 Reference value :  2.93456e-03
 Reference value :  2.94075e-03
 Reference value :  2.94815e-03
 Reference value :  2.95653e-03
 Reference value :  2.96265e-03
 Reference value :  2.96901e-03
 Reference value :  2.97609e-03
 Reference value :  2.98343e-03
 Reference value :  2.99080e-03
 Reference value :  2.99808e-03
 Reference value :  3.00536e-03
 Reference value :  3.01160e-03
 Reference value :  3.01771e-03
 Reference value :  3.02502e-03
 Reference value :  3.03235e-03
 Reference value :  3.03966e-03
 Reference value :  3.04700e-03
 Reference value :  3.05432e-03
 Reference value :  3.06160e-03
 Reference value :  3.06798e-03
 Reference value :  3.07633e-03
 Reference value :  3.08253e-03
 Reference value :  3.08979e-03
 Reference value :  3.09622e-03
 Reference value :  3.10443e-03
 Reference value :  3.11052e-03
 Reference value :  3.11784e-03
 Reference value :  3.12515e-03
 Reference value :  3.13243e-03
 Reference value :  3.13867e-03
 Reference value :  3.14588e-03
 Reference value :  3.15202e-03
 Reference value :  3.15938e-03
 Reference value :  3.16666e-03
 Reference value :  3.17300e-03
 Reference value :  3.18036e-03
 Reference value :  3.18772e-03
 Reference value :  3.19375e-03
 Reference value :  3.20107e-03
 Reference value :  3.20729e-03
 Reference value :  3.21569e-03
 Reference value :  3.22193e-03
 Reference value :  3.22931e-03
 Reference value :  3.23667e-03
 Reference value :  3.24389e-03
 Reference value :  3.25003e-03
 Reference value :  3.25734e-03
 Reference value :  3.26464e-03
 Reference value :  3.27090e-03
 Reference value :  3.27825e-03
 Reference value :  3.28561e-03
 Reference value :  3.29219e-03
 Reference value :  3.29903e-03
 Reference value :  3.30637e-03
 Reference value :  3.31261e-03
 Reference value :  3.31862e-03
 Reference value :  3.32490e-03
 Reference value :  3.33091e-03
 Reference value :  3.33718e-03
 Reference value :  3.34322e-03
 Reference value :  3.35055e-03
 Reference value :  3.35680e-03
 Reference value :  3.36285e-03
 Reference value :  3.36903e-03
 Reference value :  3.37500e-03
 Reference value :  3.38122e-03
 Reference value :  3.38716e-03
 Reference value :  3.39347e-03
 Reference value :  3.40081e-03
 Reference value :  3.40810e-03
 Reference value :  3.41513e-03
 Reference value :  3.42154e-03
 Reference value :  3.42890e-03
 Reference value :  3.43758e-03
 Reference value :  3.44495e-03
 Reference value :  3.45232e-03
 Reference value :  3.45848e-03
 Reference value :  3.46697e-03
 Reference value :  3.47321e-03
 Reference value :  3.48029e-03
 Reference value :  3.48764e-03
 Reference value :  3.49498e-03
 Reference value :  3.50362e-03
 Reference value :  3.50989e-03
 Reference value :  3.51699e-03
 Reference value :  3.52432e-03
 Reference value :  3.53171e-03
 Reference value :  3.53904e-03
 Reference value :  3.54636e-03
 Reference value :  3.55272e-03
 Reference value :  3.56106e-03
 Reference value :  3.56919e-03
 Reference value :  3.57709e-03
 Reference value :  3.58307e-03
 Reference value :  3.59039e-03
 Reference value :  3.59768e-03
 Reference value :  3.60403e-03
 Reference value :  3.61138e-03
 Reference value :  3.61872e-03
 Reference value :  3.62612e-03
 Reference value :  3.63348e-03
 Reference value :  3.64177e-03
 Reference value :  3.64816e-03
 Reference value :  3.65549e-03
 Reference value :  3.66187e-03
 Reference value :  3.66913e-03
 Reference value :  3.67619e-03
 Reference value :  3.68350e-03
 Reference value :  3.69082e-03
 Reference value :  3.69712e-03
 Reference value :  3.70448e-03
 Reference value :  3.71051e-03
 Reference value :  3.71775e-03
 Reference value :  3.72511e-03
 Reference value :  3.73245e-03
 Reference value :  3.73983e-03
 Reference value :  3.74716e-03
 Reference value :  3.75354e-03
 Reference value :  3.76082e-03
 Reference value :  3.76715e-03
 Reference value :  3.77424e-03
 Reference value :  3.78145e-03
 Reference value :  3.78880e-03
 Reference value :  3.79614e-03
 Reference value :  3.80342e-03
 Reference value :  3.80978e-03
 Reference value :  3.81715e-03
 Reference value :  3.82448e-03
 Reference value :  3.83059e-03
 Reference value :  3.83771e-03
 Reference value :  3.84639e-03
 Reference value :  3.85363e-03
 Reference value :  3.86108e-03
 Reference value :  3.86842e-03
 Reference value :  3.87570e-03
 Reference value :  3.88167e-03
 Reference value :  3.88894e-03
 Reference value :  3.89628e-03
 Reference value :  3.90363e-03
 Reference value :  3.91090e-03
 Reference value :  3.91821e-03
 Reference value :  3.92552e-03
 Reference value :  3.93289e-03
 Reference value :  3.93920e-03
 Reference value :  3.94642e-03
 Reference value :  3.95293e-03
 Reference value :  3.95973e-03
 Reference value :  3.96705e-03
 Reference value :  3.97341e-03
 Reference value :  3.98070e-03
 Reference value :  3.98807e-03
 Reference value :  3.99405e-03
 Reference value :  4.00135e-03
 Reference value :  4.00938e-03
 Reference value :  4.01602e-03
 Reference value :  4.02325e-03
 Reference value :  4.03061e-03
 Reference value :  4.03697e-03
 Reference value :  4.04427e-03
 Reference value :  4.05159e-03
 Reference value :  4.05893e-03
 Reference value :  4.06492e-03
 Reference value :  4.07224e-03
 Reference value :  4.07956e-03
 Reference value :  4.08690e-03
 Reference value :  4.09424e-03
 Reference value :  4.10059e-03
 Reference value :  4.10781e-03
 Reference value :  4.11514e-03
 Reference value :  4.12146e-03
 Reference value :  4.12970e-03
 Reference value :  4.13712e-03
 Reference value :  4.14436e-03
 Reference value :  4.15035e-03
 Reference value :  4.15767e-03
 Reference value :  4.16496e-03
 Reference value :  4.17130e-03
 Reference value :  4.17862e-03
 Reference value :  4.18591e-03
 Reference value :  4.19326e-03
 Reference value :  4.19929e-03
 Reference value :  4.20653e-03
 Reference value :  4.21384e-03
 Reference value :  4.22021e-03
 Reference value :  4.22618e-03
 Reference value :  4.23494e-03
 Reference value :  4.24106e-03
 Reference value :  4.24820e-03
 Reference value :  4.25454e-03
 Reference value :  4.26187e-03
 Reference value :  4.26908e-03
 Reference value :  4.27507e-03
 Reference value :  4.28241e-03
 Reference value :  4.28976e-03
 Reference value :  4.29710e-03
 Reference value :  4.30357e-03
 Reference value :  4.30928e-03
 Reference value :  4.31654e-03
 Reference value :  4.32145e-03
 Reference value :  4.32780e-03
 Reference value :  4.33369e-03
 Reference value :  4.34001e-03
 Reference value :  4.34592e-03
 Reference value :  4.35225e-03
 Reference value :  4.35719e-03
 Reference value :  4.36307e-03
 Reference value :  4.36939e-03
 Reference value :  4.37531e-03
 Reference value :  4.38166e-03
 Reference value :  4.38753e-03
 Reference value :  4.39482e-03
 Reference value :  4.40213e-03
 Reference value :  4.40849e-03
 Reference value :  4.41578e-03
 Reference value :  4.42299e-03
 Reference value :  4.43044e-03
 Reference value :  4.43637e-03
 Reference value :  4.44371e-03
 Reference value :  4.45099e-03
 Reference value :  4.45832e-03
 Reference value :  4.46564e-03
 Reference value :  4.47293e-03
 Reference value :  4.48028e-03
 Reference value :  4.48760e-03
 Reference value :  4.49491e-03
 Reference value :  4.50222e-03
 Reference value :  4.50863e-03
 Reference value :  4.51596e-03
 Reference value :  4.52331e-03
 Reference value :  4.53066e-03
 Reference value :  4.53801e-03
 Reference value :  4.54536e-03
 Reference value :  4.55135e-03
 Reference value :  4.55860e-03
 Reference value :  4.56593e-03
 Reference value :  4.57330e-03
 Reference value :  4.58065e-03
 Reference value :  4.58797e-03
 Reference value :  4.59533e-03
 Reference value :  4.60172e-03
 Reference value :  4.60906e-03
 Reference value :  4.61642e-03
 Reference value :  4.62371e-03
 Reference value :  4.63102e-03
 Reference value :  4.63712e-03
 Reference value :  4.64478e-03
 Reference value :  4.65165e-03
 Reference value :  4.65901e-03
 Reference value :  4.66634e-03
 Reference value :  4.67365e-03
 Reference value :  4.68020e-03
 Reference value :  4.68826e-03
 Reference value :  4.69463e-03
 Reference value :  4.70081e-03
 Reference value :  4.70786e-03
 Reference value :  4.71523e-03
 Reference value :  4.72252e-03
 Reference value :  4.72989e-03
 Reference value :  4.73627e-03
 Reference value :  4.74348e-03
 Reference value :  4.74945e-03
 Reference value :  4.75678e-03
 Reference value :  4.76410e-03
 Reference value :  4.77143e-03
 Reference value :  4.77875e-03
 Reference value :  4.78604e-03
 Reference value :  4.79249e-03
 Reference value :  4.79974e-03
 Reference value :  4.80571e-03
 Reference value :  4.81304e-03
 Reference value :  4.82044e-03
 Reference value :  4.82771e-03
 Reference value :  4.83503e-03
 Reference value :  4.84139e-03
 Reference value :  4.84873e-03
 Reference value :  4.85602e-03
 Reference value :  4.86199e-03
 Reference value :  4.86926e-03
 Reference value :  4.87664e-03
 Reference value :  4.88400e-03
 Reference value :  4.89039e-03
 Reference value :  4.89769e-03
 Reference value :  4.90490e-03
 Reference value :  4.91224e-03
 Reference value :  4.91834e-03
 Reference value :  4.92678e-03
 Reference value :  4.93313e-03
 Reference value :  4.94025e-03
 Reference value :  4.94663e-03
 Reference value :  4.95396e-03
 Reference value :  4.96129e-03
 Reference value :  4.96861e-03
 Reference value :  4.97479e-03
 Reference value :  4.98193e-03
 Reference value :  4.98924e-03
 Reference value :  4.99661e-03
 Reference value :  5.00396e-03
 Reference value :  5.01125e-03
 Reference value :  5.01767e-03
 Reference value :  5.02502e-03
 Reference value :  5.03239e-03
 Reference value :  5.03836e-03
 Reference value :  5.04565e-03
 Reference value :  5.05297e-03
 Reference value :  5.06032e-03
 Reference value :  5.06904e-03
 Reference value :  5.07639e-03
 Reference value :  5.08226e-03
 Reference value :  5.08959e-03
 Reference value :  5.09690e-03
 Reference value :  5.10318e-03
 Reference value :  5.11055e-03
 Reference value :  5.11652e-03
 Reference value :  5.12527e-03
 Reference value :  5.13265e-03
 Reference value :  5.14001e-03
 Reference value :  5.14735e-03
 Reference value :  5.15343e-03
 Reference value :  5.16200e-03
 Reference value :  5.16799e-03
 Reference value :  5.17528e-03
 Reference value :  5.18270e-03
 Reference value :  5.19055e-03
 Reference value :  5.19733e-03
 Reference value :  5.20466e-03
 Reference value :  5.21196e-03
 Reference value :  5.21840e-03
 Reference value :  5.22442e-03
 Reference value :  5.23169e-03
 Reference value :  5.23910e-03
 Reference value :  5.24645e-03
 Reference value :  5.25370e-03
 Reference value :  5.25870e-03
 Reference value :  5.26584e-03
 Reference value :  5.27084e-03
 Reference value :  5.27720e-03
 Reference value :  5.28445e-03
 Reference value :  5.29040e-03
 Reference value :  5.29673e-03
 Reference value :  5.30266e-03
 Reference value :  5.30763e-03
 Reference value :  5.31488e-03
 Reference value :  5.32120e-03
 Reference value :  5.32709e-03
 Reference value :  5.33202e-03
 Reference value :  5.33785e-03
 Reference value :  5.34322e-03
 Reference value :  5.34911e-03
 Reference value :  5.35542e-03
 Reference value :  5.36131e-03
 Reference value :  5.36763e-03
 Reference value :  5.37352e-03
 Reference value :  5.37852e-03
 Reference value :  5.38571e-03
 Reference value :  5.39071e-03
 Reference value :  5.39702e-03
 Reference value :  5.40188e-03
 Reference value :  5.40540e-03
 Reference value :  5.41029e-03
 Reference value :  5.41422e-03
 Reference value :  5.41767e-03
 Reference value :  5.42395e-03
 Reference value :  5.42986e-03
 Reference value :  5.43619e-03
 Reference value :  5.44210e-03
 Reference value :  5.44703e-03
 Reference value :  5.45202e-03
 Reference value :  5.45930e-03
 Reference value :  5.46423e-03
 Reference value :  5.47051e-03
 Reference value :  5.47640e-03
 Reference value :  5.48134e-03
 Reference value :  5.48862e-03
 Reference value :  5.49496e-03
 Reference value :  5.50088e-03
 Reference value :  5.50721e-03
 Reference value :  5.51309e-03
 Reference value :  5.51943e-03
 Reference value :  5.52533e-03
 Reference value :  5.53033e-03
 Reference value :  5.53756e-03
 Reference value :  5.54256e-03
 Reference value :  5.54884e-03
 Reference value :  5.55477e-03
 Reference value :  5.56108e-03
 Reference value :  5.56697e-03
 Reference value :  5.57328e-03
 Reference value :  5.57823e-03
 Reference value :  5.58440e-03
 Reference value :  5.59138e-03
 Reference value :  5.59636e-03
 Reference value :  5.60283e-03
 Reference value :  5.60994e-03
 Reference value :  5.61588e-03
 Reference value :  5.62222e-03
 Reference value :  5.62810e-03
 Reference value :  5.63308e-03
 Reference value :  5.64036e-03
 Reference value :  5.64546e-03
 Reference value :  5.65257e-03
 Reference value :  5.65842e-03
 Reference value :  5.66393e-03
 Reference value :  5.66978e-03
 Reference value :  5.67612e-03
 Reference value :  5.68200e-03
 Reference value :  5.68690e-03
 Reference value :  5.69316e-03
 Reference value :  5.69831e-03
 Reference value :  5.70414e-03
 Reference value :  5.71041e-03
 Reference value :  5.71632e-03
 Reference value :  5.72263e-03
 Reference value :  5.72856e-03
 Reference value :  5.73491e-03
 Reference value :  5.74080e-03
 Reference value :  5.74713e-03
 Reference value :  5.75303e-03
 Reference value :  5.75934e-03
 Reference value :  5.76522e-03
 Reference value :  5.77018e-03
 Reference value :  5.77644e-03
 Reference value :  5.78239e-03
 Reference value :  5.78863e-03
 Reference value :  5.79460e-03
 Reference value :  5.79958e-03
 Reference value :  5.80590e-03
 Reference value :  5.81181e-03
 Reference value :  5.81808e-03
 Reference value :  5.82397e-03
 Reference value :  5.83028e-03
 Reference value :  5.83618e-03
 Reference value :  5.84254e-03
 Reference value :  5.84843e-03
 Reference value :  5.85478e-03
 Reference value :  5.86069e-03
 Reference value :  5.86559e-03
 Reference value :  5.87190e-03
 Reference value :  5.87772e-03
 Reference value :  5.88282e-03
 Reference value :  5.89003e-03
 Reference value :  5.89508e-03
 Reference value :  5.90232e-03
 Reference value :  5.90725e-03
 Reference value :  5.91362e-03
 Reference value :  5.91949e-03
 Reference value :  5.92583e-03
 Reference value :  5.93171e-03
 Reference value :  5.93800e-03
 Reference value :  5.94383e-03
 Reference value :  5.94886e-03
 Reference value :  5.95516e-03
 Reference value :  5.95861e-03
 Reference value :  5.96110e-03
 Reference value :  5.96499e-03
 Reference value :  5.96746e-03
 Reference value :  5.97231e-03
 Reference value :  5.97577e-03
 Reference value :  5.98069e-03
 Reference value :  5.98558e-03
 Reference value :  5.99181e-03
 Reference value :  5.99685e-03
 Reference value :  6.00264e-03
 Reference value :  6.00886e-03
 Reference value :  6.01414e-03
 Reference value :  6.01973e-03
 Reference value :  6.02460e-03
 Reference value :  6.03090e-03
 Reference value :  6.03583e-03
 Reference value :  6.04178e-03
 Reference value :  6.04676e-03
 Reference value :  6.05297e-03
 Reference value :  6.05888e-03
 Reference value :  6.06510e-03
 Reference value :  6.07015e-03
 Reference value :  6.07597e-03
 Reference value :  6.08098e-03
 Reference value :  6.08726e-03
 Reference value :  6.09313e-03
 Reference value :  6.09804e-03
 Reference value :  6.10297e-03
 Reference value :  6.10921e-03
 Reference value :  6.11413e-03
 Reference value :  6.12005e-03
 Reference value :  6.12502e-03
 Reference value :  6.13122e-03
 Reference value :  6.13712e-03
 Reference value :  6.14200e-03
 Reference value :  6.14835e-03
 Reference value :  6.15422e-03
 Reference value :  6.15912e-03
 Reference value :  6.16542e-03
 Reference value :  6.17036e-03
 Reference value :  6.17624e-03
 Reference value :  6.18113e-03
 Reference value :  6.18744e-03
 Reference value :  6.19307e-03
 Reference value :  6.19828e-03
 Reference value :  6.20454e-03
 Reference value :  6.20950e-03
 Reference value :  6.21535e-03
 Reference value :  6.22164e-03
 Reference value :  6.22756e-03
 Reference value :  6.23379e-03
 Reference value :  6.23888e-03
 Reference value :  6.24466e-03
 Reference value :  6.25094e-03
 Reference value :  6.25682e-03
 Reference value :  6.26212e-03
 Reference value :  6.26803e-03
 Reference value :  6.27393e-03
 Reference value :  6.27885e-03
 Reference value :  6.28512e-03
 Reference value :  6.29099e-03
 Reference value :  6.29591e-03
 Reference value :  6.30226e-03
 Reference value :  6.30817e-03
 Reference value :  6.31460e-03
 Reference value :  6.32184e-03
 Reference value :  6.32777e-03
 Reference value :  6.33408e-03
 Reference value :  6.33993e-03
 Reference value :  6.34627e-03
 Reference value :  6.35211e-03
 Reference value :  6.35843e-03
 Reference value :  6.36431e-03
 Reference value :  6.37059e-03
 Reference value :  6.37651e-03
 Reference value :  6.38145e-03
 Reference value :  6.38781e-03
 Reference value :  6.39373e-03
 Reference value :  6.39998e-03
 Reference value :  6.40584e-03
 Reference value :  6.41218e-03
 Reference value :  6.41802e-03
 Reference value :  6.42313e-03
 Reference value :  6.43023e-03
 Reference value :  6.43529e-03
 Reference value :  6.44254e-03
 Reference value :  6.44764e-03
 Reference value :  6.45474e-03
 Reference value :  6.46103e-03
 Reference value :  6.46700e-03
 Reference value :  6.47420e-03
 Reference value :  6.47922e-03
 Reference value :  6.48653e-03
 Reference value :  6.49288e-03
 Reference value :  6.49875e-03
 Reference value :  6.50507e-03
 Reference value :  6.51097e-03
 Reference value :  6.51727e-03
 Reference value :  6.52313e-03
 Reference value :  6.52941e-03
 Reference value :  6.53529e-03
 Reference value :  6.54168e-03
 Reference value :  6.54749e-03
 Reference value :  6.55475e-03
 Reference value :  6.55973e-03
 Reference value :  6.56603e-03
 Reference value :  6.57199e-03
 Reference value :  6.57836e-03
 Reference value :  6.58569e-03
 Reference value :  6.59161e-03
 Reference value :  6.59796e-03
 Reference value :  6.60386e-03
 Reference value :  6.60875e-03
 Reference value :  6.61510e-03
 Reference value :  6.62107e-03
 Reference value :  6.62748e-03
 Reference value :  6.63324e-03
 Reference value :  6.63958e-03
 Reference value :  6.64542e-03
 Reference value :  6.65274e-03
 Reference value :  6.65767e-03
 Reference value :  6.66391e-03
 Reference value :  6.66979e-03
 Reference value :  6.67605e-03
 Reference value :  6.68196e-03
 Reference value :  6.68831e-03
 Reference value :  6.69421e-03
 Reference value :  6.70054e-03
 Reference value :  6.70644e-03
 Reference value :  6.71377e-03
 Reference value :  6.72110e-03
 Reference value :  6.72842e-03
 Reference value :  6.73576e-03
 Reference value :  6.74314e-03
 Reference value :  6.75048e-03
 Reference value :  6.75783e-03
 Reference value :  6.76517e-03
 Reference value :  6.77253e-03
 Reference value :  6.77990e-03
 Reference value :  6.78721e-03
 Reference value :  6.79450e-03
 Reference value :  6.80083e-03
 Reference value :  6.80815e-03
 Reference value :  6.81467e-03
 Reference value :  6.82141e-03
 Reference value :  6.82875e-03
 Reference value :  6.83608e-03
 Reference value :  6.84266e-03
 Reference value :  6.84973e-03
 Reference value :  6.85709e-03
 Reference value :  6.86445e-03
 Reference value :  6.87177e-03
 Reference value :  6.87908e-03
 Reference value :  6.88649e-03
 Reference value :  6.89382e-03
 Reference value :  6.90106e-03
 Reference value :  6.90843e-03
 Reference value :  6.91574e-03
 Reference value :  6.92312e-03
 Reference value :  6.92905e-03
 Reference value :  6.93640e-03
 Reference value :  6.94276e-03
 Reference value :  6.95008e-03
 Reference value :  6.95619e-03
 Reference value :  6.96339e-03
 Reference value :  6.97071e-03
 Reference value :  6.97818e-03
 Reference value :  6.98529e-03
 Reference value :  6.99400e-03
 Reference value :  7.00137e-03
 Reference value :  7.00727e-03
 Reference value :  7.01462e-03
 Reference value :  7.02199e-03
 Reference value :  7.02926e-03
 Reference value :  7.03660e-03
 Reference value :  7.04391e-03
 Reference value :  7.05126e-03
 Reference value :  7.05766e-03
 Reference value :  7.06494e-03
 Reference value :  7.07221e-03
 Reference value :  7.07950e-03
 Reference value :  7.08535e-03
 Reference value :  7.09267e-03
 Reference value :  7.09910e-03
 Reference value :  7.10731e-03
 Reference value :  7.11469e-03
 Reference value :  7.12193e-03
 Reference value :  7.12833e-03
 Reference value :  7.13566e-03
 Reference value :  7.14164e-03
 Reference value :  7.14787e-03
 Reference value :  7.15377e-03
 Reference value :  7.16109e-03
 Reference value :  7.16845e-03
 Reference value :  7.17575e-03
 Reference value :  7.18309e-03
 Reference value :  7.19042e-03
 Reference value :  7.19770e-03
 Reference value :  7.20505e-03
 Reference value :  7.21144e-03
 Reference value :  7.21738e-03
 Reference value :  7.22467e-03
 Reference value :  7.23106e-03
 Reference value :  7.23832e-03
 Reference value :  7.24426e-03
 Reference value :  7.25059e-03
 Reference value :  7.25651e-03
 Reference value :  7.26283e-03
 Reference value :  7.26894e-03
 Reference value :  7.27612e-03
 Reference value :  7.28343e-03
 Reference value :  7.29078e-03
 Reference value :  7.29713e-03
 Reference value :  7.30449e-03
 Reference value :  7.31040e-03
 Reference value :  7.31770e-03
 Reference value :  7.32268e-03
 Reference value :  7.32992e-03
 Reference value :  7.33630e-03
 Reference value :  7.34287e-03
 Reference value :  7.34953e-03
 Reference value :  7.35688e-03
 Reference value :  7.36323e-03
 Reference value :  7.36916e-03
 Reference value :  7.37641e-03
 Reference value :  7.38148e-03
 Reference value :  7.38789e-03
 Reference value :  7.39500e-03
 Reference value :  7.40089e-03
 Reference value :  7.40725e-03
 Reference value :  7.41316e-03
 Reference value :  7.41946e-03
 Reference value :  7.42536e-03
 Reference value :  7.43163e-03
 Reference value :  7.43757e-03
 Reference value :  7.44392e-03
 Reference value :  7.44981e-03
 Reference value :  7.45618e-03
 Reference value :  7.46207e-03
 Reference value :  7.46839e-03
 Reference value :  7.47432e-03
 Reference value :  7.48061e-03
 Reference value :  7.48652e-03
 Reference value :  7.49283e-03
 Reference value :  7.49876e-03
 Reference value :  7.50368e-03
 Reference value :  7.51093e-03
 Reference value :  7.51726e-03
 Reference value :  7.52315e-03
 Reference value :  7.52949e-03
 Reference value :  7.53534e-03
 Reference value :  7.54049e-03
 Reference value :  7.54660e-03
 Reference value :  7.55248e-03
 Reference value :  7.55885e-03
 Reference value :  7.56479e-03
 Reference value :  7.57115e-03
 Reference value :  7.57705e-03
 Reference value :  7.58341e-03
 Reference value :  7.58936e-03
 Reference value :  7.59565e-03
 Reference value :  7.60157e-03
 Reference value :  7.60786e-03
 Reference value :  7.61370e-03
 Reference value :  7.62005e-03
 Reference value :  7.62725e-03
 Reference value :  7.63322e-03
 Reference value :  7.64051e-03
 Reference value :  7.64785e-03
 Reference value :  7.65516e-03
 Reference value :  7.66153e-03
 Reference value :  7.66884e-03
 Reference value :  7.67486e-03
 Reference value :  7.68214e-03
 Reference value :  7.68946e-03
 Reference value :  7.69680e-03
 Reference value :  7.70414e-03
 Reference value :  7.71148e-03
 Reference value :  7.71780e-03
 Reference value :  7.72515e-03
 Reference value :  7.73120e-03
 Reference value :  7.73984e-03
 Reference value :  7.74713e-03
 Reference value :  7.75311e-03
 Reference value :  7.76030e-03
 Reference value :  7.76529e-03
 Reference value :  7.77166e-03
 Reference value :  7.77755e-03
 Reference value :  7.78380e-03
 Reference value :  7.78975e-03
 Reference value :  7.79613e-03
 Reference value :  7.80203e-03
 Reference value :  7.80834e-03
 Reference value :  7.81562e-03
 Reference value :  7.82148e-03
 Reference value :  7.82784e-03
 Reference value :  7.83371e-03
 Reference value :  7.84000e-03
 Reference value :  7.84592e-03
 Reference value :  7.85213e-03
 Reference value :  7.85808e-03
 Reference value :  7.86443e-03
 Reference value :  7.87029e-03
 Reference value :  7.87662e-03
 Reference value :  7.88255e-03
 Reference value :  7.88889e-03
 Reference value :  7.89613e-03
 Reference value :  7.90196e-03
 Reference value :  7.90705e-03
 Reference value :  7.91424e-03
 Reference value :  7.91914e-03
 Reference value :  7.92644e-03
 Reference value :  7.93375e-03
 Reference value :  7.94014e-03
 Reference value :  7.94611e-03
 Reference value :  7.95329e-03
 Reference value :  7.96061e-03
 Reference value :  7.96800e-03
 Reference value :  7.97527e-03
 Reference value :  7.98169e-03
 Reference value :  7.98894e-03
 Reference value :  7.99628e-03
stdout No. of Data Rows : 1317110
stdout output_ss           =  1.19652e+01 from=  4.00000e-03 to=  4.50000e-03
stdout output_peak         =  1.20219e+01 at=  6.35119e-03
stdout step_min            =  1.18491e+01 at=  4.71790e-03
stdout removal_peak        =  1.20219e+01 at=  6.35119e-03
stdout highload_ss         =  1.18879e+01 from=  5.50000e-03 to=  6.00001e-03
stdout inductor_peak       =  5.43598e+00 at=  1.92745e-03
stdout inductor_running_peak=  2.65390e+00 at=  5.05195e-03
