stdout Note: gnd in a subcircuit is not set to 0 automatically
stdout Note: Compatibility modes selected: ps
stdout Circuit: ti tps54360 transient model, 12v actual compensation, vin=13.0
stdout Reducing trtol to 1 for xspice 'A' devices
stdout Doing analysis at TEMP = 27.000000 and TNOM = 27.000000
stdout Using SPARSE 1.3 as Direct Linear Solver
stdout Initial Transient Solution
stdout --------------------------
stdout Node                                   Voltage
stdout ----                                   -------
stdout vin                                          0
stdout vinf                              -2.08005e-08
stdout xu.set0                                      0
stdout xu.u6_n16588693                           0.86
stdout xu.x_u6_u134.yint                            1
stdout xu.x_u6_u134.e_abmgate_int1                  1
stdout xu.u6_n16564386                              0
stdout xu.sdwn                                      1
stdout xu.u6_n16543632                              1
stdout xu.u6_n16489275                    1.14396e-60
stdout xu.x_u6_u603.x1.yint1                        0
stdout xu.x_u6_u603.x1.e_abmgate1_int1               0
stdout xu.sysclk                                    0
stdout xu.x_u6_u603.x1.yint2                        0
stdout xu.x_u6_u603.x1.yint3                        1
stdout xu.x_u6_u603.x1.e_abmgate2_int1               1
stdout xu.x_u6_u603.clkdel                          1
stdout xu.x_u6_u603.x2.yint                         0
stdout xu.x_u6_u603.x2.e_abmgate_int1               0
stdout xu.x_u6_u603.clkint                          0
stdout xu.x_u6_u603.qint                            0
stdout xu.x_u6_u603.gq_int1                        -1
stdout xu.u6_pwm                                    0
stdout xu.set1                                      1
stdout xu.x_u6_u603.my5                             1
stdout xu.x_u6_u603.qqq                             0
stdout xu.x_u6_u603.x3.yint1                        0
stdout xu.x_u6_u603.x3.e_abmgate1_int1               0
stdout xu.x_u6_u603.x3.yint2                        0
stdout xu.x_u6_u603.x3.yint3                        0
stdout xu.x_u6_u603.x3.e_abmgate2_int1               0
stdout xu.x_u6_u603.qqqd1                           0
stdout xu.pwm_clk                                   0
stdout xu.x_u6_u603.qbr                             1
stdout xu.x_u6_u603.eqb_int1                        1
stdout xu.n16528816                                 1
stdout xu.u6_n16489469                    3.43757e-12
stdout xu.e_u6_abm148_int1                3.43757e-12
stdout xu.u6_vrampin                      3.43757e-06
stdout xu.u6_n16502082                      -1.22e-06
stdout xu.e_u6_abm163_int1                  -1.22e-06
stdout xu.u6_n16488977                    2.49722e-06
stdout xu.u6_vramp                        3.43757e-12
stdout xu.u6_iswf                                -0.1
stdout xu.e_u6_abm152_int1                       -0.1
stdout xu.isw                            -2.08008e-15
stdout xu.u6_n16489395                              0
stdout xu.u6_n165858563                         0.024
stdout xu.x_u6_u602.yint                            0
stdout xu.x_u6_u602.e_abmgate_int1                  0
stdout xu.u6_n16575036                              0
stdout xu.boot_uvlo                                 0
stdout xu.u6_ovtp                                   1
stdout xu.u6_n16531938                      -0.111508
stdout xu.e_u6_abm165_int1                  -0.111508
stdout xu.u6_ictrl                          -0.111508
stdout xu.e_u6_abm164_int1                2.49722e-06
stdout comp                                  0.594386
stdout xu.g_u6_abmi4_int1                -0.000343757
stdout xu.if2ia                           0.000343757
stdout xu.e_u6_abm151_int1                          0
stdout xu.pwm_final                                 0
stdout xu.x_u6_u599.yint1                           0
stdout xu.x_u6_u599.e_abmgate1_int1                 0
stdout xu.x_u6_u599.yint2                           0
stdout xu.x_u6_u599.yint3                           1
stdout xu.x_u6_u599.e_abmgate2_int1                 1
stdout xu.u6_n16489527                              1
stdout xu.x_u6_u600.yint                            0
stdout xu.x_u6_u600.e_abm_int1                      0
stdout xu.x_u6_u598.yint                            0
stdout xu.x_u6_u598.e_abmgate_int1                  0
stdout xu.x_u6_u604.inp1                        0.436
stdout xu.x_u6_u604.inm1                       -0.424
stdout xu.vsenseint                      -2.23507e-15
stdout xu.x_u6_u604.inm2                       -0.436
stdout xu.x_u6_u604.ehys_int1                  -0.012
stdout xu.x_u6_u604.1                               1
stdout xu.x_u6_u604.eout_int1                       1
stdout xu.u3_n16489962                              1
stdout xu.u3_n16638112                   -2.23507e-15
stdout rt                                    0.999996
stdout xu.u3_n16667294                   2.09934e-140
stdout xu.u3_n16667366                   1.24615e-122
stdout xu.u3_n166379101                           0.6
stdout xu.u3_n16638088                            0.6
stdout xu.u3_n16490102                              5
stdout xu.u3_ramp                         5.07254e-05
stdout xu.u3_n16650384                    5.07254e-05
stdout xu.i_rt                            4.16675e-06
stdout xu.u3_n16523619                              1
stdout xu.e_u3_abm164_int1               -2.23507e-15
stdout fb                                -2.23507e-15
stdout xu.x_u3_u6.yint                              1
stdout xu.x_u3_u6.e_abm_int1                        1
stdout xu.u3_n16637796                            0.4
stdout xu.u3_out2                                   1
stdout xu.fsw                             0.000405803
stdout xu.e_u3_abm1_int1                  0.000405803
stdout xu.u3_n16505459                              1
stdout xu.x_u3_u131.yint                            0
stdout xu.x_u3_u131.e_abm_int1                      0
stdout xu.u3_sysclk1                                0
stdout xu.x_u3_u7.yint                              1
stdout xu.x_u3_u7.e_abm_int1                        1
stdout xu.u3_out3                                   1
stdout xu.x_u3_u138.yint                            0
stdout xu.x_u3_u138.e_abmgate_int1                  0
stdout xu.x_u3_u135.yint1                           0
stdout xu.x_u3_u135.e_abmgate1_int1                 0
stdout xu.x_u3_u135.yint2                           0
stdout xu.x_u3_u135.yint3                           0
stdout xu.x_u3_u135.e_abmgate2_int1                 0
stdout xu.u3_n16517387                              0
stdout xu.u3_n16676060                    0.000343757
stdout xu.e_u3_abm166_int1                0.000343757
stdout xu.u3_out1                                   1
stdout xu.u3_n16668029                            0.2
stdout xu.x_u3_u134.yint                            1
stdout xu.x_u3_u134.e_abmgate_int1                  1
stdout xu.u3_n16517226                              1
stdout xu.e_u3_abm165_int1                5.07254e-05
stdout xu.u3_n166679551                           0.2
stdout xu.e_u3_abm7_int1                          0.2
stdout xu.u3_n166378601                           0.4
stdout xu.x_u3_u136.yint                            0
stdout xu.x_u3_u136.e_abmgate_int1                  0
stdout xu.u3_n16667326                              1
stdout xu.x_u3_u8.yint                              1
stdout xu.x_u3_u8.e_abm_int1                        1
stdout xu.e_u3_abm4_int1                          0.4
stdout xu.x_u3_u137.yint1                           0
stdout xu.x_u3_u137.e_abmgate1_int1                 0
stdout xu.x_u3_u137.yint2                           0
stdout xu.x_u3_u137.yint3                           1
stdout xu.x_u3_u137.e_abmgate2_int1                 1
stdout xu.e_u3_abm6_int1                          0.6
stdout xu.x_u8_u606.yint                            0
stdout xu.x_u8_u606.e_abmgate_int1                  0
stdout xu.u8_sdwn_n                                 0
stdout xu.x_u8_u613.yint                            0
stdout xu.x_u8_u613.e_abmgate_int1                  0
stdout xu.u8_n7365280                               0
stdout xu.u8_n73698801                              6
stdout xu.u8_n7345383                               6
stdout xu.u8_n7274256                               0
stdout xu.x_u8_u608.yint                            0
stdout xu.x_u8_u608.e_abmgate_int1                  0
stdout xu.u8_hdrvin                                 0
stdout xu.u8_n7342498                               0
stdout xu.u8_n7274022                               0
stdout xu.x_u8_u602.yint                            1
stdout xu.x_u8_u602.e_abmgate_int1                  1
stdout xu.u8_out                                    0
stdout xu.u8_boot_on                                1
stdout xu.x_u8_u607.yint                            0
stdout xu.x_u8_u607.e_abmgate_int1                  0
stdout xu.u8_ldrv                                   1
stdout xu.enab                                      0
stdout xu.u8_boot_sw_on                             0
stdout xu.x_u8_u612.yint1                           1
stdout xu.x_u8_u612.e_abmgate1_int1                 1
stdout xu.u8_n7274198                               1
stdout xu.x_u8_u612.yint2                           1
stdout xu.x_u8_u612.yint3                           1
stdout xu.x_u8_u612.e_abmgate2_int1                 1
stdout xu.u8_n7343256                               1
stdout xu.x_u8_u609.yint                            1
stdout xu.x_u8_u609.e_abmgate_int1                  1
stdout xu.u8_n7274032                               1
stdout xu.u8_n7273984                    -2.08005e-08
stdout xu.e_u8_abm2_int1                            6
stdout boot                              -1.89229e-11
stdout xu.x_u8_u610.yint                            1
stdout xu.x_u8_u610.e_abmgate_int1                  1
stdout xu.x_u8_u604.yint                            0
stdout xu.x_u8_u604.e_abmgate_int1                  0
stdout xu.u8_n7347010                    -1.88893e-11
stdout xu.e_u8_abm169_int1               -1.88893e-11
stdout sw                                -3.35784e-14
stdout xu.x_u8_u611.yint1                           0
stdout xu.x_u8_u611.e_abmgate1_int1                 0
stdout xu.x_u8_u611.yint2                           0
stdout xu.x_u8_u611.yint3                           0
stdout xu.x_u8_u611.e_abmgate2_int1                 0
stdout xu.hdrv                           -3.35973e-14
stdout xu.x_u8_u605.yint                            1
stdout xu.x_u8_u605.e_abmgate_int1                  1
stdout xu.e_u8_abm167_int1                          0
stdout xu.x_u8_u5.yint                              0
stdout xu.x_u8_u5.e_abm_int1                        0
stdout xu.u5_n16512904                          7e-05
stdout xu.ocb                                       0
stdout xu.g_u5_abm2i1_int1                -2.6488e-06
stdout xu.vref_gm                             -0.0344
stdout xu.u5_vgm                              7.7e-05
stdout xu.u5_n16513008                              2
stdout xu.u5_n16513064                        7.7e-05
stdout xu.e_u5_abm177_int1                    7.7e-05
stdout xu.x_u5_u603.yint                            0
stdout xu.x_u5_u603.e_abmgate_int1                  0
stdout xu.u5_n16513124                              0
stdout xu.u5_n16512948                          7e-05
stdout xu.u5_n16513186                              0
stdout xu.e_u5_abm8_int1                            0
stdout xu.u5_n16513014                            0.6
stdout xu.x_u5_u614.yint                            0
stdout xu.x_u5_u614.e_abmgate_int1                  0
stdout xu.u5_n16513160                              0
stdout xu.e_u5_abm171_int1                      7e-05
stdout xu.ss_tr                                     0
stdout xu.x_u11_u604.yint                           1
stdout xu.x_u11_u604.e_abmgate_int1                 1
stdout xu.u11_n16496294                             1
stdout xu.ss_disch                                  0
stdout xu.e_u11_abm173_int1                         0
stdout xu.u11_n6045136                              0
stdout xu.x_u11_u601.yint                           1
stdout xu.x_u11_u601.e_abmgate_int1                 1
stdout xu.u11_uvlo                                  1
stdout xu.x_u11_u603.yint                           0
stdout xu.x_u11_u603.e_abmgate_int1                 0
stdout xu.u11_n6045130                              0
stdout xu.u11_n6045018                            4.3
stdout xu.x_u11_u602.yint                           1
stdout xu.x_u11_u602.e_abm_int1                     1
stdout en                                   0.0207963
stdout xu.u1_n7335522                               0
stdout xu.e_u1_abm173_int1                          0
stdout xu.u1_n7335540                               0
stdout xu.e_u1_abm1_int1                            0
stdout xu.g_u1_abmii1_int1                    1.2e-06
stdout xu.u7_indelayed2                    1.0379e-57
stdout xu.u7_n16490100                              1
stdout xu.u7_n16489586                              1
stdout xu.x_u7_u6.yint                              0
stdout xu.x_u7_u6.e_abmgate_int1                    0
stdout xu.u7_or2out2                                0
stdout xu.u7_or2out1                                0
stdout xu.u7_n16489522                              0
stdout xu.u7_indelayed1                   4.65239e-57
stdout xu.x_u7_u826.yint1                           0
stdout xu.x_u7_u826.e_abmgate1_int1                 0
stdout xu.x_u7_u826.yint2                           0
stdout xu.x_u7_u826.yint3                           1
stdout xu.x_u7_u826.e_abmgate2_int1                 1
stdout xu.u7_n16509390                              1
stdout xu.x_u7_u825.yint                            0
stdout xu.x_u7_u825.e_abmgate_int1                  0
stdout xu.u7_n16509288                              0
stdout xu.e_u7_abm13_int1                           1
stdout xu.x_u7_u823.yint                            0
stdout xu.x_u7_u823.e_abmgate_int1                  0
stdout xu.u7_n16497188                              1
stdout xu.x_u7_u827.yint                            0
stdout xu.x_u7_u827.e_abmgate_int1                  0
stdout xu.x_u7_u822.yint1                           0
stdout xu.x_u7_u822.e_abmgate1_int1                 0
stdout xu.x_u7_u822.yint2                           0
stdout xu.x_u7_u822.yint3                           1
stdout xu.x_u7_u822.e_abmgate2_int1                 1
stdout xu.x_u7_u824.yint                            0
stdout xu.x_u7_u824.e_abmgate_int1                  0
stdout xu.u4_n7398284                         -0.0344
stdout xu.e_u4_abm178_int1                    -0.0344
stdout xu.u4_n7404432                         -0.0344
stdout xu.u4_n7398466                               0
stdout xu.e_u4_abm180_int1                          0
stdout xu.u4_n7397990                             1.7
stdout xu.g_u4_abmii1_int1                          0
stdout xu.u4_n16518371                              0
stdout xu.u4_n7404426                         -0.0344
stdout xu.x_u4_u1.yint                              0
stdout xu.x_u4_u1.e_abmgate_int1                    0
stdout xu.u4_n7398492                               0
stdout xu.e_u4_abm179_int1                    -0.0344
stdout xu.u4_n7398290                         -0.0344
stdout xu.g_u4_abmi5_int1                           0
stdout xu.e_u4_abm174_int1                    -0.0344
stdout vout                               -3.3526e-14
stdout cc                                    0.594386
stdout linductor                         -3.35784e-14
stdout c1                                           0
stdout c2                                           0
stdout b.xu.be_u4_abm174#branch                     0
stdout b.xu.bg_u4_abmi5#branch                      0
stdout b.xu.be_u4_abm179#branch                     0
stdout b.xu.x_u4_u1.be_abmgate#branch               0
stdout b.xu.bg_u4_abmii1#branch                     0
stdout b.xu.be_u4_abm180#branch                     0
stdout b.xu.be_u4_abm178#branch                     0
stdout b.xu.x_u7_u824.be_abmgate#branch               0
stdout b.xu.x_u7_u822.be_abmgate2#branch               0
stdout b.xu.x_u7_u822.be_abmgate1#branch               0
stdout b.xu.x_u7_u827.be_abmgate#branch               0
stdout b.xu.x_u7_u823.be_abmgate#branch               0
stdout b.xu.be_u7_abm13#branch                      0
stdout b.xu.x_u7_u825.be_abmgate#branch               0
stdout b.xu.x_u7_u826.be_abmgate2#branch               0
stdout b.xu.x_u7_u826.be_abmgate1#branch               0
stdout b.xu.x_u7_u6.be_abmgate#branch               0
stdout b.xu.bg_u1_abmii1#branch                     0
stdout b.xu.be_u1_abm1#branch                       0
stdout b.xu.be_u1_abm173#branch                     0
stdout b.xu.x_u11_u602.be_abm#branch                0
stdout b.xu.x_u11_u603.be_abmgate#branch               0
stdout b.xu.x_u11_u601.be_abmgate#branch               0
stdout b.xu.be_u11_abm173#branch                    0
stdout b.xu.x_u11_u604.be_abmgate#branch               0
stdout b.xu.be_u5_abm171#branch                     0
stdout b.xu.x_u5_u614.be_abmgate#branch               0
stdout b.xu.be_u5_abm8#branch                       0
stdout b.xu.x_u5_u603.be_abmgate#branch               0
stdout b.xu.be_u5_abm177#branch                     0
stdout b.xu.bg_u5_abm2i1#branch                     0
stdout b.xu.x_u8_u5.be_abm#branch                   0
stdout b.xu.be_u8_abm167#branch                     0
stdout b.xu.x_u8_u605.be_abmgate#branch               0
stdout b.xu.x_u8_u611.be_abmgate2#branch               0
stdout b.xu.x_u8_u611.be_abmgate1#branch               0
stdout b.xu.be_u8_abm169#branch                     0
stdout b.xu.x_u8_u604.be_abmgate#branch               0
stdout b.xu.x_u8_u610.be_abmgate#branch               0
stdout b.xu.be_u8_abm2#branch                       0
stdout b.xu.x_u8_u609.be_abmgate#branch               0
stdout b.xu.x_u8_u612.be_abmgate2#branch               0
stdout b.xu.x_u8_u612.be_abmgate1#branch               0
stdout b.xu.x_u8_u607.be_abmgate#branch               0
stdout b.xu.x_u8_u602.be_abmgate#branch               0
stdout b.xu.x_u8_u608.be_abmgate#branch               0
stdout b.xu.x_u8_u613.be_abmgate#branch               0
stdout b.xu.x_u8_u606.be_abmgate#branch               0
stdout b.xu.be_u3_abm6#branch                       0
stdout b.xu.x_u3_u137.be_abmgate2#branch               0
stdout b.xu.x_u3_u137.be_abmgate1#branch               0
stdout b.xu.be_u3_abm4#branch                       0
stdout b.xu.x_u3_u8.be_abm#branch                   0
stdout b.xu.x_u3_u136.be_abmgate#branch               0
stdout b.xu.be_u3_abm7#branch                       0
stdout b.xu.be_u3_abm165#branch                     0
stdout v.xu.v_u3_v44#branch              -4.16675e-06
stdout b.xu.x_u3_u134.be_abmgate#branch               0
stdout b.xu.be_u3_abm166#branch                     0
stdout b.xu.x_u3_u135.be_abmgate2#branch               0
stdout b.xu.x_u3_u135.be_abmgate1#branch               0
stdout b.xu.x_u3_u138.be_abmgate#branch               0
stdout b.xu.x_u3_u7.be_abm#branch                   0
stdout b.xu.x_u3_u131.be_abm#branch                 0
stdout b.xu.be_u3_abm1#branch                       0
stdout b.xu.x_u3_u6.be_abm#branch                   0
stdout b.xu.be_u3_abm164#branch                     0
stdout b.xu.x_u6_u604.beout#branch                  0
stdout b.xu.x_u6_u604.behys#branch                  0
stdout b.xu.x_u6_u598.be_abmgate#branch               0
stdout b.xu.x_u6_u600.be_abm#branch                 0
stdout b.xu.x_u6_u599.be_abmgate2#branch               0
stdout b.xu.x_u6_u599.be_abmgate1#branch               0
stdout b.xu.be_u6_abm151#branch                     0
stdout b.xu.bg_u6_abmi4#branch                      0
stdout b.xu.be_u6_abm164#branch                     0
stdout b.xu.be_u6_abm165#branch                     0
stdout b.xu.x_u6_u602.be_abmgate#branch               0
stdout b.xu.be_u6_abm152#branch                     0
stdout b.xu.be_u6_abm163#branch                     0
stdout b.xu.be_u6_abm148#branch                     0
stdout b.xu.x_u6_u603.beqb#branch                   0
stdout b.xu.x_u6_u603.x3.be_abmgate2#branch               0
stdout b.xu.x_u6_u603.x3.be_abmgate1#branch               0
stdout b.xu.x_u6_u603.bgq#branch                    0
stdout b.xu.x_u6_u603.x2.be_abmgate#branch               0
stdout b.xu.x_u6_u603.x1.be_abmgate2#branch               0
stdout b.xu.x_u6_u603.x1.be_abmgate1#branch               0
stdout b.xu.x_u6_u134.be_abmgate#branch               0
stdout h.xu.x_u8_h1.h_u8_h1#branch                  0
stdout v.xu.x_u8_h1.vh_u8_h1#branch      -2.08008e-15
stdout h.xu.x_u3_h1.h_u3_h1#branch        -8.3335e-06
stdout v.xu.x_u3_h1.vh_u3_h1#branch      -4.16675e-06
stdout l1#branch                         -2.09649e-15
stdout e.xu.e_u4_abm174#branch                      0
stdout e.xu.e_u4_abm179#branch                      0
stdout e.xu.x_u4_u1.e_abmgate#branch                0
stdout e.xu.e_u4_abm180#branch                      0
stdout e.xu.e_u4_abm178#branch                      0
stdout e.xu.x_u7_u824.e_abmgate#branch               0
stdout e.xu.x_u7_u822.e_abmgate2#branch               0
stdout e.xu.x_u7_u822.e_abmgate1#branch               0
stdout e.xu.x_u7_u827.e_abmgate#branch               0
stdout e.xu.x_u7_u823.e_abmgate#branch               0
stdout e.xu.e_u7_abm13#branch                       0
stdout e.xu.x_u7_u825.e_abmgate#branch               0
stdout e.xu.x_u7_u826.e_abmgate2#branch               0
stdout e.xu.x_u7_u826.e_abmgate1#branch               0
stdout e.xu.x_u7_u6.e_abmgate#branch                0
stdout e.xu.e_u1_abm1#branch                        0
stdout e.xu.e_u1_abm173#branch            2.11086e-10
stdout e.xu.x_u11_u602.e_abm#branch                 0
stdout e.xu.x_u11_u603.e_abmgate#branch               0
stdout e.xu.x_u11_u601.e_abmgate#branch               0
stdout e.xu.e_u11_abm173#branch                     0
stdout e.xu.x_u11_u604.e_abmgate#branch               0
stdout e.xu.e_u5_abm171#branch                      0
stdout e.xu.x_u5_u614.e_abmgate#branch               0
stdout e.xu.e_u5_abm8#branch                        0
stdout e.xu.x_u5_u603.e_abmgate#branch               0
stdout e.xu.e_u5_abm177#branch                      0
stdout e.xu.x_u8_u5.e_abm#branch                    0
stdout e.xu.e_u8_abm167#branch                      0
stdout e.xu.x_u8_u605.e_abmgate#branch               0
stdout e.xu.x_u8_u611.e_abmgate2#branch               0
stdout e.xu.x_u8_u611.e_abmgate1#branch               0
stdout e.xu.e_u8_abm169#branch                      0
stdout e.xu.x_u8_u604.e_abmgate#branch               0
stdout e.xu.x_u8_u610.e_abmgate#branch               0
stdout e.xu.e_u8_abm2#branch                        0
stdout e.xu.x_u8_u609.e_abmgate#branch      -1.001e-09
stdout e.xu.x_u8_u612.e_abmgate2#branch               0
stdout e.xu.x_u8_u612.e_abmgate1#branch               0
stdout e.xu.x_u8_u607.e_abmgate#branch               0
stdout e.xu.x_u8_u602.e_abmgate#branch               0
stdout e.xu.x_u8_u608.e_abmgate#branch               0
stdout e.xu.x_u8_u613.e_abmgate#branch               0
stdout e.xu.x_u8_u606.e_abmgate#branch               0
stdout e.xu.e_u3_abm6#branch                        0
stdout e.xu.x_u3_u137.e_abmgate2#branch               0
stdout e.xu.x_u3_u137.e_abmgate1#branch               0
stdout e.xu.e_u3_abm4#branch                        0
stdout e.xu.x_u3_u8.e_abm#branch                    0
stdout e.xu.x_u3_u136.e_abmgate#branch    2.09934e-140
stdout e.xu.e_u3_abm7#branch                        0
stdout e.xu.e_u3_abm165#branch                      0
stdout e.xu.x_u3_u134.e_abmgate#branch      -1.001e-09
stdout e.xu.e_u3_abm166#branch                      0
stdout e.xu.x_u3_u135.e_abmgate2#branch               0
stdout e.xu.x_u3_u135.e_abmgate1#branch               0
stdout e.xu.x_u3_u138.e_abmgate#branch               0
stdout e.xu.x_u3_u7.e_abm#branch                    0
stdout e.xu.x_u3_u131.e_abm#branch                  0
stdout e.xu.e_u3_abm1#branch                        0
stdout e.xu.x_u3_u6.e_abm#branch                    0
stdout e.xu.e_u3_abm164#branch                      0
stdout e.xu.x_u6_u604.eout#branch                   0
stdout e.xu.x_u6_u604.ehys#branch            4.36e-05
stdout e.xu.x_u6_u604.ein#branch            -4.36e-05
stdout e.xu.x_u6_u598.e_abmgate#branch               0
stdout e.xu.x_u6_u600.e_abm#branch                  0
stdout e.xu.x_u6_u599.e_abmgate2#branch               0
stdout e.xu.x_u6_u599.e_abmgate1#branch               0
stdout e.xu.e_u6_abm151#branch           -6.32869e-77
stdout e.xu.e_u6_abm164#branch                      0
stdout e.xu.e_u6_abm165#branch                      0
stdout e.xu.x_u6_u602.e_abmgate#branch               0
stdout e.xu.e_u6_abm152#branch                      0
stdout e.xu.e_u6_abm163#branch                      0
stdout e.xu.e_u6_abm148#branch                      0
stdout e.xu.x_u6_u603.eqb#branch                    0
stdout e.xu.x_u6_u603.x3.e_abmgate2#branch               0
stdout e.xu.x_u6_u603.x3.e_abmgate1#branch               0
stdout e.xu.x_u6_u603.eq#branch                     0
stdout e.xu.x_u6_u603.x2.e_abmgate#branch               0
stdout e.xu.x_u6_u603.x1.e_abmgate2#branch               0
stdout e.xu.x_u6_u603.x1.e_abmgate1#branch               0
stdout e.xu.x_u6_u134.e_abmgate#branch      -1.001e-09
stdout v.xu.v_u4_v70#branch                -1.701e-12
stdout v.xu.v_u11_v64#branch                        0
stdout v.xu.v_u5_v5#branch                -2.6696e-06
stdout v.xu.v_u5_v6#branch               -1.40661e-12
stdout v.xu.v_u3_v45#branch              -5.07254e-05
stdout v.xu.v_u3_v46#branch                         0
stdout v.xu.v_v46#branch                            0
stdout v.xu.v_u6_v2#branch                          0
stdout v.xu.x_u6_u603.v1#branch            -1.001e-12
stdout v.xu.v_u6_v1#branch                          0
stdout v.xu.v_v47#branch                            0
stdout vin#branch                        -1.04003e-06
 Reference value :  7.03388e-05
 Reference value :  1.65226e-04
 Reference value :  2.40183e-04
 Reference value :  2.80611e-04
 Reference value :  3.20019e-04
 Reference value :  3.77247e-04
 Reference value :  4.16841e-04
 Reference value :  4.73626e-04
 Reference value :  5.13221e-04
 Reference value :  5.69888e-04
 Reference value :  6.14556e-04
 Reference value :  6.66124e-04
 Reference value :  7.23241e-04
 Reference value :  7.63918e-04
 Reference value :  8.19798e-04
 Reference value :  8.71724e-04
 Reference value :  9.18832e-04
 Reference value :  9.73930e-04
 Reference value :  1.01575e-03
 Reference value :  1.07054e-03
 Reference value :  1.11899e-03
 Reference value :  1.17060e-03
 Reference value :  1.22452e-03
 Reference value :  1.26729e-03
 Reference value :  1.32072e-03
 Reference value :  1.37853e-03
 Reference value :  1.42177e-03
 Reference value :  1.45984e-03
 Reference value :  1.48614e-03
 Reference value :  1.51496e-03
 Reference value :  1.54408e-03
 Reference value :  1.57307e-03
 Reference value :  1.60200e-03
 Reference value :  1.62455e-03
 Reference value :  1.65361e-03
 Reference value :  1.68254e-03
 Reference value :  1.71152e-03
 Reference value :  1.73701e-03
 Reference value :  1.76591e-03
 Reference value :  1.79475e-03
 Reference value :  1.82367e-03
 Reference value :  1.85278e-03
 Reference value :  1.88142e-03
 Reference value :  1.91048e-03
 Reference value :  1.93393e-03
 Reference value :  1.96306e-03
 Reference value :  1.98890e-03
 Reference value :  2.01667e-03
 Reference value :  2.04053e-03
 Reference value :  2.06939e-03
 Reference value :  2.09427e-03
 Reference value :  2.12285e-03
 Reference value :  2.15179e-03
 Reference value :  2.17262e-03
 Reference value :  2.18726e-03
 Reference value :  2.20191e-03
 Reference value :  2.21635e-03
 Reference value :  2.22752e-03
 Reference value :  2.24477e-03
 Reference value :  2.25637e-03
 Reference value :  2.27458e-03
 Reference value :  2.28564e-03
 Reference value :  2.30375e-03
 Reference value :  2.31661e-03
 Reference value :  2.33191e-03
 Reference value :  2.34405e-03
 Reference value :  2.36108e-03
 Reference value :  2.37657e-03
 Reference value :  2.39120e-03
 Reference value :  2.40288e-03
 Reference value :  2.41929e-03
 Reference value :  2.43218e-03
 Reference value :  2.44467e-03
 Reference value :  2.45929e-03
 Reference value :  2.47381e-03
 Reference value :  2.48835e-03
 Reference value :  2.50299e-03
 Reference value :  2.51750e-03
 Reference value :  2.53502e-03
 Reference value :  2.54666e-03
 Reference value :  2.56125e-03
 Reference value :  2.57579e-03
 Reference value :  2.59029e-03
 Reference value :  2.60487e-03
 Reference value :  2.61952e-03
 Reference value :  2.63377e-03
 Reference value :  2.64866e-03
 Reference value :  2.66325e-03
 Reference value :  2.67780e-03
 Reference value :  2.69230e-03
 Reference value :  2.70676e-03
 Reference value :  2.71997e-03
 Reference value :  2.73446e-03
 Reference value :  2.74906e-03
 Reference value :  2.76359e-03
 Reference value :  2.77848e-03
 Reference value :  2.79284e-03
 Reference value :  2.80751e-03
 Reference value :  2.81544e-03
 Reference value :  2.82271e-03
 Reference value :  2.83004e-03
 Reference value :  2.83739e-03
 Reference value :  2.84469e-03
 Reference value :  2.85205e-03
 Reference value :  2.85879e-03
 Reference value :  2.86635e-03
 Reference value :  2.87359e-03
 Reference value :  2.87913e-03
 Reference value :  2.88640e-03
 Reference value :  2.89315e-03
 Reference value :  2.89865e-03
 Reference value :  2.90596e-03
 Reference value :  2.91329e-03
 Reference value :  2.92012e-03
 Reference value :  2.92560e-03
 Reference value :  2.93236e-03
 Reference value :  2.93783e-03
 Reference value :  2.94517e-03
 Reference value :  2.95202e-03
 Reference value :  2.95930e-03
 Reference value :  2.96664e-03
 Reference value :  2.97401e-03
 Reference value :  2.98132e-03
 Reference value :  2.98874e-03
 Reference value :  2.99652e-03
 Reference value :  3.00393e-03
 Reference value :  3.01161e-03
 Reference value :  3.02053e-03
 Reference value :  3.02785e-03
 Reference value :  3.03528e-03
 Reference value :  3.04301e-03
 Reference value :  3.04995e-03
 Reference value :  3.05766e-03
 Reference value :  3.06497e-03
 Reference value :  3.07231e-03
 Reference value :  3.07970e-03
 Reference value :  3.08711e-03
 Reference value :  3.09440e-03
 Reference value :  3.10174e-03
 Reference value :  3.10901e-03
 Reference value :  3.11639e-03
 Reference value :  3.12390e-03
 Reference value :  3.13139e-03
 Reference value :  3.14044e-03
 Reference value :  3.14814e-03
 Reference value :  3.15550e-03
 Reference value :  3.16486e-03
 Reference value :  3.17222e-03
 Reference value :  3.17990e-03
 Reference value :  3.18728e-03
 Reference value :  3.19461e-03
 Reference value :  3.20395e-03
 Reference value :  3.21165e-03
 Reference value :  3.21898e-03
 Reference value :  3.22633e-03
 Reference value :  3.23368e-03
 Reference value :  3.24100e-03
 Reference value :  3.24834e-03
 Reference value :  3.25566e-03
 Reference value :  3.26296e-03
 Reference value :  3.27002e-03
 Reference value :  3.27739e-03
 Reference value :  3.28463e-03
 Reference value :  3.28989e-03
 Reference value :  3.29719e-03
 Reference value :  3.30426e-03
 Reference value :  3.31157e-03
 Reference value :  3.31679e-03
 Reference value :  3.32415e-03
 Reference value :  3.33141e-03
 Reference value :  3.33848e-03
 Reference value :  3.34369e-03
 Reference value :  3.35100e-03
 Reference value :  3.35809e-03
 Reference value :  3.36545e-03
 Reference value :  3.37277e-03
 Reference value :  3.38007e-03
 Reference value :  3.38533e-03
 Reference value :  3.39264e-03
 Reference value :  3.39973e-03
 Reference value :  3.40730e-03
 Reference value :  3.41466e-03
 Reference value :  3.42419e-03
 Reference value :  3.43177e-03
 Reference value :  3.43916e-03
 Reference value :  3.44652e-03
 Reference value :  3.45595e-03
 Reference value :  3.46339e-03
 Reference value :  3.47078e-03
 Reference value :  3.47832e-03
 Reference value :  3.48570e-03
 Reference value :  3.49523e-03
 Reference value :  3.50050e-03
 Reference value :  3.50983e-03
 Reference value :  3.51729e-03
 Reference value :  3.52463e-03
 Reference value :  3.53203e-03
 Reference value :  3.53950e-03
 Reference value :  3.54708e-03
 Reference value :  3.55637e-03
 Reference value :  3.56375e-03
 Reference value :  3.57125e-03
 Reference value :  3.57856e-03
 Reference value :  3.58592e-03
 Reference value :  3.59329e-03
 Reference value :  3.60072e-03
 Reference value :  3.61014e-03
 Reference value :  3.61756e-03
 Reference value :  3.62494e-03
 Reference value :  3.63246e-03
 Reference value :  3.63981e-03
 Reference value :  3.64711e-03
 Reference value :  3.65450e-03
 Reference value :  3.66405e-03
 Reference value :  3.66936e-03
 Reference value :  3.67661e-03
 Reference value :  3.68396e-03
 Reference value :  3.69345e-03
 Reference value :  3.70103e-03
 Reference value :  3.70844e-03
 Reference value :  3.71799e-03
 Reference value :  3.72552e-03
 Reference value :  3.73275e-03
 Reference value :  3.74010e-03
 Reference value :  3.74761e-03
 Reference value :  3.75498e-03
 Reference value :  3.76234e-03
 Reference value :  3.77184e-03
 Reference value :  3.77927e-03
 Reference value :  3.78681e-03
 Reference value :  3.79420e-03
 Reference value :  3.80383e-03
 Reference value :  3.81113e-03
 Reference value :  3.81867e-03
 Reference value :  3.82585e-03
 Reference value :  3.83332e-03
 Reference value :  3.84070e-03
 Reference value :  3.85034e-03
 Reference value :  3.85769e-03
 Reference value :  3.86509e-03
 Reference value :  3.87258e-03
 Reference value :  3.87993e-03
 Reference value :  3.88957e-03
 Reference value :  3.89684e-03
 Reference value :  3.90440e-03
 Reference value :  3.91174e-03
 Reference value :  3.91914e-03
 Reference value :  3.92659e-03
 Reference value :  3.93388e-03
 Reference value :  3.94343e-03
 Reference value :  3.95079e-03
 Reference value :  3.95816e-03
 Reference value :  3.96568e-03
 Reference value :  3.97521e-03
 Reference value :  3.98285e-03
 Reference value :  3.99016e-03
 Reference value :  3.99752e-03
 Reference value :  4.00515e-03
 Reference value :  4.01449e-03
 Reference value :  4.02196e-03
 Reference value :  4.02935e-03
 Reference value :  4.03833e-03
 Reference value :  4.04632e-03
 Reference value :  4.05386e-03
 Reference value :  4.06123e-03
 Reference value :  4.06857e-03
 Reference value :  4.07590e-03
 Reference value :  4.08331e-03
 Reference value :  4.09299e-03
 Reference value :  4.10033e-03
 Reference value :  4.10775e-03
 Reference value :  4.11536e-03
 Reference value :  4.12243e-03
 Reference value :  4.13197e-03
 Reference value :  4.13951e-03
 Reference value :  4.14692e-03
 Reference value :  4.15653e-03
 Reference value :  4.16389e-03
 Reference value :  4.17141e-03
 Reference value :  4.17878e-03
 Reference value :  4.18833e-03
 Reference value :  4.19368e-03
 Reference value :  4.20296e-03
 Reference value :  4.21053e-03
 Reference value :  4.21789e-03
 Reference value :  4.22519e-03
 Reference value :  4.23254e-03
 Reference value :  4.23988e-03
 Reference value :  4.24724e-03
 Reference value :  4.25682e-03
 Reference value :  4.26415e-03
 Reference value :  4.27166e-03
 Reference value :  4.27901e-03
 Reference value :  4.28864e-03
 Reference value :  4.29620e-03
 Reference value :  4.30360e-03
 Reference value :  4.31098e-03
 Reference value :  4.31828e-03
 Reference value :  4.32571e-03
 Reference value :  4.33445e-03
 Reference value :  4.34256e-03
 Reference value :  4.34766e-03
 Reference value :  4.35499e-03
 Reference value :  4.36220e-03
 Reference value :  4.36731e-03
 Reference value :  4.37463e-03
 Reference value :  4.38181e-03
 Reference value :  4.38917e-03
 Reference value :  4.39434e-03
 Reference value :  4.40162e-03
 Reference value :  4.40664e-03
 Reference value :  4.41389e-03
 Reference value :  4.42120e-03
 Reference value :  4.42828e-03
 Reference value :  4.43342e-03
 Reference value :  4.44059e-03
 Reference value :  4.44571e-03
 Reference value :  4.45292e-03
 Reference value :  4.46017e-03
 Reference value :  4.46531e-03
 Reference value :  4.47250e-03
 Reference value :  4.47762e-03
 Reference value :  4.48499e-03
 Reference value :  4.49235e-03
 Reference value :  4.49967e-03
 Reference value :  4.50693e-03
 Reference value :  4.51218e-03
 Reference value :  4.51933e-03
 Reference value :  4.52648e-03
 Reference value :  4.53194e-03
 Reference value :  4.53878e-03
 Reference value :  4.54388e-03
 Reference value :  4.55121e-03
 Reference value :  4.55837e-03
 Reference value :  4.56366e-03
 Reference value :  4.57073e-03
 Reference value :  4.57549e-03
 Reference value :  4.57814e-03
 Reference value :  4.58298e-03
 Reference value :  4.58787e-03
 Reference value :  4.59306e-03
 Reference value :  4.60018e-03
 Reference value :  4.60732e-03
 Reference value :  4.61246e-03
 Reference value :  4.61977e-03
 Reference value :  4.62699e-03
 Reference value :  4.63206e-03
 Reference value :  4.63940e-03
 Reference value :  4.64664e-03
 Reference value :  4.65170e-03
 Reference value :  4.65669e-03
 Reference value :  4.66154e-03
 Reference value :  4.66641e-03
 Reference value :  4.67120e-03
 Reference value :  4.67625e-03
 Reference value :  4.68345e-03
 Reference value :  4.68854e-03
 Reference value :  4.69589e-03
 Reference value :  4.70302e-03
 Reference value :  4.70816e-03
 Reference value :  4.71544e-03
 Reference value :  4.72258e-03
 Reference value :  4.72771e-03
 Reference value :  4.73503e-03
 Reference value :  4.73997e-03
 Reference value :  4.74729e-03
 Reference value :  4.75447e-03
 Reference value :  4.75957e-03
 Reference value :  4.76675e-03
 Reference value :  4.77186e-03
 Reference value :  4.77907e-03
 Reference value :  4.78416e-03
 Reference value :  4.79144e-03
 Reference value :  4.79863e-03
 Reference value :  4.80367e-03
 Reference value :  4.80865e-03
 Reference value :  4.81592e-03
 Reference value :  4.82313e-03
 Reference value :  4.82817e-03
 Reference value :  4.83528e-03
 Reference value :  4.84040e-03
 Reference value :  4.84774e-03
 Reference value :  4.85271e-03
 Reference value :  4.85995e-03
 Reference value :  4.86496e-03
 Reference value :  4.87220e-03
 Reference value :  4.87936e-03
 Reference value :  4.88448e-03
 Reference value :  4.89161e-03
 Reference value :  4.89896e-03
 Reference value :  4.90408e-03
 Reference value :  4.91141e-03
 Reference value :  4.91877e-03
 Reference value :  4.92542e-03
 Reference value :  4.93098e-03
 Reference value :  4.93821e-03
 Reference value :  4.94554e-03
 Reference value :  4.95060e-03
 Reference value :  4.95793e-03
 Reference value :  4.96513e-03
 Reference value :  4.97019e-03
 Reference value :  4.97738e-03
 Reference value :  4.98248e-03
 Reference value :  4.98963e-03
 Reference value :  4.99469e-03
 Reference value :  5.00184e-03
 Reference value :  5.00691e-03
 Reference value :  5.01425e-03
 Reference value :  5.02145e-03
 Reference value :  5.02658e-03
 Reference value :  5.03389e-03
 Reference value :  5.04120e-03
 Reference value :  5.04838e-03
 Reference value :  5.05350e-03
 Reference value :  5.06081e-03
 Reference value :  5.06576e-03
 Reference value :  5.07307e-03
 Reference value :  5.08019e-03
 Reference value :  5.08530e-03
 Reference value :  5.09263e-03
 Reference value :  5.09981e-03
 Reference value :  5.10497e-03
 Reference value :  5.11225e-03
 Reference value :  5.11938e-03
 Reference value :  5.12450e-03
 Reference value :  5.13184e-03
 Reference value :  5.13905e-03
 Reference value :  5.14414e-03
 Reference value :  5.15137e-03
 Reference value :  5.15872e-03
 Reference value :  5.16364e-03
 Reference value :  5.17079e-03
 Reference value :  5.17812e-03
 Reference value :  5.18325e-03
 Reference value :  5.19054e-03
 Reference value :  5.19781e-03
 Reference value :  5.20490e-03
 Reference value :  5.21001e-03
 Reference value :  5.21712e-03
 Reference value :  5.22440e-03
 Reference value :  5.22954e-03
 Reference value :  5.23686e-03
 Reference value :  5.24406e-03
 Reference value :  5.24915e-03
 Reference value :  5.25635e-03
 Reference value :  5.26140e-03
 Reference value :  5.26853e-03
 Reference value :  5.27367e-03
 Reference value :  5.28088e-03
 Reference value :  5.28335e-03
 Reference value :  5.28832e-03
 Reference value :  5.29091e-03
 Reference value :  5.29330e-03
 Reference value :  5.29804e-03
 Reference value :  5.30306e-03
 Reference value :  5.30780e-03
 Reference value :  5.31043e-03
 Reference value :  5.31759e-03
 Reference value :  5.32266e-03
 Reference value :  5.32756e-03
 Reference value :  5.33266e-03
 Reference value :  5.33964e-03
 Reference value :  5.34474e-03
 Reference value :  5.34967e-03
 Reference value :  5.35663e-03
 Reference value :  5.36192e-03
 Reference value :  5.36690e-03
 Reference value :  5.37404e-03
 Reference value :  5.37911e-03
 Reference value :  5.38628e-03
 Reference value :  5.39117e-03
 Reference value :  5.39629e-03
 Reference value :  5.40347e-03
 Reference value :  5.40850e-03
 Reference value :  5.41566e-03
 Reference value :  5.42056e-03
 Reference value :  5.42563e-03
 Reference value :  5.43054e-03
 Reference value :  5.43774e-03
 Reference value :  5.44259e-03
 Reference value :  5.44773e-03
 Reference value :  5.45489e-03
 Reference value :  5.45989e-03
 Reference value :  5.46703e-03
 Reference value :  5.47201e-03
 Reference value :  5.47704e-03
 Reference value :  5.48204e-03
 Reference value :  5.48915e-03
 Reference value :  5.49423e-03
 Reference value :  5.50138e-03
 Reference value :  5.50638e-03
 Reference value :  5.51130e-03
 Reference value :  5.51848e-03
 Reference value :  5.52358e-03
 Reference value :  5.52853e-03
 Reference value :  5.53569e-03
 Reference value :  5.54078e-03
 Reference value :  5.54568e-03
 Reference value :  5.55059e-03
 Reference value :  5.55772e-03
 Reference value :  5.56287e-03
 Reference value :  5.57005e-03
 Reference value :  5.57497e-03
 Reference value :  5.58215e-03
 Reference value :  5.58715e-03
 Reference value :  5.59211e-03
 Reference value :  5.59924e-03
 Reference value :  5.60435e-03
 Reference value :  5.61149e-03
 Reference value :  5.61656e-03
 Reference value :  5.62388e-03
 Reference value :  5.62880e-03
 Reference value :  5.63601e-03
 Reference value :  5.64105e-03
 Reference value :  5.64832e-03
 Reference value :  5.65336e-03
 Reference value :  5.66061e-03
 Reference value :  5.66792e-03
 Reference value :  5.67293e-03
 Reference value :  5.68016e-03
 Reference value :  5.68512e-03
 Reference value :  5.69236e-03
 Reference value :  5.69955e-03
 Reference value :  5.70459e-03
 Reference value :  5.71170e-03
 Reference value :  5.71909e-03
 Reference value :  5.72640e-03
 Reference value :  5.73374e-03
 Reference value :  5.73880e-03
 Reference value :  5.74614e-03
 Reference value :  5.75334e-03
 Reference value :  5.75844e-03
 Reference value :  5.76576e-03
 Reference value :  5.77292e-03
 Reference value :  5.77802e-03
 Reference value :  5.78523e-03
 Reference value :  5.79248e-03
 Reference value :  5.79765e-03
 Reference value :  5.80498e-03
 Reference value :  5.81232e-03
 Reference value :  5.81955e-03
 Reference value :  5.82696e-03
 Reference value :  5.83203e-03
 Reference value :  5.83931e-03
 Reference value :  5.84652e-03
 Reference value :  5.85381e-03
 Reference value :  5.85893e-03
 Reference value :  5.86618e-03
 Reference value :  5.87346e-03
 Reference value :  5.87857e-03
 Reference value :  5.88589e-03
 Reference value :  5.89310e-03
 Reference value :  5.90047e-03
 Reference value :  5.90774e-03
 Reference value :  5.91506e-03
 Reference value :  5.92018e-03
 Reference value :  5.92750e-03
 Reference value :  5.93473e-03
 Reference value :  5.93980e-03
 Reference value :  5.94710e-03
 Reference value :  5.95425e-03
 Reference value :  5.95937e-03
 Reference value :  5.96671e-03
 Reference value :  5.97394e-03
 Reference value :  5.97905e-03
 Reference value :  5.98634e-03
 Reference value :  5.99365e-03
 Reference value :  6.00079e-03
 Reference value :  6.00808e-03
 Reference value :  6.01321e-03
 Reference value :  6.02056e-03
 Reference value :  6.02785e-03
 Reference value :  6.03280e-03
 Reference value :  6.04010e-03
 Reference value :  6.04512e-03
 Reference value :  6.05240e-03
 Reference value :  6.05973e-03
 Reference value :  6.06690e-03
 Reference value :  6.07425e-03
 Reference value :  6.07936e-03
 Reference value :  6.08673e-03
 Reference value :  6.09392e-03
 Reference value :  6.10128e-03
 Reference value :  6.10863e-03
 Reference value :  6.11618e-03
 Reference value :  6.12353e-03
 Reference value :  6.13099e-03
 Reference value :  6.13932e-03
 Reference value :  6.14789e-03
 Reference value :  6.15537e-03
 Reference value :  6.16268e-03
 Reference value :  6.17008e-03
 Reference value :  6.17742e-03
 Reference value :  6.18707e-03
 Reference value :  6.19458e-03
 Reference value :  6.20185e-03
 Reference value :  6.20924e-03
 Reference value :  6.21662e-03
 Reference value :  6.22402e-03
 Reference value :  6.23357e-03
 Reference value :  6.24109e-03
 Reference value :  6.24847e-03
 Reference value :  6.25585e-03
 Reference value :  6.26325e-03
 Reference value :  6.27060e-03
 Reference value :  6.28013e-03
 Reference value :  6.28764e-03
 Reference value :  6.29500e-03
 Reference value :  6.30238e-03
 Reference value :  6.31201e-03
 Reference value :  6.31936e-03
 Reference value :  6.32688e-03
 Reference value :  6.33424e-03
 Reference value :  6.34172e-03
 Reference value :  6.35119e-03
 Reference value :  6.35858e-03
 Reference value :  6.36595e-03
 Reference value :  6.37346e-03
 Reference value :  6.38082e-03
 Reference value :  6.39043e-03
 Reference value :  6.39773e-03
 Reference value :  6.40522e-03
 Reference value :  6.41251e-03
 Reference value :  6.41994e-03
 Reference value :  6.42731e-03
 Reference value :  6.43691e-03
 Reference value :  6.44428e-03
 Reference value :  6.45180e-03
 Reference value :  6.45914e-03
 Reference value :  6.46657e-03
 Reference value :  6.47421e-03
 Reference value :  6.48141e-03
 Reference value :  6.49092e-03
 Reference value :  6.49841e-03
 Reference value :  6.50579e-03
 Reference value :  6.51314e-03
 Reference value :  6.52104e-03
 Reference value :  6.53007e-03
 Reference value :  6.53745e-03
 Reference value :  6.54496e-03
 Reference value :  6.55234e-03
 Reference value :  6.55968e-03
 Reference value :  6.56929e-03
 Reference value :  6.57683e-03
 Reference value :  6.58630e-03
 Reference value :  6.59376e-03
 Reference value :  6.60128e-03
 Reference value :  6.60862e-03
 Reference value :  6.61608e-03
 Reference value :  6.62562e-03
 Reference value :  6.63301e-03
 Reference value :  6.64049e-03
 Reference value :  6.64787e-03
 Reference value :  6.65521e-03
 Reference value :  6.66261e-03
 Reference value :  6.67218e-03
 Reference value :  6.67973e-03
 Reference value :  6.68934e-03
 Reference value :  6.69689e-03
 Reference value :  6.70428e-03
 Reference value :  6.71168e-03
 Reference value :  6.72123e-03
 Reference value :  6.72860e-03
 Reference value :  6.73615e-03
 Reference value :  6.74352e-03
 Reference value :  6.75315e-03
 Reference value :  6.76067e-03
 Reference value :  6.76798e-03
 Reference value :  6.77753e-03
 Reference value :  6.78488e-03
 Reference value :  6.79235e-03
 Reference value :  6.79973e-03
 Reference value :  6.80712e-03
 Reference value :  6.81454e-03
 Reference value :  6.82405e-03
 Reference value :  6.83132e-03
 Reference value :  6.83871e-03
 Reference value :  6.84622e-03
 Reference value :  6.85582e-03
 Reference value :  6.86313e-03
 Reference value :  6.87070e-03
 Reference value :  6.87813e-03
 Reference value :  6.88763e-03
 Reference value :  6.89511e-03
 Reference value :  6.90251e-03
 Reference value :  6.91207e-03
 Reference value :  6.91944e-03
 Reference value :  6.92692e-03
 Reference value :  6.93432e-03
 Reference value :  6.94393e-03
 Reference value :  6.95144e-03
 Reference value :  6.95882e-03
 Reference value :  6.96621e-03
 Reference value :  6.97359e-03
 Reference value :  6.98170e-03
 Reference value :  6.98860e-03
 Reference value :  6.99795e-03
 Reference value :  7.00547e-03
 Reference value :  7.01281e-03
 Reference value :  7.02022e-03
 Reference value :  7.02759e-03
 Reference value :  7.03498e-03
 Reference value :  7.04463e-03
 Reference value :  7.05214e-03
 Reference value :  7.05949e-03
 Reference value :  7.06686e-03
 Reference value :  7.07436e-03
 Reference value :  7.08396e-03
 Reference value :  7.09133e-03
 Reference value :  7.09867e-03
 Reference value :  7.10672e-03
 Reference value :  7.11565e-03
 Reference value :  7.12317e-03
 Reference value :  7.13280e-03
 Reference value :  7.14013e-03
 Reference value :  7.14767e-03
 Reference value :  7.15499e-03
 Reference value :  7.16456e-03
 Reference value :  7.17188e-03
 Reference value :  7.17936e-03
 Reference value :  7.18890e-03
 Reference value :  7.19644e-03
 Reference value :  7.20382e-03
 Reference value :  7.21140e-03
 Reference value :  7.22076e-03
 Reference value :  7.22827e-03
 Reference value :  7.23559e-03
 Reference value :  7.24517e-03
 Reference value :  7.25259e-03
 Reference value :  7.26011e-03
 Reference value :  7.26743e-03
 Reference value :  7.27480e-03
 Reference value :  7.28222e-03
 Reference value :  7.29180e-03
 Reference value :  7.29933e-03
 Reference value :  7.30665e-03
 Reference value :  7.31638e-03
 Reference value :  7.32384e-03
 Reference value :  7.33343e-03
 Reference value :  7.34095e-03
 Reference value :  7.34829e-03
 Reference value :  7.35788e-03
 Reference value :  7.36521e-03
 Reference value :  7.37253e-03
 Reference value :  7.38011e-03
 Reference value :  7.38779e-03
 Reference value :  7.39721e-03
 Reference value :  7.40458e-03
 Reference value :  7.41196e-03
 Reference value :  7.41938e-03
 Reference value :  7.42898e-03
 Reference value :  7.43649e-03
 Reference value :  7.44389e-03
 Reference value :  7.45343e-03
 Reference value :  7.46081e-03
 Reference value :  7.46829e-03
 Reference value :  7.47566e-03
 Reference value :  7.48302e-03
 Reference value :  7.49041e-03
 Reference value :  7.49818e-03
 Reference value :  7.50735e-03
 Reference value :  7.51488e-03
 Reference value :  7.52225e-03
 Reference value :  7.52974e-03
 Reference value :  7.53918e-03
 Reference value :  7.54663e-03
 Reference value :  7.55416e-03
 Reference value :  7.56151e-03
 Reference value :  7.56888e-03
 Reference value :  7.57842e-03
 Reference value :  7.58593e-03
 Reference value :  7.59330e-03
 Reference value :  7.60293e-03
 Reference value :  7.61046e-03
 Reference value :  7.61783e-03
 Reference value :  7.62517e-03
 Reference value :  7.63303e-03
 Reference value :  7.64233e-03
 Reference value :  7.64967e-03
 Reference value :  7.65929e-03
 Reference value :  7.66677e-03
 Reference value :  7.67413e-03
 Reference value :  7.68148e-03
 Reference value :  7.69118e-03
 Reference value :  7.69860e-03
 Reference value :  7.70605e-03
 Reference value :  7.71563e-03
 Reference value :  7.72310e-03
 Reference value :  7.73047e-03
 Reference value :  7.74012e-03
 Reference value :  7.74739e-03
 Reference value :  7.75480e-03
 Reference value :  7.76232e-03
 Reference value :  7.77195e-03
 Reference value :  7.77930e-03
 Reference value :  7.78682e-03
 Reference value :  7.79422e-03
 Reference value :  7.80380e-03
 Reference value :  7.81126e-03
 Reference value :  7.81860e-03
 Reference value :  7.82820e-03
 Reference value :  7.83364e-03
 Reference value :  7.84080e-03
 Reference value :  7.85027e-03
 Reference value :  7.85762e-03
 Reference value :  7.86495e-03
 Reference value :  7.87250e-03
 Reference value :  7.88211e-03
 Reference value :  7.88948e-03
 Reference value :  7.89702e-03
 Reference value :  7.90443e-03
 Reference value :  7.91176e-03
 Reference value :  7.92133e-03
 Reference value :  7.92886e-03
 Reference value :  7.93619e-03
 Reference value :  7.94513e-03
 Reference value :  7.95318e-03
 Reference value :  7.96065e-03
 Reference value :  7.96809e-03
 Reference value :  7.97767e-03
 Reference value :  7.98517e-03
 Reference value :  7.99256e-03
 Reference value :  7.99996e-03
stdout No. of Data Rows : 1304211
stdout output_ss           =  1.19423e+01 from=  4.00000e-03 to=  4.50000e-03
stdout output_peak         =  1.20002e+01 at=  7.21585e-03
stdout step_min            =  1.18372e+01 at=  4.69641e-03
stdout removal_peak        =  1.20001e+01 at=  6.92185e-03
stdout highload_ss         =  1.18719e+01 from=  5.50000e-03 to=  6.00001e-03
stdout inductor_peak       =  4.53497e+00 at=  1.24786e-03
stdout inductor_running_peak=  2.17434e+00 at=  5.40827e-03
