stdout Note: gnd in a subcircuit is not set to 0 automatically
stdout Note: Compatibility modes selected: ps
stdout Circuit: ti tps54360 transient model, 5v actual compensation, vin=8.0
stdout Reducing trtol to 1 for xspice 'A' devices
stdout Doing analysis at TEMP = 27.000000 and TNOM = 27.000000
stdout Using SPARSE 1.3 as Direct Linear Solver
stdout Initial Transient Solution
stdout --------------------------
stdout Node                                   Voltage
stdout ----                                   -------
stdout vin                                          0
stdout vinf                              -1.92135e-08
stdout xu.set0                                      0
stdout xu.u6_n16588693                           0.86
stdout xu.x_u6_u134.yint                            1
stdout xu.x_u6_u134.e_abmgate_int1                  1
stdout xu.u6_n16564386                              0
stdout xu.sdwn                                      1
stdout xu.u6_n16543632                              1
stdout xu.u6_n16489275                    1.14396e-60
stdout xu.x_u6_u603.x1.yint1                        0
stdout xu.x_u6_u603.x1.e_abmgate1_int1               0
stdout xu.sysclk                                    0
stdout xu.x_u6_u603.x1.yint2                        0
stdout xu.x_u6_u603.x1.yint3                        1
stdout xu.x_u6_u603.x1.e_abmgate2_int1               1
stdout xu.x_u6_u603.clkdel                          1
stdout xu.x_u6_u603.x2.yint                         0
stdout xu.x_u6_u603.x2.e_abmgate_int1               0
stdout xu.x_u6_u603.clkint                          0
stdout xu.x_u6_u603.qint                            0
stdout xu.x_u6_u603.gq_int1                        -1
stdout xu.u6_pwm                                    0
stdout xu.set1                                      1
stdout xu.x_u6_u603.my5                             1
stdout xu.x_u6_u603.qqq                             0
stdout xu.x_u6_u603.x3.yint1                        0
stdout xu.x_u6_u603.x3.e_abmgate1_int1               0
stdout xu.x_u6_u603.x3.yint2                        0
stdout xu.x_u6_u603.x3.yint3                        0
stdout xu.x_u6_u603.x3.e_abmgate2_int1               0
stdout xu.x_u6_u603.qqqd1                           0
stdout xu.pwm_clk                                   0
stdout xu.x_u6_u603.qbr                             1
stdout xu.x_u6_u603.eqb_int1                        1
stdout xu.n16528816                                 1
stdout xu.u6_n16489469                    3.43757e-12
stdout xu.e_u6_abm148_int1                3.43757e-12
stdout xu.u6_vrampin                      3.43757e-06
stdout xu.u6_n16502082                      -1.22e-06
stdout xu.e_u6_abm163_int1                  -1.22e-06
stdout xu.u6_n16488977                    2.49722e-06
stdout xu.u6_vramp                        3.43757e-12
stdout xu.u6_iswf                                -0.1
stdout xu.e_u6_abm152_int1                       -0.1
stdout xu.isw                            -1.92137e-15
stdout xu.u6_n16489395                              0
stdout xu.u6_n165858563                         0.024
stdout xu.x_u6_u602.yint                            0
stdout xu.x_u6_u602.e_abmgate_int1                  0
stdout xu.u6_n16575036                              0
stdout xu.boot_uvlo                                 0
stdout xu.u6_ovtp                                   1
stdout xu.u6_n16531938                      -0.111508
stdout xu.e_u6_abm165_int1                  -0.111508
stdout xu.u6_ictrl                          -0.111508
stdout xu.e_u6_abm164_int1                2.49722e-06
stdout comp                                  0.594386
stdout xu.g_u6_abmi4_int1                -0.000343757
stdout xu.if2ia                           0.000343757
stdout xu.e_u6_abm151_int1                          0
stdout xu.pwm_final                                 0
stdout xu.x_u6_u599.yint1                           0
stdout xu.x_u6_u599.e_abmgate1_int1                 0
stdout xu.x_u6_u599.yint2                           0
stdout xu.x_u6_u599.yint3                           1
stdout xu.x_u6_u599.e_abmgate2_int1                 1
stdout xu.u6_n16489527                              1
stdout xu.x_u6_u600.yint                            0
stdout xu.x_u6_u600.e_abm_int1                      0
stdout xu.x_u6_u598.yint                            0
stdout xu.x_u6_u598.e_abmgate_int1                  0
stdout xu.x_u6_u604.inp1                        0.436
stdout xu.x_u6_u604.inm1                       -0.424
stdout xu.vsenseint                      -1.54996e-15
stdout xu.x_u6_u604.inm2                       -0.436
stdout xu.x_u6_u604.ehys_int1                  -0.012
stdout xu.x_u6_u604.1                               1
stdout xu.x_u6_u604.eout_int1                       1
stdout xu.u3_n16489962                              1
stdout xu.u3_n16638112                   -1.54996e-15
stdout rt                                    0.999996
stdout xu.u3_n16667294                   2.09934e-140
stdout xu.u3_n16667366                   1.24615e-122
stdout xu.u3_n166379101                           0.6
stdout xu.u3_n16638088                            0.6
stdout xu.u3_n16490102                              5
stdout xu.u3_ramp                         5.07254e-05
stdout xu.u3_n16650384                    5.07254e-05
stdout xu.i_rt                            4.16675e-06
stdout xu.u3_n16523619                              1
stdout xu.e_u3_abm164_int1               -1.54996e-15
stdout fb                                -1.54996e-15
stdout xu.x_u3_u6.yint                              1
stdout xu.x_u3_u6.e_abm_int1                        1
stdout xu.u3_n16637796                            0.4
stdout xu.u3_out2                                   1
stdout xu.fsw                             0.000405803
stdout xu.e_u3_abm1_int1                  0.000405803
stdout xu.u3_n16505459                              1
stdout xu.x_u3_u131.yint                            0
stdout xu.x_u3_u131.e_abm_int1                      0
stdout xu.u3_sysclk1                                0
stdout xu.x_u3_u7.yint                              1
stdout xu.x_u3_u7.e_abm_int1                        1
stdout xu.u3_out3                                   1
stdout xu.x_u3_u138.yint                            0
stdout xu.x_u3_u138.e_abmgate_int1                  0
stdout xu.x_u3_u135.yint1                           0
stdout xu.x_u3_u135.e_abmgate1_int1                 0
stdout xu.x_u3_u135.yint2                           0
stdout xu.x_u3_u135.yint3                           0
stdout xu.x_u3_u135.e_abmgate2_int1                 0
stdout xu.u3_n16517387                              0
stdout xu.u3_n16676060                    0.000343757
stdout xu.e_u3_abm166_int1                0.000343757
stdout xu.u3_out1                                   1
stdout xu.u3_n16668029                            0.2
stdout xu.x_u3_u134.yint                            1
stdout xu.x_u3_u134.e_abmgate_int1                  1
stdout xu.u3_n16517226                              1
stdout xu.e_u3_abm165_int1                5.07254e-05
stdout xu.u3_n166679551                           0.2
stdout xu.e_u3_abm7_int1                          0.2
stdout xu.u3_n166378601                           0.4
stdout xu.x_u3_u136.yint                            0
stdout xu.x_u3_u136.e_abmgate_int1                  0
stdout xu.u3_n16667326                              1
stdout xu.x_u3_u8.yint                              1
stdout xu.x_u3_u8.e_abm_int1                        1
stdout xu.e_u3_abm4_int1                          0.4
stdout xu.x_u3_u137.yint1                           0
stdout xu.x_u3_u137.e_abmgate1_int1                 0
stdout xu.x_u3_u137.yint2                           0
stdout xu.x_u3_u137.yint3                           1
stdout xu.x_u3_u137.e_abmgate2_int1                 1
stdout xu.e_u3_abm6_int1                          0.6
stdout xu.x_u8_u606.yint                            0
stdout xu.x_u8_u606.e_abmgate_int1                  0
stdout xu.u8_sdwn_n                                 0
stdout xu.x_u8_u613.yint                            0
stdout xu.x_u8_u613.e_abmgate_int1                  0
stdout xu.u8_n7365280                               0
stdout xu.u8_n73698801                              6
stdout xu.u8_n7345383                               6
stdout xu.u8_n7274256                               0
stdout xu.x_u8_u608.yint                            0
stdout xu.x_u8_u608.e_abmgate_int1                  0
stdout xu.u8_hdrvin                                 0
stdout xu.u8_n7342498                               0
stdout xu.u8_n7274022                               0
stdout xu.x_u8_u602.yint                            1
stdout xu.x_u8_u602.e_abmgate_int1                  1
stdout xu.u8_out                                    0
stdout xu.u8_boot_on                                1
stdout xu.x_u8_u607.yint                            0
stdout xu.x_u8_u607.e_abmgate_int1                  0
stdout xu.u8_ldrv                                   1
stdout xu.enab                                      0
stdout xu.u8_boot_sw_on                             0
stdout xu.x_u8_u612.yint1                           1
stdout xu.x_u8_u612.e_abmgate1_int1                 1
stdout xu.u8_n7274198                               1
stdout xu.x_u8_u612.yint2                           1
stdout xu.x_u8_u612.yint3                           1
stdout xu.x_u8_u612.e_abmgate2_int1                 1
stdout xu.u8_n7343256                               1
stdout xu.x_u8_u609.yint                            1
stdout xu.x_u8_u609.e_abmgate_int1                  1
stdout xu.u8_n7274032                               1
stdout xu.u8_n7273984                    -1.92135e-08
stdout xu.e_u8_abm2_int1                            6
stdout boot                                -1.746e-11
stdout xu.x_u8_u610.yint                            1
stdout xu.x_u8_u610.e_abmgate_int1                  1
stdout xu.x_u8_u604.yint                            0
stdout xu.x_u8_u604.e_abmgate_int1                  0
stdout xu.u8_n7347010                      -1.745e-11
stdout xu.e_u8_abm169_int1                 -1.745e-11
stdout sw                                -9.93865e-15
stdout xu.x_u8_u611.yint1                           0
stdout xu.x_u8_u611.e_abmgate1_int1                 0
stdout xu.x_u8_u611.yint2                           0
stdout xu.x_u8_u611.yint3                           0
stdout xu.x_u8_u611.e_abmgate2_int1                 0
stdout xu.hdrv                            -9.9561e-15
stdout xu.x_u8_u605.yint                            1
stdout xu.x_u8_u605.e_abmgate_int1                  1
stdout xu.e_u8_abm167_int1                          0
stdout xu.x_u8_u5.yint                              0
stdout xu.x_u8_u5.e_abm_int1                        0
stdout xu.u5_n16512904                          7e-05
stdout xu.ocb                                       0
stdout xu.g_u5_abm2i1_int1                -2.6488e-06
stdout xu.vref_gm                             -0.0344
stdout xu.u5_vgm                              7.7e-05
stdout xu.u5_n16513008                              2
stdout xu.u5_n16513064                        7.7e-05
stdout xu.e_u5_abm177_int1                    7.7e-05
stdout xu.x_u5_u603.yint                            0
stdout xu.x_u5_u603.e_abmgate_int1                  0
stdout xu.u5_n16513124                              0
stdout xu.u5_n16512948                          7e-05
stdout xu.u5_n16513186                              0
stdout xu.e_u5_abm8_int1                            0
stdout xu.u5_n16513014                            0.6
stdout xu.x_u5_u614.yint                            0
stdout xu.x_u5_u614.e_abmgate_int1                  0
stdout xu.u5_n16513160                              0
stdout xu.e_u5_abm171_int1                      7e-05
stdout xu.ss_tr                                     0
stdout xu.x_u11_u604.yint                           1
stdout xu.x_u11_u604.e_abmgate_int1                 1
stdout xu.u11_n16496294                             1
stdout xu.ss_disch                                  0
stdout xu.e_u11_abm173_int1                         0
stdout xu.u11_n6045136                              0
stdout xu.x_u11_u601.yint                           1
stdout xu.x_u11_u601.e_abmgate_int1                 1
stdout xu.u11_uvlo                                  1
stdout xu.x_u11_u603.yint                           0
stdout xu.x_u11_u603.e_abmgate_int1                 0
stdout xu.u11_n6045130                              0
stdout xu.u11_n6045018                            4.3
stdout xu.x_u11_u602.yint                           1
stdout xu.x_u11_u602.e_abm_int1                     1
stdout en                                   0.0282339
stdout xu.u1_n7335522                               0
stdout xu.e_u1_abm173_int1                          0
stdout xu.u1_n7335540                               0
stdout xu.e_u1_abm1_int1                            0
stdout xu.g_u1_abmii1_int1                    1.2e-06
stdout xu.u7_indelayed2                    1.0379e-57
stdout xu.u7_n16490100                              1
stdout xu.u7_n16489586                              1
stdout xu.x_u7_u6.yint                              0
stdout xu.x_u7_u6.e_abmgate_int1                    0
stdout xu.u7_or2out2                                0
stdout xu.u7_or2out1                                0
stdout xu.u7_n16489522                              0
stdout xu.u7_indelayed1                   4.65239e-57
stdout xu.x_u7_u826.yint1                           0
stdout xu.x_u7_u826.e_abmgate1_int1                 0
stdout xu.x_u7_u826.yint2                           0
stdout xu.x_u7_u826.yint3                           1
stdout xu.x_u7_u826.e_abmgate2_int1                 1
stdout xu.u7_n16509390                              1
stdout xu.x_u7_u825.yint                            0
stdout xu.x_u7_u825.e_abmgate_int1                  0
stdout xu.u7_n16509288                              0
stdout xu.e_u7_abm13_int1                           1
stdout xu.x_u7_u823.yint                            0
stdout xu.x_u7_u823.e_abmgate_int1                  0
stdout xu.u7_n16497188                              1
stdout xu.x_u7_u827.yint                            0
stdout xu.x_u7_u827.e_abmgate_int1                  0
stdout xu.x_u7_u822.yint1                           0
stdout xu.x_u7_u822.e_abmgate1_int1                 0
stdout xu.x_u7_u822.yint2                           0
stdout xu.x_u7_u822.yint3                           1
stdout xu.x_u7_u822.e_abmgate2_int1                 1
stdout xu.x_u7_u824.yint                            0
stdout xu.x_u7_u824.e_abmgate_int1                  0
stdout xu.u4_n7398284                         -0.0344
stdout xu.e_u4_abm178_int1                    -0.0344
stdout xu.u4_n7404432                         -0.0344
stdout xu.u4_n7398466                               0
stdout xu.e_u4_abm180_int1                          0
stdout xu.u4_n7397990                             1.7
stdout xu.g_u4_abmii1_int1                          0
stdout xu.u4_n16518371                              0
stdout xu.u4_n7404426                         -0.0344
stdout xu.x_u4_u1.yint                              0
stdout xu.x_u4_u1.e_abmgate_int1                    0
stdout xu.u4_n7398492                               0
stdout xu.e_u4_abm179_int1                    -0.0344
stdout xu.u4_n7398290                         -0.0344
stdout xu.g_u4_abmi5_int1                           0
stdout xu.e_u4_abm174_int1                    -0.0344
stdout vout                              -9.89019e-15
stdout cc                                    0.594386
stdout linductor                         -9.93865e-15
stdout c1                                           0
stdout c2                                           0
stdout b.xu.be_u4_abm174#branch                     0
stdout b.xu.bg_u4_abmi5#branch                      0
stdout b.xu.be_u4_abm179#branch                     0
stdout b.xu.x_u4_u1.be_abmgate#branch               0
stdout b.xu.bg_u4_abmii1#branch                     0
stdout b.xu.be_u4_abm180#branch                     0
stdout b.xu.be_u4_abm178#branch                     0
stdout b.xu.x_u7_u824.be_abmgate#branch               0
stdout b.xu.x_u7_u822.be_abmgate2#branch               0
stdout b.xu.x_u7_u822.be_abmgate1#branch               0
stdout b.xu.x_u7_u827.be_abmgate#branch               0
stdout b.xu.x_u7_u823.be_abmgate#branch               0
stdout b.xu.be_u7_abm13#branch                      0
stdout b.xu.x_u7_u825.be_abmgate#branch               0
stdout b.xu.x_u7_u826.be_abmgate2#branch               0
stdout b.xu.x_u7_u826.be_abmgate1#branch               0
stdout b.xu.x_u7_u6.be_abmgate#branch               0
stdout b.xu.bg_u1_abmii1#branch                     0
stdout b.xu.be_u1_abm1#branch                       0
stdout b.xu.be_u1_abm173#branch                     0
stdout b.xu.x_u11_u602.be_abm#branch                0
stdout b.xu.x_u11_u603.be_abmgate#branch               0
stdout b.xu.x_u11_u601.be_abmgate#branch               0
stdout b.xu.be_u11_abm173#branch                    0
stdout b.xu.x_u11_u604.be_abmgate#branch               0
stdout b.xu.be_u5_abm171#branch                     0
stdout b.xu.x_u5_u614.be_abmgate#branch               0
stdout b.xu.be_u5_abm8#branch                       0
stdout b.xu.x_u5_u603.be_abmgate#branch               0
stdout b.xu.be_u5_abm177#branch                     0
stdout b.xu.bg_u5_abm2i1#branch                     0
stdout b.xu.x_u8_u5.be_abm#branch                   0
stdout b.xu.be_u8_abm167#branch                     0
stdout b.xu.x_u8_u605.be_abmgate#branch               0
stdout b.xu.x_u8_u611.be_abmgate2#branch               0
stdout b.xu.x_u8_u611.be_abmgate1#branch               0
stdout b.xu.be_u8_abm169#branch                     0
stdout b.xu.x_u8_u604.be_abmgate#branch               0
stdout b.xu.x_u8_u610.be_abmgate#branch               0
stdout b.xu.be_u8_abm2#branch                       0
stdout b.xu.x_u8_u609.be_abmgate#branch               0
stdout b.xu.x_u8_u612.be_abmgate2#branch               0
stdout b.xu.x_u8_u612.be_abmgate1#branch               0
stdout b.xu.x_u8_u607.be_abmgate#branch               0
stdout b.xu.x_u8_u602.be_abmgate#branch               0
stdout b.xu.x_u8_u608.be_abmgate#branch               0
stdout b.xu.x_u8_u613.be_abmgate#branch               0
stdout b.xu.x_u8_u606.be_abmgate#branch               0
stdout b.xu.be_u3_abm6#branch                       0
stdout b.xu.x_u3_u137.be_abmgate2#branch               0
stdout b.xu.x_u3_u137.be_abmgate1#branch               0
stdout b.xu.be_u3_abm4#branch                       0
stdout b.xu.x_u3_u8.be_abm#branch                   0
stdout b.xu.x_u3_u136.be_abmgate#branch               0
stdout b.xu.be_u3_abm7#branch                       0
stdout b.xu.be_u3_abm165#branch                     0
stdout v.xu.v_u3_v44#branch              -4.16675e-06
stdout b.xu.x_u3_u134.be_abmgate#branch               0
stdout b.xu.be_u3_abm166#branch                     0
stdout b.xu.x_u3_u135.be_abmgate2#branch               0
stdout b.xu.x_u3_u135.be_abmgate1#branch               0
stdout b.xu.x_u3_u138.be_abmgate#branch               0
stdout b.xu.x_u3_u7.be_abm#branch                   0
stdout b.xu.x_u3_u131.be_abm#branch                 0
stdout b.xu.be_u3_abm1#branch                       0
stdout b.xu.x_u3_u6.be_abm#branch                   0
stdout b.xu.be_u3_abm164#branch                     0
stdout b.xu.x_u6_u604.beout#branch                  0
stdout b.xu.x_u6_u604.behys#branch                  0
stdout b.xu.x_u6_u598.be_abmgate#branch               0
stdout b.xu.x_u6_u600.be_abm#branch                 0
stdout b.xu.x_u6_u599.be_abmgate2#branch               0
stdout b.xu.x_u6_u599.be_abmgate1#branch               0
stdout b.xu.be_u6_abm151#branch                     0
stdout b.xu.bg_u6_abmi4#branch                      0
stdout b.xu.be_u6_abm164#branch                     0
stdout b.xu.be_u6_abm165#branch                     0
stdout b.xu.x_u6_u602.be_abmgate#branch               0
stdout b.xu.be_u6_abm152#branch                     0
stdout b.xu.be_u6_abm163#branch                     0
stdout b.xu.be_u6_abm148#branch                     0
stdout b.xu.x_u6_u603.beqb#branch                   0
stdout b.xu.x_u6_u603.x3.be_abmgate2#branch               0
stdout b.xu.x_u6_u603.x3.be_abmgate1#branch               0
stdout b.xu.x_u6_u603.bgq#branch                    0
stdout b.xu.x_u6_u603.x2.be_abmgate#branch               0
stdout b.xu.x_u6_u603.x1.be_abmgate2#branch               0
stdout b.xu.x_u6_u603.x1.be_abmgate1#branch               0
stdout b.xu.x_u6_u134.be_abmgate#branch               0
stdout h.xu.x_u8_h1.h_u8_h1#branch                  0
stdout v.xu.x_u8_h1.vh_u8_h1#branch      -1.92137e-15
stdout h.xu.x_u3_h1.h_u3_h1#branch        -8.3335e-06
stdout v.xu.x_u3_h1.vh_u3_h1#branch      -4.16675e-06
stdout l1#branch                         -1.93809e-15
stdout e.xu.e_u4_abm174#branch                      0
stdout e.xu.e_u4_abm179#branch                      0
stdout e.xu.x_u4_u1.e_abmgate#branch                0
stdout e.xu.e_u4_abm180#branch                      0
stdout e.xu.e_u4_abm178#branch                      0
stdout e.xu.x_u7_u824.e_abmgate#branch               0
stdout e.xu.x_u7_u822.e_abmgate2#branch               0
stdout e.xu.x_u7_u822.e_abmgate1#branch               0
stdout e.xu.x_u7_u827.e_abmgate#branch               0
stdout e.xu.x_u7_u823.e_abmgate#branch               0
stdout e.xu.e_u7_abm13#branch                       0
stdout e.xu.x_u7_u825.e_abmgate#branch               0
stdout e.xu.x_u7_u826.e_abmgate2#branch               0
stdout e.xu.x_u7_u826.e_abmgate1#branch               0
stdout e.xu.x_u7_u6.e_abmgate#branch                0
stdout e.xu.e_u1_abm1#branch                        0
stdout e.xu.e_u1_abm173#branch            3.37411e-10
stdout e.xu.x_u11_u602.e_abm#branch                 0
stdout e.xu.x_u11_u603.e_abmgate#branch               0
stdout e.xu.x_u11_u601.e_abmgate#branch               0
stdout e.xu.e_u11_abm173#branch                     0
stdout e.xu.x_u11_u604.e_abmgate#branch               0
stdout e.xu.e_u5_abm171#branch                      0
stdout e.xu.x_u5_u614.e_abmgate#branch               0
stdout e.xu.e_u5_abm8#branch                        0
stdout e.xu.x_u5_u603.e_abmgate#branch               0
stdout e.xu.e_u5_abm177#branch                      0
stdout e.xu.x_u8_u5.e_abm#branch                    0
stdout e.xu.e_u8_abm167#branch                      0
stdout e.xu.x_u8_u605.e_abmgate#branch               0
stdout e.xu.x_u8_u611.e_abmgate2#branch               0
stdout e.xu.x_u8_u611.e_abmgate1#branch               0
stdout e.xu.e_u8_abm169#branch                      0
stdout e.xu.x_u8_u604.e_abmgate#branch               0
stdout e.xu.x_u8_u610.e_abmgate#branch               0
stdout e.xu.e_u8_abm2#branch                        0
stdout e.xu.x_u8_u609.e_abmgate#branch      -1.001e-09
stdout e.xu.x_u8_u612.e_abmgate2#branch               0
stdout e.xu.x_u8_u612.e_abmgate1#branch               0
stdout e.xu.x_u8_u607.e_abmgate#branch               0
stdout e.xu.x_u8_u602.e_abmgate#branch               0
stdout e.xu.x_u8_u608.e_abmgate#branch               0
stdout e.xu.x_u8_u613.e_abmgate#branch               0
stdout e.xu.x_u8_u606.e_abmgate#branch               0
stdout e.xu.e_u3_abm6#branch                        0
stdout e.xu.x_u3_u137.e_abmgate2#branch               0
stdout e.xu.x_u3_u137.e_abmgate1#branch               0
stdout e.xu.e_u3_abm4#branch                        0
stdout e.xu.x_u3_u8.e_abm#branch                    0
stdout e.xu.x_u3_u136.e_abmgate#branch    2.09934e-140
stdout e.xu.e_u3_abm7#branch                        0
stdout e.xu.e_u3_abm165#branch                      0
stdout e.xu.x_u3_u134.e_abmgate#branch      -1.001e-09
stdout e.xu.e_u3_abm166#branch                      0
stdout e.xu.x_u3_u135.e_abmgate2#branch               0
stdout e.xu.x_u3_u135.e_abmgate1#branch               0
stdout e.xu.x_u3_u138.e_abmgate#branch               0
stdout e.xu.x_u3_u7.e_abm#branch                    0
stdout e.xu.x_u3_u131.e_abm#branch                  0
stdout e.xu.e_u3_abm1#branch                        0
stdout e.xu.x_u3_u6.e_abm#branch                    0
stdout e.xu.e_u3_abm164#branch                      0
stdout e.xu.x_u6_u604.eout#branch                   0
stdout e.xu.x_u6_u604.ehys#branch            4.36e-05
stdout e.xu.x_u6_u604.ein#branch            -4.36e-05
stdout e.xu.x_u6_u598.e_abmgate#branch               0
stdout e.xu.x_u6_u600.e_abm#branch                  0
stdout e.xu.x_u6_u599.e_abmgate2#branch               0
stdout e.xu.x_u6_u599.e_abmgate1#branch               0
stdout e.xu.e_u6_abm151#branch           -6.32869e-77
stdout e.xu.e_u6_abm164#branch                      0
stdout e.xu.e_u6_abm165#branch                      0
stdout e.xu.x_u6_u602.e_abmgate#branch               0
stdout e.xu.e_u6_abm152#branch                      0
stdout e.xu.e_u6_abm163#branch                      0
stdout e.xu.e_u6_abm148#branch                      0
stdout e.xu.x_u6_u603.eqb#branch                    0
stdout e.xu.x_u6_u603.x3.e_abmgate2#branch               0
stdout e.xu.x_u6_u603.x3.e_abmgate1#branch               0
stdout e.xu.x_u6_u603.eq#branch                     0
stdout e.xu.x_u6_u603.x2.e_abmgate#branch               0
stdout e.xu.x_u6_u603.x1.e_abmgate2#branch               0
stdout e.xu.x_u6_u603.x1.e_abmgate1#branch               0
stdout e.xu.x_u6_u134.e_abmgate#branch      -1.001e-09
stdout v.xu.v_u4_v70#branch                -1.701e-12
stdout v.xu.v_u11_v64#branch                        0
stdout v.xu.v_u5_v5#branch                -2.6696e-06
stdout v.xu.v_u5_v6#branch               -1.40661e-12
stdout v.xu.v_u3_v45#branch              -5.07254e-05
stdout v.xu.v_u3_v46#branch                         0
stdout v.xu.v_v46#branch                            0
stdout v.xu.v_u6_v2#branch                          0
stdout v.xu.x_u6_u603.v1#branch            -1.001e-12
stdout v.xu.v_u6_v1#branch                          0
stdout v.xu.v_v47#branch                            0
stdout vin#branch                        -9.60674e-07
 Reference value :  8.04479e-05
 Reference value :  1.70757e-04
 Reference value :  2.38637e-04
 Reference value :  2.67382e-04
 Reference value :  3.05631e-04
 Reference value :  3.44781e-04
 Reference value :  3.83617e-04
 Reference value :  4.40439e-04
 Reference value :  4.78885e-04
 Reference value :  5.17458e-04
 Reference value :  5.56159e-04
 Reference value :  5.96588e-04
 Reference value :  6.53180e-04
 Reference value :  6.91731e-04
 Reference value :  7.32307e-04
 Reference value :  7.71152e-04
 Reference value :  8.22415e-04
 Reference value :  8.65185e-04
 Reference value :  9.03844e-04
 Reference value :  9.42396e-04
 Reference value :  9.80865e-04
 Reference value :  1.03043e-03
 Reference value :  1.07680e-03
 Reference value :  1.11937e-03
 Reference value :  1.17318e-03
 Reference value :  1.19648e-03
 Reference value :  1.22355e-03
 Reference value :  1.24490e-03
 Reference value :  1.27173e-03
 Reference value :  1.29327e-03
 Reference value :  1.31989e-03
 Reference value :  1.34156e-03
 Reference value :  1.36819e-03
 Reference value :  1.38999e-03
 Reference value :  1.41885e-03
 Reference value :  1.44519e-03
 Reference value :  1.47254e-03
 Reference value :  1.49619e-03
 Reference value :  1.52253e-03
 Reference value :  1.54475e-03
 Reference value :  1.57097e-03
 Reference value :  1.59330e-03
 Reference value :  1.61943e-03
 Reference value :  1.64179e-03
 Reference value :  1.66769e-03
 Reference value :  1.69674e-03
 Reference value :  1.71950e-03
 Reference value :  1.74528e-03
 Reference value :  1.77433e-03
 Reference value :  1.79381e-03
 Reference value :  1.81686e-03
 Reference value :  1.84239e-03
 Reference value :  1.85515e-03
 Reference value :  1.86966e-03
 Reference value :  1.88243e-03
 Reference value :  1.89406e-03
 Reference value :  1.90667e-03
 Reference value :  1.92127e-03
 Reference value :  1.93571e-03
 Reference value :  1.94732e-03
 Reference value :  1.96470e-03
 Reference value :  1.97446e-03
 Reference value :  1.98898e-03
 Reference value :  2.00070e-03
 Reference value :  2.01331e-03
 Reference value :  2.02778e-03
 Reference value :  2.03954e-03
 Reference value :  2.05404e-03
 Reference value :  2.06657e-03
 Reference value :  2.08109e-03
 Reference value :  2.09290e-03
 Reference value :  2.10535e-03
 Reference value :  2.11987e-03
 Reference value :  2.12978e-03
 Reference value :  2.14409e-03
 Reference value :  2.15861e-03
 Reference value :  2.17189e-03
 Reference value :  2.18287e-03
 Reference value :  2.19743e-03
 Reference value :  2.20931e-03
 Reference value :  2.22163e-03
 Reference value :  2.23363e-03
 Reference value :  2.24815e-03
 Reference value :  2.26268e-03
 Reference value :  2.27501e-03
 Reference value :  2.28701e-03
 Reference value :  2.29927e-03
 Reference value :  2.31364e-03
 Reference value :  2.32566e-03
 Reference value :  2.34019e-03
 Reference value :  2.35239e-03
 Reference value :  2.36691e-03
 Reference value :  2.37905e-03
 Reference value :  2.39123e-03
 Reference value :  2.40571e-03
 Reference value :  2.41787e-03
 Reference value :  2.42776e-03
 Reference value :  2.43977e-03
 Reference value :  2.45435e-03
 Reference value :  2.46435e-03
 Reference value :  2.47635e-03
 Reference value :  2.49083e-03
 Reference value :  2.50296e-03
 Reference value :  2.51746e-03
 Reference value :  2.52944e-03
 Reference value :  2.53548e-03
 Reference value :  2.54285e-03
 Reference value :  2.55019e-03
 Reference value :  2.55643e-03
 Reference value :  2.56373e-03
 Reference value :  2.57011e-03
 Reference value :  2.57717e-03
 Reference value :  2.58452e-03
 Reference value :  2.59067e-03
 Reference value :  2.59672e-03
 Reference value :  2.60408e-03
 Reference value :  2.61031e-03
 Reference value :  2.61643e-03
 Reference value :  2.62372e-03
 Reference value :  2.63106e-03
 Reference value :  2.63731e-03
 Reference value :  2.64461e-03
 Reference value :  2.65066e-03
 Reference value :  2.65802e-03
 Reference value :  2.66428e-03
 Reference value :  2.67030e-03
 Reference value :  2.67755e-03
 Reference value :  2.68386e-03
 Reference value :  2.69127e-03
 Reference value :  2.69721e-03
 Reference value :  2.70451e-03
 Reference value :  2.71081e-03
 Reference value :  2.71688e-03
 Reference value :  2.72416e-03
 Reference value :  2.73152e-03
 Reference value :  2.73887e-03
 Reference value :  2.74622e-03
 Reference value :  2.75248e-03
 Reference value :  2.75853e-03
 Reference value :  2.76584e-03
 Reference value :  2.77321e-03
 Reference value :  2.77950e-03
 Reference value :  2.78682e-03
 Reference value :  2.79283e-03
 Reference value :  2.80014e-03
 Reference value :  2.80645e-03
 Reference value :  2.81373e-03
 Reference value :  2.81972e-03
 Reference value :  2.82701e-03
 Reference value :  2.83330e-03
 Reference value :  2.83929e-03
 Reference value :  2.84620e-03
 Reference value :  2.85283e-03
 Reference value :  2.85880e-03
 Reference value :  2.86607e-03
 Reference value :  2.87244e-03
 Reference value :  2.87908e-03
 Reference value :  2.88569e-03
 Reference value :  2.89301e-03
 Reference value :  2.90029e-03
 Reference value :  2.90522e-03
 Reference value :  2.91251e-03
 Reference value :  2.91888e-03
 Reference value :  2.92486e-03
 Reference value :  2.93217e-03
 Reference value :  2.93949e-03
 Reference value :  2.94584e-03
 Reference value :  2.95179e-03
 Reference value :  2.95912e-03
 Reference value :  2.96549e-03
 Reference value :  2.97147e-03
 Reference value :  2.97873e-03
 Reference value :  2.98527e-03
 Reference value :  2.99237e-03
 Reference value :  2.99972e-03
 Reference value :  3.00572e-03
 Reference value :  3.01297e-03
 Reference value :  3.02036e-03
 Reference value :  3.02772e-03
 Reference value :  3.03407e-03
 Reference value :  3.04006e-03
 Reference value :  3.04731e-03
 Reference value :  3.05377e-03
 Reference value :  3.05957e-03
 Reference value :  3.06604e-03
 Reference value :  3.07335e-03
 Reference value :  3.07921e-03
 Reference value :  3.08560e-03
 Reference value :  3.09142e-03
 Reference value :  3.09782e-03
 Reference value :  3.10502e-03
 Reference value :  3.11097e-03
 Reference value :  3.11818e-03
 Reference value :  3.12465e-03
 Reference value :  3.13054e-03
 Reference value :  3.13782e-03
 Reference value :  3.14425e-03
 Reference value :  3.15007e-03
 Reference value :  3.15741e-03
 Reference value :  3.16377e-03
 Reference value :  3.17112e-03
 Reference value :  3.17698e-03
 Reference value :  3.18344e-03
 Reference value :  3.18927e-03
 Reference value :  3.19659e-03
 Reference value :  3.20304e-03
 Reference value :  3.20887e-03
 Reference value :  3.21537e-03
 Reference value :  3.22266e-03
 Reference value :  3.22847e-03
 Reference value :  3.23578e-03
 Reference value :  3.24221e-03
 Reference value :  3.24802e-03
 Reference value :  3.25535e-03
 Reference value :  3.26184e-03
 Reference value :  3.26763e-03
 Reference value :  3.27500e-03
 Reference value :  3.28143e-03
 Reference value :  3.28731e-03
 Reference value :  3.29457e-03
 Reference value :  3.30188e-03
 Reference value :  3.30920e-03
 Reference value :  3.31563e-03
 Reference value :  3.32156e-03
 Reference value :  3.32894e-03
 Reference value :  3.33621e-03
 Reference value :  3.34350e-03
 Reference value :  3.35081e-03
 Reference value :  3.35805e-03
 Reference value :  3.36462e-03
 Reference value :  3.37040e-03
 Reference value :  3.37773e-03
 Reference value :  3.38419e-03
 Reference value :  3.39148e-03
 Reference value :  3.39730e-03
 Reference value :  3.40227e-03
 Reference value :  3.40951e-03
 Reference value :  3.41601e-03
 Reference value :  3.42176e-03
 Reference value :  3.42911e-03
 Reference value :  3.43558e-03
 Reference value :  3.44292e-03
 Reference value :  3.45019e-03
 Reference value :  3.45599e-03
 Reference value :  3.46329e-03
 Reference value :  3.46979e-03
 Reference value :  3.47711e-03
 Reference value :  3.48294e-03
 Reference value :  3.48943e-03
 Reference value :  3.49670e-03
 Reference value :  3.50244e-03
 Reference value :  3.50979e-03
 Reference value :  3.51628e-03
 Reference value :  3.52210e-03
 Reference value :  3.52937e-03
 Reference value :  3.53587e-03
 Reference value :  3.54162e-03
 Reference value :  3.54894e-03
 Reference value :  3.55549e-03
 Reference value :  3.56124e-03
 Reference value :  3.56781e-03
 Reference value :  3.57509e-03
 Reference value :  3.58088e-03
 Reference value :  3.58820e-03
 Reference value :  3.59468e-03
 Reference value :  3.60196e-03
 Reference value :  3.60770e-03
 Reference value :  3.61423e-03
 Reference value :  3.62000e-03
 Reference value :  3.62726e-03
 Reference value :  3.63378e-03
 Reference value :  3.63957e-03
 Reference value :  3.64688e-03
 Reference value :  3.65340e-03
 Reference value :  3.66067e-03
 Reference value :  3.66644e-03
 Reference value :  3.67301e-03
 Reference value :  3.67874e-03
 Reference value :  3.68607e-03
 Reference value :  3.69260e-03
 Reference value :  3.69832e-03
 Reference value :  3.70562e-03
 Reference value :  3.71290e-03
 Reference value :  3.71944e-03
 Reference value :  3.72517e-03
 Reference value :  3.73252e-03
 Reference value :  3.73915e-03
 Reference value :  3.74635e-03
 Reference value :  3.75213e-03
 Reference value :  3.75942e-03
 Reference value :  3.76592e-03
 Reference value :  3.77167e-03
 Reference value :  3.77893e-03
 Reference value :  3.78397e-03
 Reference value :  3.79129e-03
 Reference value :  3.79783e-03
 Reference value :  3.80362e-03
 Reference value :  3.81039e-03
 Reference value :  3.81754e-03
 Reference value :  3.82325e-03
 Reference value :  3.82969e-03
 Reference value :  3.83547e-03
 Reference value :  3.84193e-03
 Reference value :  3.84766e-03
 Reference value :  3.85418e-03
 Reference value :  3.85991e-03
 Reference value :  3.86489e-03
 Reference value :  3.87136e-03
 Reference value :  3.87707e-03
 Reference value :  3.88198e-03
 Reference value :  3.88848e-03
 Reference value :  3.89423e-03
 Reference value :  3.89929e-03
 Reference value :  3.90573e-03
 Reference value :  3.91141e-03
 Reference value :  3.91792e-03
 Reference value :  3.92287e-03
 Reference value :  3.92859e-03
 Reference value :  3.93510e-03
 Reference value :  3.94080e-03
 Reference value :  3.94581e-03
 Reference value :  3.95302e-03
 Reference value :  3.95797e-03
 Reference value :  3.96448e-03
 Reference value :  3.97017e-03
 Reference value :  3.97519e-03
 Reference value :  3.98181e-03
 Reference value :  3.98736e-03
 Reference value :  3.99470e-03
 Reference value :  4.00122e-03
 Reference value :  4.00848e-03
 Reference value :  4.01430e-03
 Reference value :  4.02163e-03
 Reference value :  4.02810e-03
 Reference value :  4.03381e-03
 Reference value :  4.04115e-03
 Reference value :  4.04763e-03
 Reference value :  4.05340e-03
 Reference value :  4.05996e-03
 Reference value :  4.06721e-03
 Reference value :  4.07300e-03
 Reference value :  4.07983e-03
 Reference value :  4.08682e-03
 Reference value :  4.09260e-03
 Reference value :  4.09912e-03
 Reference value :  4.10486e-03
 Reference value :  4.11143e-03
 Reference value :  4.11870e-03
 Reference value :  4.12446e-03
 Reference value :  4.13178e-03
 Reference value :  4.13830e-03
 Reference value :  4.14416e-03
 Reference value :  4.15141e-03
 Reference value :  4.15792e-03
 Reference value :  4.16365e-03
 Reference value :  4.17014e-03
 Reference value :  4.17588e-03
 Reference value :  4.18240e-03
 Reference value :  4.18813e-03
 Reference value :  4.19462e-03
 Reference value :  4.19959e-03
 Reference value :  4.20526e-03
 Reference value :  4.21179e-03
 Reference value :  4.21751e-03
 Reference value :  4.22241e-03
 Reference value :  4.22893e-03
 Reference value :  4.23464e-03
 Reference value :  4.24120e-03
 Reference value :  4.24613e-03
 Reference value :  4.25184e-03
 Reference value :  4.25836e-03
 Reference value :  4.26409e-03
 Reference value :  4.27060e-03
 Reference value :  4.27631e-03
 Reference value :  4.28285e-03
 Reference value :  4.28858e-03
 Reference value :  4.29499e-03
 Reference value :  4.29998e-03
 Reference value :  4.30568e-03
 Reference value :  4.31219e-03
 Reference value :  4.31792e-03
 Reference value :  4.32283e-03
 Reference value :  4.32935e-03
 Reference value :  4.33511e-03
 Reference value :  4.34011e-03
 Reference value :  4.34733e-03
 Reference value :  4.35227e-03
 Reference value :  4.35962e-03
 Reference value :  4.36614e-03
 Reference value :  4.37340e-03
 Reference value :  4.38054e-03
 Reference value :  4.38650e-03
 Reference value :  4.39383e-03
 Reference value :  4.40030e-03
 Reference value :  4.40609e-03
 Reference value :  4.41335e-03
 Reference value :  4.41989e-03
 Reference value :  4.42560e-03
 Reference value :  4.43291e-03
 Reference value :  4.43932e-03
 Reference value :  4.44515e-03
 Reference value :  4.45167e-03
 Reference value :  4.45745e-03
 Reference value :  4.46407e-03
 Reference value :  4.47134e-03
 Reference value :  4.47866e-03
 Reference value :  4.48449e-03
 Reference value :  4.49176e-03
 Reference value :  4.49828e-03
 Reference value :  4.50434e-03
 Reference value :  4.51137e-03
 Reference value :  4.51871e-03
 Reference value :  4.52534e-03
 Reference value :  4.53270e-03
 Reference value :  4.53834e-03
 Reference value :  4.54331e-03
 Reference value :  4.54986e-03
 Reference value :  4.55542e-03
 Reference value :  4.56206e-03
 Reference value :  4.56767e-03
 Reference value :  4.57427e-03
 Reference value :  4.57994e-03
 Reference value :  4.58653e-03
 Reference value :  4.59220e-03
 Reference value :  4.59722e-03
 Reference value :  4.60369e-03
 Reference value :  4.60936e-03
 Reference value :  4.61668e-03
 Reference value :  4.62161e-03
 Reference value :  4.62812e-03
 Reference value :  4.63380e-03
 Reference value :  4.64034e-03
 Reference value :  4.64603e-03
 Reference value :  4.65255e-03
 Reference value :  4.65826e-03
 Reference value :  4.66484e-03
 Reference value :  4.67053e-03
 Reference value :  4.67546e-03
 Reference value :  4.68279e-03
 Reference value :  4.68783e-03
 Reference value :  4.69506e-03
 Reference value :  4.70164e-03
 Reference value :  4.70729e-03
 Reference value :  4.71220e-03
 Reference value :  4.71869e-03
 Reference value :  4.72439e-03
 Reference value :  4.73170e-03
 Reference value :  4.73829e-03
 Reference value :  4.74559e-03
 Reference value :  4.75293e-03
 Reference value :  4.75866e-03
 Reference value :  4.76597e-03
 Reference value :  4.77255e-03
 Reference value :  4.77985e-03
 Reference value :  4.78561e-03
 Reference value :  4.79289e-03
 Reference value :  4.80020e-03
 Reference value :  4.80746e-03
 Reference value :  4.81410e-03
 Reference value :  4.82143e-03
 Reference value :  4.82869e-03
 Reference value :  4.83440e-03
 Reference value :  4.84169e-03
 Reference value :  4.84827e-03
 Reference value :  4.85398e-03
 Reference value :  4.86131e-03
 Reference value :  4.86793e-03
 Reference value :  4.87371e-03
 Reference value :  4.88095e-03
 Reference value :  4.88827e-03
 Reference value :  4.89479e-03
 Reference value :  4.90054e-03
 Reference value :  4.90715e-03
 Reference value :  4.91280e-03
 Reference value :  4.91937e-03
 Reference value :  4.92507e-03
 Reference value :  4.93163e-03
 Reference value :  4.93658e-03
 Reference value :  4.94220e-03
 Reference value :  4.94879e-03
 Reference value :  4.95445e-03
 Reference value :  4.95962e-03
 Reference value :  4.96669e-03
 Reference value :  4.97160e-03
 Reference value :  4.97816e-03
 Reference value :  4.98383e-03
 Reference value :  4.99041e-03
 Reference value :  4.99609e-03
 Reference value :  5.00105e-03
 Reference value :  5.00755e-03
 Reference value :  5.01319e-03
 Reference value :  5.02050e-03
 Reference value :  5.02704e-03
 Reference value :  5.03268e-03
 Reference value :  5.03770e-03
 Reference value :  5.04424e-03
 Reference value :  5.04989e-03
 Reference value :  5.05645e-03
 Reference value :  5.06212e-03
 Reference value :  5.06872e-03
 Reference value :  5.07438e-03
 Reference value :  5.08170e-03
 Reference value :  5.08831e-03
 Reference value :  5.09560e-03
 Reference value :  5.10129e-03
 Reference value :  5.10865e-03
 Reference value :  5.11526e-03
 Reference value :  5.12092e-03
 Reference value :  5.12751e-03
 Reference value :  5.13316e-03
 Reference value :  5.14042e-03
 Reference value :  5.14779e-03
 Reference value :  5.15438e-03
 Reference value :  5.16008e-03
 Reference value :  5.16742e-03
 Reference value :  5.17399e-03
 Reference value :  5.18131e-03
 Reference value :  5.18862e-03
 Reference value :  5.19432e-03
 Reference value :  5.20162e-03
 Reference value :  5.20822e-03
 Reference value :  5.21388e-03
 Reference value :  5.21882e-03
 Reference value :  5.22614e-03
 Reference value :  5.23271e-03
 Reference value :  5.23836e-03
 Reference value :  5.24483e-03
 Reference value :  5.25051e-03
 Reference value :  5.25700e-03
 Reference value :  5.26276e-03
 Reference value :  5.26935e-03
 Reference value :  5.27503e-03
 Reference value :  5.28005e-03
 Reference value :  5.28731e-03
 Reference value :  5.29229e-03
 Reference value :  5.29961e-03
 Reference value :  5.30619e-03
 Reference value :  5.31184e-03
 Reference value :  5.31676e-03
 Reference value :  5.32336e-03
 Reference value :  5.32901e-03
 Reference value :  5.33558e-03
 Reference value :  5.34124e-03
 Reference value :  5.34616e-03
 Reference value :  5.35275e-03
 Reference value :  5.35839e-03
 Reference value :  5.36498e-03
 Reference value :  5.37061e-03
 Reference value :  5.37714e-03
 Reference value :  5.38226e-03
 Reference value :  5.38797e-03
 Reference value :  5.39438e-03
 Reference value :  5.40001e-03
 Reference value :  5.40729e-03
 Reference value :  5.41464e-03
 Reference value :  5.42198e-03
 Reference value :  5.42870e-03
 Reference value :  5.43592e-03
 Reference value :  5.44201e-03
 Reference value :  5.44895e-03
 Reference value :  5.45631e-03
 Reference value :  5.46289e-03
 Reference value :  5.47019e-03
 Reference value :  5.47598e-03
 Reference value :  5.48324e-03
 Reference value :  5.49057e-03
 Reference value :  5.49718e-03
 Reference value :  5.50446e-03
 Reference value :  5.51014e-03
 Reference value :  5.51748e-03
 Reference value :  5.52482e-03
 Reference value :  5.53214e-03
 Reference value :  5.53876e-03
 Reference value :  5.54445e-03
 Reference value :  5.55175e-03
 Reference value :  5.55834e-03
 Reference value :  5.56401e-03
 Reference value :  5.56895e-03
 Reference value :  5.57549e-03
 Reference value :  5.58117e-03
 Reference value :  5.58774e-03
 Reference value :  5.59344e-03
 Reference value :  5.59999e-03
 Reference value :  5.60490e-03
 Reference value :  5.61059e-03
 Reference value :  5.61716e-03
 Reference value :  5.62281e-03
 Reference value :  5.62937e-03
 Reference value :  5.63507e-03
 Reference value :  5.64164e-03
 Reference value :  5.64735e-03
 Reference value :  5.65405e-03
 Reference value :  5.66113e-03
 Reference value :  5.66688e-03
 Reference value :  5.67343e-03
 Reference value :  5.67913e-03
 Reference value :  5.68566e-03
 Reference value :  5.69136e-03
 Reference value :  5.69796e-03
 Reference value :  5.70363e-03
 Reference value :  5.70856e-03
 Reference value :  5.71511e-03
 Reference value :  5.72080e-03
 Reference value :  5.72739e-03
 Reference value :  5.73309e-03
 Reference value :  5.74043e-03
 Reference value :  5.74778e-03
 Reference value :  5.75513e-03
 Reference value :  5.76016e-03
 Reference value :  5.76743e-03
 Reference value :  5.77479e-03
 Reference value :  5.78217e-03
 Reference value :  5.78872e-03
 Reference value :  5.79611e-03
 Reference value :  5.80339e-03
 Reference value :  5.80908e-03
 Reference value :  5.81570e-03
 Reference value :  5.82301e-03
 Reference value :  5.82868e-03
 Reference value :  5.83526e-03
 Reference value :  5.84259e-03
 Reference value :  5.84830e-03
 Reference value :  5.85564e-03
 Reference value :  5.86227e-03
 Reference value :  5.86960e-03
 Reference value :  5.87697e-03
 Reference value :  5.88264e-03
 Reference value :  5.88998e-03
 Reference value :  5.89733e-03
 Reference value :  5.90397e-03
 Reference value :  5.90971e-03
 Reference value :  5.91701e-03
 Reference value :  5.92356e-03
 Reference value :  5.92920e-03
 Reference value :  5.93582e-03
 Reference value :  5.94150e-03
 Reference value :  5.94638e-03
 Reference value :  5.95296e-03
 Reference value :  5.95860e-03
 Reference value :  5.96387e-03
 Reference value :  5.97081e-03
 Reference value :  5.97737e-03
 Reference value :  5.98303e-03
 Reference value :  5.98959e-03
 Reference value :  5.99527e-03
 Reference value :  6.00169e-03
 Reference value :  6.00659e-03
 Reference value :  6.01242e-03
 Reference value :  6.01879e-03
 Reference value :  6.02457e-03
 Reference value :  6.02959e-03
 Reference value :  6.03600e-03
 Reference value :  6.04176e-03
 Reference value :  6.04828e-03
 Reference value :  6.05399e-03
 Reference value :  6.06044e-03
 Reference value :  6.06537e-03
 Reference value :  6.07109e-03
 Reference value :  6.07711e-03
 Reference value :  6.08332e-03
 Reference value :  6.08826e-03
 Reference value :  6.09475e-03
 Reference value :  6.10050e-03
 Reference value :  6.10687e-03
 Reference value :  6.11272e-03
 Reference value :  6.11769e-03
 Reference value :  6.12436e-03
 Reference value :  6.13151e-03
 Reference value :  6.13744e-03
 Reference value :  6.14620e-03
 Reference value :  6.15198e-03
 Reference value :  6.15937e-03
 Reference value :  6.16666e-03
 Reference value :  6.17315e-03
 Reference value :  6.17890e-03
 Reference value :  6.18619e-03
 Reference value :  6.19277e-03
 Reference value :  6.19860e-03
 Reference value :  6.20584e-03
 Reference value :  6.21317e-03
 Reference value :  6.21828e-03
 Reference value :  6.22540e-03
 Reference value :  6.23194e-03
 Reference value :  6.23927e-03
 Reference value :  6.24504e-03
 Reference value :  6.25229e-03
 Reference value :  6.25882e-03
 Reference value :  6.26485e-03
 Reference value :  6.27193e-03
 Reference value :  6.27918e-03
 Reference value :  6.28416e-03
 Reference value :  6.29061e-03
 Reference value :  6.29632e-03
 Reference value :  6.30129e-03
 Reference value :  6.30853e-03
 Reference value :  6.31347e-03
 Reference value :  6.31999e-03
 Reference value :  6.32569e-03
 Reference value :  6.33221e-03
 Reference value :  6.33793e-03
 Reference value :  6.34442e-03
 Reference value :  6.35018e-03
 Reference value :  6.35671e-03
 Reference value :  6.36241e-03
 Reference value :  6.36892e-03
 Reference value :  6.37462e-03
 Reference value :  6.38108e-03
 Reference value :  6.38686e-03
 Reference value :  6.39339e-03
 Reference value :  6.39914e-03
 Reference value :  6.40614e-03
 Reference value :  6.41131e-03
 Reference value :  6.41784e-03
 Reference value :  6.42358e-03
 Reference value :  6.43008e-03
 Reference value :  6.43581e-03
 Reference value :  6.44236e-03
 Reference value :  6.44803e-03
 Reference value :  6.45456e-03
 Reference value :  6.46028e-03
 Reference value :  6.46687e-03
 Reference value :  6.47255e-03
 Reference value :  6.47908e-03
 Reference value :  6.48473e-03
 Reference value :  6.48963e-03
 Reference value :  6.49696e-03
 Reference value :  6.50351e-03
 Reference value :  6.50924e-03
 Reference value :  6.51581e-03
 Reference value :  6.52314e-03
 Reference value :  6.52881e-03
 Reference value :  6.53614e-03
 Reference value :  6.54268e-03
 Reference value :  6.55001e-03
 Reference value :  6.55570e-03
 Reference value :  6.56226e-03
 Reference value :  6.56805e-03
 Reference value :  6.57533e-03
 Reference value :  6.58263e-03
 Reference value :  6.58995e-03
 Reference value :  6.59523e-03
 Reference value :  6.60221e-03
 Reference value :  6.60957e-03
 Reference value :  6.61606e-03
 Reference value :  6.62176e-03
 Reference value :  6.62905e-03
 Reference value :  6.63563e-03
 Reference value :  6.64288e-03
 Reference value :  6.64846e-03
 Reference value :  6.65354e-03
 Reference value :  6.66008e-03
 Reference value :  6.66580e-03
 Reference value :  6.67071e-03
 Reference value :  6.67722e-03
 Reference value :  6.68293e-03
 Reference value :  6.68942e-03
 Reference value :  6.69511e-03
 Reference value :  6.70009e-03
 Reference value :  6.70742e-03
 Reference value :  6.71230e-03
 Reference value :  6.71882e-03
 Reference value :  6.72451e-03
 Reference value :  6.72944e-03
 Reference value :  6.73596e-03
 Reference value :  6.74165e-03
 Reference value :  6.74815e-03
 Reference value :  6.75311e-03
 Reference value :  6.75882e-03
 Reference value :  6.76612e-03
 Reference value :  6.77107e-03
 Reference value :  6.77780e-03
 Reference value :  6.78330e-03
 Reference value :  6.78828e-03
 Reference value :  6.79473e-03
 Reference value :  6.80044e-03
 Reference value :  6.80697e-03
 Reference value :  6.81190e-03
 Reference value :  6.81758e-03
 Reference value :  6.82410e-03
 Reference value :  6.82983e-03
 Reference value :  6.83635e-03
 Reference value :  6.84208e-03
 Reference value :  6.84705e-03
 Reference value :  6.85389e-03
 Reference value :  6.86082e-03
 Reference value :  6.86581e-03
 Reference value :  6.87157e-03
 Reference value :  6.87885e-03
 Reference value :  6.88544e-03
 Reference value :  6.89121e-03
 Reference value :  6.89850e-03
 Reference value :  6.90583e-03
 Reference value :  6.91081e-03
 Reference value :  6.91807e-03
 Reference value :  6.92468e-03
 Reference value :  6.93188e-03
 Reference value :  6.93761e-03
 Reference value :  6.94496e-03
 Reference value :  6.95229e-03
 Reference value :  6.95882e-03
 Reference value :  6.96457e-03
 Reference value :  6.97191e-03
 Reference value :  6.97924e-03
 Reference value :  6.98648e-03
 Reference value :  6.99311e-03
 Reference value :  6.99882e-03
 Reference value :  7.00607e-03
 Reference value :  7.01268e-03
 Reference value :  7.01833e-03
 Reference value :  7.02335e-03
 Reference value :  7.03052e-03
 Reference value :  7.03552e-03
 Reference value :  7.04208e-03
 Reference value :  7.04777e-03
 Reference value :  7.05267e-03
 Reference value :  7.05919e-03
 Reference value :  7.06492e-03
 Reference value :  7.07143e-03
 Reference value :  7.07717e-03
 Reference value :  7.08366e-03
 Reference value :  7.08939e-03
 Reference value :  7.09588e-03
 Reference value :  7.10162e-03
 Reference value :  7.10662e-03
 Reference value :  7.11314e-03
 Reference value :  7.11885e-03
 Reference value :  7.12611e-03
 Reference value :  7.13254e-03
 Reference value :  7.13754e-03
 Reference value :  7.14327e-03
 Reference value :  7.14843e-03
 Reference value :  7.15545e-03
 Reference value :  7.16197e-03
 Reference value :  7.16770e-03
 Reference value :  7.17422e-03
 Reference value :  7.17917e-03
 Reference value :  7.18487e-03
 Reference value :  7.19136e-03
 Reference value :  7.19702e-03
 Reference value :  7.20200e-03
 Reference value :  7.20930e-03
 Reference value :  7.21439e-03
 Reference value :  7.22078e-03
 Reference value :  7.22647e-03
 Reference value :  7.23300e-03
 Reference value :  7.23866e-03
 Reference value :  7.24519e-03
 Reference value :  7.25101e-03
 Reference value :  7.25826e-03
 Reference value :  7.26562e-03
 Reference value :  7.27294e-03
 Reference value :  7.27950e-03
 Reference value :  7.28529e-03
 Reference value :  7.29254e-03
 Reference value :  7.29912e-03
 Reference value :  7.30479e-03
 Reference value :  7.31211e-03
 Reference value :  7.31861e-03
 Reference value :  7.32437e-03
 Reference value :  7.33170e-03
 Reference value :  7.33824e-03
 Reference value :  7.34558e-03
 Reference value :  7.35136e-03
 Reference value :  7.35867e-03
 Reference value :  7.36513e-03
 Reference value :  7.37093e-03
 Reference value :  7.37817e-03
 Reference value :  7.38479e-03
 Reference value :  7.39053e-03
 Reference value :  7.39707e-03
 Reference value :  7.40273e-03
 Reference value :  7.40925e-03
 Reference value :  7.41499e-03
 Reference value :  7.42150e-03
 Reference value :  7.42725e-03
 Reference value :  7.43259e-03
 Reference value :  7.43944e-03
 Reference value :  7.44436e-03
 Reference value :  7.45088e-03
 Reference value :  7.45657e-03
 Reference value :  7.46319e-03
 Reference value :  7.46881e-03
 Reference value :  7.47530e-03
 Reference value :  7.48103e-03
 Reference value :  7.48755e-03
 Reference value :  7.49334e-03
 Reference value :  7.50048e-03
 Reference value :  7.50553e-03
 Reference value :  7.51203e-03
 Reference value :  7.51770e-03
 Reference value :  7.52425e-03
 Reference value :  7.52992e-03
 Reference value :  7.53535e-03
 Reference value :  7.54213e-03
 Reference value :  7.54776e-03
 Reference value :  7.55373e-03
 Reference value :  7.55931e-03
 Reference value :  7.56574e-03
 Reference value :  7.57152e-03
 Reference value :  7.57800e-03
 Reference value :  7.58301e-03
 Reference value :  7.58867e-03
 Reference value :  7.59362e-03
 Reference value :  7.60034e-03
 Reference value :  7.60591e-03
 Reference value :  7.61239e-03
 Reference value :  7.61808e-03
 Reference value :  7.62312e-03
 Reference value :  7.62954e-03
 Reference value :  7.63530e-03
 Reference value :  7.64182e-03
 Reference value :  7.64757e-03
 Reference value :  7.65490e-03
 Reference value :  7.66142e-03
 Reference value :  7.66718e-03
 Reference value :  7.67377e-03
 Reference value :  7.68103e-03
 Reference value :  7.68679e-03
 Reference value :  7.69408e-03
 Reference value :  7.70058e-03
 Reference value :  7.70633e-03
 Reference value :  7.71366e-03
 Reference value :  7.72022e-03
 Reference value :  7.72753e-03
 Reference value :  7.73331e-03
 Reference value :  7.74062e-03
 Reference value :  7.74715e-03
 Reference value :  7.75292e-03
 Reference value :  7.76022e-03
 Reference value :  7.76678e-03
 Reference value :  7.77409e-03
 Reference value :  7.77983e-03
 Reference value :  7.78637e-03
 Reference value :  7.79210e-03
 Reference value :  7.79720e-03
 Reference value :  7.80430e-03
 Reference value :  7.80930e-03
 Reference value :  7.81574e-03
 Reference value :  7.82146e-03
 Reference value :  7.82788e-03
 Reference value :  7.83368e-03
 Reference value :  7.83865e-03
 Reference value :  7.84587e-03
 Reference value :  7.85089e-03
 Reference value :  7.85730e-03
 Reference value :  7.86304e-03
 Reference value :  7.86796e-03
 Reference value :  7.87449e-03
 Reference value :  7.88023e-03
 Reference value :  7.88672e-03
 Reference value :  7.89238e-03
 Reference value :  7.89736e-03
 Reference value :  7.90391e-03
 Reference value :  7.90958e-03
 Reference value :  7.91609e-03
 Reference value :  7.92184e-03
 Reference value :  7.92828e-03
 Reference value :  7.93341e-03
 Reference value :  7.93901e-03
 Reference value :  7.94392e-03
 Reference value :  7.95043e-03
 Reference value :  7.95615e-03
 Reference value :  7.96263e-03
 Reference value :  7.96825e-03
 Reference value :  7.97325e-03
 Reference value :  7.97982e-03
 Reference value :  7.98548e-03
 Reference value :  7.99195e-03
 Reference value :  7.99701e-03
stdout No. of Data Rows : 1360017
stdout output_ss           =  5.11046e+00 from=  4.00000e-03 to=  4.50001e-03
stdout output_peak         =  5.17929e+00 at=  6.09486e-03
stdout step_min            =  5.01066e+00 at=  4.59739e-03
stdout removal_peak        =  5.17929e+00 at=  6.09486e-03
stdout highload_ss         =  5.07174e+00 from=  5.50000e-03 to=  6.00001e-03
stdout inductor_peak       =  3.26357e+00 at=  4.71141e-03
stdout inductor_running_peak=  3.26357e+00 at=  4.71141e-03
