stdout Note: gnd in a subcircuit is not set to 0 automatically
stdout Note: Compatibility modes selected: ps
stdout Circuit: ti tps54360 transient model, 5v actual compensation, vin=15.34
stdout Reducing trtol to 1 for xspice 'A' devices
stdout Doing analysis at TEMP = 27.000000 and TNOM = 27.000000
stdout Using SPARSE 1.3 as Direct Linear Solver
stdout Initial Transient Solution
stdout --------------------------
stdout Node                                   Voltage
stdout ----                                   -------
stdout vin                                          0
stdout vinf                              -1.92135e-08
stdout xu.set0                                      0
stdout xu.u6_n16588693                           0.86
stdout xu.x_u6_u134.yint                            1
stdout xu.x_u6_u134.e_abmgate_int1                  1
stdout xu.u6_n16564386                              0
stdout xu.sdwn                                      1
stdout xu.u6_n16543632                              1
stdout xu.u6_n16489275                    1.14396e-60
stdout xu.x_u6_u603.x1.yint1                        0
stdout xu.x_u6_u603.x1.e_abmgate1_int1               0
stdout xu.sysclk                                    0
stdout xu.x_u6_u603.x1.yint2                        0
stdout xu.x_u6_u603.x1.yint3                        1
stdout xu.x_u6_u603.x1.e_abmgate2_int1               1
stdout xu.x_u6_u603.clkdel                          1
stdout xu.x_u6_u603.x2.yint                         0
stdout xu.x_u6_u603.x2.e_abmgate_int1               0
stdout xu.x_u6_u603.clkint                          0
stdout xu.x_u6_u603.qint                            0
stdout xu.x_u6_u603.gq_int1                        -1
stdout xu.u6_pwm                                    0
stdout xu.set1                                      1
stdout xu.x_u6_u603.my5                             1
stdout xu.x_u6_u603.qqq                             0
stdout xu.x_u6_u603.x3.yint1                        0
stdout xu.x_u6_u603.x3.e_abmgate1_int1               0
stdout xu.x_u6_u603.x3.yint2                        0
stdout xu.x_u6_u603.x3.yint3                        0
stdout xu.x_u6_u603.x3.e_abmgate2_int1               0
stdout xu.x_u6_u603.qqqd1                           0
stdout xu.pwm_clk                                   0
stdout xu.x_u6_u603.qbr                             1
stdout xu.x_u6_u603.eqb_int1                        1
stdout xu.n16528816                                 1
stdout xu.u6_n16489469                    3.43757e-12
stdout xu.e_u6_abm148_int1                3.43757e-12
stdout xu.u6_vrampin                      3.43757e-06
stdout xu.u6_n16502082                      -1.22e-06
stdout xu.e_u6_abm163_int1                  -1.22e-06
stdout xu.u6_n16488977                    2.49722e-06
stdout xu.u6_vramp                        3.43757e-12
stdout xu.u6_iswf                                -0.1
stdout xu.e_u6_abm152_int1                       -0.1
stdout xu.isw                            -1.92137e-15
stdout xu.u6_n16489395                              0
stdout xu.u6_n165858563                         0.024
stdout xu.x_u6_u602.yint                            0
stdout xu.x_u6_u602.e_abmgate_int1                  0
stdout xu.u6_n16575036                              0
stdout xu.boot_uvlo                                 0
stdout xu.u6_ovtp                                   1
stdout xu.u6_n16531938                      -0.111508
stdout xu.e_u6_abm165_int1                  -0.111508
stdout xu.u6_ictrl                          -0.111508
stdout xu.e_u6_abm164_int1                2.49722e-06
stdout comp                                  0.594386
stdout xu.g_u6_abmi4_int1                -0.000343757
stdout xu.if2ia                           0.000343757
stdout xu.e_u6_abm151_int1                          0
stdout xu.pwm_final                                 0
stdout xu.x_u6_u599.yint1                           0
stdout xu.x_u6_u599.e_abmgate1_int1                 0
stdout xu.x_u6_u599.yint2                           0
stdout xu.x_u6_u599.yint3                           1
stdout xu.x_u6_u599.e_abmgate2_int1                 1
stdout xu.u6_n16489527                              1
stdout xu.x_u6_u600.yint                            0
stdout xu.x_u6_u600.e_abm_int1                      0
stdout xu.x_u6_u598.yint                            0
stdout xu.x_u6_u598.e_abmgate_int1                  0
stdout xu.x_u6_u604.inp1                        0.436
stdout xu.x_u6_u604.inm1                       -0.424
stdout xu.vsenseint                      -1.54996e-15
stdout xu.x_u6_u604.inm2                       -0.436
stdout xu.x_u6_u604.ehys_int1                  -0.012
stdout xu.x_u6_u604.1                               1
stdout xu.x_u6_u604.eout_int1                       1
stdout xu.u3_n16489962                              1
stdout xu.u3_n16638112                   -1.54996e-15
stdout rt                                    0.999996
stdout xu.u3_n16667294                   2.09934e-140
stdout xu.u3_n16667366                   1.24615e-122
stdout xu.u3_n166379101                           0.6
stdout xu.u3_n16638088                            0.6
stdout xu.u3_n16490102                              5
stdout xu.u3_ramp                         5.07254e-05
stdout xu.u3_n16650384                    5.07254e-05
stdout xu.i_rt                            4.16675e-06
stdout xu.u3_n16523619                              1
stdout xu.e_u3_abm164_int1               -1.54996e-15
stdout fb                                -1.54996e-15
stdout xu.x_u3_u6.yint                              1
stdout xu.x_u3_u6.e_abm_int1                        1
stdout xu.u3_n16637796                            0.4
stdout xu.u3_out2                                   1
stdout xu.fsw                             0.000405803
stdout xu.e_u3_abm1_int1                  0.000405803
stdout xu.u3_n16505459                              1
stdout xu.x_u3_u131.yint                            0
stdout xu.x_u3_u131.e_abm_int1                      0
stdout xu.u3_sysclk1                                0
stdout xu.x_u3_u7.yint                              1
stdout xu.x_u3_u7.e_abm_int1                        1
stdout xu.u3_out3                                   1
stdout xu.x_u3_u138.yint                            0
stdout xu.x_u3_u138.e_abmgate_int1                  0
stdout xu.x_u3_u135.yint1                           0
stdout xu.x_u3_u135.e_abmgate1_int1                 0
stdout xu.x_u3_u135.yint2                           0
stdout xu.x_u3_u135.yint3                           0
stdout xu.x_u3_u135.e_abmgate2_int1                 0
stdout xu.u3_n16517387                              0
stdout xu.u3_n16676060                    0.000343757
stdout xu.e_u3_abm166_int1                0.000343757
stdout xu.u3_out1                                   1
stdout xu.u3_n16668029                            0.2
stdout xu.x_u3_u134.yint                            1
stdout xu.x_u3_u134.e_abmgate_int1                  1
stdout xu.u3_n16517226                              1
stdout xu.e_u3_abm165_int1                5.07254e-05
stdout xu.u3_n166679551                           0.2
stdout xu.e_u3_abm7_int1                          0.2
stdout xu.u3_n166378601                           0.4
stdout xu.x_u3_u136.yint                            0
stdout xu.x_u3_u136.e_abmgate_int1                  0
stdout xu.u3_n16667326                              1
stdout xu.x_u3_u8.yint                              1
stdout xu.x_u3_u8.e_abm_int1                        1
stdout xu.e_u3_abm4_int1                          0.4
stdout xu.x_u3_u137.yint1                           0
stdout xu.x_u3_u137.e_abmgate1_int1                 0
stdout xu.x_u3_u137.yint2                           0
stdout xu.x_u3_u137.yint3                           1
stdout xu.x_u3_u137.e_abmgate2_int1                 1
stdout xu.e_u3_abm6_int1                          0.6
stdout xu.x_u8_u606.yint                            0
stdout xu.x_u8_u606.e_abmgate_int1                  0
stdout xu.u8_sdwn_n                                 0
stdout xu.x_u8_u613.yint                            0
stdout xu.x_u8_u613.e_abmgate_int1                  0
stdout xu.u8_n7365280                               0
stdout xu.u8_n73698801                              6
stdout xu.u8_n7345383                               6
stdout xu.u8_n7274256                               0
stdout xu.x_u8_u608.yint                            0
stdout xu.x_u8_u608.e_abmgate_int1                  0
stdout xu.u8_hdrvin                                 0
stdout xu.u8_n7342498                               0
stdout xu.u8_n7274022                               0
stdout xu.x_u8_u602.yint                            1
stdout xu.x_u8_u602.e_abmgate_int1                  1
stdout xu.u8_out                                    0
stdout xu.u8_boot_on                                1
stdout xu.x_u8_u607.yint                            0
stdout xu.x_u8_u607.e_abmgate_int1                  0
stdout xu.u8_ldrv                                   1
stdout xu.enab                                      0
stdout xu.u8_boot_sw_on                             0
stdout xu.x_u8_u612.yint1                           1
stdout xu.x_u8_u612.e_abmgate1_int1                 1
stdout xu.u8_n7274198                               1
stdout xu.x_u8_u612.yint2                           1
stdout xu.x_u8_u612.yint3                           1
stdout xu.x_u8_u612.e_abmgate2_int1                 1
stdout xu.u8_n7343256                               1
stdout xu.x_u8_u609.yint                            1
stdout xu.x_u8_u609.e_abmgate_int1                  1
stdout xu.u8_n7274032                               1
stdout xu.u8_n7273984                    -1.92135e-08
stdout xu.e_u8_abm2_int1                            6
stdout boot                                -1.746e-11
stdout xu.x_u8_u610.yint                            1
stdout xu.x_u8_u610.e_abmgate_int1                  1
stdout xu.x_u8_u604.yint                            0
stdout xu.x_u8_u604.e_abmgate_int1                  0
stdout xu.u8_n7347010                      -1.745e-11
stdout xu.e_u8_abm169_int1                 -1.745e-11
stdout sw                                -9.93865e-15
stdout xu.x_u8_u611.yint1                           0
stdout xu.x_u8_u611.e_abmgate1_int1                 0
stdout xu.x_u8_u611.yint2                           0
stdout xu.x_u8_u611.yint3                           0
stdout xu.x_u8_u611.e_abmgate2_int1                 0
stdout xu.hdrv                            -9.9561e-15
stdout xu.x_u8_u605.yint                            1
stdout xu.x_u8_u605.e_abmgate_int1                  1
stdout xu.e_u8_abm167_int1                          0
stdout xu.x_u8_u5.yint                              0
stdout xu.x_u8_u5.e_abm_int1                        0
stdout xu.u5_n16512904                          7e-05
stdout xu.ocb                                       0
stdout xu.g_u5_abm2i1_int1                -2.6488e-06
stdout xu.vref_gm                             -0.0344
stdout xu.u5_vgm                              7.7e-05
stdout xu.u5_n16513008                              2
stdout xu.u5_n16513064                        7.7e-05
stdout xu.e_u5_abm177_int1                    7.7e-05
stdout xu.x_u5_u603.yint                            0
stdout xu.x_u5_u603.e_abmgate_int1                  0
stdout xu.u5_n16513124                              0
stdout xu.u5_n16512948                          7e-05
stdout xu.u5_n16513186                              0
stdout xu.e_u5_abm8_int1                            0
stdout xu.u5_n16513014                            0.6
stdout xu.x_u5_u614.yint                            0
stdout xu.x_u5_u614.e_abmgate_int1                  0
stdout xu.u5_n16513160                              0
stdout xu.e_u5_abm171_int1                      7e-05
stdout xu.ss_tr                                     0
stdout xu.x_u11_u604.yint                           1
stdout xu.x_u11_u604.e_abmgate_int1                 1
stdout xu.u11_n16496294                             1
stdout xu.ss_disch                                  0
stdout xu.e_u11_abm173_int1                         0
stdout xu.u11_n6045136                              0
stdout xu.x_u11_u601.yint                           1
stdout xu.x_u11_u601.e_abmgate_int1                 1
stdout xu.u11_uvlo                                  1
stdout xu.x_u11_u603.yint                           0
stdout xu.x_u11_u603.e_abmgate_int1                 0
stdout xu.u11_n6045130                              0
stdout xu.u11_n6045018                            4.3
stdout xu.x_u11_u602.yint                           1
stdout xu.x_u11_u602.e_abm_int1                     1
stdout en                                   0.0282339
stdout xu.u1_n7335522                               0
stdout xu.e_u1_abm173_int1                          0
stdout xu.u1_n7335540                               0
stdout xu.e_u1_abm1_int1                            0
stdout xu.g_u1_abmii1_int1                    1.2e-06
stdout xu.u7_indelayed2                    1.0379e-57
stdout xu.u7_n16490100                              1
stdout xu.u7_n16489586                              1
stdout xu.x_u7_u6.yint                              0
stdout xu.x_u7_u6.e_abmgate_int1                    0
stdout xu.u7_or2out2                                0
stdout xu.u7_or2out1                                0
stdout xu.u7_n16489522                              0
stdout xu.u7_indelayed1                   4.65239e-57
stdout xu.x_u7_u826.yint1                           0
stdout xu.x_u7_u826.e_abmgate1_int1                 0
stdout xu.x_u7_u826.yint2                           0
stdout xu.x_u7_u826.yint3                           1
stdout xu.x_u7_u826.e_abmgate2_int1                 1
stdout xu.u7_n16509390                              1
stdout xu.x_u7_u825.yint                            0
stdout xu.x_u7_u825.e_abmgate_int1                  0
stdout xu.u7_n16509288                              0
stdout xu.e_u7_abm13_int1                           1
stdout xu.x_u7_u823.yint                            0
stdout xu.x_u7_u823.e_abmgate_int1                  0
stdout xu.u7_n16497188                              1
stdout xu.x_u7_u827.yint                            0
stdout xu.x_u7_u827.e_abmgate_int1                  0
stdout xu.x_u7_u822.yint1                           0
stdout xu.x_u7_u822.e_abmgate1_int1                 0
stdout xu.x_u7_u822.yint2                           0
stdout xu.x_u7_u822.yint3                           1
stdout xu.x_u7_u822.e_abmgate2_int1                 1
stdout xu.x_u7_u824.yint                            0
stdout xu.x_u7_u824.e_abmgate_int1                  0
stdout xu.u4_n7398284                         -0.0344
stdout xu.e_u4_abm178_int1                    -0.0344
stdout xu.u4_n7404432                         -0.0344
stdout xu.u4_n7398466                               0
stdout xu.e_u4_abm180_int1                          0
stdout xu.u4_n7397990                             1.7
stdout xu.g_u4_abmii1_int1                          0
stdout xu.u4_n16518371                              0
stdout xu.u4_n7404426                         -0.0344
stdout xu.x_u4_u1.yint                              0
stdout xu.x_u4_u1.e_abmgate_int1                    0
stdout xu.u4_n7398492                               0
stdout xu.e_u4_abm179_int1                    -0.0344
stdout xu.u4_n7398290                         -0.0344
stdout xu.g_u4_abmi5_int1                           0
stdout xu.e_u4_abm174_int1                    -0.0344
stdout vout                              -9.89019e-15
stdout cc                                    0.594386
stdout linductor                         -9.93865e-15
stdout c1                                           0
stdout c2                                           0
stdout b.xu.be_u4_abm174#branch                     0
stdout b.xu.bg_u4_abmi5#branch                      0
stdout b.xu.be_u4_abm179#branch                     0
stdout b.xu.x_u4_u1.be_abmgate#branch               0
stdout b.xu.bg_u4_abmii1#branch                     0
stdout b.xu.be_u4_abm180#branch                     0
stdout b.xu.be_u4_abm178#branch                     0
stdout b.xu.x_u7_u824.be_abmgate#branch               0
stdout b.xu.x_u7_u822.be_abmgate2#branch               0
stdout b.xu.x_u7_u822.be_abmgate1#branch               0
stdout b.xu.x_u7_u827.be_abmgate#branch               0
stdout b.xu.x_u7_u823.be_abmgate#branch               0
stdout b.xu.be_u7_abm13#branch                      0
stdout b.xu.x_u7_u825.be_abmgate#branch               0
stdout b.xu.x_u7_u826.be_abmgate2#branch               0
stdout b.xu.x_u7_u826.be_abmgate1#branch               0
stdout b.xu.x_u7_u6.be_abmgate#branch               0
stdout b.xu.bg_u1_abmii1#branch                     0
stdout b.xu.be_u1_abm1#branch                       0
stdout b.xu.be_u1_abm173#branch                     0
stdout b.xu.x_u11_u602.be_abm#branch                0
stdout b.xu.x_u11_u603.be_abmgate#branch               0
stdout b.xu.x_u11_u601.be_abmgate#branch               0
stdout b.xu.be_u11_abm173#branch                    0
stdout b.xu.x_u11_u604.be_abmgate#branch               0
stdout b.xu.be_u5_abm171#branch                     0
stdout b.xu.x_u5_u614.be_abmgate#branch               0
stdout b.xu.be_u5_abm8#branch                       0
stdout b.xu.x_u5_u603.be_abmgate#branch               0
stdout b.xu.be_u5_abm177#branch                     0
stdout b.xu.bg_u5_abm2i1#branch                     0
stdout b.xu.x_u8_u5.be_abm#branch                   0
stdout b.xu.be_u8_abm167#branch                     0
stdout b.xu.x_u8_u605.be_abmgate#branch               0
stdout b.xu.x_u8_u611.be_abmgate2#branch               0
stdout b.xu.x_u8_u611.be_abmgate1#branch               0
stdout b.xu.be_u8_abm169#branch                     0
stdout b.xu.x_u8_u604.be_abmgate#branch               0
stdout b.xu.x_u8_u610.be_abmgate#branch               0
stdout b.xu.be_u8_abm2#branch                       0
stdout b.xu.x_u8_u609.be_abmgate#branch               0
stdout b.xu.x_u8_u612.be_abmgate2#branch               0
stdout b.xu.x_u8_u612.be_abmgate1#branch               0
stdout b.xu.x_u8_u607.be_abmgate#branch               0
stdout b.xu.x_u8_u602.be_abmgate#branch               0
stdout b.xu.x_u8_u608.be_abmgate#branch               0
stdout b.xu.x_u8_u613.be_abmgate#branch               0
stdout b.xu.x_u8_u606.be_abmgate#branch               0
stdout b.xu.be_u3_abm6#branch                       0
stdout b.xu.x_u3_u137.be_abmgate2#branch               0
stdout b.xu.x_u3_u137.be_abmgate1#branch               0
stdout b.xu.be_u3_abm4#branch                       0
stdout b.xu.x_u3_u8.be_abm#branch                   0
stdout b.xu.x_u3_u136.be_abmgate#branch               0
stdout b.xu.be_u3_abm7#branch                       0
stdout b.xu.be_u3_abm165#branch                     0
stdout v.xu.v_u3_v44#branch              -4.16675e-06
stdout b.xu.x_u3_u134.be_abmgate#branch               0
stdout b.xu.be_u3_abm166#branch                     0
stdout b.xu.x_u3_u135.be_abmgate2#branch               0
stdout b.xu.x_u3_u135.be_abmgate1#branch               0
stdout b.xu.x_u3_u138.be_abmgate#branch               0
stdout b.xu.x_u3_u7.be_abm#branch                   0
stdout b.xu.x_u3_u131.be_abm#branch                 0
stdout b.xu.be_u3_abm1#branch                       0
stdout b.xu.x_u3_u6.be_abm#branch                   0
stdout b.xu.be_u3_abm164#branch                     0
stdout b.xu.x_u6_u604.beout#branch                  0
stdout b.xu.x_u6_u604.behys#branch                  0
stdout b.xu.x_u6_u598.be_abmgate#branch               0
stdout b.xu.x_u6_u600.be_abm#branch                 0
stdout b.xu.x_u6_u599.be_abmgate2#branch               0
stdout b.xu.x_u6_u599.be_abmgate1#branch               0
stdout b.xu.be_u6_abm151#branch                     0
stdout b.xu.bg_u6_abmi4#branch                      0
stdout b.xu.be_u6_abm164#branch                     0
stdout b.xu.be_u6_abm165#branch                     0
stdout b.xu.x_u6_u602.be_abmgate#branch               0
stdout b.xu.be_u6_abm152#branch                     0
stdout b.xu.be_u6_abm163#branch                     0
stdout b.xu.be_u6_abm148#branch                     0
stdout b.xu.x_u6_u603.beqb#branch                   0
stdout b.xu.x_u6_u603.x3.be_abmgate2#branch               0
stdout b.xu.x_u6_u603.x3.be_abmgate1#branch               0
stdout b.xu.x_u6_u603.bgq#branch                    0
stdout b.xu.x_u6_u603.x2.be_abmgate#branch               0
stdout b.xu.x_u6_u603.x1.be_abmgate2#branch               0
stdout b.xu.x_u6_u603.x1.be_abmgate1#branch               0
stdout b.xu.x_u6_u134.be_abmgate#branch               0
stdout h.xu.x_u8_h1.h_u8_h1#branch                  0
stdout v.xu.x_u8_h1.vh_u8_h1#branch      -1.92137e-15
stdout h.xu.x_u3_h1.h_u3_h1#branch        -8.3335e-06
stdout v.xu.x_u3_h1.vh_u3_h1#branch      -4.16675e-06
stdout l1#branch                         -1.93809e-15
stdout e.xu.e_u4_abm174#branch                      0
stdout e.xu.e_u4_abm179#branch                      0
stdout e.xu.x_u4_u1.e_abmgate#branch                0
stdout e.xu.e_u4_abm180#branch                      0
stdout e.xu.e_u4_abm178#branch                      0
stdout e.xu.x_u7_u824.e_abmgate#branch               0
stdout e.xu.x_u7_u822.e_abmgate2#branch               0
stdout e.xu.x_u7_u822.e_abmgate1#branch               0
stdout e.xu.x_u7_u827.e_abmgate#branch               0
stdout e.xu.x_u7_u823.e_abmgate#branch               0
stdout e.xu.e_u7_abm13#branch                       0
stdout e.xu.x_u7_u825.e_abmgate#branch               0
stdout e.xu.x_u7_u826.e_abmgate2#branch               0
stdout e.xu.x_u7_u826.e_abmgate1#branch               0
stdout e.xu.x_u7_u6.e_abmgate#branch                0
stdout e.xu.e_u1_abm1#branch                        0
stdout e.xu.e_u1_abm173#branch            3.37411e-10
stdout e.xu.x_u11_u602.e_abm#branch                 0
stdout e.xu.x_u11_u603.e_abmgate#branch               0
stdout e.xu.x_u11_u601.e_abmgate#branch               0
stdout e.xu.e_u11_abm173#branch                     0
stdout e.xu.x_u11_u604.e_abmgate#branch               0
stdout e.xu.e_u5_abm171#branch                      0
stdout e.xu.x_u5_u614.e_abmgate#branch               0
stdout e.xu.e_u5_abm8#branch                        0
stdout e.xu.x_u5_u603.e_abmgate#branch               0
stdout e.xu.e_u5_abm177#branch                      0
stdout e.xu.x_u8_u5.e_abm#branch                    0
stdout e.xu.e_u8_abm167#branch                      0
stdout e.xu.x_u8_u605.e_abmgate#branch               0
stdout e.xu.x_u8_u611.e_abmgate2#branch               0
stdout e.xu.x_u8_u611.e_abmgate1#branch               0
stdout e.xu.e_u8_abm169#branch                      0
stdout e.xu.x_u8_u604.e_abmgate#branch               0
stdout e.xu.x_u8_u610.e_abmgate#branch               0
stdout e.xu.e_u8_abm2#branch                        0
stdout e.xu.x_u8_u609.e_abmgate#branch      -1.001e-09
stdout e.xu.x_u8_u612.e_abmgate2#branch               0
stdout e.xu.x_u8_u612.e_abmgate1#branch               0
stdout e.xu.x_u8_u607.e_abmgate#branch               0
stdout e.xu.x_u8_u602.e_abmgate#branch               0
stdout e.xu.x_u8_u608.e_abmgate#branch               0
stdout e.xu.x_u8_u613.e_abmgate#branch               0
stdout e.xu.x_u8_u606.e_abmgate#branch               0
stdout e.xu.e_u3_abm6#branch                        0
stdout e.xu.x_u3_u137.e_abmgate2#branch               0
stdout e.xu.x_u3_u137.e_abmgate1#branch               0
stdout e.xu.e_u3_abm4#branch                        0
stdout e.xu.x_u3_u8.e_abm#branch                    0
stdout e.xu.x_u3_u136.e_abmgate#branch    2.09934e-140
stdout e.xu.e_u3_abm7#branch                        0
stdout e.xu.e_u3_abm165#branch                      0
stdout e.xu.x_u3_u134.e_abmgate#branch      -1.001e-09
stdout e.xu.e_u3_abm166#branch                      0
stdout e.xu.x_u3_u135.e_abmgate2#branch               0
stdout e.xu.x_u3_u135.e_abmgate1#branch               0
stdout e.xu.x_u3_u138.e_abmgate#branch               0
stdout e.xu.x_u3_u7.e_abm#branch                    0
stdout e.xu.x_u3_u131.e_abm#branch                  0
stdout e.xu.e_u3_abm1#branch                        0
stdout e.xu.x_u3_u6.e_abm#branch                    0
stdout e.xu.e_u3_abm164#branch                      0
stdout e.xu.x_u6_u604.eout#branch                   0
stdout e.xu.x_u6_u604.ehys#branch            4.36e-05
stdout e.xu.x_u6_u604.ein#branch            -4.36e-05
stdout e.xu.x_u6_u598.e_abmgate#branch               0
stdout e.xu.x_u6_u600.e_abm#branch                  0
stdout e.xu.x_u6_u599.e_abmgate2#branch               0
stdout e.xu.x_u6_u599.e_abmgate1#branch               0
stdout e.xu.e_u6_abm151#branch           -6.32869e-77
stdout e.xu.e_u6_abm164#branch                      0
stdout e.xu.e_u6_abm165#branch                      0
stdout e.xu.x_u6_u602.e_abmgate#branch               0
stdout e.xu.e_u6_abm152#branch                      0
stdout e.xu.e_u6_abm163#branch                      0
stdout e.xu.e_u6_abm148#branch                      0
stdout e.xu.x_u6_u603.eqb#branch                    0
stdout e.xu.x_u6_u603.x3.e_abmgate2#branch               0
stdout e.xu.x_u6_u603.x3.e_abmgate1#branch               0
stdout e.xu.x_u6_u603.eq#branch                     0
stdout e.xu.x_u6_u603.x2.e_abmgate#branch               0
stdout e.xu.x_u6_u603.x1.e_abmgate2#branch               0
stdout e.xu.x_u6_u603.x1.e_abmgate1#branch               0
stdout e.xu.x_u6_u134.e_abmgate#branch      -1.001e-09
stdout v.xu.v_u4_v70#branch                -1.701e-12
stdout v.xu.v_u11_v64#branch                        0
stdout v.xu.v_u5_v5#branch                -2.6696e-06
stdout v.xu.v_u5_v6#branch               -1.40661e-12
stdout v.xu.v_u3_v45#branch              -5.07254e-05
stdout v.xu.v_u3_v46#branch                         0
stdout v.xu.v_v46#branch                            0
stdout v.xu.v_u6_v2#branch                          0
stdout v.xu.x_u6_u603.v1#branch            -1.001e-12
stdout v.xu.v_u6_v1#branch                          0
stdout v.xu.v_v47#branch                            0
stdout vin#branch                        -9.60674e-07
 Reference value :  5.52026e-05
 Reference value :  1.35866e-04
 Reference value :  1.93820e-04
 Reference value :  2.32298e-04
 Reference value :  2.70684e-04
 Reference value :  3.28269e-04
 Reference value :  3.66949e-04
 Reference value :  4.05405e-04
 Reference value :  4.44846e-04
 Reference value :  4.97413e-04
 Reference value :  5.40560e-04
 Reference value :  5.78881e-04
 Reference value :  6.18258e-04
 Reference value :  6.64538e-04
 Reference value :  7.13440e-04
 Reference value :  7.53215e-04
 Reference value :  8.09320e-04
 Reference value :  8.49223e-04
 Reference value :  8.88069e-04
 Reference value :  9.44397e-04
 Reference value :  9.82842e-04
 Reference value :  1.02332e-03
 Reference value :  1.07206e-03
 Reference value :  1.11800e-03
 Reference value :  1.14796e-03
 Reference value :  1.16830e-03
 Reference value :  1.19625e-03
 Reference value :  1.21670e-03
 Reference value :  1.24464e-03
 Reference value :  1.26514e-03
 Reference value :  1.28711e-03
 Reference value :  1.31256e-03
 Reference value :  1.33190e-03
 Reference value :  1.35129e-03
 Reference value :  1.37220e-03
 Reference value :  1.39988e-03
 Reference value :  1.41913e-03
 Reference value :  1.44599e-03
 Reference value :  1.46772e-03
 Reference value :  1.48863e-03
 Reference value :  1.51614e-03
 Reference value :  1.53559e-03
 Reference value :  1.55663e-03
 Reference value :  1.58305e-03
 Reference value :  1.60323e-03
 Reference value :  1.62435e-03
 Reference value :  1.65151e-03
 Reference value :  1.67259e-03
 Reference value :  1.69921e-03
 Reference value :  1.72080e-03
 Reference value :  1.74022e-03
 Reference value :  1.76746e-03
 Reference value :  1.78685e-03
 Reference value :  1.80200e-03
 Reference value :  1.81181e-03
 Reference value :  1.82255e-03
 Reference value :  1.83611e-03
 Reference value :  1.85067e-03
 Reference value :  1.86140e-03
 Reference value :  1.87499e-03
 Reference value :  1.88476e-03
 Reference value :  1.89546e-03
 Reference value :  1.90904e-03
 Reference value :  1.91983e-03
 Reference value :  1.93344e-03
 Reference value :  1.94427e-03
 Reference value :  1.95813e-03
 Reference value :  1.97245e-03
 Reference value :  1.98712e-03
 Reference value :  1.99791e-03
 Reference value :  2.01149e-03
 Reference value :  2.02588e-03
 Reference value :  2.04045e-03
 Reference value :  2.05294e-03
 Reference value :  2.06589e-03
 Reference value :  2.08042e-03
 Reference value :  2.09391e-03
 Reference value :  2.10841e-03
 Reference value :  2.12298e-03
 Reference value :  2.13756e-03
 Reference value :  2.15187e-03
 Reference value :  2.16303e-03
 Reference value :  2.17769e-03
 Reference value :  2.19110e-03
 Reference value :  2.20436e-03
 Reference value :  2.21563e-03
 Reference value :  2.22988e-03
 Reference value :  2.23969e-03
 Reference value :  2.25428e-03
 Reference value :  2.26513e-03
 Reference value :  2.27486e-03
 Reference value :  2.28827e-03
 Reference value :  2.29925e-03
 Reference value :  2.31255e-03
 Reference value :  2.32345e-03
 Reference value :  2.33685e-03
 Reference value :  2.34661e-03
 Reference value :  2.35760e-03
 Reference value :  2.37079e-03
 Reference value :  2.38186e-03
 Reference value :  2.39510e-03
 Reference value :  2.40613e-03
 Reference value :  2.41934e-03
 Reference value :  2.43035e-03
 Reference value :  2.44364e-03
 Reference value :  2.45472e-03
 Reference value :  2.46141e-03
 Reference value :  2.46700e-03
 Reference value :  2.47368e-03
 Reference value :  2.47922e-03
 Reference value :  2.48593e-03
 Reference value :  2.49331e-03
 Reference value :  2.49886e-03
 Reference value :  2.50565e-03
 Reference value :  2.51289e-03
 Reference value :  2.51846e-03
 Reference value :  2.52518e-03
 Reference value :  2.53249e-03
 Reference value :  2.53804e-03
 Reference value :  2.54480e-03
 Reference value :  2.55041e-03
 Reference value :  2.55711e-03
 Reference value :  2.56434e-03
 Reference value :  2.56945e-03
 Reference value :  2.57663e-03
 Reference value :  2.58224e-03
 Reference value :  2.58884e-03
 Reference value :  2.59374e-03
 Reference value :  2.59932e-03
 Reference value :  2.60591e-03
 Reference value :  2.61155e-03
 Reference value :  2.61885e-03
 Reference value :  2.62553e-03
 Reference value :  2.63048e-03
 Reference value :  2.63780e-03
 Reference value :  2.64346e-03
 Reference value :  2.65010e-03
 Reference value :  2.65745e-03
 Reference value :  2.66240e-03
 Reference value :  2.66806e-03
 Reference value :  2.67472e-03
 Reference value :  2.68200e-03
 Reference value :  2.68763e-03
 Reference value :  2.69491e-03
 Reference value :  2.70163e-03
 Reference value :  2.70890e-03
 Reference value :  2.71389e-03
 Reference value :  2.72124e-03
 Reference value :  2.72687e-03
 Reference value :  2.73351e-03
 Reference value :  2.73915e-03
 Reference value :  2.74580e-03
 Reference value :  2.75072e-03
 Reference value :  2.75634e-03
 Reference value :  2.76366e-03
 Reference value :  2.77027e-03
 Reference value :  2.77591e-03
 Reference value :  2.78252e-03
 Reference value :  2.78819e-03
 Reference value :  2.79476e-03
 Reference value :  2.80040e-03
 Reference value :  2.80701e-03
 Reference value :  2.81269e-03
 Reference value :  2.81931e-03
 Reference value :  2.82655e-03
 Reference value :  2.83228e-03
 Reference value :  2.83887e-03
 Reference value :  2.84451e-03
 Reference value :  2.85111e-03
 Reference value :  2.85680e-03
 Reference value :  2.86347e-03
 Reference value :  2.86905e-03
 Reference value :  2.87636e-03
 Reference value :  2.88293e-03
 Reference value :  2.89018e-03
 Reference value :  2.89519e-03
 Reference value :  2.90243e-03
 Reference value :  2.90740e-03
 Reference value :  2.91303e-03
 Reference value :  2.91950e-03
 Reference value :  2.92462e-03
 Reference value :  2.93032e-03
 Reference value :  2.93691e-03
 Reference value :  2.94260e-03
 Reference value :  2.94919e-03
 Reference value :  2.95485e-03
 Reference value :  2.96145e-03
 Reference value :  2.96643e-03
 Reference value :  2.97206e-03
 Reference value :  2.97719e-03
 Reference value :  2.98352e-03
 Reference value :  2.98919e-03
 Reference value :  2.99573e-03
 Reference value :  3.00299e-03
 Reference value :  3.00876e-03
 Reference value :  3.01587e-03
 Reference value :  3.02240e-03
 Reference value :  3.02732e-03
 Reference value :  3.03298e-03
 Reference value :  3.03789e-03
 Reference value :  3.04281e-03
 Reference value :  3.04773e-03
 Reference value :  3.05268e-03
 Reference value :  3.05758e-03
 Reference value :  3.06403e-03
 Reference value :  3.06904e-03
 Reference value :  3.07395e-03
 Reference value :  3.07886e-03
 Reference value :  3.08376e-03
 Reference value :  3.08865e-03
 Reference value :  3.09358e-03
 Reference value :  3.09858e-03
 Reference value :  3.10420e-03
 Reference value :  3.10914e-03
 Reference value :  3.11566e-03
 Reference value :  3.12059e-03
 Reference value :  3.12550e-03
 Reference value :  3.13042e-03
 Reference value :  3.13533e-03
 Reference value :  3.14100e-03
 Reference value :  3.14596e-03
 Reference value :  3.15088e-03
 Reference value :  3.15581e-03
 Reference value :  3.16231e-03
 Reference value :  3.16722e-03
 Reference value :  3.17216e-03
 Reference value :  3.17781e-03
 Reference value :  3.18280e-03
 Reference value :  3.18773e-03
 Reference value :  3.19428e-03
 Reference value :  3.19922e-03
 Reference value :  3.20436e-03
 Reference value :  3.20984e-03
 Reference value :  3.21476e-03
 Reference value :  3.21969e-03
 Reference value :  3.22621e-03
 Reference value :  3.23110e-03
 Reference value :  3.23601e-03
 Reference value :  3.24093e-03
 Reference value :  3.24664e-03
 Reference value :  3.25157e-03
 Reference value :  3.25810e-03
 Reference value :  3.26304e-03
 Reference value :  3.26794e-03
 Reference value :  3.27284e-03
 Reference value :  3.27849e-03
 Reference value :  3.28501e-03
 Reference value :  3.28996e-03
 Reference value :  3.29488e-03
 Reference value :  3.29984e-03
 Reference value :  3.30552e-03
 Reference value :  3.31043e-03
 Reference value :  3.31690e-03
 Reference value :  3.32260e-03
 Reference value :  3.32755e-03
 Reference value :  3.33402e-03
 Reference value :  3.33903e-03
 Reference value :  3.34480e-03
 Reference value :  3.35198e-03
 Reference value :  3.35691e-03
 Reference value :  3.36339e-03
 Reference value :  3.36840e-03
 Reference value :  3.37562e-03
 Reference value :  3.38054e-03
 Reference value :  3.38631e-03
 Reference value :  3.39278e-03
 Reference value :  3.39774e-03
 Reference value :  3.40348e-03
 Reference value :  3.41001e-03
 Reference value :  3.41574e-03
 Reference value :  3.42226e-03
 Reference value :  3.42725e-03
 Reference value :  3.43292e-03
 Reference value :  3.43899e-03
 Reference value :  3.44426e-03
 Reference value :  3.44925e-03
 Reference value :  3.45416e-03
 Reference value :  3.45946e-03
 Reference value :  3.46484e-03
 Reference value :  3.46977e-03
 Reference value :  3.47468e-03
 Reference value :  3.48112e-03
 Reference value :  3.48609e-03
 Reference value :  3.49178e-03
 Reference value :  3.49830e-03
 Reference value :  3.50406e-03
 Reference value :  3.51050e-03
 Reference value :  3.51541e-03
 Reference value :  3.52035e-03
 Reference value :  3.52528e-03
 Reference value :  3.53029e-03
 Reference value :  3.53598e-03
 Reference value :  3.54090e-03
 Reference value :  3.54741e-03
 Reference value :  3.55231e-03
 Reference value :  3.55802e-03
 Reference value :  3.56455e-03
 Reference value :  3.56948e-03
 Reference value :  3.57445e-03
 Reference value :  3.58167e-03
 Reference value :  3.58661e-03
 Reference value :  3.59286e-03
 Reference value :  3.59883e-03
 Reference value :  3.60454e-03
 Reference value :  3.61105e-03
 Reference value :  3.61597e-03
 Reference value :  3.62321e-03
 Reference value :  3.62820e-03
 Reference value :  3.63393e-03
 Reference value :  3.64050e-03
 Reference value :  3.64552e-03
 Reference value :  3.65121e-03
 Reference value :  3.65771e-03
 Reference value :  3.66263e-03
 Reference value :  3.66834e-03
 Reference value :  3.67331e-03
 Reference value :  3.67979e-03
 Reference value :  3.68550e-03
 Reference value :  3.69200e-03
 Reference value :  3.69908e-03
 Reference value :  3.70397e-03
 Reference value :  3.70921e-03
 Reference value :  3.71416e-03
 Reference value :  3.72110e-03
 Reference value :  3.72639e-03
 Reference value :  3.73371e-03
 Reference value :  3.73870e-03
 Reference value :  3.74446e-03
 Reference value :  3.75086e-03
 Reference value :  3.75577e-03
 Reference value :  3.76075e-03
 Reference value :  3.76560e-03
 Reference value :  3.77050e-03
 Reference value :  3.77539e-03
 Reference value :  3.78029e-03
 Reference value :  3.78602e-03
 Reference value :  3.79095e-03
 Reference value :  3.79739e-03
 Reference value :  3.80229e-03
 Reference value :  3.80718e-03
 Reference value :  3.81209e-03
 Reference value :  3.81700e-03
 Reference value :  3.82188e-03
 Reference value :  3.82637e-03
 Reference value :  3.83007e-03
 Reference value :  3.83259e-03
 Reference value :  3.83681e-03
 Reference value :  3.84143e-03
 Reference value :  3.84632e-03
 Reference value :  3.85080e-03
 Reference value :  3.85453e-03
 Reference value :  3.85936e-03
 Reference value :  3.86342e-03
 Reference value :  3.86828e-03
 Reference value :  3.87316e-03
 Reference value :  3.87805e-03
 Reference value :  3.88134e-03
 Reference value :  3.88625e-03
 Reference value :  3.89110e-03
 Reference value :  3.89523e-03
 Reference value :  3.90002e-03
 Reference value :  3.90335e-03
 Reference value :  3.90827e-03
 Reference value :  3.91245e-03
 Reference value :  3.91724e-03
 Reference value :  3.92054e-03
 Reference value :  3.92462e-03
 Reference value :  3.92794e-03
 Reference value :  3.93281e-03
 Reference value :  3.93688e-03
 Reference value :  3.94135e-03
 Reference value :  3.94508e-03
 Reference value :  3.94914e-03
 Reference value :  3.95405e-03
 Reference value :  3.95893e-03
 Reference value :  3.96342e-03
 Reference value :  3.96628e-03
 Reference value :  3.97077e-03
 Reference value :  3.97364e-03
 Reference value :  3.97816e-03
 Reference value :  3.98180e-03
 Reference value :  3.98585e-03
 Reference value :  3.99076e-03
 Reference value :  3.99410e-03
 Reference value :  3.99813e-03
 Reference value :  4.00077e-03
 Reference value :  4.00552e-03
 Reference value :  4.00996e-03
 Reference value :  4.01369e-03
 Reference value :  4.01773e-03
 Reference value :  4.02027e-03
 Reference value :  4.02512e-03
 Reference value :  4.02996e-03
 Reference value :  4.03330e-03
 Reference value :  4.03740e-03
 Reference value :  4.04228e-03
 Reference value :  4.04675e-03
 Reference value :  4.04964e-03
 Reference value :  4.05450e-03
 Reference value :  4.05782e-03
 Reference value :  4.06275e-03
 Reference value :  4.06680e-03
 Reference value :  4.07167e-03
 Reference value :  4.07502e-03
 Reference value :  4.07987e-03
 Reference value :  4.08394e-03
 Reference value :  4.08884e-03
 Reference value :  4.09139e-03
 Reference value :  4.09583e-03
 Reference value :  4.09950e-03
 Reference value :  4.10359e-03
 Reference value :  4.10686e-03
 Reference value :  4.11096e-03
 Reference value :  4.11427e-03
 Reference value :  4.11832e-03
 Reference value :  4.12319e-03
 Reference value :  4.12650e-03
 Reference value :  4.13057e-03
 Reference value :  4.13544e-03
 Reference value :  4.13799e-03
 Reference value :  4.14282e-03
 Reference value :  4.14728e-03
 Reference value :  4.15018e-03
 Reference value :  4.15503e-03
 Reference value :  4.15836e-03
 Reference value :  4.16240e-03
 Reference value :  4.16573e-03
 Reference value :  4.16977e-03
 Reference value :  4.17309e-03
 Reference value :  4.17801e-03
 Reference value :  4.18288e-03
 Reference value :  4.18694e-03
 Reference value :  4.19179e-03
 Reference value :  4.19433e-03
 Reference value :  4.19760e-03
 Reference value :  4.20164e-03
 Reference value :  4.20650e-03
 Reference value :  4.20898e-03
 Reference value :  4.21229e-03
 Reference value :  4.21630e-03
 Reference value :  4.21890e-03
 Reference value :  4.22367e-03
 Reference value :  4.22699e-03
 Reference value :  4.23104e-03
 Reference value :  4.23590e-03
 Reference value :  4.23840e-03
 Reference value :  4.24326e-03
 Reference value :  4.24775e-03
 Reference value :  4.25143e-03
 Reference value :  4.25547e-03
 Reference value :  4.25880e-03
 Reference value :  4.26285e-03
 Reference value :  4.26734e-03
 Reference value :  4.27107e-03
 Reference value :  4.27509e-03
 Reference value :  4.27996e-03
 Reference value :  4.28328e-03
 Reference value :  4.28731e-03
 Reference value :  4.28980e-03
 Reference value :  4.29312e-03
 Reference value :  4.29716e-03
 Reference value :  4.29978e-03
 Reference value :  4.30291e-03
 Reference value :  4.30528e-03
 Reference value :  4.30774e-03
 Reference value :  4.31028e-03
 Reference value :  4.31276e-03
 Reference value :  4.31638e-03
 Reference value :  4.31923e-03
 Reference value :  4.32172e-03
 Reference value :  4.32495e-03
 Reference value :  4.32899e-03
 Reference value :  4.33232e-03
 Reference value :  4.33635e-03
 Reference value :  4.33883e-03
 Reference value :  4.34214e-03
 Reference value :  4.34619e-03
 Reference value :  4.35109e-03
 Reference value :  4.35443e-03
 Reference value :  4.35930e-03
 Reference value :  4.36333e-03
 Reference value :  4.36666e-03
 Reference value :  4.37072e-03
 Reference value :  4.37403e-03
 Reference value :  4.37807e-03
 Reference value :  4.38292e-03
 Reference value :  4.38626e-03
 Reference value :  4.39111e-03
 Reference value :  4.39516e-03
 Reference value :  4.39849e-03
 Reference value :  4.40331e-03
 Reference value :  4.40738e-03
 Reference value :  4.41072e-03
 Reference value :  4.41478e-03
 Reference value :  4.41970e-03
 Reference value :  4.42460e-03
 Reference value :  4.42789e-03
 Reference value :  4.43197e-03
 Reference value :  4.43532e-03
 Reference value :  4.44023e-03
 Reference value :  4.44515e-03
 Reference value :  4.45001e-03
 Reference value :  4.45488e-03
 Reference value :  4.45898e-03
 Reference value :  4.46380e-03
 Reference value :  4.46867e-03
 Reference value :  4.47194e-03
 Reference value :  4.47602e-03
 Reference value :  4.48050e-03
 Reference value :  4.48420e-03
 Reference value :  4.48827e-03
 Reference value :  4.49277e-03
 Reference value :  4.49564e-03
 Reference value :  4.50051e-03
 Reference value :  4.50391e-03
 Reference value :  4.50786e-03
 Reference value :  4.51273e-03
 Reference value :  4.51617e-03
 Reference value :  4.52100e-03
 Reference value :  4.52508e-03
 Reference value :  4.52991e-03
 Reference value :  4.53485e-03
 Reference value :  4.53826e-03
 Reference value :  4.54315e-03
 Reference value :  4.54800e-03
 Reference value :  4.55290e-03
 Reference value :  4.55772e-03
 Reference value :  4.56264e-03
 Reference value :  4.56674e-03
 Reference value :  4.57153e-03
 Reference value :  4.57642e-03
 Reference value :  4.58130e-03
 Reference value :  4.58618e-03
 Reference value :  4.59107e-03
 Reference value :  4.59603e-03
 Reference value :  4.60084e-03
 Reference value :  4.60573e-03
 Reference value :  4.61064e-03
 Reference value :  4.61555e-03
 Reference value :  4.62040e-03
 Reference value :  4.62529e-03
 Reference value :  4.63018e-03
 Reference value :  4.63511e-03
 Reference value :  4.63997e-03
 Reference value :  4.64569e-03
 Reference value :  4.65057e-03
 Reference value :  4.65546e-03
 Reference value :  4.66182e-03
 Reference value :  4.66679e-03
 Reference value :  4.67251e-03
 Reference value :  4.67746e-03
 Reference value :  4.68388e-03
 Reference value :  4.68881e-03
 Reference value :  4.69373e-03
 Reference value :  4.69948e-03
 Reference value :  4.70591e-03
 Reference value :  4.71084e-03
 Reference value :  4.71576e-03
 Reference value :  4.72071e-03
 Reference value :  4.72584e-03
 Reference value :  4.73133e-03
 Reference value :  4.73777e-03
 Reference value :  4.74266e-03
 Reference value :  4.74767e-03
 Reference value :  4.75294e-03
 Reference value :  4.75824e-03
 Reference value :  4.76467e-03
 Reference value :  4.77043e-03
 Reference value :  4.77687e-03
 Reference value :  4.78180e-03
 Reference value :  4.78754e-03
 Reference value :  4.79256e-03
 Reference value :  4.79889e-03
 Reference value :  4.80385e-03
 Reference value :  4.80958e-03
 Reference value :  4.81604e-03
 Reference value :  4.82180e-03
 Reference value :  4.82827e-03
 Reference value :  4.83426e-03
 Reference value :  4.84050e-03
 Reference value :  4.84654e-03
 Reference value :  4.85284e-03
 Reference value :  4.85849e-03
 Reference value :  4.86498e-03
 Reference value :  4.87070e-03
 Reference value :  4.87565e-03
 Reference value :  4.88212e-03
 Reference value :  4.88784e-03
 Reference value :  4.89436e-03
 Reference value :  4.90006e-03
 Reference value :  4.90654e-03
 Reference value :  4.91231e-03
 Reference value :  4.91882e-03
 Reference value :  4.92606e-03
 Reference value :  4.93176e-03
 Reference value :  4.93826e-03
 Reference value :  4.94401e-03
 Reference value :  4.95128e-03
 Reference value :  4.95781e-03
 Reference value :  4.96357e-03
 Reference value :  4.96998e-03
 Reference value :  4.97499e-03
 Reference value :  4.98066e-03
 Reference value :  4.98711e-03
 Reference value :  4.99208e-03
 Reference value :  4.99932e-03
 Reference value :  5.00638e-03
 Reference value :  5.01237e-03
 Reference value :  5.01881e-03
 Reference value :  5.02462e-03
 Reference value :  5.03112e-03
 Reference value :  5.03687e-03
 Reference value :  5.04336e-03
 Reference value :  5.05065e-03
 Reference value :  5.05566e-03
 Reference value :  5.06142e-03
 Reference value :  5.06785e-03
 Reference value :  5.07361e-03
 Reference value :  5.08015e-03
 Reference value :  5.08741e-03
 Reference value :  5.09320e-03
 Reference value :  5.09967e-03
 Reference value :  5.10543e-03
 Reference value :  5.11196e-03
 Reference value :  5.11771e-03
 Reference value :  5.12440e-03
 Reference value :  5.13149e-03
 Reference value :  5.13725e-03
 Reference value :  5.14401e-03
 Reference value :  5.15103e-03
 Reference value :  5.15675e-03
 Reference value :  5.16327e-03
 Reference value :  5.16904e-03
 Reference value :  5.17546e-03
 Reference value :  5.18118e-03
 Reference value :  5.18770e-03
 Reference value :  5.19347e-03
 Reference value :  5.20069e-03
 Reference value :  5.20721e-03
 Reference value :  5.21298e-03
 Reference value :  5.21945e-03
 Reference value :  5.22519e-03
 Reference value :  5.23166e-03
 Reference value :  5.23737e-03
 Reference value :  5.24387e-03
 Reference value :  5.24964e-03
 Reference value :  5.25626e-03
 Reference value :  5.26340e-03
 Reference value :  5.26835e-03
 Reference value :  5.27567e-03
 Reference value :  5.28143e-03
 Reference value :  5.28872e-03
 Reference value :  5.29518e-03
 Reference value :  5.30095e-03
 Reference value :  5.30738e-03
 Reference value :  5.31464e-03
 Reference value :  5.31970e-03
 Reference value :  5.32693e-03
 Reference value :  5.33270e-03
 Reference value :  5.33927e-03
 Reference value :  5.34650e-03
 Reference value :  5.35228e-03
 Reference value :  5.35877e-03
 Reference value :  5.36606e-03
 Reference value :  5.37097e-03
 Reference value :  5.37674e-03
 Reference value :  5.38322e-03
 Reference value :  5.39052e-03
 Reference value :  5.39635e-03
 Reference value :  5.40357e-03
 Reference value :  5.41006e-03
 Reference value :  5.41584e-03
 Reference value :  5.42225e-03
 Reference value :  5.42954e-03
 Reference value :  5.43534e-03
 Reference value :  5.44187e-03
 Reference value :  5.44913e-03
 Reference value :  5.45490e-03
 Reference value :  5.46137e-03
 Reference value :  5.46865e-03
 Reference value :  5.47448e-03
 Reference value :  5.48095e-03
 Reference value :  5.48674e-03
 Reference value :  5.49403e-03
 Reference value :  5.50052e-03
 Reference value :  5.50630e-03
 Reference value :  5.51292e-03
 Reference value :  5.52009e-03
 Reference value :  5.52586e-03
 Reference value :  5.53236e-03
 Reference value :  5.53812e-03
 Reference value :  5.54459e-03
 Reference value :  5.55037e-03
 Reference value :  5.55685e-03
 Reference value :  5.56410e-03
 Reference value :  5.56905e-03
 Reference value :  5.57482e-03
 Reference value :  5.58136e-03
 Reference value :  5.58861e-03
 Reference value :  5.59438e-03
 Reference value :  5.60092e-03
 Reference value :  5.60814e-03
 Reference value :  5.61390e-03
 Reference value :  5.62035e-03
 Reference value :  5.62612e-03
 Reference value :  5.63254e-03
 Reference value :  5.63831e-03
 Reference value :  5.64477e-03
 Reference value :  5.65205e-03
 Reference value :  5.65784e-03
 Reference value :  5.66436e-03
 Reference value :  5.67159e-03
 Reference value :  5.67739e-03
 Reference value :  5.68386e-03
 Reference value :  5.68963e-03
 Reference value :  5.69604e-03
 Reference value :  5.70331e-03
 Reference value :  5.70905e-03
 Reference value :  5.71550e-03
 Reference value :  5.72151e-03
 Reference value :  5.72858e-03
 Reference value :  5.73505e-03
 Reference value :  5.74086e-03
 Reference value :  5.74729e-03
 Reference value :  5.75306e-03
 Reference value :  5.75951e-03
 Reference value :  5.76683e-03
 Reference value :  5.77261e-03
 Reference value :  5.77907e-03
 Reference value :  5.78637e-03
 Reference value :  5.79215e-03
 Reference value :  5.79860e-03
 Reference value :  5.80437e-03
 Reference value :  5.81084e-03
 Reference value :  5.81815e-03
 Reference value :  5.82455e-03
 Reference value :  5.83121e-03
 Reference value :  5.83771e-03
 Reference value :  5.84349e-03
 Reference value :  5.84993e-03
 Reference value :  5.85567e-03
 Reference value :  5.86297e-03
 Reference value :  5.86945e-03
 Reference value :  5.87459e-03
 Reference value :  5.88170e-03
 Reference value :  5.88745e-03
 Reference value :  5.89396e-03
 Reference value :  5.89975e-03
 Reference value :  5.90617e-03
 Reference value :  5.91196e-03
 Reference value :  5.91843e-03
 Reference value :  5.92574e-03
 Reference value :  5.93151e-03
 Reference value :  5.93795e-03
 Reference value :  5.94374e-03
 Reference value :  5.95018e-03
 Reference value :  5.95594e-03
 Reference value :  5.96237e-03
 Reference value :  5.96737e-03
 Reference value :  5.97462e-03
 Reference value :  5.98034e-03
 Reference value :  5.98684e-03
 Reference value :  5.99259e-03
 Reference value :  5.99908e-03
 Reference value :  6.00477e-03
 Reference value :  6.01151e-03
 Reference value :  6.01704e-03
 Reference value :  6.02356e-03
 Reference value :  6.02921e-03
 Reference value :  6.03572e-03
 Reference value :  6.04149e-03
 Reference value :  6.04792e-03
 Reference value :  6.05366e-03
 Reference value :  6.06014e-03
 Reference value :  6.06589e-03
 Reference value :  6.07240e-03
 Reference value :  6.07739e-03
 Reference value :  6.08307e-03
 Reference value :  6.08953e-03
 Reference value :  6.09530e-03
 Reference value :  6.10175e-03
 Reference value :  6.10746e-03
 Reference value :  6.11397e-03
 Reference value :  6.11897e-03
 Reference value :  6.12469e-03
 Reference value :  6.12958e-03
 Reference value :  6.13603e-03
 Reference value :  6.14095e-03
 Reference value :  6.14671e-03
 Reference value :  6.15321e-03
 Reference value :  6.15811e-03
 Reference value :  6.16309e-03
 Reference value :  6.16791e-03
 Reference value :  6.17369e-03
 Reference value :  6.17859e-03
 Reference value :  6.18508e-03
 Reference value :  6.18999e-03
 Reference value :  6.19570e-03
 Reference value :  6.20063e-03
 Reference value :  6.20702e-03
 Reference value :  6.21200e-03
 Reference value :  6.21770e-03
 Reference value :  6.22415e-03
 Reference value :  6.22917e-03
 Reference value :  6.23644e-03
 Reference value :  6.24134e-03
 Reference value :  6.24716e-03
 Reference value :  6.25354e-03
 Reference value :  6.25931e-03
 Reference value :  6.26578e-03
 Reference value :  6.27075e-03
 Reference value :  6.27644e-03
 Reference value :  6.28288e-03
 Reference value :  6.28866e-03
 Reference value :  6.29506e-03
 Reference value :  6.30001e-03
 Reference value :  6.30733e-03
 Reference value :  6.31313e-03
 Reference value :  6.31953e-03
 Reference value :  6.32537e-03
 Reference value :  6.33144e-03
 Reference value :  6.33674e-03
 Reference value :  6.34253e-03
 Reference value :  6.34900e-03
 Reference value :  6.35475e-03
 Reference value :  6.36120e-03
 Reference value :  6.36611e-03
 Reference value :  6.37188e-03
 Reference value :  6.37833e-03
 Reference value :  6.38400e-03
 Reference value :  6.38899e-03
 Reference value :  6.39543e-03
 Reference value :  6.40031e-03
 Reference value :  6.40604e-03
 Reference value :  6.41099e-03
 Reference value :  6.41744e-03
 Reference value :  6.42312e-03
 Reference value :  6.42807e-03
 Reference value :  6.43296e-03
 Reference value :  6.43939e-03
 Reference value :  6.44512e-03
 Reference value :  6.45151e-03
 Reference value :  6.45644e-03
 Reference value :  6.46217e-03
 Reference value :  6.46717e-03
 Reference value :  6.47355e-03
 Reference value :  6.47851e-03
 Reference value :  6.48422e-03
 Reference value :  6.49065e-03
 Reference value :  6.49555e-03
 Reference value :  6.50129e-03
 Reference value :  6.50776e-03
 Reference value :  6.51350e-03
 Reference value :  6.51994e-03
 Reference value :  6.52489e-03
 Reference value :  6.53058e-03
 Reference value :  6.53547e-03
 Reference value :  6.54193e-03
 Reference value :  6.54684e-03
 Reference value :  6.55256e-03
 Reference value :  6.55752e-03
 Reference value :  6.56388e-03
 Reference value :  6.56886e-03
 Reference value :  6.57462e-03
 Reference value :  6.58111e-03
 Reference value :  6.58600e-03
 Reference value :  6.59092e-03
 Reference value :  6.59663e-03
 Reference value :  6.60155e-03
 Reference value :  6.60800e-03
 Reference value :  6.61290e-03
 Reference value :  6.61792e-03
 Reference value :  6.62354e-03
 Reference value :  6.62838e-03
 Reference value :  6.63480e-03
 Reference value :  6.63979e-03
 Reference value :  6.64470e-03
 Reference value :  6.64960e-03
 Reference value :  6.65452e-03
 Reference value :  6.66021e-03
 Reference value :  6.66519e-03
 Reference value :  6.67159e-03
 Reference value :  6.67650e-03
 Reference value :  6.68143e-03
 Reference value :  6.68631e-03
 Reference value :  6.69202e-03
 Reference value :  6.69695e-03
 Reference value :  6.70185e-03
 Reference value :  6.70832e-03
 Reference value :  6.71319e-03
 Reference value :  6.71894e-03
 Reference value :  6.72388e-03
 Reference value :  6.72883e-03
 Reference value :  6.73374e-03
 Reference value :  6.74016e-03
 Reference value :  6.74511e-03
 Reference value :  6.74995e-03
 Reference value :  6.75484e-03
 Reference value :  6.75973e-03
 Reference value :  6.76498e-03
 Reference value :  6.77039e-03
 Reference value :  6.77694e-03
 Reference value :  6.78262e-03
 Reference value :  6.78908e-03
 Reference value :  6.79396e-03
 Reference value :  6.79966e-03
 Reference value :  6.80471e-03
 Reference value :  6.81103e-03
 Reference value :  6.81645e-03
 Reference value :  6.82173e-03
 Reference value :  6.82815e-03
 Reference value :  6.83309e-03
 Reference value :  6.83887e-03
 Reference value :  6.84396e-03
 Reference value :  6.85026e-03
 Reference value :  6.85520e-03
 Reference value :  6.86092e-03
 Reference value :  6.86740e-03
 Reference value :  6.87228e-03
 Reference value :  6.87722e-03
 Reference value :  6.88212e-03
 Reference value :  6.88703e-03
 Reference value :  6.89192e-03
 Reference value :  6.89685e-03
 Reference value :  6.90175e-03
 Reference value :  6.90867e-03
 Reference value :  6.91405e-03
 Reference value :  6.91977e-03
 Reference value :  6.92624e-03
 Reference value :  6.93115e-03
 Reference value :  6.93612e-03
 Reference value :  6.94103e-03
 Reference value :  6.94668e-03
 Reference value :  6.95308e-03
 Reference value :  6.95796e-03
 Reference value :  6.96136e-03
 Reference value :  6.96544e-03
 Reference value :  6.96875e-03
 Reference value :  6.97288e-03
 Reference value :  6.97852e-03
 Reference value :  6.98344e-03
 Reference value :  6.98978e-03
 Reference value :  6.99317e-03
 Reference value :  6.99961e-03
 Reference value :  7.00456e-03
 Reference value :  7.00943e-03
 Reference value :  7.01432e-03
 Reference value :  7.01930e-03
 Reference value :  7.02492e-03
 Reference value :  7.02978e-03
 Reference value :  7.03468e-03
 Reference value :  7.03965e-03
 Reference value :  7.04456e-03
 Reference value :  7.04942e-03
 Reference value :  7.05348e-03
 Reference value :  7.05620e-03
 Reference value :  7.06084e-03
 Reference value :  7.06332e-03
 Reference value :  7.06616e-03
 Reference value :  7.07065e-03
 Reference value :  7.07561e-03
 Reference value :  7.08046e-03
 Reference value :  7.08313e-03
 Reference value :  7.08739e-03
 Reference value :  7.09035e-03
 Reference value :  7.09511e-03
 Reference value :  7.09843e-03
 Reference value :  7.10326e-03
 Reference value :  7.10686e-03
 Reference value :  7.10975e-03
 Reference value :  7.11307e-03
 Reference value :  7.11712e-03
 Reference value :  7.12096e-03
 Reference value :  7.12524e-03
 Reference value :  7.12935e-03
 Reference value :  7.13267e-03
 Reference value :  7.13676e-03
 Reference value :  7.14158e-03
 Reference value :  7.14605e-03
 Reference value :  7.14978e-03
 Reference value :  7.15383e-03
 Reference value :  7.15716e-03
 Reference value :  7.16122e-03
 Reference value :  7.16467e-03
 Reference value :  7.16940e-03
 Reference value :  7.17345e-03
 Reference value :  7.17829e-03
 Reference value :  7.18161e-03
 Reference value :  7.18565e-03
 Reference value :  7.19052e-03
 Reference value :  7.19388e-03
 Reference value :  7.19789e-03
 Reference value :  7.20275e-03
 Reference value :  7.20764e-03
 Reference value :  7.21256e-03
 Reference value :  7.21591e-03
 Reference value :  7.22078e-03
 Reference value :  7.22484e-03
 Reference value :  7.22969e-03
 Reference value :  7.23422e-03
 Reference value :  7.23793e-03
 Reference value :  7.24199e-03
 Reference value :  7.24682e-03
 Reference value :  7.25165e-03
 Reference value :  7.25507e-03
 Reference value :  7.25972e-03
 Reference value :  7.26476e-03
 Reference value :  7.26965e-03
 Reference value :  7.27372e-03
 Reference value :  7.27865e-03
 Reference value :  7.28355e-03
 Reference value :  7.28841e-03
 Reference value :  7.29289e-03
 Reference value :  7.29818e-03
 Reference value :  7.30152e-03
 Reference value :  7.30640e-03
 Reference value :  7.31133e-03
 Reference value :  7.31542e-03
 Reference value :  7.32024e-03
 Reference value :  7.32519e-03
 Reference value :  7.33003e-03
 Reference value :  7.33492e-03
 Reference value :  7.33943e-03
 Reference value :  7.34314e-03
 Reference value :  7.34919e-03
 Reference value :  7.35443e-03
 Reference value :  7.35936e-03
 Reference value :  7.36425e-03
 Reference value :  7.36913e-03
 Reference value :  7.37404e-03
 Reference value :  7.37890e-03
 Reference value :  7.38382e-03
 Reference value :  7.38873e-03
 Reference value :  7.39364e-03
 Reference value :  7.39852e-03
 Reference value :  7.40340e-03
 Reference value :  7.40830e-03
 Reference value :  7.41277e-03
 Reference value :  7.41653e-03
 Reference value :  7.42060e-03
 Reference value :  7.42548e-03
 Reference value :  7.43038e-03
 Reference value :  7.43530e-03
 Reference value :  7.44022e-03
 Reference value :  7.44516e-03
 Reference value :  7.45004e-03
 Reference value :  7.45485e-03
 Reference value :  7.45828e-03
 Reference value :  7.46318e-03
 Reference value :  7.46806e-03
 Reference value :  7.47295e-03
 Reference value :  7.47784e-03
 Reference value :  7.48275e-03
 Reference value :  7.48768e-03
 Reference value :  7.49181e-03
 Reference value :  7.49666e-03
 Reference value :  7.50184e-03
 Reference value :  7.50731e-03
 Reference value :  7.51379e-03
 Reference value :  7.51946e-03
 Reference value :  7.52450e-03
 Reference value :  7.52934e-03
 Reference value :  7.53423e-03
 Reference value :  7.53914e-03
 Reference value :  7.54402e-03
 Reference value :  7.54893e-03
 Reference value :  7.55321e-03
 Reference value :  7.55792e-03
 Reference value :  7.56364e-03
 Reference value :  7.57012e-03
 Reference value :  7.57500e-03
 Reference value :  7.57988e-03
 Reference value :  7.58479e-03
 Reference value :  7.58724e-03
 Reference value :  7.58969e-03
 Reference value :  7.59214e-03
 Reference value :  7.59547e-03
 Reference value :  7.59951e-03
 Reference value :  7.60440e-03
 Reference value :  7.60771e-03
 Reference value :  7.61178e-03
 Reference value :  7.61665e-03
 Reference value :  7.62156e-03
 Reference value :  7.62488e-03
 Reference value :  7.62979e-03
 Reference value :  7.63393e-03
 Reference value :  7.63881e-03
 Reference value :  7.64364e-03
 Reference value :  7.64855e-03
 Reference value :  7.65344e-03
 Reference value :  7.65833e-03
 Reference value :  7.66186e-03
 Reference value :  7.66667e-03
 Reference value :  7.67305e-03
 Reference value :  7.67788e-03
 Reference value :  7.68130e-03
 Reference value :  7.68543e-03
 Reference value :  7.69034e-03
 Reference value :  7.69514e-03
 Reference value :  7.70003e-03
 Reference value :  7.70489e-03
 Reference value :  7.70979e-03
 Reference value :  7.71469e-03
 Reference value :  7.71804e-03
 Reference value :  7.72414e-03
 Reference value :  7.72900e-03
 Reference value :  7.73272e-03
 Reference value :  7.73762e-03
 Reference value :  7.74224e-03
 Reference value :  7.74662e-03
 Reference value :  7.75143e-03
 Reference value :  7.75634e-03
 Reference value :  7.76123e-03
 Reference value :  7.76614e-03
 Reference value :  7.77189e-03
 Reference value :  7.77605e-03
 Reference value :  7.78086e-03
 Reference value :  7.78574e-03
 Reference value :  7.79067e-03
 Reference value :  7.79560e-03
 Reference value :  7.80048e-03
 Reference value :  7.80537e-03
 Reference value :  7.81027e-03
 Reference value :  7.81516e-03
 Reference value :  7.82006e-03
 Reference value :  7.82529e-03
 Reference value :  7.83024e-03
 Reference value :  7.83471e-03
 Reference value :  7.83962e-03
 Reference value :  7.84454e-03
 Reference value :  7.84944e-03
 Reference value :  7.85432e-03
 Reference value :  7.85929e-03
 Reference value :  7.86495e-03
 Reference value :  7.86989e-03
 Reference value :  7.87595e-03
 Reference value :  7.88128e-03
 Reference value :  7.88699e-03
 Reference value :  7.89192e-03
 Reference value :  7.89842e-03
 Reference value :  7.90332e-03
 Reference value :  7.90823e-03
 Reference value :  7.91316e-03
 Reference value :  7.91808e-03
 Reference value :  7.92499e-03
 Reference value :  7.93030e-03
 Reference value :  7.93520e-03
 Reference value :  7.94018e-03
 Reference value :  7.94580e-03
 Reference value :  7.95084e-03
 Reference value :  7.95724e-03
 Reference value :  7.96299e-03
 Reference value :  7.96946e-03
 Reference value :  7.97464e-03
 Reference value :  7.98041e-03
 Reference value :  7.98657e-03
 Reference value :  7.99230e-03
 Reference value :  7.99872e-03
stdout No. of Data Rows : 1466387
stdout output_ss           =  5.11551e+00 from=  4.00000e-03 to=  4.50001e-03
stdout output_peak         =  5.18251e+00 at=  6.10770e-03
stdout step_min            =  5.01174e+00 at=  4.59363e-03
stdout removal_peak        =  5.18251e+00 at=  6.10770e-03
stdout highload_ss         =  5.07374e+00 from=  5.50000e-03 to=  6.00000e-03
stdout inductor_peak       =  3.47659e+00 at=  4.74109e-03
stdout inductor_running_peak=  3.47659e+00 at=  4.74109e-03
