stdout Note: No compatibility mode selected!
stdout Circuit: jlc-100 u20 loss_restart; engineering averaged controller, not ti vendor model
stdout Doing analysis at TEMP = 27.000000 and TNOM = 27.000000
stdout Using KLU as Direct Linear Solver
stdout Operating point simulation skipped by 'uic',
stdout now using transient initial conditions.
 Reference value :  5.86677e-03
 Reference value :  2.50000e-02
 Reference value :  4.35158e-02
 Reference value :  6.39178e-02
 Reference value :  8.43038e-02
 Reference value :  1.04467e-01
stdout No. of Data Rows : 60213
stdout sim_end = 1.200000000000e-01
stdout output_peak         =  5.23627e+00 at=  1.71574e-02
stdout output_floor        =  0.00000e+00 at=  4.00000e-08
stdout settled_min         =  5.04216e+00 at=  1.20000e-01
stdout settled_max         =  5.07363e+00 at=  1.05001e-01
stdout step_min            =  3.00490e-28 at=  6.49998e-02
stdout step_max            =  5.06596e+00 at=  2.40014e-02
stdout input_min           =  7.97697e+00 at=  1.12771e-01
stdout inductor_average_peak=  3.29670e+00 at=  8.86003e-02
stdout inductor_average_min=  -3.08791e-319 at=  6.89518e-02
stdout shunt_current_peak  =  3.28976e+00 at=  1.71514e-02
stdout shunt_current_min   =  0.00000e+00 at=  4.00000e-08
stdout secondary_rms       =  3.53448e+00 from=  1.00000e-01 to=  1.20000e-01
