stdout Note: No compatibility mode selected!
stdout Circuit: jlc-100 u20 startup; engineering averaged controller, not ti vendor model
stdout Doing analysis at TEMP = 27.000000 and TNOM = 27.000000
stdout Using KLU as Direct Linear Solver
stdout Operating point simulation skipped by 'uic',
stdout now using transient initial conditions.
 Reference value :  2.00000e-08
 Reference value :  1.86674e-02
 Reference value :  3.63254e-02
 Reference value :  5.50094e-02
 Reference value :  7.43214e-02
 Reference value :  9.39274e-02
 Reference value :  1.13563e-01
stdout No. of Data Rows : 60049
stdout sim_end = 1.200000000000e-01
stdout output_peak         =  5.23627e+00 at=  1.71574e-02
stdout output_floor        =  0.00000e+00 at=  4.00000e-08
stdout settled_min         =  5.04186e+00 at=  1.20000e-01
stdout settled_max         =  5.04186e+00 at=  1.05005e-01
stdout step_min            =  5.04186e+00 at=  6.49994e-02
stdout step_max            =  5.06596e+00 at=  2.40014e-02
stdout input_min           =  7.97983e+00 at=  1.12773e-01
stdout inductor_average_peak=  3.29670e+00 at=  6.69152e-03
stdout inductor_average_min=  -3.08791e-319 at=  1.94792e-03
stdout shunt_current_peak  =  3.28976e+00 at=  1.71514e-02
stdout shunt_current_min   =  0.00000e+00 at=  4.00000e-08
stdout secondary_rms       =  3.52967e+00 from=  1.00000e-01 to=  1.20000e-01
