stdout Note: No compatibility mode selected!
stdout Circuit: jlc-100 u20 startup; engineering averaged controller, not ti vendor model
stdout Doing analysis at TEMP = 27.000000 and TNOM = 27.000000
stdout Using KLU as Direct Linear Solver
stdout Operating point simulation skipped by 'uic',
stdout now using transient initial conditions.
 Reference value :  1.04015e-02
 Reference value :  2.96535e-02
 Reference value :  4.89315e-02
 Reference value :  6.82315e-02
 Reference value :  8.73535e-02
 Reference value :  1.06342e-01
stdout No. of Data Rows : 60068
stdout sim_end = 1.200000000000e-01
stdout output_peak         =  5.23580e+00 at=  1.63035e-02
stdout output_floor        =  0.00000e+00 at=  4.00000e-08
stdout settled_min         =  5.04136e+00 at=  1.19998e-01
stdout settled_max         =  5.04136e+00 at=  1.05012e-01
stdout step_min            =  5.04136e+00 at=  6.49995e-02
stdout step_max            =  5.05992e+00 at=  2.40015e-02
stdout input_min           =  1.10409e+01 at=  1.19322e-01
stdout inductor_average_peak=  3.29670e+00 at=  5.83951e-03
stdout inductor_average_min=  -1.21664e-18 at=  2.23972e-03
stdout shunt_current_peak  =  3.28976e+00 at=  1.62975e-02
stdout shunt_current_min   =  -1.83640e-18 at=  2.23810e-03
stdout secondary_rms       =  2.77365e+00 from=  1.00000e-01 to=  1.20000e-01
