stdout Note: No compatibility mode selected!
stdout Circuit: jlc-100 u21 startup; engineering averaged controller, not ti vendor model
stdout Doing analysis at TEMP = 27.000000 and TNOM = 27.000000
stdout Using KLU as Direct Linear Solver
stdout Operating point simulation skipped by 'uic',
stdout now using transient initial conditions.
 Reference value :  6.03418e-04
 Reference value :  2.21866e-02
 Reference value :  4.28926e-02
 Reference value :  6.38106e-02
 Reference value :  8.45906e-02
 Reference value :  1.05131e-01
stdout No. of Data Rows : 60067
stdout sim_end = 1.200000000000e-01
stdout output_peak         =  1.23912e+01 at=  1.57386e-02
stdout output_floor        =  0.00000e+00 at=  4.00000e-08
stdout settled_min         =  1.20973e+01 at=  1.20000e-01
stdout settled_max         =  1.20976e+01 at=  1.05001e-01
stdout step_min            =  1.21056e+01 at=  6.49986e-02
stdout step_max            =  1.22589e+01 at=  2.40006e-02
stdout input_min           =  1.41820e+01 at=  1.10471e-01
stdout inductor_average_peak=  3.29670e+00 at=  1.56246e-02
stdout inductor_average_min=  -1.21489e-18 at=  2.73924e-03
stdout shunt_current_peak  =  1.50518e+00 at=  2.81659e-03
stdout shunt_current_min   =  -2.33954e-19 at=  2.73761e-03
stdout secondary_rms       =  1.11523e+01 from=  1.00000e-01 to=  1.20000e-01
