stdout Note: No compatibility mode selected!
stdout Circuit: jlc-100 u21 startup; engineering averaged controller, not ti vendor model
stdout Doing analysis at TEMP = 27.000000 and TNOM = 27.000000
stdout Using KLU as Direct Linear Solver
stdout Operating point simulation skipped by 'uic',
stdout now using transient initial conditions.
 Reference value :  2.07468e-02
 Reference value :  4.06208e-02
 Reference value :  6.02248e-02
 Reference value :  8.08268e-02
 Reference value :  1.01403e-01
stdout No. of Data Rows : 60138
stdout sim_end = 1.200000000000e-01
stdout output_peak         =  1.23880e+01 at=  1.63808e-02
stdout output_floor        =  0.00000e+00 at=  4.00000e-08
stdout settled_min         =  1.20970e+01 at=  1.18773e-01
stdout settled_max         =  1.21002e+01 at=  1.05001e-01
stdout step_min            =  1.21086e+01 at=  6.49988e-02
stdout step_max            =  1.22692e+01 at=  2.40008e-02
stdout input_min           =  1.13366e+01 at=  1.10441e-01
stdout inductor_average_peak=  3.29670e+00 at=  1.62688e-02
stdout inductor_average_min=  -9.70146e-19 at=  3.38078e-03
stdout shunt_current_peak  =  1.50499e+00 at=  3.45876e-03
stdout shunt_current_min   =  -2.33954e-19 at=  3.37986e-03
stdout secondary_rms       =  9.37118e+00 from=  1.00000e-01 to=  1.20000e-01
