stdout Note: No compatibility mode selected!
stdout Circuit: jlc-100 u21 loss_restart; engineering averaged controller, not ti vendor model
stdout Doing analysis at TEMP = 27.000000 and TNOM = 27.000000
stdout Using KLU as Direct Linear Solver
stdout Operating point simulation skipped by 'uic',
stdout now using transient initial conditions.
 Reference value :  7.94676e-03
 Reference value :  2.78348e-02
 Reference value :  4.71144e-02
 Reference value :  6.70964e-02
 Reference value :  8.66767e-02
 Reference value :  1.07668e-01
stdout No. of Data Rows : 60370
stdout sim_end = 1.200000000000e-01
stdout output_peak         =  1.23880e+01 at=  1.63808e-02
stdout output_floor        =  -1.03200e-13 at=  8.66767e-02
stdout settled_min         =  1.21662e+01 at=  1.20000e-01
stdout settled_max         =  1.22987e+01 at=  1.05000e-01
stdout step_min            =  8.11274e-25 at=  6.49984e-02
stdout step_max            =  1.22692e+01 at=  2.40008e-02
stdout input_min           =  1.12427e+01 at=  1.10420e-01
stdout inductor_average_peak=  3.29670e+00 at=  8.69040e-02
stdout inductor_average_min=  -9.70146e-19 at=  3.38078e-03
stdout shunt_current_peak  =  1.50499e+00 at=  3.45876e-03
stdout shunt_current_min   =  -2.61684e-12 at=  8.66767e-02
stdout secondary_rms       =  9.81612e+00 from=  1.00000e-01 to=  1.20000e-01
