stdout Note: No compatibility mode selected!
stdout Circuit: jlc-100 u21 prebiased; engineering averaged controller, not ti vendor model
stdout Doing analysis at TEMP = 27.000000 and TNOM = 27.000000
stdout Using KLU as Direct Linear Solver
stdout Operating point simulation skipped by 'uic',
stdout now using transient initial conditions.
 Reference value :  1.31779e-02
 Reference value :  3.34159e-02
 Reference value :  5.40119e-02
 Reference value :  7.50379e-02
 Reference value :  9.61419e-02
 Reference value :  1.17008e-01
stdout No. of Data Rows : 60139
stdout sim_end = 1.200000000000e-01
stdout output_peak         =  1.21038e+01 at=  3.01639e-02
stdout output_floor        =  1.12430e+01 at=  2.92909e-02
stdout settled_min         =  1.20985e+01 at=  1.20000e-01
stdout settled_max         =  1.20985e+01 at=  1.05002e-01
stdout step_min            =  1.12430e+01 at=  2.92909e-02
stdout step_max            =  1.21038e+01 at=  3.01639e-02
stdout input_min           =  1.42574e+01 at=  1.12582e-01
stdout inductor_average_peak=  3.29670e+00 at=  2.96959e-02
stdout inductor_average_min=  -3.08791e-319 at=  1.94792e-03
stdout shunt_current_peak  =  1.49596e+00 at=  2.93839e-02
stdout shunt_current_min   =  1.95062e-04 at=  5.92000e-06
stdout secondary_rms       =  1.07252e+01 from=  1.00000e-01 to=  1.20000e-01
