stdout Note: No compatibility mode selected!
stdout Circuit: jlc-100 u21 prebiased; engineering averaged controller, not ti vendor model
stdout Doing analysis at TEMP = 27.000000 and TNOM = 27.000000
stdout Using KLU as Direct Linear Solver
stdout Operating point simulation skipped by 'uic',
stdout now using transient initial conditions.
 Reference value :  1.18579e-02
 Reference value :  3.20342e-02
 Reference value :  5.22239e-02
 Reference value :  7.27119e-02
 Reference value :  9.26319e-02
 Reference value :  1.13142e-01
stdout No. of Data Rows : 60145
stdout sim_end = 1.200000000000e-01
stdout output_peak         =  1.21084e+01 at=  3.66359e-02
stdout output_floor        =  1.10682e+01 at=  3.60727e-02
stdout settled_min         =  1.20989e+01 at=  1.12584e-01
stdout settled_max         =  1.20989e+01 at=  1.05002e-01
stdout step_min            =  1.10682e+01 at=  3.60727e-02
stdout step_max            =  1.21084e+01 at=  3.66359e-02
stdout input_min           =  1.15341e+01 at=  1.12582e-01
stdout inductor_average_peak=  3.29670e+00 at=  3.63339e-02
stdout inductor_average_min=  -3.08791e-319 at=  1.94792e-03
stdout shunt_current_peak  =  1.49613e+00 at=  3.61579e-02
stdout shunt_current_min   =  1.95062e-04 at=  5.92000e-06
stdout secondary_rms       =  8.69341e+00 from=  1.00000e-01 to=  1.20000e-01
