stdout Note: No compatibility mode selected!
stdout Circuit: jlc-100 u21 loss_restart; engineering averaged controller, not ti vendor model
stdout Doing analysis at TEMP = 27.000000 and TNOM = 27.000000
stdout Using KLU as Direct Linear Solver
stdout Operating point simulation skipped by 'uic',
stdout now using transient initial conditions.
 Reference value :  1.07831e-02
 Reference value :  3.05946e-02
 Reference value :  4.84282e-02
 Reference value :  6.79422e-02
 Reference value :  8.78609e-02
 Reference value :  1.08338e-01
stdout No. of Data Rows : 60334
stdout sim_end = 1.200000000000e-01
stdout output_peak         =  1.23922e+01 at=  9.84144e-02
stdout output_floor        =  0.00000e+00 at=  4.00000e-08
stdout settled_min         =  1.21587e+01 at=  1.20000e-01
stdout settled_max         =  1.22800e+01 at=  1.05000e-01
stdout step_min            =  2.05620e-24 at=  6.49982e-02
stdout step_max            =  1.22641e+01 at=  2.40011e-02
stdout input_min           =  1.38203e+01 at=  1.12486e-01
stdout inductor_average_peak=  3.29670e+00 at=  8.90137e-02
stdout inductor_average_min=  -1.23352e-18 at=  3.10727e-03
stdout shunt_current_peak  =  1.50510e+00 at=  3.18507e-03
stdout shunt_current_min   =  -3.22160e-17 at=  8.54133e-02
stdout secondary_rms       =  1.21516e+01 from=  1.00000e-01 to=  1.20000e-01
