stdout Note: No compatibility mode selected!
stdout Circuit: jlc-100 u21 prebiased; engineering averaged controller, not ti vendor model
stdout Doing analysis at TEMP = 27.000000 and TNOM = 27.000000
stdout Using KLU as Direct Linear Solver
stdout Operating point simulation skipped by 'uic',
stdout now using transient initial conditions.
 Reference value :  1.65079e-02
 Reference value :  3.62237e-02
 Reference value :  5.60697e-02
 Reference value :  7.65337e-02
 Reference value :  9.67817e-02
 Reference value :  1.16864e-01
stdout No. of Data Rows : 60150
stdout sim_end = 1.200000000000e-01
stdout output_peak         =  1.21046e+01 at=  3.25597e-02
stdout output_floor        =  1.11806e+01 at=  3.17109e-02
stdout settled_min         =  1.20984e+01 at=  1.18860e-01
stdout settled_max         =  1.20985e+01 at=  1.05002e-01
stdout step_min            =  1.11806e+01 at=  3.17109e-02
stdout step_max            =  1.21046e+01 at=  3.25597e-02
stdout input_min           =  1.17276e+01 at=  1.10528e-01
stdout inductor_average_peak=  3.29670e+00 at=  3.19817e-02
stdout inductor_average_min=  -3.08791e-319 at=  1.94792e-03
stdout shunt_current_peak  =  1.49611e+00 at=  3.17979e-02
stdout shunt_current_min   =  1.95062e-04 at=  5.92000e-06
stdout secondary_rms       =  8.40996e+00 from=  1.00000e-01 to=  1.20000e-01
