stdout Note: No compatibility mode selected!
stdout Circuit: jlc-100 u21 load_step; engineering averaged controller, not ti vendor model
stdout Doing analysis at TEMP = 27.000000 and TNOM = 27.000000
stdout Using KLU as Direct Linear Solver
stdout Operating point simulation skipped by 'uic',
stdout now using transient initial conditions.
 Reference value :  1.75764e-03
 Reference value :  2.18474e-02
 Reference value :  4.19458e-02
 Reference value :  6.01098e-02
 Reference value :  7.92758e-02
 Reference value :  9.77998e-02
 Reference value :  1.17942e-01
stdout No. of Data Rows : 60146
stdout sim_end = 1.200000000000e-01
stdout output_peak         =  1.23064e+01 at=  9.72537e-03
stdout output_floor        =  0.00000e+00 at=  4.00000e-08
stdout settled_min         =  1.21001e+01 at=  1.20000e-01
stdout settled_max         =  1.21010e+01 at=  1.05002e-01
stdout step_min            =  1.21027e+01 at=  5.49998e-02
stdout step_max            =  1.21731e+01 at=  2.40014e-02
stdout input_min           =  1.42574e+01 at=  1.12582e-01
stdout inductor_average_peak=  3.29670e+00 at=  6.70737e-03
stdout inductor_average_min=  -1.23352e-18 at=  3.10727e-03
stdout shunt_current_peak  =  1.49609e+00 at=  3.19562e-03
stdout shunt_current_min   =  -1.30618e-20 at=  3.10583e-03
stdout secondary_rms       =  1.07251e+01 from=  1.00000e-01 to=  1.20000e-01
