stdout Note: No compatibility mode selected!
stdout Circuit: jlc-100 u21 load_step; engineering averaged controller, not ti vendor model
stdout Doing analysis at TEMP = 27.000000 and TNOM = 27.000000
stdout Using KLU as Direct Linear Solver
stdout Operating point simulation skipped by 'uic',
stdout now using transient initial conditions.
 Reference value :  3.70511e-03
 Reference value :  2.25011e-02
 Reference value :  3.87716e-02
 Reference value :  5.48736e-02
 Reference value :  7.19076e-02
 Reference value :  9.05756e-02
 Reference value :  1.05512e-01
stdout No. of Data Rows : 60073
stdout sim_end = 1.200000000000e-01
stdout output_peak         =  1.23056e+01 at=  9.35511e-03
stdout output_floor        =  0.00000e+00 at=  4.00000e-08
stdout settled_min         =  1.20993e+01 at=  1.20000e-01
stdout settled_max         =  1.21001e+01 at=  1.05002e-01
stdout step_min            =  1.21017e+01 at=  5.49996e-02
stdout step_max            =  1.21704e+01 at=  2.40011e-02
stdout input_min           =  1.44965e+01 at=  1.18862e-01
stdout inductor_average_peak=  3.29670e+00 at=  9.29111e-03
stdout inductor_average_min=  -1.21489e-18 at=  2.73924e-03
stdout shunt_current_peak  =  1.49614e+00 at=  2.82711e-03
stdout shunt_current_min   =  -1.30584e-20 at=  2.73761e-03
stdout secondary_rms       =  1.03796e+01 from=  1.00000e-01 to=  1.20000e-01
