stdout Note: No compatibility mode selected!
stdout Circuit: jlc-100 u21 load_step; engineering averaged controller, not ti vendor model
stdout Doing analysis at TEMP = 27.000000 and TNOM = 27.000000
stdout Using KLU as Direct Linear Solver
stdout Operating point simulation skipped by 'uic',
stdout now using transient initial conditions.
 Reference value :  5.11632e-03
 Reference value :  2.54978e-02
 Reference value :  4.51858e-02
 Reference value :  6.46738e-02
 Reference value :  8.48098e-02
 Reference value :  1.02074e-01
stdout No. of Data Rows : 60116
stdout sim_end = 1.200000000000e-01
stdout output_peak         =  1.23012e+01 at=  1.05783e-02
stdout output_floor        =  0.00000e+00 at=  4.00000e-08
stdout settled_min         =  1.20996e+01 at=  1.20000e-01
stdout settled_max         =  1.21005e+01 at=  1.05002e-01
stdout step_min            =  1.21001e+01 at=  5.24778e-02
stdout step_max            =  1.21764e+01 at=  2.40003e-02
stdout input_min           =  1.15341e+01 at=  1.12582e-01
stdout inductor_average_peak=  3.29670e+00 at=  4.06632e-03
stdout inductor_average_min=  -7.26865e-19 at=  3.80231e-03
stdout shunt_current_peak  =  1.49612e+00 at=  3.89032e-03
stdout shunt_current_min   =  -1.30584e-20 at=  3.80209e-03
stdout secondary_rms       =  8.69336e+00 from=  1.00000e-01 to=  1.20000e-01
