stdout Note: No compatibility mode selected!
stdout Circuit: assert blanking at 15 ms under active loads; blank_4.5v_2vth_60hz
stderr Warning: Value of resistor rtbd is too small, set to 1.000000e-12
stdout Doing analysis at TEMP = 27.000000 and TNOM = 27.000000
stdout Using SPARSE 1.3 as Direct Linear Solver
stdout Initial Transient Solution
stdout --------------------------
stdout Node                                   Voltage
stdout ----                                   -------
stdout v50                                         86
stdout v18                                         30
stdout ac                                           0
stdout vcc                                        4.5
stdout blank                                0.0238095
stdout cpu                                          5
stdout dat                                          1
stdout en                                           1
stdout q                                          4.5
stdout lq                                     4.49998
stdout latch                                  4.42243
stdout g                                      4.37864
stdout out                                   0.258159
stdout drainq                                0.258159
stdout v50c                                        86
stdout cl                                    0.258159
stdout b                                       4.0381
stdout e                                       3.2856
stdout eg                                      3.2856
stdout gt                                     1.27403
stdout mt2                                          0
stdout mt2i                                         0
stdout on                                           0
stdout onr                                          0
stdout acs                                          0
stdout tin                                    4.42243
stdout xu19.g                                 4.02039
stdout ulnout                               0.0155323
stdout cg                                     12.0093
stdout col                                    29.6958
stdout colx                                   29.6958
stdout rowd                                   7.43595
stdout rg                                         4.6
stdout rgate                                      4.6
stdout re                                     1.63239
stdout bon#branch                                   0
stdout vmt#branch                                   0
stdout vg#branch                            0.0745025
stdout bq#branch                          -0.00193882
stdout ben#branch                                   0
stdout bdat#branch                                  0
stdout lc#branch                             -20.4147
stdout vrowg#branch                                 0
stdout vcol#branch                            7.41994
stdout vstr#branch                                  0
stdout vcoil#branch                           20.4147
stdout vsense#branch                          20.4147
stdout vcpu#branch                                  0
stdout vvcc#branch                          -0.075041
stdout vac#branch                                   0
stdout v18#branch                            -7.43193
stdout v50#branch                            -20.4147
 Reference value :  1.07263e-03
 Reference value :  6.57563e-03
 Reference value :  1.20274e-02
 Reference value :  1.72220e-02
 Reference value :  2.27410e-02
 Reference value :  2.83315e-02
 Reference value :  3.38684e-02
 Reference value :  3.94814e-02
stdout No. of Data Rows : 80131
stdout sim_end = 4.000000e-02
stdout fet_on              =  2.04149e+01 at=  1.39999e-02
stdout col_on              =  7.41994e+00 at=  1.05819e-02
stdout gi_on               =  7.65517e+00 at=  4.16663e-03
stdout gate_off            =  1.33473e-02 at=  2.86084e-02
stdout fet_off             =  1.05691e-04 at=  2.84685e-02
stdout col_off             =  1.60010e-10 at=  1.66556e-02
stdout gi_off              =  1.10781e-05 at=  2.89999e-02
stdout fet_restart         =  4.88672e-07 at=  3.10039e-02
stdout col_restart         =  1.60010e-10 at=  4.00000e-02
stdout gi_restart          =  1.11000e-05 at=  3.74999e-02
stdout blank_high          =  4.49894e+00 at=  1.50103e-02
