stdout Note: No compatibility mode selected!
stdout Circuit: assert blanking at 15 ms under active loads; blank_5.2v_0.8vth_50hz
stderr Warning: Value of resistor rtbd is too small, set to 1.000000e-12
stdout Doing analysis at TEMP = 27.000000 and TNOM = 27.000000
stdout Using SPARSE 1.3 as Direct Linear Solver
stdout Initial Transient Solution
stdout --------------------------
stdout Node                                   Voltage
stdout ----                                   -------
stdout v50                                         86
stdout v18                                         30
stdout ac                                           0
stdout vcc                                        5.2
stdout blank                                0.0275132
stdout cpu                                          5
stdout dat                                          1
stdout en                                           1
stdout q                                          5.2
stdout lq                                     5.19998
stdout latch                                  5.10849
stdout g                                      5.05791
stdout out                                   0.238879
stdout drainq                                0.238879
stdout v50c                                        86
stdout cl                                    0.238879
stdout b                                      4.64221
stdout e                                      3.88117
stdout eg                                     3.88117
stdout gt                                     1.37514
stdout mt2                                          0
stdout mt2i                                         0
stdout on                                           0
stdout onr                                          0
stdout acs                                          0
stdout tin                                    5.10849
stdout xu19.g                                 4.64408
stdout ulnout                               0.0136365
stdout cg                                     12.0082
stdout col                                    29.6958
stdout colx                                   29.6958
stdout rowd                                   7.43597
stdout rg                                         4.6
stdout rgate                                      4.6
stdout re                                     1.63239
stdout bon#branch                                   0
stdout vmt#branch                                   0
stdout vg#branch                            0.0928158
stdout bq#branch                          -0.00228709
stdout ben#branch                                   0
stdout bdat#branch                                  0
stdout lc#branch                             -20.4193
stdout vrowg#branch                                 0
stdout vcol#branch                            7.41994
stdout vstr#branch                                  0
stdout vcoil#branch                           20.4193
stdout vsense#branch                          20.4193
stdout vcpu#branch                                  0
stdout vvcc#branch                         -0.0933884
stdout vac#branch                                   0
stdout v18#branch                            -7.43194
stdout v50#branch                            -20.4193
 Reference value :  4.68600e-03
 Reference value :  1.00056e-02
 Reference value :  1.51767e-02
 Reference value :  2.04510e-02
 Reference value :  2.59630e-02
 Reference value :  3.14134e-02
 Reference value :  3.69059e-02
stdout No. of Data Rows : 80141
stdout sim_end = 4.000000e-02
stdout fet_on              =  2.04195e+01 at=  1.39995e-02
stdout col_on              =  7.41994e+00 at=  1.00220e-02
stdout gi_on               =  7.65517e+00 at=  5.00000e-03
stdout gate_off            =  1.33280e-02 at=  2.86118e-02
stdout fet_off             =  1.05684e-04 at=  2.84719e-02
stdout col_off             =  1.60010e-10 at=  1.99815e-02
stdout gi_off              =  8.97913e-06 at=  2.70005e-02
stdout fet_restart         =  4.77468e-07 at=  3.10074e-02
stdout col_restart         =  1.60010e-10 at=  3.99997e-02
stdout gi_restart          =  1.11000e-05 at=  3.49999e-02
stdout blank_high          =  5.19846e+00 at=  1.50101e-02
