stdout Note: No compatibility mode selected!
stdout Circuit: rom gi 2, ac relative phase 0; 18 #44 envelope
stdout Doing analysis at TEMP = 27.000000 and TNOM = 27.000000
stdout Using SPARSE 1.3 as Direct Linear Solver
stdout Initial Transient Solution
stdout --------------------------
stdout Node                                   Voltage
stdout ----                                   -------
stdout vcc                                          5
stdout ac0                                          0
stdout ac                                           0
stdout acf                                          0
stdout mt2                                          0
stdout xs.th                                        0
stdout mt2i                                         0
stdout on                                           0
stdout onr                                          0
stdout latch                                      4.5
stdout a                                      4.46692
stdout b                                      4.07825
stdout e                                      3.32531
stdout eg                                     3.32531
stdout g                                      1.28059
stdout bon#branch                                   0
stdout vmt#branch                                   0
stdout vg#branch                            0.0757306
stdout vl#branch                         -0.000826967
stdout vf106#branch                                 0
stdout vac#branch                                   0
stdout vcc#branch                          -0.0753115
 Reference value :  3.79061e-04
 Reference value :  1.83604e-02
 Reference value :  3.56397e-02
 Reference value :  5.22371e-02
 Reference value :  6.88644e-02
 Reference value :  8.55377e-02
 Reference value :  1.01213e-01
 Reference value :  1.17682e-01
 Reference value :  1.34416e-01
 Reference value :  1.51757e-01
 Reference value :  1.69012e-01
 Reference value :  1.86460e-01
 Reference value :  2.03287e-01
 Reference value :  2.19794e-01
 Reference value :  2.36758e-01
 Reference value :  2.53315e-01
 Reference value :  2.69502e-01
 Reference value :  2.86838e-01
 Reference value :  3.03591e-01
 Reference value :  3.20070e-01
 Reference value :  3.37316e-01
 Reference value :  3.53609e-01
 Reference value :  3.69974e-01
 Reference value :  3.87166e-01
 Reference value :  4.03517e-01
 Reference value :  4.19996e-01
 Reference value :  4.36790e-01
 Reference value :  4.52883e-01
 Reference value :  4.69574e-01
 Reference value :  4.85980e-01
 Reference value :  5.02702e-01
 Reference value :  5.19846e-01
stdout No. of Data Rows : 261097
stdout sim_end = 5.200000e-01
stdout peak_current        =  2.37137e+01 at=  2.66506e-03
stdout rms_current         =  4.55532e+00 from=  1.00000e-01 to=  5.00000e-01
stdout avg_power           =  3.92402e+00 from=  1.00000e-01 to=  5.00000e-01
stdout inrush_i2t          =  3.29393e+00 from=  0.00000e+00 to=  3.00000e-02
stdout tj = 1.044457e+02
