stdout Note: No compatibility mode selected!
stdout Circuit: rom gi 3, ac relative phase 270; 18 #44 envelope
stdout Doing analysis at TEMP = 27.000000 and TNOM = 27.000000
stdout Using SPARSE 1.3 as Direct Linear Solver
stdout Initial Transient Solution
stdout --------------------------
stdout Node                                   Voltage
stdout ----                                   -------
stdout vcc                                          5
stdout ac0                                      -11.1
stdout ac                                     -10.638
stdout acf                                    -10.638
stdout mt2                                  -0.965491
stdout xs.th                                  1.56392
stdout mt2i                                 -0.965491
stdout on                                           1
stdout onr                                          1
stdout latch                                      4.5
stdout a                                      4.46692
stdout b                                      4.07825
stdout e                                      3.32531
stdout eg                                     3.32531
stdout g                                      1.28059
stdout bon#branch                                   0
stdout vmt#branch                            -4.61963
stdout vg#branch                            0.0757306
stdout vl#branch                          -0.00082697
stdout vf106#branch                          -4.61963
stdout vac#branch                             4.61963
stdout vcc#branch                          -0.0753115
 Reference value :  0.00000e+00
 Reference value :  2.91400e-02
 Reference value :  5.84679e-02
 Reference value :  8.77685e-02
 Reference value :  1.17053e-01
 Reference value :  1.46399e-01
 Reference value :  1.75753e-01
 Reference value :  2.05098e-01
 Reference value :  2.34432e-01
 Reference value :  2.63744e-01
 Reference value :  2.93228e-01
 Reference value :  3.22593e-01
 Reference value :  3.52007e-01
 Reference value :  3.81254e-01
 Reference value :  4.10708e-01
 Reference value :  4.39198e-01
 Reference value :  4.67582e-01
 Reference value :  4.95448e-01
stdout No. of Data Rows : 261114
stdout sim_end = 5.200000e-01
stdout peak_current        =  6.56663e+00 at=  4.99901e-01
stdout rms_current         =  4.53397e+00 from=  1.00000e-01 to=  5.00000e-01
stdout avg_power           =  3.90320e+00 from=  1.00000e-01 to=  5.00000e-01
stdout inrush_i2t          =  3.61784e-01 from=  0.00000e+00 to=  3.00000e-02
stdout tj = 1.041569e+02
