stdout Note: No compatibility mode selected!
stdout Circuit: rom gi 3, ac relative phase 0; 18 #44 envelope
stdout Doing analysis at TEMP = 27.000000 and TNOM = 27.000000
stdout Using SPARSE 1.3 as Direct Linear Solver
stdout Initial Transient Solution
stdout --------------------------
stdout Node                                   Voltage
stdout ----                                   -------
stdout vcc                                          5
stdout ac0                                          0
stdout ac                                           0
stdout acf                                          0
stdout mt2                                          0
stdout xs.th                                        0
stdout mt2i                                         0
stdout on                                           0
stdout onr                                          0
stdout latch                                      4.5
stdout a                                      4.46692
stdout b                                      4.07825
stdout e                                      3.32531
stdout eg                                     3.32531
stdout g                                      1.28059
stdout bon#branch                                   0
stdout vmt#branch                                   0
stdout vg#branch                            0.0757306
stdout vl#branch                         -0.000826967
stdout vf106#branch                                 0
stdout vac#branch                                   0
stdout vcc#branch                          -0.0753115
 Reference value :  0.00000e+00
 Reference value :  1.81484e-02
 Reference value :  3.65357e-02
 Reference value :  5.49551e-02
 Reference value :  7.25324e-02
 Reference value :  9.06457e-02
 Reference value :  1.08974e-01
 Reference value :  1.27235e-01
 Reference value :  1.45526e-01
 Reference value :  1.63416e-01
 Reference value :  1.81855e-01
 Reference value :  1.99378e-01
 Reference value :  2.16838e-01
 Reference value :  2.34166e-01
 Reference value :  2.51317e-01
 Reference value :  2.68924e-01
 Reference value :  2.86228e-01
 Reference value :  3.03393e-01
 Reference value :  3.21300e-01
 Reference value :  3.38344e-01
 Reference value :  3.55779e-01
 Reference value :  3.74094e-01
 Reference value :  3.91334e-01
 Reference value :  4.08634e-01
 Reference value :  4.26187e-01
 Reference value :  4.43524e-01
 Reference value :  4.60828e-01
 Reference value :  4.78611e-01
 Reference value :  4.95936e-01
 Reference value :  5.13576e-01
stdout No. of Data Rows : 261097
stdout sim_end = 5.200000e-01
stdout peak_current        =  2.37137e+01 at=  2.66506e-03
stdout rms_current         =  4.55532e+00 from=  1.00000e-01 to=  5.00000e-01
stdout avg_power           =  3.92402e+00 from=  1.00000e-01 to=  5.00000e-01
stdout inrush_i2t          =  3.29393e+00 from=  0.00000e+00 to=  3.00000e-02
stdout tj = 1.044457e+02
