stdout Note: No compatibility mode selected!
stdout Circuit: rom gi 4, ac relative phase 0; 18 #44 envelope
stdout Doing analysis at TEMP = 27.000000 and TNOM = 27.000000
stdout Using SPARSE 1.3 as Direct Linear Solver
stdout Initial Transient Solution
stdout --------------------------
stdout Node                                   Voltage
stdout ----                                   -------
stdout vcc                                          5
stdout ac0                                          0
stdout ac                                           0
stdout acf                                          0
stdout mt2                                          0
stdout xs.th                                        0
stdout mt2i                                         0
stdout on                                           0
stdout onr                                          0
stdout latch                                      4.5
stdout a                                      4.46692
stdout b                                      4.07825
stdout e                                      3.32531
stdout eg                                     3.32531
stdout g                                      1.28059
stdout bon#branch                                   0
stdout vmt#branch                                   0
stdout vg#branch                            0.0757306
stdout vl#branch                         -0.000826967
stdout vf106#branch                                 0
stdout vac#branch                                   0
stdout vcc#branch                          -0.0753115
 Reference value :  0.00000e+00
 Reference value :  2.81931e-02
 Reference value :  5.60631e-02
 Reference value :  8.37977e-02
 Reference value :  1.11678e-01
 Reference value :  1.39546e-01
 Reference value :  1.67256e-01
 Reference value :  1.95084e-01
 Reference value :  2.22742e-01
 Reference value :  2.50303e-01
 Reference value :  2.78285e-01
 Reference value :  3.05599e-01
 Reference value :  3.33642e-01
 Reference value :  3.61724e-01
 Reference value :  3.89794e-01
 Reference value :  4.17564e-01
 Reference value :  4.44282e-01
 Reference value :  4.72364e-01
 Reference value :  5.00124e-01
stdout No. of Data Rows : 261097
stdout sim_end = 5.200000e-01
stdout peak_current        =  2.37137e+01 at=  2.66506e-03
stdout rms_current         =  4.55532e+00 from=  1.00000e-01 to=  5.00000e-01
stdout avg_power           =  3.92402e+00 from=  1.00000e-01 to=  5.00000e-01
stdout inrush_i2t          =  3.29393e+00 from=  0.00000e+00 to=  3.00000e-02
stdout tj = 1.044457e+02
