stdout Note: No compatibility mode selected!
stdout Circuit: bridge loss sensitivity: br1 stps20m100st to220 with individual boyd 577202b00000g sinks. other low-voltage bridges stps20m100sg d2pak. 50 c ambient. electrical winding/load assumptions remain to be measured. d2pak lumped temperatures are screening estimates; geometry thermal_mesh.py is the separate layout assessment.
stdout Doing analysis at TEMP = 27.000000 and TNOM = 27.000000
stdout Using KLU as Direct Linear Solver
stdout Operating point simulation skipped by 'uic',
stdout now using transient initial conditions.
 Reference value :  2.27370e-02
 Reference value :  6.54623e-02
 Reference value :  1.06697e-01
 Reference value :  1.47493e-01
 Reference value :  1.89107e-01
 Reference value :  2.31128e-01
 Reference value :  2.72796e-01
 Reference value :  3.13459e-01
 Reference value :  3.53225e-01
 Reference value :  3.94142e-01
 Reference value :  4.36869e-01
 Reference value :  4.79485e-01
 Reference value :  5.22539e-01
 Reference value :  5.65804e-01
 Reference value :  6.08081e-01
 Reference value :  6.49298e-01
 Reference value :  6.90804e-01
 Reference value :  7.32291e-01
 Reference value :  7.74858e-01
 Reference value :  8.17584e-01
 Reference value :  8.60757e-01
 Reference value :  9.03654e-01
 Reference value :  9.46791e-01
 Reference value :  9.86727e-01
stdout No. of Data Rows : 103211
stdout sim_end = 1.000000e+00
stdout iavg_18a            =  5.93403e+00 from=  8.00000e-01 to=  1.00000e+00
stdout irms_18a            =  1.03727e+01 from=  8.00000e-01 to=  1.00000e+00
stdout pd_18a = 1.957325e+00
stdout iavg_5a             =  1.92500e+00 from=  8.00000e-01 to=  1.00000e+00
stdout irms_5a             =  3.83018e+00 from=  8.00000e-01 to=  1.00000e+00
stdout pd_5a = 5.623820e-01
stdout iavg_20a            =  2.50012e+00 from=  8.00000e-01 to=  1.00000e+00
stdout irms_20a            =  5.27982e+00 from=  8.00000e-01 to=  1.00000e+00
stdout pd_20a = 7.502540e-01
stdout iavg_12b            =  3.00014e+00 from=  8.00000e-01 to=  1.00000e+00
stdout irms_12b            =  4.62831e+00 from=  8.00000e-01 to=  1.00000e+00
stdout pd_12b = 8.732358e-01
