stdout Note: No compatibility mode selected!
stdout Circuit: bridge loss sensitivity: br1 stps20m100st to220 with individual boyd 577202b00000g sinks. other low-voltage bridges stps20m100sg d2pak. 50 c ambient. electrical winding/load assumptions remain to be measured. d2pak lumped temperatures are screening estimates; geometry thermal_mesh.py is the separate layout assessment.
stdout Doing analysis at TEMP = 27.000000 and TNOM = 27.000000
stdout Using KLU as Direct Linear Solver
stdout Operating point simulation skipped by 'uic',
stdout now using transient initial conditions.
 Reference value :  1.92466e-03
 Reference value :  4.54736e-02
 Reference value :  8.85473e-02
 Reference value :  1.31947e-01
 Reference value :  1.74804e-01
 Reference value :  2.17857e-01
 Reference value :  2.60369e-01
 Reference value :  3.03612e-01
 Reference value :  3.47594e-01
 Reference value :  3.92607e-01
 Reference value :  4.35842e-01
 Reference value :  4.80257e-01
 Reference value :  5.24482e-01
 Reference value :  5.67887e-01
 Reference value :  6.10397e-01
 Reference value :  6.53063e-01
 Reference value :  6.95742e-01
 Reference value :  7.38099e-01
 Reference value :  7.80477e-01
 Reference value :  8.22497e-01
 Reference value :  8.66004e-01
 Reference value :  9.09437e-01
 Reference value :  9.51818e-01
 Reference value :  9.94222e-01
stdout No. of Data Rows : 102405
stdout sim_end = 1.000000e+00
stdout iavg_18a            =  6.45381e+00 from=  8.00000e-01 to=  1.00000e+00
stdout irms_18a            =  1.12919e+01 from=  8.00000e-01 to=  1.00000e+00
stdout pd_18a = 2.160507e+00
stdout iavg_5a             =  1.68786e+00 from=  8.00000e-01 to=  1.00000e+00
stdout irms_5a             =  3.47907e+00 from=  8.00000e-01 to=  1.00000e+00
stdout pd_5a = 4.913956e-01
stdout iavg_20a            =  2.50011e+00 from=  8.00000e-01 to=  1.00000e+00
stdout irms_20a            =  5.35242e+00 from=  8.00000e-01 to=  1.00000e+00
stdout pd_20a = 7.519898e-01
stdout iavg_12b            =  3.00013e+00 from=  8.00000e-01 to=  1.00000e+00
stdout irms_12b            =  4.70919e+00 from=  8.00000e-01 to=  1.00000e+00
stdout pd_12b = 8.749336e-01
