stdout Note: No compatibility mode selected!
stdout Circuit: bridge loss sensitivity: br1 stps20m100st to220 with individual boyd 577202b00000g sinks. other low-voltage bridges stps20m100sg d2pak. 50 c ambient. electrical winding/load assumptions remain to be measured. d2pak lumped temperatures are screening estimates; geometry thermal_mesh.py is the separate layout assessment.
stdout Doing analysis at TEMP = 27.000000 and TNOM = 27.000000
stdout Using KLU as Direct Linear Solver
stdout Operating point simulation skipped by 'uic',
stdout now using transient initial conditions.
 Reference value :  6.55238e-03
 Reference value :  4.98861e-02
 Reference value :  9.26609e-02
 Reference value :  1.34680e-01
 Reference value :  1.75762e-01
 Reference value :  2.17489e-01
 Reference value :  2.58344e-01
 Reference value :  2.99590e-01
 Reference value :  3.40726e-01
 Reference value :  3.81895e-01
 Reference value :  4.23471e-01
 Reference value :  4.64707e-01
 Reference value :  5.05615e-01
 Reference value :  5.46941e-01
 Reference value :  5.88767e-01
 Reference value :  6.30704e-01
 Reference value :  6.71362e-01
 Reference value :  7.12908e-01
 Reference value :  7.52764e-01
 Reference value :  7.94670e-01
 Reference value :  8.35819e-01
 Reference value :  8.77317e-01
 Reference value :  9.18922e-01
 Reference value :  9.60680e-01
 Reference value :  9.98640e-01
stdout No. of Data Rows : 103447
stdout sim_end = 1.000000e+00
stdout iavg_18a            =  6.50264e+00 from=  8.00000e-01 to=  1.00000e+00
stdout irms_18a            =  1.14519e+01 from=  8.00000e-01 to=  1.00000e+00
stdout pd_18a = 2.184944e+00
stdout iavg_5a             =  1.66349e+00 from=  8.00000e-01 to=  1.00000e+00
stdout irms_5a             =  3.47934e+00 from=  8.00000e-01 to=  1.00000e+00
stdout pd_5a = 4.846967e-01
stdout iavg_20a            =  2.50000e+00 from=  8.00000e-01 to=  1.00000e+00
stdout irms_20a            =  5.42036e+00 from=  8.00000e-01 to=  1.00000e+00
stdout pd_20a = 7.536066e-01
stdout iavg_12b            =  3.00000e+00 from=  8.00000e-01 to=  1.00000e+00
stdout irms_12b            =  4.72144e+00 from=  8.00000e-01 to=  1.00000e+00
stdout pd_12b = 8.751575e-01
