stdout Note: No compatibility mode selected!
stdout Circuit: bridge loss sensitivity: br1 stps20m100st to220 with individual boyd 577202b00000g sinks. other low-voltage bridges stps20m100sg d2pak. 50 c ambient. electrical winding/load assumptions remain to be measured. d2pak lumped temperatures are screening estimates; geometry thermal_mesh.py is the separate layout assessment.
stdout Doing analysis at TEMP = 27.000000 and TNOM = 27.000000
stdout Using KLU as Direct Linear Solver
stdout Operating point simulation skipped by 'uic',
stdout now using transient initial conditions.
 Reference value :  2.46945e-02
 Reference value :  6.94604e-02
 Reference value :  1.13148e-01
 Reference value :  1.55897e-01
 Reference value :  1.98650e-01
 Reference value :  2.39998e-01
 Reference value :  2.83343e-01
 Reference value :  3.24920e-01
 Reference value :  3.67629e-01
 Reference value :  4.10579e-01
 Reference value :  4.52526e-01
 Reference value :  4.94140e-01
 Reference value :  5.37071e-01
 Reference value :  5.79756e-01
 Reference value :  6.22648e-01
 Reference value :  6.63690e-01
 Reference value :  7.05377e-01
 Reference value :  7.47575e-01
 Reference value :  7.90638e-01
 Reference value :  8.33053e-01
 Reference value :  8.75932e-01
 Reference value :  9.18529e-01
 Reference value :  9.61061e-01
 Reference value :  9.99961e-01
stdout No. of Data Rows : 103237
stdout sim_end = 1.000000e+00
stdout iavg_18a            =  5.95803e+00 from=  8.00000e-01 to=  1.00000e+00
stdout irms_18a            =  1.04537e+01 from=  8.00000e-01 to=  1.00000e+00
stdout pd_18a = 1.969028e+00
stdout iavg_5a             =  1.90341e+00 from=  8.00000e-01 to=  1.00000e+00
stdout irms_5a             =  3.82437e+00 from=  8.00000e-01 to=  1.00000e+00
stdout pd_5a = 5.563452e-01
stdout iavg_20a            =  2.50001e+00 from=  8.00000e-01 to=  1.00000e+00
stdout irms_20a            =  5.32037e+00 from=  8.00000e-01 to=  1.00000e+00
stdout pd_20a = 7.511922e-01
stdout iavg_12b            =  3.00001e+00 from=  8.00000e-01 to=  1.00000e+00
stdout irms_12b            =  4.63556e+00 from=  8.00000e-01 to=  1.00000e+00
stdout pd_12b = 8.733523e-01
