stdout Note: No compatibility mode selected!
stdout Circuit: rom raw-write replay channel 1; bus.csv
stdout Doing analysis at TEMP = 27.000000 and TNOM = 27.000000
stdout Using SPARSE 1.3 as Direct Linear Solver
stdout Initial Transient Solution
stdout --------------------------
stdout Node                                   Voltage
stdout ----                                   -------
stdout rail                                        86
stdout cmd                                          0
stdout gateinput                                    0
stdout gate                                         0
stdout drain                                       86
stdout drainq                                      86
stdout coil                                        86
stdout diode                                       86
stdout lcoil#branch                      -1.17131e-09
stdout vdiode#branch                     -1.23872e-13
stdout vsense#branch                      1.17143e-09
stdout vcmd#branch                                  0
stdout vrail#branch                      -1.17131e-09
 Reference value :  0.00000e+00
 Reference value :  5.38706e-03
 Reference value :  1.06364e-02
 Reference value :  1.66258e-02
 Reference value :  2.24608e-02
 Reference value :  2.84314e-02
 Reference value :  3.59067e-02
 Reference value :  4.15714e-02
 Reference value :  4.71371e-02
 Reference value :  5.38580e-02
 Reference value :  5.90308e-02
 Reference value :  6.41039e-02
 Reference value :  6.90114e-02
 Reference value :  7.44199e-02
 Reference value :  8.13102e-02
 Reference value :  8.71402e-02
 Reference value :  9.30446e-02
 Reference value :  9.83724e-02
 Reference value :  1.03681e-01
 Reference value :  1.09246e-01
 Reference value :  1.14706e-01
 Reference value :  1.20011e-01
 Reference value :  1.25877e-01
 Reference value :  1.33564e-01
 Reference value :  1.41143e-01
 Reference value :  1.48457e-01
 Reference value :  1.55780e-01
 Reference value :  1.63248e-01
 Reference value :  1.70629e-01
 Reference value :  1.77816e-01
 Reference value :  1.83807e-01
 Reference value :  1.90827e-01
 Reference value :  1.97987e-01
 Reference value :  2.06504e-01
 Reference value :  2.09159e-01
 Reference value :  2.17394e-01
 Reference value :  2.24611e-01
 Reference value :  2.32904e-01
 Reference value :  2.41091e-01
 Reference value :  2.49145e-01
 Reference value :  2.57192e-01
 Reference value :  2.65160e-01
 Reference value :  2.73730e-01
 Reference value :  2.82344e-01
 Reference value :  2.90218e-01
 Reference value :  2.98120e-01
 Reference value :  3.06024e-01
 Reference value :  3.13896e-01
 Reference value :  3.21776e-01
 Reference value :  3.29300e-01
 Reference value :  3.36385e-01
 Reference value :  3.43670e-01
 Reference value :  3.50914e-01
 Reference value :  3.58458e-01
 Reference value :  3.64670e-01
 Reference value :  3.70769e-01
 Reference value :  3.78071e-01
 Reference value :  3.82932e-01
stdout No. of Data Rows : 1233124
stderr doAnalyses: TRAN:  Timestep too small; time = 0.382976, timestep = 3.90625e-19: trouble with node "vrail#branch"
stderr run simulation(s) aborted
stdout sim_end = 3.829755147904e-01
stdout vds_peak            =  8.75985e+01 at=  3.36178e-01
stdout vgs_peak            =  4.45234e+00 at=  3.40140e-01
stdout p_avg               =  1.47702e+00 from=  2.00000e-01 to=  3.82976e-01
stdout id_avg              =  4.43996e+00 from=  2.00000e-01 to=  3.82976e-01
stdout id_terminal_avg     =  7.35579e+00 from=  2.00000e-01 to=  3.82976e-01
stdout i_peak              =  4.96450e+01 at=  3.44239e-01
stdout coil_peak           =  1.90788e+01 at=  3.36175e-01
stdout tj_repeating = 1.415754260000e+02
stdout p_dissipation       =  1.12763e+00 from=  2.00000e-01 to=  3.82976e-01
stdout tj_dissipation = 1.199133080000e+02
