stdout Note: No compatibility mode selected!
stdout Circuit: bridge loss sensitivity: br1 stps20m100st to220 with individual boyd 577202b00000g sinks. other low-voltage bridges stps20m100sg d2pak. 50 c ambient. electrical winding/load assumptions remain to be measured. d2pak lumped temperatures are screening estimates; geometry thermal_mesh.py is the separate layout assessment.
stdout Doing analysis at TEMP = 27.000000 and TNOM = 27.000000
stdout Using SPARSE 1.3 as Direct Linear Solver
stdout Operating point simulation skipped by 'uic',
stdout now using transient initial conditions.
 Reference value :  2.00000e-07
 Reference value :  1.17072e-01
 Reference value :  2.37119e-01
stdout No. of Data Rows : 15087
stdout iavg_18a            =  5.87840e+00 from=  2.50000e-01 to=  3.00000e-01
stdout irms_18a            =  1.01923e+01 from=  2.50000e-01 to=  3.00000e-01
stdout pin_18a             =  8.47655e+01 from=  2.50000e-01 to=  3.00000e-01
stdout pout_18a            =  7.52053e+01 from=  2.50000e-01 to=  3.00000e-01
stdout vdc_18a             =  1.27765e+01 from=  2.50000e-01 to=  3.00000e-01
stdout pmodel_18a = 9.560120e+00
stdout pd_18a = 1.706244e+00
stdout pds_18a = 6.824976e+00
stdout rthreq_18a = 3.516496e+01
stdout tj_18a = 1.082721e+02
stdout iavg_18b            =  3.00106e+00 from=  2.50000e-01 to=  3.00000e-01
stdout irms_18b            =  5.82003e+00 from=  2.50000e-01 to=  3.00000e-01
stdout pin_18b             =  4.60140e+01 from=  2.50000e-01 to=  3.00000e-01
stdout pout_18b            =  4.19044e+01 from=  2.50000e-01 to=  3.00000e-01
stdout vdc_18b             =  1.39632e+01 from=  2.50000e-01 to=  3.00000e-01
stdout pmodel_18b = 4.109580e+00
stdout pd_18b = 7.867645e-01
stdout pds_18b = 3.147058e+00
stdout rthreq_18b = 7.626170e+01
stdout tj_18b = 7.866491e+01
stdout iavg_18c            =  8.00281e+00 from=  2.50000e-01 to=  3.00000e-01
stdout irms_18c            =  1.31858e+01 from=  2.50000e-01 to=  3.00000e-01
stdout pin_18c             =  1.10759e+02 from=  2.50000e-01 to=  3.00000e-01
stdout pout_18c            =  9.64724e+01 from=  2.50000e-01 to=  3.00000e-01
stdout vdc_18c             =  1.20549e+01 from=  2.50000e-01 to=  3.00000e-01
stdout pmodel_18c = 1.428621e+01
stdout pd_18c = 2.465603e+00
stdout pds_18c = 9.862412e+00
stdout rthreq_18c = 2.433482e+01
stdout tj_18c = 1.327235e+02
stdout iavg_20a            =  2.50088e+00 from=  2.50000e-01 to=  3.00000e-01
stdout irms_20a            =  5.13447e+00 from=  2.50000e-01 to=  3.00000e-01
stdout pin_20a             =  4.69289e+01 from=  2.50000e-01 to=  3.00000e-01
stdout pout_20a            =  4.35815e+01 from=  2.50000e-01 to=  3.00000e-01
stdout vdc_20a             =  1.74265e+01 from=  2.50000e-01 to=  3.00000e-01
stdout pmodel_20a = 3.347350e+00
stdout pd_20a = 6.474332e-01
stdout pds_20a = 2.589733e+00
stdout rthreq_20a = 9.267365e+01
stdout tj_20a = 7.330760e+01
stdout iavg_20b            =  5.00176e+00 from=  2.50000e-01 to=  3.00000e-01
stdout irms_20b            =  9.13927e+00 from=  2.50000e-01 to=  3.00000e-01
stdout pin_20b             =  8.89164e+01 from=  2.50000e-01 to=  3.00000e-01
stdout pout_20b            =  8.09748e+01 from=  2.50000e-01 to=  3.00000e-01
stdout vdc_20b             =  1.61893e+01 from=  2.50000e-01 to=  3.00000e-01
stdout pmodel_20b = 7.941600e+00
stdout pd_20b = 1.430389e+00
stdout pds_20b = 5.721556e+00
stdout rthreq_20b = 4.194663e+01
stdout tj_20b = 1.014940e+02
stdout iavg_50a            =  3.01038e+00 from=  2.50000e-01 to=  3.00000e-01
stdout irms_50a            =  5.05321e+00 from=  2.50000e-01 to=  3.00000e-01
stdout pin_50a             =  1.57243e+02 from=  2.50000e-01 to=  3.00000e-01
stdout pout_50a            =  1.48746e+02 from=  2.50000e-01 to=  3.00000e-01
stdout vdc_50a             =  4.94110e+01 from=  2.50000e-01 to=  3.00000e-01
stdout pmodel_50a = 8.497500e+00
stdout pds_50a = 5.684799e+00
stdout tj_50a = 1.170806e+02
stdout iavg_50b            =  7.01037e+00 from=  2.50000e-01 to=  3.00000e-01
stdout irms_50b            =  1.01871e+01 from=  2.50000e-01 to=  3.00000e-01
stdout pin_50b             =  2.97198e+02 from=  2.50000e-01 to=  3.00000e-01
stdout pout_50b            =  2.72398e+02 from=  2.50000e-01 to=  3.00000e-01
stdout vdc_50b             =  3.88564e+01 from=  2.50000e-01 to=  3.00000e-01
stdout pmodel_50b = 2.479990e+01
stdout pds_50b = 1.474502e+01
stdout tj_50b = 2.239912e+02
stdout iavg_5a             =  1.94396e+00 from=  2.50000e-01 to=  3.00000e-01
stdout irms_5a             =  3.75911e+00 from=  2.50000e-01 to=  3.00000e-01
stdout pin_5a              =  2.00675e+01 from=  2.50000e-01 to=  3.00000e-01
stdout pout_5a             =  1.77368e+01 from=  2.50000e-01 to=  3.00000e-01
stdout vdc_5a              =  9.13765e+00 from=  2.50000e-01 to=  3.00000e-01
stdout pmodel_5a = 2.330720e+00
stdout pd_5a = 4.752663e-01
stdout pds_5a = 1.901065e+00
stdout rthreq_5a = 1.262450e+02
stdout tj_5a = 6.948592e+01
stdout iavg_5b             =  1.51788e+00 from=  2.50000e-01 to=  3.00000e-01
stdout irms_5b             =  3.05357e+00 from=  2.50000e-01 to=  3.00000e-01
stdout pin_5b              =  1.59382e+01 from=  2.50000e-01 to=  3.00000e-01
stdout pout_5b             =  1.41945e+01 from=  2.50000e-01 to=  3.00000e-01
stdout vdc_5b              =  9.36007e+00 from=  2.50000e-01 to=  3.00000e-01
stdout pmodel_5b = 1.743650e+00
stdout pd_5b = 3.635756e-01
stdout pds_5b = 1.454302e+00
stdout rthreq_5b = 1.650276e+02
stdout tj_5b = 6.490660e+01
stdout iavg_12a            =  2.50088e+00 from=  2.50000e-01 to=  3.00000e-01
stdout irms_12a            =  3.94809e+00 from=  2.50000e-01 to=  3.00000e-01
stdout pin_12a             =  2.95796e+01 from=  2.50000e-01 to=  3.00000e-01
stdout pout_12a            =  2.66956e+01 from=  2.50000e-01 to=  3.00000e-01
stdout vdc_12a             =  1.06745e+01 from=  2.50000e-01 to=  3.00000e-01
stdout pmodel_12a = 2.884050e+00
stdout pd_12a = 6.000216e-01
stdout pds_12a = 2.400086e+00
stdout rthreq_12a = 9.999640e+01
stdout tj_12a = 7.460089e+01
stdout iavg_12b            =  3.00106e+00 from=  2.50000e-01 to=  3.00000e-01
stdout irms_12b            =  4.59364e+00 from=  2.50000e-01 to=  3.00000e-01
stdout pin_12b             =  3.39366e+01 from=  2.50000e-01 to=  3.00000e-01
stdout pout_12b            =  3.03688e+01 from=  2.50000e-01 to=  3.00000e-01
stdout vdc_12b             =  1.01194e+01 from=  2.50000e-01 to=  3.00000e-01
stdout pmodel_12b = 3.567800e+00
stdout pd_12b = 7.305712e-01
stdout pds_12b = 2.922285e+00
stdout rthreq_12b = 8.212751e+01
stdout tj_12b = 7.995342e+01
