stdout Note: No compatibility mode selected!
stdout Circuit: bridge loss sensitivity: br1 stps20m100st to220 with individual boyd 577202b00000g sinks. other low-voltage bridges stps20m100sg d2pak. 50 c ambient. electrical winding/load assumptions remain to be measured. d2pak lumped temperatures are screening estimates; geometry thermal_mesh.py is the separate layout assessment.
stdout Doing analysis at TEMP = 27.000000 and TNOM = 27.000000
stdout Using SPARSE 1.3 as Direct Linear Solver
stdout Operating point simulation skipped by 'uic',
stdout now using transient initial conditions.
 Reference value :  8.75237e-03
 Reference value :  1.36716e-01
 Reference value :  2.65256e-01
stdout No. of Data Rows : 15052
stdout iavg_18a            =  6.43692e+00 from=  2.40000e-01 to=  3.00000e-01
stdout irms_18a            =  1.11787e+01 from=  2.40000e-01 to=  3.00000e-01
stdout pin_18a             =  1.03076e+02 from=  2.40000e-01 to=  3.00000e-01
stdout pout_18a            =  9.21672e+01 from=  2.40000e-01 to=  3.00000e-01
stdout vdc_18a             =  1.42960e+01 from=  2.40000e-01 to=  3.00000e-01
stdout pmodel_18a = 1.090921e+01
stdout pd_18a = 1.917689e+00
stdout pds_18a = 7.670755e+00
stdout rthreq_18a = 3.128766e+01
stdout tj_18a = 1.150807e+02
stdout iavg_18b            =  3.00078e+00 from=  2.40000e-01 to=  3.00000e-01
stdout irms_18b            =  5.92273e+00 from=  2.40000e-01 to=  3.00000e-01
stdout pin_18b             =  5.14368e+01 from=  2.40000e-01 to=  3.00000e-01
stdout pout_18b            =  4.72780e+01 from=  2.40000e-01 to=  3.00000e-01
stdout vdc_18b             =  1.57553e+01 from=  2.40000e-01 to=  3.00000e-01
stdout pmodel_18b = 4.158840e+00
stdout pd_18b = 7.920119e-01
stdout pds_18b = 3.168048e+00
stdout rthreq_18b = 7.575644e+01
stdout tj_18b = 7.883387e+01
stdout iavg_18c            =  8.00207e+00 from=  2.40000e-01 to=  3.00000e-01
stdout irms_18c            =  1.34092e+01 from=  2.40000e-01 to=  3.00000e-01
stdout pin_18c             =  1.24572e+02 from=  2.40000e-01 to=  3.00000e-01
stdout pout_18c            =  1.10056e+02 from=  2.40000e-01 to=  3.00000e-01
stdout vdc_18c             =  1.37534e+01 from=  2.40000e-01 to=  3.00000e-01
stdout pmodel_18c = 1.451580e+01
stdout pd_18c = 2.491590e+00
stdout pds_18c = 9.966361e+00
stdout rthreq_18c = 2.408101e+01
stdout tj_18c = 1.335603e+02
stdout iavg_20a            =  2.50065e+00 from=  2.40000e-01 to=  3.00000e-01
stdout irms_20a            =  5.21796e+00 from=  2.40000e-01 to=  3.00000e-01
stdout pin_20a             =  5.23273e+01 from=  2.40000e-01 to=  3.00000e-01
stdout pout_20a            =  4.89444e+01 from=  2.40000e-01 to=  3.00000e-01
stdout vdc_20a             =  1.95727e+01 from=  2.40000e-01 to=  3.00000e-01
stdout pmodel_20a = 3.382870e+00
stdout pd_20a = 6.511872e-01
stdout pds_20a = 2.604749e+00
stdout rthreq_20a = 9.213941e+01
stdout tj_20a = 7.344274e+01
stdout iavg_20b            =  5.00130e+00 from=  2.40000e-01 to=  3.00000e-01
stdout irms_20b            =  9.27551e+00 from=  2.40000e-01 to=  3.00000e-01
stdout pin_20b             =  9.92902e+01 from=  2.40000e-01 to=  3.00000e-01
stdout pout_20b            =  9.12500e+01 from=  2.40000e-01 to=  3.00000e-01
stdout vdc_20b             =  1.82453e+01 from=  2.40000e-01 to=  3.00000e-01
stdout pmodel_20b = 8.040150e+00
stdout pd_20b = 1.441330e+00
stdout pds_20b = 5.765320e+00
stdout rthreq_20b = 4.162822e+01
stdout tj_20b = 1.018879e+02
stdout iavg_50a            =  3.00885e+00 from=  2.40000e-01 to=  3.00000e-01
stdout irms_50a            =  5.14487e+00 from=  2.40000e-01 to=  3.00000e-01
stdout pin_50a             =  1.77600e+02 from=  2.40000e-01 to=  3.00000e-01
stdout pout_50a            =  1.68896e+02 from=  2.40000e-01 to=  3.00000e-01
stdout vdc_50a             =  5.61331e+01 from=  2.40000e-01 to=  3.00000e-01
stdout pmodel_50a = 8.704200e+00
stdout pds_50a = 5.714126e+00
stdout tj_50a = 1.174267e+02
stdout iavg_50b            =  7.00823e+00 from=  2.40000e-01 to=  3.00000e-01
stdout irms_50b            =  1.03704e+01 from=  2.40000e-01 to=  3.00000e-01
stdout pin_50b             =  3.41704e+02 from=  2.40000e-01 to=  3.00000e-01
stdout pout_50b            =  3.16417e+02 from=  2.40000e-01 to=  3.00000e-01
stdout vdc_50b             =  4.51493e+01 from=  2.40000e-01 to=  3.00000e-01
stdout pmodel_50b = 2.528770e+01
stdout pds_50b = 1.486973e+01
stdout tj_50b = 2.254628e+02
stdout iavg_5a             =  1.69747e+00 from=  2.40000e-01 to=  3.00000e-01
stdout irms_5a             =  3.41017e+00 from=  2.40000e-01 to=  3.00000e-01
stdout pin_5a              =  1.97389e+01 from=  2.40000e-01 to=  3.00000e-01
stdout pout_5a             =  1.77351e+01 from=  2.40000e-01 to=  3.00000e-01
stdout vdc_5a              =  1.04617e+01 from=  2.40000e-01 to=  3.00000e-01
stdout pmodel_5a = 2.003770e+00
stdout pd_5a = 4.118802e-01
stdout pds_5a = 1.647521e+00
stdout rthreq_5a = 1.456734e+02
stdout tj_5a = 6.688709e+01
stdout iavg_5b             =  1.33060e+00 from=  2.40000e-01 to=  3.00000e-01
stdout irms_5b             =  2.77940e+00 from=  2.40000e-01 to=  3.00000e-01
stdout pin_5b              =  1.57012e+01 from=  2.40000e-01 to=  3.00000e-01
stdout pout_5b             =  1.41932e+01 from=  2.40000e-01 to=  3.00000e-01
stdout vdc_5b              =  1.06754e+01 from=  2.40000e-01 to=  3.00000e-01
stdout pmodel_5b = 1.508020e+00
stdout pd_5b = 3.167432e-01
stdout pds_5b = 1.266973e+00
stdout rthreq_5b = 1.894279e+02
stdout tj_5b = 6.298647e+01
stdout iavg_12a            =  2.50065e+00 from=  2.40000e-01 to=  3.00000e-01
stdout irms_12a            =  4.01897e+00 from=  2.40000e-01 to=  3.00000e-01
stdout pin_12a             =  3.35846e+01 from=  2.40000e-01 to=  3.00000e-01
stdout pout_12a            =  3.06754e+01 from=  2.40000e-01 to=  3.00000e-01
stdout vdc_12a             =  1.22670e+01 from=  2.40000e-01 to=  3.00000e-01
stdout pmodel_12a = 2.909210e+00
stdout pd_12a = 6.024573e-01
stdout pds_12a = 2.409829e+00
stdout rthreq_12a = 9.959212e+01
stdout tj_12a = 7.470075e+01
stdout iavg_12b            =  3.00078e+00 from=  2.40000e-01 to=  3.00000e-01
stdout irms_12b            =  4.67603e+00 from=  2.40000e-01 to=  3.00000e-01
stdout pin_12b             =  3.86777e+01 from=  2.40000e-01 to=  3.00000e-01
stdout pout_12b            =  3.50766e+01 from=  2.40000e-01 to=  3.00000e-01
stdout vdc_12b             =  1.16892e+01 from=  2.40000e-01 to=  3.00000e-01
stdout pmodel_12b = 3.601100e+00
stdout pd_12b = 7.338729e-01
stdout pds_12b = 2.935491e+00
stdout rthreq_12b = 8.175803e+01
stdout tj_12b = 8.008879e+01
