stdout Note: No compatibility mode selected!
stdout Circuit: bridge loss sensitivity: br1 stps20m100st to220 with individual boyd 577202b00000g sinks. other low-voltage bridges stps20m100sg d2pak. 50 c ambient. electrical winding/load assumptions remain to be measured. d2pak lumped temperatures are screening estimates; geometry thermal_mesh.py is the separate layout assessment.
stdout Doing analysis at TEMP = 27.000000 and TNOM = 27.000000
stdout Using SPARSE 1.3 as Direct Linear Solver
stdout Operating point simulation skipped by 'uic',
stdout now using transient initial conditions.
 Reference value :  8.52032e-02
 Reference value :  2.01559e-01
stdout No. of Data Rows : 15088
stdout iavg_18a            =  7.00020e+00 from=  2.50000e-01 to=  3.00000e-01
stdout irms_18a            =  1.22115e+01 from=  2.50000e-01 to=  3.00000e-01
stdout pin_18a             =  1.23724e+02 from=  2.50000e-01 to=  3.00000e-01
stdout pout_18a            =  1.11344e+02 from=  2.50000e-01 to=  3.00000e-01
stdout vdc_18a             =  1.58883e+01 from=  2.50000e-01 to=  3.00000e-01
stdout pmodel_18a = 1.237940e+01
stdout pd_18a = 2.143671e+00
stdout pds_18a = 8.574683e+00
stdout rthreq_18a = 2.798937e+01
stdout tj_18a = 1.223573e+02
stdout iavg_18b            =  3.00014e+00 from=  2.50000e-01 to=  3.00000e-01
stdout irms_18b            =  6.02628e+00 from=  2.50000e-01 to=  3.00000e-01
stdout pin_18b             =  5.69567e+01 from=  2.50000e-01 to=  3.00000e-01
stdout pout_18b            =  5.27480e+01 from=  2.50000e-01 to=  3.00000e-01
stdout vdc_18b             =  1.75819e+01 from=  2.50000e-01 to=  3.00000e-01
stdout pmodel_18b = 4.208700e+00
stdout pd_18b = 7.973199e-01
stdout pds_18b = 3.189280e+00
stdout rthreq_18b = 7.525210e+01
stdout tj_18b = 7.900479e+01
stdout iavg_18c            =  8.00036e+00 from=  2.50000e-01 to=  3.00000e-01
stdout irms_18c            =  1.36572e+01 from=  2.50000e-01 to=  3.00000e-01
stdout pin_18c             =  1.39120e+02 from=  2.50000e-01 to=  3.00000e-01
stdout pout_18c            =  1.24347e+02 from=  2.50000e-01 to=  3.00000e-01
stdout vdc_18c             =  1.55427e+01 from=  2.50000e-01 to=  3.00000e-01
stdout pmodel_18c = 1.477330e+01
stdout pd_18c = 2.520767e+00
stdout pds_18c = 1.008307e+01
stdout rthreq_18c = 2.380228e+01
stdout tj_18c = 1.344998e+02
stdout iavg_20a            =  2.50011e+00 from=  2.50000e-01 to=  3.00000e-01
stdout irms_20a            =  5.31901e+00 from=  2.50000e-01 to=  3.00000e-01
stdout pin_20a             =  5.79656e+01 from=  2.50000e-01 to=  3.00000e-01
stdout pout_20a            =  5.45394e+01 from=  2.50000e-01 to=  3.00000e-01
stdout vdc_20a             =  2.18148e+01 from=  2.50000e-01 to=  3.00000e-01
stdout pmodel_20a = 3.426210e+00
stdout pd_20a = 6.557585e-01
stdout pds_20a = 2.623034e+00
stdout rthreq_20a = 9.149710e+01
stdout tj_20a = 7.360731e+01
stdout iavg_20b            =  5.00023e+00 from=  2.50000e-01 to=  3.00000e-01
stdout irms_20b            =  9.47196e+00 from=  2.50000e-01 to=  3.00000e-01
stdout pin_20b             =  1.10684e+02 from=  2.50000e-01 to=  3.00000e-01
stdout pout_20b            =  1.02500e+02 from=  2.50000e-01 to=  3.00000e-01
stdout vdc_20b             =  2.04990e+01 from=  2.50000e-01 to=  3.00000e-01
stdout pmodel_20b = 8.184100e+00
stdout pd_20b = 1.457307e+00
stdout pds_20b = 5.829230e+00
stdout rthreq_20b = 4.117182e+01
stdout tj_20b = 1.024631e+02
stdout iavg_50a            =  3.01213e+00 from=  2.50000e-01 to=  3.00000e-01
stdout irms_50a            =  5.23287e+00 from=  2.50000e-01 to=  3.00000e-01
stdout pin_50a             =  1.98251e+02 from=  2.50000e-01 to=  3.00000e-01
stdout pout_50a            =  1.89639e+02 from=  2.50000e-01 to=  3.00000e-01
stdout vdc_50a             =  6.29586e+01 from=  2.50000e-01 to=  3.00000e-01
stdout pmodel_50a = 8.611200e+00
stdout pds_50a = 5.750425e+00
stdout tj_50a = 1.178550e+02
stdout iavg_50b            =  7.01148e+00 from=  2.50000e-01 to=  3.00000e-01
stdout irms_50b            =  1.05523e+01 from=  2.50000e-01 to=  3.00000e-01
stdout pin_50b             =  3.87587e+02 from=  2.50000e-01 to=  3.00000e-01
stdout pout_50b            =  3.62102e+02 from=  2.50000e-01 to=  3.00000e-01
stdout vdc_50b             =  5.16441e+01 from=  2.50000e-01 to=  3.00000e-01
stdout pmodel_50b = 2.548460e+01
stdout pds_50b = 1.500432e+01
stdout tj_50b = 2.270509e+02
stdout iavg_5a             =  1.49980e+00 from=  2.50000e-01 to=  3.00000e-01
stdout irms_5a             =  3.13330e+00 from=  2.50000e-01 to=  3.00000e-01
stdout pin_5a              =  1.94814e+01 from=  2.50000e-01 to=  3.00000e-01
stdout pout_5a             =  1.77314e+01 from=  2.50000e-01 to=  3.00000e-01
stdout vdc_5a              =  1.18293e+01 from=  2.50000e-01 to=  3.00000e-01
stdout pmodel_5a = 1.750000e+00
stdout pd_5a = 3.619045e-01
stdout pds_5a = 1.447618e+00
stdout rthreq_5a = 1.657896e+02
stdout tj_5a = 6.483809e+01
stdout iavg_5b             =  1.18063e+00 from=  2.50000e-01 to=  3.00000e-01
stdout irms_5b             =  2.56138e+00 from=  2.50000e-01 to=  3.00000e-01
stdout pin_5b              =  1.55147e+01 from=  2.50000e-01 to=  3.00000e-01
stdout pout_5b             =  1.41902e+01 from=  2.50000e-01 to=  3.00000e-01
stdout vdc_5b              =  1.20235e+01 from=  2.50000e-01 to=  3.00000e-01
stdout pmodel_5b = 1.324490e+00
stdout pd_5b = 2.797515e-01
stdout pds_5b = 1.119006e+00
stdout rthreq_5b = 2.144761e+02
stdout tj_5b = 6.146981e+01
stdout iavg_12a            =  2.50011e+00 from=  2.50000e-01 to=  3.00000e-01
stdout irms_12a            =  4.08817e+00 from=  2.50000e-01 to=  3.00000e-01
stdout pin_12a             =  3.76752e+01 from=  2.50000e-01 to=  3.00000e-01
stdout pout_12a            =  3.47415e+01 from=  2.50000e-01 to=  3.00000e-01
stdout vdc_12a             =  1.38960e+01 from=  2.50000e-01 to=  3.00000e-01
stdout pmodel_12a = 2.933680e+00
stdout pd_12a = 6.048119e-01
stdout pds_12a = 2.419248e+00
stdout rthreq_12a = 9.920440e+01
stdout tj_12a = 7.479729e+01
stdout iavg_12b            =  3.00014e+00 from=  2.50000e-01 to=  3.00000e-01
stdout irms_12b            =  4.75714e+00 from=  2.50000e-01 to=  3.00000e-01
stdout pin_12b             =  4.35390e+01 from=  2.50000e-01 to=  3.00000e-01
stdout pout_12b            =  3.99052e+01 from=  2.50000e-01 to=  3.00000e-01
stdout vdc_12b             =  1.33011e+01 from=  2.50000e-01 to=  3.00000e-01
stdout pmodel_12b = 3.633840e+00
stdout pd_12b = 7.371024e-01
stdout pds_12b = 2.948410e+00
stdout rthreq_12b = 8.139982e+01
stdout tj_12b = 8.022120e+01
