stdout Note: No compatibility mode selected!
stdout Circuit: bridge loss sensitivity: br1 stps20m100st to220 with individual boyd 577202b00000g sinks. other low-voltage bridges stps20m100sg d2pak. 50 c ambient. electrical winding/load assumptions remain to be measured. d2pak lumped temperatures are screening estimates; geometry thermal_mesh.py is the separate layout assessment.
stdout Doing analysis at TEMP = 27.000000 and TNOM = 27.000000
stdout Using SPARSE 1.3 as Direct Linear Solver
stdout Operating point simulation skipped by 'uic',
stdout now using transient initial conditions.
 Reference value :  7.84747e-02
 Reference value :  2.02031e-01
stdout No. of Data Rows : 15047
stdout iavg_18a            =  6.98814e+00 from=  2.40000e-01 to=  3.00000e-01
stdout irms_18a            =  1.21709e+01 from=  2.40000e-01 to=  3.00000e-01
stdout pin_18a             =  1.23275e+02 from=  2.40000e-01 to=  3.00000e-01
stdout pout_18a            =  1.10945e+02 from=  2.40000e-01 to=  3.00000e-01
stdout vdc_18a             =  1.58510e+01 from=  2.40000e-01 to=  3.00000e-01
stdout pmodel_18a = 1.233020e+01
stdout pd_18a = 2.136751e+00
stdout pds_18a = 8.547005e+00
stdout rthreq_18a = 2.808001e+01
stdout tj_18a = 1.221345e+02
stdout iavg_18b            =  3.00055e+00 from=  2.40000e-01 to=  3.00000e-01
stdout irms_18b            =  6.02172e+00 from=  2.40000e-01 to=  3.00000e-01
stdout pin_18b             =  5.69178e+01 from=  2.40000e-01 to=  3.00000e-01
stdout pout_18b            =  5.27108e+01 from=  2.40000e-01 to=  3.00000e-01
stdout vdc_18b             =  1.75671e+01 from=  2.40000e-01 to=  3.00000e-01
stdout pmodel_18b = 4.207000e+00
stdout pd_18b = 7.971649e-01
stdout pds_18b = 3.188660e+00
stdout rthreq_18b = 7.526673e+01
stdout tj_18b = 7.899980e+01
stdout iavg_18c            =  8.00145e+00 from=  2.40000e-01 to=  3.00000e-01
stdout irms_18c            =  1.36360e+01 from=  2.40000e-01 to=  3.00000e-01
stdout pin_18c             =  1.38789e+02 from=  2.40000e-01 to=  3.00000e-01
stdout pout_18c            =  1.24036e+02 from=  2.40000e-01 to=  3.00000e-01
stdout vdc_18c             =  1.55017e+01 from=  2.40000e-01 to=  3.00000e-01
stdout pmodel_18c = 1.475260e+01
stdout pd_18c = 2.518444e+00
stdout pds_18c = 1.007377e+01
stdout rthreq_18c = 2.382424e+01
stdout tj_18c = 1.344250e+02
stdout iavg_20a            =  2.50046e+00 from=  2.40000e-01 to=  3.00000e-01
stdout irms_20a            =  5.30690e+00 from=  2.40000e-01 to=  3.00000e-01
stdout pin_20a             =  5.78548e+01 from=  2.40000e-01 to=  3.00000e-01
stdout pout_20a            =  5.44335e+01 from=  2.40000e-01 to=  3.00000e-01
stdout vdc_20a             =  2.17694e+01 from=  2.40000e-01 to=  3.00000e-01
stdout pmodel_20a = 3.421310e+00
stdout pd_20a = 6.552647e-01
stdout pds_20a = 2.621059e+00
stdout rthreq_20a = 9.156604e+01
stdout tj_20a = 7.358953e+01
stdout iavg_20b            =  5.00091e+00 from=  2.40000e-01 to=  3.00000e-01
stdout irms_20b            =  9.43645e+00 from=  2.40000e-01 to=  3.00000e-01
stdout pin_20b             =  1.10195e+02 from=  2.40000e-01 to=  3.00000e-01
stdout pout_20b            =  1.02037e+02 from=  2.40000e-01 to=  3.00000e-01
stdout vdc_20b             =  2.04036e+01 from=  2.40000e-01 to=  3.00000e-01
stdout pmodel_20b = 8.158600e+00
stdout pd_20b = 1.454498e+00
stdout pds_20b = 5.817992e+00
stdout rthreq_20b = 4.125135e+01
stdout tj_20b = 1.023619e+02
stdout iavg_50a            =  3.00956e+00 from=  2.40000e-01 to=  3.00000e-01
stdout irms_50a            =  5.23107e+00 from=  2.40000e-01 to=  3.00000e-01
stdout pin_50a             =  1.98169e+02 from=  2.40000e-01 to=  3.00000e-01
stdout pout_50a            =  1.89371e+02 from=  2.40000e-01 to=  3.00000e-01
stdout vdc_50a             =  6.29233e+01 from=  2.40000e-01 to=  3.00000e-01
stdout pmodel_50a = 8.797700e+00
stdout pds_50a = 5.745673e+00
stdout tj_50a = 1.177989e+02
stdout iavg_50b            =  7.00969e+00 from=  2.40000e-01 to=  3.00000e-01
stdout irms_50b            =  1.05456e+01 from=  2.40000e-01 to=  3.00000e-01
stdout pin_50b             =  3.87111e+02 from=  2.40000e-01 to=  3.00000e-01
stdout pout_50b            =  3.61496e+02 from=  2.40000e-01 to=  3.00000e-01
stdout vdc_50b             =  5.15709e+01 from=  2.40000e-01 to=  3.00000e-01
stdout pmodel_50b = 2.561470e+01
stdout pds_50b = 1.499664e+01
stdout tj_50b = 2.269604e+02
stdout iavg_5a             =  1.50370e+00 from=  2.40000e-01 to=  3.00000e-01
stdout irms_5a             =  3.13332e+00 from=  2.40000e-01 to=  3.00000e-01
stdout pin_5a              =  1.94872e+01 from=  2.40000e-01 to=  3.00000e-01
stdout pout_5a             =  1.77338e+01 from=  2.40000e-01 to=  3.00000e-01
stdout vdc_5a              =  1.18033e+01 from=  2.40000e-01 to=  3.00000e-01
stdout pmodel_5a = 1.753450e+00
stdout pd_5a = 3.627345e-01
stdout pds_5a = 1.450938e+00
stdout rthreq_5a = 1.654103e+02
stdout tj_5a = 6.487211e+01
stdout iavg_5b             =  1.18292e+00 from=  2.40000e-01 to=  3.00000e-01
stdout irms_5b             =  2.56074e+00 from=  2.40000e-01 to=  3.00000e-01
stdout pin_5b              =  1.55185e+01 from=  2.40000e-01 to=  3.00000e-01
stdout pout_5b             =  1.41921e+01 from=  2.40000e-01 to=  3.00000e-01
stdout vdc_5b              =  1.20038e+01 from=  2.40000e-01 to=  3.00000e-01
stdout pmodel_5b = 1.326350e+00
stdout pd_5b = 2.802236e-01
stdout pds_5b = 1.120894e+00
stdout rthreq_5b = 2.141147e+02
stdout tj_5b = 6.148917e+01
stdout iavg_12a            =  2.50045e+00 from=  2.40000e-01 to=  3.00000e-01
stdout irms_12a            =  4.08613e+00 from=  2.40000e-01 to=  3.00000e-01
stdout pin_12a             =  3.76466e+01 from=  2.40000e-01 to=  3.00000e-01
stdout pout_12a            =  3.47133e+01 from=  2.40000e-01 to=  3.00000e-01
stdout vdc_12a             =  1.38828e+01 from=  2.40000e-01 to=  3.00000e-01
stdout pmodel_12a = 2.933330e+00
stdout pd_12a = 6.048111e-01
stdout pds_12a = 2.419244e+00
stdout rthreq_12a = 9.920453e+01
stdout tj_12a = 7.479726e+01
stdout iavg_12b            =  3.00055e+00 from=  2.40000e-01 to=  3.00000e-01
stdout irms_12b            =  4.75443e+00 from=  2.40000e-01 to=  3.00000e-01
stdout pin_12b             =  4.34974e+01 from=  2.40000e-01 to=  3.00000e-01
stdout pout_12b            =  3.98642e+01 from=  2.40000e-01 to=  3.00000e-01
stdout vdc_12b             =  1.32857e+01 from=  2.40000e-01 to=  3.00000e-01
stdout pmodel_12b = 3.633190e+00
stdout pd_12b = 7.370762e-01
stdout pds_12b = 2.948305e+00
stdout rthreq_12b = 8.140270e+01
stdout tj_12b = 8.022013e+01
