stdout Note: No compatibility mode selected!
stdout Circuit: cost-board high-power solenoid driver (sol 1-8) in the machine: 74hct574 -> 100r -> ipd90n10s4l06 dpak (10k pull-down) -> ae-23-800 coil (4.2 ohm, 12 mh) on the real "+50v" rail (~70 v dc), s3m tie-back, 40 ms pulse
stdout Doing analysis at TEMP = 27.000000 and TNOM = 27.000000
stdout Using SPARSE 1.3 as Direct Linear Solver
stdout Initial Transient Solution
stdout --------------------------
stdout Node                                   Voltage
stdout ----                                   -------
stdout v50                                         63
stdout latch                                        0
stdout a                                            0
stdout g                                            0
stdout out                                         63
stdout outd                                        63
stdout v50c                                        63
stdout cl                                          63
stdout lc#branch                         -1.12596e-09
stdout vcoil#branch                       1.12596e-09
stdout vdr#branch                         1.12595e-09
stdout vl#branch                                    0
stdout v50#branch                        -1.12596e-09
stdout No. of Data Rows : 13022
stdout icoil_max           =  1.48679e+01 at=  4.09960e-02
stdout vout_on             =  1.73248e-01 from=  3.00000e-02 to=  4.00020e-02
stdout vout_peak           =  6.44316e+01 at=  4.10063e-02
stdout p_fet               =  2.57582e+00 from=  3.00000e-02 to=  4.00020e-02
stdout e_pulse             =  9.29575e-02 from=  1.00000e-03 to=  4.15000e-02
stdout icoil_off           =  6.72131e-07 at=  5.60097e-02
stdout tj_rise_pulse = 1.394363e+00
stdout p_avg_10pct = 2.575820e-01
stdout p_avg_20pct = 5.151640e-01
stdout tj_rise_10pct = 1.597008e+01
stdout tj_rise_20pct = 3.194017e+01
stdout tj_rise_20pct_pour = 3.090984e+01
