stdout Note: No compatibility mode selected!
stdout Circuit: cost-board high-power solenoid driver (sol 1-8) in the machine: 74hct574 -> 100r -> ipd90n10s4l06 dpak (10k pull-down) -> ae-23-800 coil (4.2 ohm, 12 mh) on the real "+50v" rail (~70 v dc), s3m tie-back, 40 ms pulse
stdout Doing analysis at TEMP = 27.000000 and TNOM = 27.000000
stdout Using SPARSE 1.3 as Direct Linear Solver
stdout Initial Transient Solution
stdout --------------------------
stdout Node                                   Voltage
stdout ----                                   -------
stdout v50                                         63
stdout latch                                        0
stdout a                                            0
stdout g                                            0
stdout out                                         63
stdout outd                                        63
stdout v50c                                        63
stdout cl                                          63
stdout lc#branch                         -1.12597e-09
stdout vcoil#branch                       1.12597e-09
stdout vdr#branch                         1.12595e-09
stdout vl#branch                                    0
stdout v50#branch                        -1.12597e-09
stdout No. of Data Rows : 12988
stdout icoil_max           =  1.47563e+01 at=  4.09955e-02
stdout vout_on             =  1.84511e-01 from=  3.00000e-02 to=  4.00011e-02
stdout vout_peak           =  6.44384e+01 at=  4.10053e-02
stdout p_fet               =  2.72267e+00 from=  3.00000e-02 to=  4.00011e-02
stdout e_pulse             =  9.83213e-02 from=  1.00000e-03 to=  4.15000e-02
stdout icoil_off           =  5.27109e-07 at=  5.60168e-02
stdout tj_rise_pulse = 1.474819e+00
stdout p_avg_10pct = 2.722666e-01
stdout p_avg_20pct = 5.445332e-01
stdout tj_rise_10pct = 1.688053e+01
stdout tj_rise_20pct = 3.376106e+01
stdout tj_rise_20pct_pour = 3.267199e+01
