stdout Note: No compatibility mode selected!
stdout Circuit: cost-board high-power solenoid driver (sol 1-8) in the machine: 74hct574 -> 100r -> ipd90n10s4l06 dpak (10k pull-down) -> ae-23-800 coil (4.2 ohm, 12 mh) on the real "+50v" rail (~70 v dc), s3m tie-back, 40 ms pulse
stdout Doing analysis at TEMP = 27.000000 and TNOM = 27.000000
stdout Using SPARSE 1.3 as Direct Linear Solver
stdout Initial Transient Solution
stdout --------------------------
stdout Node                                   Voltage
stdout ----                                   -------
stdout v50                                         63
stdout latch                                        0
stdout a                                            0
stdout g                                            0
stdout out                                         63
stdout outd                                        63
stdout v50c                                        63
stdout cl                                          63
stdout lc#branch                         -1.12616e-09
stdout vcoil#branch                       1.12616e-09
stdout vdr#branch                         1.12595e-09
stdout vl#branch                                    0
stdout v50#branch                        -1.12616e-09
 Reference value :  3.72220e-02
stdout No. of Data Rows : 12763
stdout icoil_max           =  1.80279e+01 at=  4.09960e-02
stdout vout_on             =  2.10294e-01 from=  3.00000e-02 to=  4.00020e-02
stdout vout_peak           =  6.45334e+01 at=  4.10076e-02
stdout p_fet               =  3.79093e+00 from=  3.00000e-02 to=  4.00020e-02
stdout e_pulse             =  1.33302e-01 from=  1.00000e-03 to=  4.15000e-02
stdout icoil_off           =  2.71600e-03 at=  5.60046e-02
stdout tj_rise_pulse = 1.999532e+00
stdout p_avg_10pct = 3.790929e-01
stdout p_avg_20pct = 7.581858e-01
stdout tj_rise_10pct = 2.350376e+01
stdout tj_rise_20pct = 4.700752e+01
stdout tj_rise_20pct_pour = 4.549115e+01
