stdout Note: No compatibility mode selected!
stdout Circuit: cost-board high-power solenoid driver (sol 1-8) in the machine: 74hct574 -> 100r -> ipd90n10s4l06 dpak (10k pull-down) -> ae-23-800 coil (4.2 ohm, 12 mh) on the real "+50v" rail (~70 v dc), s3m tie-back, 40 ms pulse
stdout Doing analysis at TEMP = 27.000000 and TNOM = 27.000000
stdout Using SPARSE 1.3 as Direct Linear Solver
stdout Initial Transient Solution
stdout --------------------------
stdout Node                                   Voltage
stdout ----                                   -------
stdout v50                                         70
stdout latch                                        0
stdout a                                            0
stdout g                                            0
stdout out                                         70
stdout outd                                        70
stdout v50c                                        70
stdout cl                                          70
stdout lc#branch                         -1.13871e-09
stdout vcoil#branch                       1.13871e-09
stdout vdr#branch                         1.13869e-09
stdout vl#branch                                    0
stdout v50#branch                        -1.13871e-09
 Reference value :  2.65366e-02
stdout No. of Data Rows : 13033
stdout icoil_max           =  1.65165e+01 at=  4.09958e-02
stdout vout_on             =  2.06724e-01 from=  3.00000e-02 to=  4.00016e-02
stdout vout_peak           =  7.14835e+01 at=  4.10127e-02
stdout p_fet               =  3.41433e+00 from=  3.00000e-02 to=  4.00016e-02
stdout e_pulse             =  1.23436e-01 from=  1.00000e-03 to=  4.15000e-02
stdout icoil_off           =  9.83372e-07 at=  5.60051e-02
stdout tj_rise_pulse = 1.851545e+00
stdout p_avg_10pct = 3.414330e-01
stdout p_avg_20pct = 6.828660e-01
stdout tj_rise_10pct = 2.116885e+01
stdout tj_rise_20pct = 4.233769e+01
stdout tj_rise_20pct_pour = 4.097196e+01
