{
  "deck": "/home/lolz0r/repros/wpc_power_driver_cost/variants/jlcpcb/output/verification/continuation/matrix/matrix_trap_rshunt1G_0.5us.cir",
  "deck_sha256": "9299222d28785f197e23b60b1171943c4909d37424134db103e42235a33b08ce",
  "elapsed_s": 180.3727871470037,
  "wall_limit_s": 360.0,
  "timed_out": false,
  "worker_returncode": 0,
  "execution_completed": true,
  "errors": [
    "stderr doAnalyses: TRAN:  Timestep too small; time = 0.139133, timestep = 6.25e-19: trouble with node \"row0q\"",
    "stderr run simulation(s) aborted"
  ],
  "measurements": {
    "sim_end": 0.139133,
    "col0_peak": 20.1356,
    "row0_peak": 2.91523,
    "row0_clear": 4.9999,
    "col0_power": 0.185349,
    "row0_power": 0.0449455,
    "col0_tj": 70.38837,
    "row0_tj": 54.94401,
    "col1_peak": 20.1859,
    "row1_peak": 2.91523,
    "row1_clear": 4.9999,
    "col1_power": 0.18516,
    "row1_power": 0.0449455,
    "col1_tj": 70.36764,
    "row1_tj": 54.94401,
    "col2_peak": 20.1831,
    "row2_peak": 2.91523,
    "row2_clear": 4.9999,
    "col2_power": 0.185354,
    "row2_power": 0.0449455,
    "col2_tj": 70.38893,
    "row2_tj": 54.94401,
    "col3_peak": 8.37276,
    "row3_peak": 2.91523,
    "row3_clear": 4.9999,
    "col3_power": 0.189762,
    "row3_power": 0.0449455,
    "col3_tj": 70.87384,
    "row3_tj": 54.94401,
    "col4_peak": 20.2306,
    "row4_peak": 2.91523,
    "row4_clear": 4.9999,
    "col4_power": 0.278126,
    "row4_power": 0.0449455,
    "col4_tj": 80.59382,
    "row4_tj": 54.94401,
    "col5_peak": 20.1865,
    "row5_peak": 2.91523,
    "row5_clear": 4.9999,
    "col5_power": 0.277351,
    "row5_power": 0.0449455,
    "col5_tj": 80.50857,
    "row5_tj": 54.94401,
    "col6_peak": 18.0952,
    "row6_peak": 3.71374,
    "row6_clear": 4.9999,
    "col6_power": 0.213793,
    "row6_power": 0.0402405,
    "col6_tj": 73.51722,
    "row6_tj": 54.42645,
    "col7_peak": 15.6625,
    "row7_peak": 3.94107,
    "row7_clear": 4.9999,
    "col7_power": 0.151786,
    "row7_power": 0.0408153,
    "col7_tj": 66.69644,
    "row7_tj": 54.48969
  },
  "timeout_meaning": "Runtime limit; no electrical or numerical-convergence conclusion"
}
