{
  "deck": "/home/lolz0r/repros/wpc_power_driver_cost/variants/jlcpcb/output/verification/continuation/matrix/extended-runtime/matrix_trap_0.5us.cir",
  "deck_sha256": "1cef9f4d4dfcb31d6f4a391c3001a53710f336d4528f5dada4202d2862de05e6",
  "elapsed_s": 174.48881486699975,
  "wall_limit_s": 600.0,
  "timed_out": false,
  "worker_returncode": 0,
  "execution_completed": true,
  "errors": [
    "stderr doAnalyses: TRAN:  Timestep too small; time = 0.139133, timestep = 6.25e-19: trouble with node \"row0q\"",
    "stderr run simulation(s) aborted"
  ],
  "measurements": {
    "sim_end": 0.139133,
    "col0_peak": 20.1358,
    "row0_peak": 2.91493,
    "row0_clear": 4.99995,
    "col0_power": 0.18536,
    "row0_power": 0.0449454,
    "col0_tj": 70.38964,
    "row0_tj": 54.94399,
    "col1_peak": 20.1858,
    "row1_peak": 2.91493,
    "row1_clear": 4.99995,
    "col1_power": 0.185155,
    "row1_power": 0.0449454,
    "col1_tj": 70.36708,
    "row1_tj": 54.94399,
    "col2_peak": 20.1845,
    "row2_peak": 2.91493,
    "row2_clear": 4.99995,
    "col2_power": 0.185363,
    "row2_power": 0.0449454,
    "col2_tj": 70.3899,
    "row2_tj": 54.94399,
    "col3_peak": 8.37192,
    "row3_peak": 2.91493,
    "row3_clear": 4.99995,
    "col3_power": 0.189766,
    "row3_power": 0.0449454,
    "col3_tj": 70.87429,
    "row3_tj": 54.94399,
    "col4_peak": 20.2303,
    "row4_peak": 2.91493,
    "row4_clear": 4.99995,
    "col4_power": 0.278123,
    "row4_power": 0.0449454,
    "col4_tj": 80.59356,
    "row4_tj": 54.94399,
    "col5_peak": 20.1834,
    "row5_peak": 2.91493,
    "row5_clear": 4.99995,
    "col5_power": 0.277326,
    "row5_power": 0.0449454,
    "col5_tj": 80.50588,
    "row5_tj": 54.94399,
    "col6_peak": 18.0949,
    "row6_peak": 3.71443,
    "row6_clear": 4.99995,
    "col6_power": 0.213873,
    "row6_power": 0.0403062,
    "col6_tj": 73.52605,
    "row6_tj": 54.43368,
    "col7_peak": 15.6612,
    "row7_peak": 3.94343,
    "row7_clear": 4.99995,
    "col7_power": 0.151796,
    "row7_power": 0.0407835,
    "col7_tj": 66.69756,
    "row7_tj": 54.48619
  },
  "timeout_meaning": "Runtime limit; no electrical or numerical-convergence conclusion"
}
