shared_c20000_f50_line0.9_lamp2.5 {'sim_end': 0.5, 'raw_min': 11.1093, 'raw_max': 13.6108, 'raw_mean': 12.3744, 'buck_input_min': 11.1093, 'buck_input_max': 13.6108, 'secondary_rms': 9.51233, 'capacitor_rms': 7.43918, 'diode_peak': 19.7817, 'inrush_peak': 44.2693}
shared_c20000_f50_line0.9_lamp5 {'sim_end': 0.5, 'raw_min': 12.5826, 'raw_max': 14.2779, 'raw_mean': 13.4166, 'buck_input_min': 12.5826, 'buck_input_max': 14.2779, 'secondary_rms': 6.18324, 'capacitor_rms': 5.10551, 'diode_peak': 14.0355, 'inrush_peak': 43.4518}
shared_c20000_f50_line1_lamp2.5 {'sim_end': 0.5, 'raw_min': 12.5137, 'raw_max': 15.255, 'raw_mean': 13.8981, 'buck_input_min': 12.5137, 'buck_input_max': 15.255, 'secondary_rms': 10.4113, 'capacitor_rms': 8.15456, 'diode_peak': 21.7266, 'inrush_peak': 49.4149}
shared_c20000_f50_line1_lamp5 {'sim_end': 0.5, 'raw_min': 14.1719, 'raw_max': 16.0053, 'raw_mean': 15.0714, 'buck_input_min': 14.1719, 'buck_input_max': 16.0053, 'secondary_rms': 6.67697, 'capacitor_rms': 5.52637, 'diode_peak': 15.2519, 'inrush_peak': 48.4996}
shared_c20000_f50_line1.1_lamp2.5 {'sim_end': 0.5, 'raw_min': 13.9093, 'raw_max': 16.8959, 'raw_mean': 15.416, 'buck_input_min': 13.9093, 'buck_input_max': 16.8959, 'secondary_rms': 11.3314, 'capacitor_rms': 8.88493, 'diode_peak': 23.7058, 'inrush_peak': 54.5613}
shared_c20000_f50_line1.1_lamp5 {'sim_end': 0.5, 'raw_min': 15.7515, 'raw_max': 17.7287, 'raw_mean': 16.7195, 'buck_input_min': 15.7515, 'buck_input_max': 17.7287, 'secondary_rms': 7.19267, 'capacitor_rms': 5.96377, 'diode_peak': 16.5069, 'inrush_peak': 53.548}
shared_c20000_f60_line0.9_lamp2.5 {'sim_end': 0.5, 'raw_min': 11.3069, 'raw_max': 13.5134, 'raw_mean': 12.4077, 'buck_input_min': 11.3069, 'buck_input_max': 13.5134, 'secondary_rms': 9.5443, 'capacitor_rms': 7.47172, 'diode_peak': 19.8709, 'inrush_peak': 47.9852}
shared_c20000_f60_line0.9_lamp5 {'sim_end': 0.5, 'raw_min': 12.7146, 'raw_max': 14.2145, 'raw_mean': 13.437, 'buck_input_min': 12.7146, 'buck_input_max': 14.2145, 'secondary_rms': 6.19441, 'capacitor_rms': 5.11711, 'diode_peak': 14.0702, 'inrush_peak': 47.215}
shared_c20000_f60_line1_lamp2.5 {'sim_end': 0.5, 'raw_min': 12.7296, 'raw_max': 15.1485, 'raw_mean': 13.9344, 'buck_input_min': 12.7296, 'buck_input_max': 15.1485, 'secondary_rms': 10.4472, 'capacitor_rms': 8.19085, 'diode_peak': 21.8258, 'inrush_peak': 53.5721}
shared_c20000_f60_line1_lamp5 {'sim_end': 0.5, 'raw_min': 14.3142, 'raw_max': 15.9371, 'raw_mean': 15.0933, 'buck_input_min': 14.3142, 'buck_input_max': 15.9371, 'secondary_rms': 6.6894, 'capacitor_rms': 5.53915, 'diode_peak': 15.29, 'inrush_peak': 52.7097}
shared_c20000_f60_line1.1_lamp2.5 {'sim_end': 0.5, 'raw_min': 14.1443, 'raw_max': 16.78, 'raw_mean': 15.4556, 'buck_input_min': 14.1443, 'buck_input_max': 16.78, 'secondary_rms': 11.3712, 'capacitor_rms': 8.92495, 'diode_peak': 23.8151, 'inrush_peak': 59.1598}
shared_c20000_f60_line1.1_lamp5 {'sim_end': 0.5, 'raw_min': 15.9045, 'raw_max': 17.6554, 'raw_mean': 16.743, 'buck_input_min': 15.9045, 'buck_input_max': 17.6554, 'secondary_rms': 7.20635, 'capacitor_rms': 5.97773, 'diode_peak': 16.5485, 'inrush_peak': 58.2049}
shared_c30000_f50_line0.9_lamp2.5 {'sim_end': 0.5, 'raw_min': 11.4993, 'raw_max': 13.4185, 'raw_mean': 12.4354, 'buck_input_min': 11.4993, 'buck_input_max': 13.4185, 'secondary_rms': 9.5709, 'capacitor_rms': 7.49874, 'diode_peak': 19.9449, 'inrush_peak': 52.4349}
shared_c30000_f50_line0.9_lamp5 {'sim_end': 0.5, 'raw_min': 12.843, 'raw_max': 14.1544, 'raw_mean': 13.4539, 'buck_input_min': 12.843, 'buck_input_max': 14.1544, 'secondary_rms': 6.20364, 'capacitor_rms': 5.12668, 'diode_peak': 14.0987, 'inrush_peak': 51.7248}
shared_c30000_f50_line1_lamp2.5 {'sim_end': 0.5, 'raw_min': 12.9402, 'raw_max': 15.0447, 'raw_mean': 13.9647, 'buck_input_min': 12.9402, 'buck_input_max': 15.0447, 'secondary_rms': 10.4771, 'capacitor_rms': 8.22097, 'diode_peak': 21.9082, 'inrush_peak': 58.5519}
shared_c30000_f50_line1_lamp5 {'sim_end': 0.5, 'raw_min': 14.4527, 'raw_max': 15.8724, 'raw_mean': 15.1114, 'buck_input_min': 14.4527, 'buck_input_max': 15.8724, 'secondary_rms': 6.69967, 'capacitor_rms': 5.54969, 'diode_peak': 15.3214, 'inrush_peak': 57.7564}
shared_c30000_f50_line1.1_lamp2.5 {'sim_end': 0.5, 'raw_min': 14.3734, 'raw_max': 16.6672, 'raw_mean': 15.4886, 'buck_input_min': 14.3734, 'buck_input_max': 16.6672, 'secondary_rms': 11.4042, 'capacitor_rms': 8.95818, 'diode_peak': 23.906, 'inrush_peak': 64.6698}
shared_c30000_f50_line1.1_lamp5 {'sim_end': 0.5, 'raw_min': 16.0535, 'raw_max': 17.5859, 'raw_mean': 16.7625, 'buck_input_min': 16.0535, 'buck_input_max': 17.5859, 'secondary_rms': 7.21765, 'capacitor_rms': 5.98924, 'diode_peak': 16.5826, 'inrush_peak': 63.7891}
shared_c30000_f60_line0.9_lamp2.5 {'sim_end': 0.5, 'raw_min': 11.6243, 'raw_max': 13.3589, 'raw_mean': 12.4507, 'buck_input_min': 11.6243, 'buck_input_max': 13.3589, 'secondary_rms': 9.58552, 'capacitor_rms': 7.51358, 'diode_peak': 19.9856, 'inrush_peak': 55.929}
shared_c30000_f60_line0.9_lamp5 {'sim_end': 0.5, 'raw_min': 12.9264, 'raw_max': 14.1173, 'raw_mean': 13.4631, 'buck_input_min': 12.9264, 'buck_input_max': 14.1173, 'secondary_rms': 6.20868, 'capacitor_rms': 5.13191, 'diode_peak': 14.1143, 'inrush_peak': 55.2679}
shared_c30000_f60_line1_lamp2.5 {'sim_end': 0.5, 'raw_min': 13.0771, 'raw_max': 14.9795, 'raw_mean': 13.9814, 'buck_input_min': 13.0771, 'buck_input_max': 14.9795, 'secondary_rms': 10.4935, 'capacitor_rms': 8.23751, 'diode_peak': 21.9535, 'inrush_peak': 62.4634}
shared_c30000_f60_line1_lamp5 {'sim_end': 0.5, 'raw_min': 14.5426, 'raw_max': 15.8326, 'raw_mean': 15.1213, 'buck_input_min': 14.5426, 'buck_input_max': 15.8326, 'secondary_rms': 6.70529, 'capacitor_rms': 5.55544, 'diode_peak': 15.3386, 'inrush_peak': 61.7227}
shared_c30000_f60_line1.1_lamp2.5 {'sim_end': 0.5, 'raw_min': 14.5224, 'raw_max': 16.5963, 'raw_mean': 15.5068, 'buck_input_min': 14.5224, 'buck_input_max': 16.5963, 'secondary_rms': 11.4224, 'capacitor_rms': 8.97642, 'diode_peak': 23.9558, 'inrush_peak': 68.9988}
shared_c30000_f60_line1.1_lamp5 {'sim_end': 0.5, 'raw_min': 16.1504, 'raw_max': 17.5433, 'raw_mean': 16.7732, 'buck_input_min': 16.1504, 'buck_input_max': 17.5433, 'secondary_rms': 7.22382, 'capacitor_rms': 5.99553, 'diode_peak': 16.6015, 'inrush_peak': 68.1788}
shared_c40000_f50_line0.9_lamp2.5 {'sim_end': 0.5, 'raw_min': 11.6859, 'raw_max': 13.3308, 'raw_mean': 12.4573, 'buck_input_min': 11.6859, 'buck_input_max': 13.3308, 'secondary_rms': 9.59187, 'capacitor_rms': 7.52001, 'diode_peak': 20.0032, 'inrush_peak': 57.8708}
shared_c40000_f50_line0.9_lamp5 {'sim_end': 0.5, 'raw_min': 12.9675, 'raw_max': 14.1002, 'raw_mean': 13.4671, 'buck_input_min': 12.9675, 'buck_input_max': 14.1002, 'secondary_rms': 6.21087, 'capacitor_rms': 5.13418, 'diode_peak': 14.1211, 'inrush_peak': 57.2374}
shared_c40000_f50_line1_lamp2.5 {'sim_end': 0.5, 'raw_min': 13.1444, 'raw_max': 14.9488, 'raw_mean': 13.9887, 'buck_input_min': 13.1444, 'buck_input_max': 14.9488, 'secondary_rms': 10.5006, 'capacitor_rms': 8.24469, 'diode_peak': 21.9731, 'inrush_peak': 64.6375}
shared_c40000_f50_line1_lamp5 {'sim_end': 0.5, 'raw_min': 14.5869, 'raw_max': 15.8142, 'raw_mean': 15.1256, 'buck_input_min': 14.5869, 'buck_input_max': 15.8142, 'secondary_rms': 6.70772, 'capacitor_rms': 5.55794, 'diode_peak': 15.346, 'inrush_peak': 63.928}
shared_c40000_f50_line1.1_lamp2.5 {'sim_end': 0.5, 'raw_min': 14.5959, 'raw_max': 16.5629, 'raw_mean': 15.5147, 'buck_input_min': 14.5959, 'buck_input_max': 16.5629, 'secondary_rms': 11.4303, 'capacitor_rms': 8.98434, 'diode_peak': 23.9774, 'inrush_peak': 71.4055}
shared_c40000_f50_line1.1_lamp5 {'sim_end': 0.5, 'raw_min': 16.1981, 'raw_max': 17.5235, 'raw_mean': 16.7778, 'buck_input_min': 16.1981, 'buck_input_max': 17.5235, 'secondary_rms': 7.2265, 'capacitor_rms': 5.99826, 'diode_peak': 16.6096, 'inrush_peak': 70.6198}
shared_c40000_f60_line0.9_lamp2.5 {'sim_end': 0.5, 'raw_min': 11.7766, 'raw_max': 13.2916, 'raw_mean': 12.466, 'buck_input_min': 11.7766, 'buck_input_max': 13.2916, 'secondary_rms': 9.60018, 'capacitor_rms': 7.52843, 'diode_peak': 20.0263, 'inrush_peak': 61.0719}
shared_c40000_f60_line0.9_lamp5 {'sim_end': 0.5, 'raw_min': 13.0281, 'raw_max': 14.0765, 'raw_mean': 13.4723, 'buck_input_min': 13.0281, 'buck_input_max': 14.0765, 'secondary_rms': 6.21372, 'capacitor_rms': 5.13713, 'diode_peak': 14.1299, 'inrush_peak': 60.4852}
shared_c40000_f60_line1_lamp2.5 {'sim_end': 0.5, 'raw_min': 13.2438, 'raw_max': 14.9061, 'raw_mean': 13.9982, 'buck_input_min': 13.2438, 'buck_input_max': 14.9061, 'secondary_rms': 10.5099, 'capacitor_rms': 8.25408, 'diode_peak': 21.9988, 'inrush_peak': 68.2224}
shared_c40000_f60_line1_lamp5 {'sim_end': 0.5, 'raw_min': 14.6524, 'raw_max': 15.7888, 'raw_mean': 15.1313, 'buck_input_min': 14.6524, 'buck_input_max': 15.7888, 'secondary_rms': 6.71089, 'capacitor_rms': 5.56119, 'diode_peak': 15.3557, 'inrush_peak': 67.5652}
shared_c40000_f60_line1.1_lamp2.5 {'sim_end': 0.5, 'raw_min': 14.7041, 'raw_max': 16.5165, 'raw_mean': 15.525, 'buck_input_min': 14.7041, 'buck_input_max': 16.5165, 'secondary_rms': 11.4406, 'capacitor_rms': 8.99469, 'diode_peak': 24.0058, 'inrush_peak': 75.3744}
shared_c40000_f60_line1.1_lamp5 {'sim_end': 0.5, 'raw_min': 16.2686, 'raw_max': 17.4963, 'raw_mean': 16.7839, 'buck_input_min': 16.2686, 'buck_input_max': 17.4963, 'secondary_rms': 7.22999, 'capacitor_rms': 6.00181, 'diode_peak': 16.6202, 'inrush_peak': 74.6467}
isolated_c20000_f50_line0.9_lamp2.5 {'sim_end': 0.5, 'raw_min': 10.2467, 'raw_max': 13.8637, 'raw_mean': 12.175, 'buck_input_min': 12.5983, 'buck_input_max': 13.4195, 'secondary_rms': 9.139, 'capacitor_rms': 6.18012, 'diode_peak': 18.1233, 'inrush_peak': 45.9932}
isolated_c20000_f50_line0.9_lamp5 {'sim_end': 0.5, 'raw_min': 12.1295, 'raw_max': 14.3967, 'raw_mean': 13.3217, 'buck_input_min': 13.181, 'buck_input_max': 13.9581, 'secondary_rms': 6.06786, 'capacitor_rms': 3.95671, 'diode_peak': 13.5869, 'inrush_peak': 45.2913}
isolated_c20000_f50_line1_lamp2.5 {'sim_end': 0.5, 'raw_min': 11.4913, 'raw_max': 15.5698, 'raw_mean': 13.6595, 'buck_input_min': 14.3765, 'buck_input_max': 15.1252, 'secondary_rms': 9.98359, 'capacitor_rms': 6.97856, 'diode_peak': 19.7276, 'inrush_peak': 51.3849}
isolated_c20000_f50_line1_lamp5 {'sim_end': 0.5, 'raw_min': 13.606, 'raw_max': 16.1629, 'raw_mean': 14.949, 'buck_input_min': 15.0132, 'buck_input_max': 15.7238, 'secondary_rms': 6.52156, 'capacitor_rms': 4.48987, 'diode_peak': 14.512, 'inrush_peak': 50.601}
isolated_c20000_f50_line1.1_lamp2.5 {'sim_end': 0.5, 'raw_min': 12.7335, 'raw_max': 17.2724, 'raw_mean': 15.1401, 'buck_input_min': 16.138, 'buck_input_max': 16.8273, 'secondary_rms': 10.8584, 'capacitor_rms': 7.76768, 'diode_peak': 21.7291, 'inrush_peak': 56.777}
isolated_c20000_f50_line1.1_lamp5 {'sim_end': 0.5, 'raw_min': 15.0793, 'raw_max': 17.9257, 'raw_mean': 16.5717, 'buck_input_min': 16.8305, 'buck_input_max': 17.4861, 'secondary_rms': 7.00699, 'capacitor_rms': 5.01545, 'diode_peak': 15.4838, 'inrush_peak': 55.9111}
isolated_c20000_f60_line0.9_lamp2.5 {'sim_end': 0.5, 'raw_min': 10.6037, 'raw_max': 13.7333, 'raw_mean': 12.2673, 'buck_input_min': 12.5734, 'buck_input_max': 13.2809, 'secondary_rms': 9.27318, 'capacitor_rms': 6.28525, 'diode_peak': 18.6896, 'inrush_peak': 50.1036}
isolated_c20000_f60_line0.9_lamp5 {'sim_end': 0.5, 'raw_min': 12.3585, 'raw_max': 14.3095, 'raw_mean': 13.3786, 'buck_input_min': 13.1978, 'buck_input_max': 13.8636, 'secondary_rms': 6.12761, 'capacitor_rms': 3.99192, 'diode_peak': 13.8427, 'inrush_peak': 49.453}
isolated_c20000_f60_line1_lamp2.5 {'sim_end': 0.5, 'raw_min': 11.8944, 'raw_max': 15.4235, 'raw_mean': 13.7648, 'buck_input_min': 14.3236, 'buck_input_max': 14.9711, 'secondary_rms': 10.1323, 'capacitor_rms': 7.09717, 'diode_peak': 20.2601, 'inrush_peak': 55.99}
isolated_c20000_f60_line1_lamp5 {'sim_end': 0.5, 'raw_min': 13.8653, 'raw_max': 16.0654, 'raw_mean': 15.0144, 'buck_input_min': 15.0082, 'buck_input_max': 15.6194, 'secondary_rms': 6.58871, 'capacitor_rms': 4.52785, 'diode_peak': 14.8396, 'inrush_peak': 55.2633}
isolated_c20000_f60_line1.1_lamp2.5 {'sim_end': 0.5, 'raw_min': 13.1821, 'raw_max': 17.1098, 'raw_mean': 15.2583, 'buck_input_min': 16.0591, 'buck_input_max': 16.6574, 'secondary_rms': 11.0206, 'capacitor_rms': 7.89977, 'diode_peak': 22.1709, 'inrush_peak': 61.8773}
isolated_c20000_f60_line1.1_lamp5 {'sim_end': 0.5, 'raw_min': 15.3683, 'raw_max': 17.8174, 'raw_mean': 16.6452, 'buck_input_min': 16.8055, 'buck_input_max': 17.3714, 'secondary_rms': 7.08013, 'capacitor_rms': 5.05696, 'diode_peak': 15.8807, 'inrush_peak': 61.0745}
isolated_c30000_f50_line0.9_lamp2.5 {'sim_end': 0.5, 'raw_min': 10.9622, 'raw_max': 13.5891, 'raw_mean': 12.351, 'buck_input_min': 12.5341, 'buck_input_max': 13.1286, 'secondary_rms': 9.40253, 'capacitor_rms': 6.37042, 'diode_peak': 19.2533, 'inrush_peak': 55.0824}
isolated_c30000_f50_line0.9_lamp5 {'sim_end': 0.5, 'raw_min': 12.585, 'raw_max': 14.2179, 'raw_mean': 13.4297, 'buck_input_min': 13.2087, 'buck_input_max': 13.7648, 'secondary_rms': 6.1858, 'capacitor_rms': 4.01716, 'diode_peak': 14.0892, 'inrush_peak': 54.4958}
isolated_c30000_f50_line1_lamp2.5 {'sim_end': 0.5, 'raw_min': 12.2985, 'raw_max': 15.2608, 'raw_mean': 13.86, 'buck_input_min': 14.2543, 'buck_input_max': 14.801, 'secondary_rms': 10.274, 'capacitor_rms': 7.19316, 'diode_peak': 20.9349, 'inrush_peak': 61.5705}
isolated_c30000_f50_line1_lamp5 {'sim_end': 0.5, 'raw_min': 14.1213, 'raw_max': 15.9623, 'raw_mean': 15.0727, 'buck_input_min': 14.9967, 'buck_input_max': 15.5098, 'secondary_rms': 6.65371, 'capacitor_rms': 4.55354, 'diode_peak': 15.1541, 'inrush_peak': 60.9154}
isolated_c30000_f50_line1.1_lamp2.5 {'sim_end': 0.5, 'raw_min': 13.6314, 'raw_max': 16.9283, 'raw_mean': 15.3647, 'buck_input_min': 15.9619, 'buck_input_max': 16.4694, 'secondary_rms': 11.1736, 'capacitor_rms': 8.00697, 'diode_peak': 22.6688, 'inrush_peak': 68.0595}
isolated_c30000_f50_line1.1_lamp5 {'sim_end': 0.5, 'raw_min': 15.6532, 'raw_max': 17.7025, 'raw_mean': 16.7104, 'buck_input_min': 16.7734, 'buck_input_max': 17.2507, 'secondary_rms': 7.15039, 'capacitor_rms': 5.08459, 'diode_peak': 16.2608, 'inrush_peak': 67.3357}
isolated_c30000_f60_line0.9_lamp2.5 {'sim_end': 0.5, 'raw_min': 11.1995, 'raw_max': 13.4869, 'raw_mean': 12.4005, 'buck_input_min': 12.5018, 'buck_input_max': 13.0215, 'secondary_rms': 9.48466, 'capacitor_rms': 6.41215, 'diode_peak': 19.6144, 'inrush_peak': 59.0374}
isolated_c30000_f60_line0.9_lamp5 {'sim_end': 0.5, 'raw_min': 12.7337, 'raw_max': 14.1557, 'raw_mean': 13.4599, 'buck_input_min': 13.2137, 'buck_input_max': 13.6982, 'secondary_rms': 6.22311, 'capacitor_rms': 4.02674, 'diode_peak': 14.2425, 'inrush_peak': 58.5026}
isolated_c30000_f60_line1_lamp2.5 {'sim_end': 0.5, 'raw_min': 12.5657, 'raw_max': 15.1452, 'raw_mean': 13.9161, 'buck_input_min': 14.2012, 'buck_input_max': 14.6812, 'secondary_rms': 10.363, 'capacitor_rms': 7.2404, 'diode_peak': 21.3665, 'inrush_peak': 66.005}
isolated_c30000_f60_line1_lamp5 {'sim_end': 0.5, 'raw_min': 14.289, 'raw_max': 15.8922, 'raw_mean': 15.1069, 'buck_input_min': 14.9869, 'buck_input_max': 15.4358, 'secondary_rms': 6.69526, 'capacitor_rms': 4.56201, 'diode_peak': 15.3494, 'inrush_peak': 65.4076}
isolated_c30000_f60_line1.1_lamp2.5 {'sim_end': 0.5, 'raw_min': 13.9282, 'raw_max': 16.7992, 'raw_mean': 15.4271, 'buck_input_min': 15.8893, 'buck_input_max': 16.3366, 'secondary_rms': 11.2688, 'capacitor_rms': 8.06028, 'diode_peak': 23.1635, 'inrush_peak': 72.9736}
isolated_c30000_f60_line1.1_lamp5 {'sim_end': 0.5, 'raw_min': 15.8395, 'raw_max': 17.6242, 'raw_mean': 16.7484, 'buck_input_min': 16.7498, 'buck_input_max': 17.169, 'secondary_rms': 7.19509, 'capacitor_rms': 5.09343, 'diode_peak': 16.4968, 'inrush_peak': 72.3136}
isolated_c40000_f50_line0.9_lamp2.5 {'sim_end': 0.5, 'raw_min': 11.3172, 'raw_max': 13.4349, 'raw_mean': 12.423, 'buck_input_min': 12.4846, 'buck_input_max': 12.9674, 'secondary_rms': 9.52406, 'capacitor_rms': 6.42748, 'diode_peak': 19.7863, 'inrush_peak': 61.2536}
isolated_c40000_f50_line0.9_lamp5 {'sim_end': 0.5, 'raw_min': 12.8071, 'raw_max': 14.125, 'raw_mean': 13.4737, 'buck_input_min': 13.216, 'buck_input_max': 13.6653, 'secondary_rms': 6.24106, 'capacitor_rms': 4.02895, 'diode_peak': 14.3141, 'inrush_peak': 60.7479}
isolated_c40000_f50_line1_lamp2.5 {'sim_end': 0.5, 'raw_min': 12.6981, 'raw_max': 15.0862, 'raw_mean': 13.9415, 'buck_input_min': 14.1736, 'buck_input_max': 14.6205, 'secondary_rms': 10.4055, 'capacitor_rms': 7.25793, 'diode_peak': 21.572, 'inrush_peak': 68.4902}
isolated_c40000_f50_line1_lamp5 {'sim_end': 0.5, 'raw_min': 14.3717, 'raw_max': 15.8573, 'raw_mean': 15.1224, 'buck_input_min': 14.9819, 'buck_input_max': 15.3993, 'secondary_rms': 6.71525, 'capacitor_rms': 4.56327, 'diode_peak': 15.4406, 'inrush_peak': 67.9254}
isolated_c40000_f50_line1.1_lamp2.5 {'sim_end': 0.5, 'raw_min': 14.075, 'raw_max': 16.7332, 'raw_mean': 15.4552, 'buck_input_min': 15.8519, 'buck_input_max': 16.2692, 'secondary_rms': 11.314, 'capacitor_rms': 8.08039, 'diode_peak': 23.4003, 'inrush_peak': 75.7281}
isolated_c40000_f50_line1.1_lamp5 {'sim_end': 0.5, 'raw_min': 15.9312, 'raw_max': 17.5853, 'raw_mean': 16.7656, 'buck_input_min': 16.7382, 'buck_input_max': 17.1287, 'secondary_rms': 7.21658, 'capacitor_rms': 5.09459, 'diode_peak': 16.6069, 'inrush_peak': 75.1042}
isolated_c40000_f60_line0.9_lamp2.5 {'sim_end': 0.5, 'raw_min': 11.4916, 'raw_max': 13.3571, 'raw_mean': 12.4537, 'buck_input_min': 12.4589, 'buck_input_max': 12.8868, 'secondary_rms': 9.5805, 'capacitor_rms': 6.44276, 'diode_peak': 20.0289, 'inrush_peak': 64.9373}
isolated_c40000_f60_line0.9_lamp5 {'sim_end': 0.5, 'raw_min': 12.9156, 'raw_max': 14.08, 'raw_mean': 13.4925, 'buck_input_min': 13.2197, 'buck_input_max': 13.6175, 'secondary_rms': 6.26675, 'capacitor_rms': 4.02882, 'diode_peak': 14.4133, 'inrush_peak': 64.4801}
isolated_c40000_f60_line1_lamp2.5 {'sim_end': 0.5, 'raw_min': 12.894, 'raw_max': 14.998, 'raw_mean': 13.9759, 'buck_input_min': 14.1324, 'buck_input_max': 14.53, 'secondary_rms': 10.466, 'capacitor_rms': 7.27576, 'diode_peak': 21.8625, 'inrush_peak': 72.6223}
isolated_c40000_f60_line1_lamp5 {'sim_end': 0.5, 'raw_min': 14.4937, 'raw_max': 15.8065, 'raw_mean': 15.1435, 'buck_input_min': 14.9751, 'buck_input_max': 15.3461, 'secondary_rms': 6.74392, 'capacitor_rms': 4.5613, 'diode_peak': 15.567, 'inrush_peak': 72.1114}
isolated_c40000_f60_line1.1_lamp2.5 {'sim_end': 0.5, 'raw_min': 14.2923, 'raw_max': 16.6345, 'raw_mean': 15.4933, 'buck_input_min': 15.7961, 'buck_input_max': 16.1688, 'secondary_rms': 11.3781, 'capacitor_rms': 8.10151, 'diode_peak': 23.7358, 'inrush_peak': 80.3087}
isolated_c40000_f60_line1.1_lamp5 {'sim_end': 0.5, 'raw_min': 16.0665, 'raw_max': 17.5283, 'raw_mean': 16.7887, 'buck_input_min': 16.7217, 'buck_input_max': 17.07, 'secondary_rms': 7.2474, 'capacitor_rms': 5.09216, 'diode_peak': 16.76, 'inrush_peak': 79.7444}
