{
  "deck": "/home/lolz0r/repros/wpc_power_driver_cost/variants/jlcpcb/output/verification/continuation/matrix/matrix_trap_strict_1us.cir",
  "deck_sha256": "5ab88c760dfcc7800c4b4adc62e279089a12f43de29b73f7cc289988740a6ddd",
  "elapsed_s": 2.7241262609895784,
  "wall_limit_s": 120.0,
  "timed_out": false,
  "worker_returncode": 0,
  "execution_completed": true,
  "errors": [
    "stderr doAnalyses: TRAN:  Timestep too small; time = 0.00184449, timestep = 1.25e-18: trouble with node \"vcol1#branch\"",
    "stderr run simulation(s) aborted"
  ],
  "measurements": {
    "sim_end": 0.001844492,
    "col0_peak": 0.012682,
    "row0_peak": 0.282703,
    "row0_clear": 4.99995,
    "col0_power": 0.0,
    "row0_power": 0.0,
    "col0_tj": 50.0,
    "row0_tj": 50.0,
    "col1_peak": 0.012682,
    "row1_peak": 0.282703,
    "row1_clear": 4.99995,
    "col1_power": 0.0,
    "row1_power": 0.0,
    "col1_tj": 50.0,
    "row1_tj": 50.0,
    "col2_peak": 0.012682,
    "row2_peak": 0.282703,
    "row2_clear": 4.99995,
    "col2_power": 0.0,
    "row2_power": 0.0,
    "col2_tj": 50.0,
    "row2_tj": 50.0,
    "col3_peak": 2.26202,
    "row3_peak": 0.282703,
    "row3_clear": 4.99995,
    "col3_power": 0.0,
    "row3_power": 0.0,
    "col3_tj": 50.0,
    "row3_tj": 50.0,
    "col4_peak": 0.012682,
    "row4_peak": 0.282703,
    "row4_clear": 4.99995,
    "col4_power": 0.0,
    "row4_power": 0.0,
    "col4_tj": 50.0,
    "row4_tj": 50.0,
    "col5_peak": 0.012682,
    "row5_peak": 0.282703,
    "row5_clear": 4.99995,
    "col5_power": 0.0,
    "row5_power": 0.0,
    "col5_tj": 50.0,
    "row5_tj": 50.0,
    "col6_peak": 0.012682,
    "row6_peak": 0.282703,
    "row6_clear": 4.99995,
    "col6_power": 0.0,
    "row6_power": 0.0,
    "col6_tj": 50.0,
    "row6_tj": 50.0,
    "col7_peak": 0.012682,
    "row7_peak": 0.282703,
    "row7_clear": 4.99995,
    "col7_power": 0.0,
    "row7_power": 0.0,
    "col7_tj": 50.0,
    "row7_tj": 50.0
  },
  "timeout_meaning": "Runtime limit; no electrical or numerical-convergence conclusion"
}
