stdout Note: No compatibility mode selected!
stdout Circuit: jlc-3 u20 prebiased; engineering averaged controller, not ti vendor model
stdout Doing analysis at TEMP = 27.000000 and TNOM = 27.000000
stdout Using KLU as Direct Linear Solver
stdout Operating point simulation skipped by 'uic',
stdout now using transient initial conditions.
 Reference value :  3.10592e-03
 Reference value :  2.34359e-02
 Reference value :  4.32624e-02
 Reference value :  6.30244e-02
 Reference value :  8.32544e-02
 Reference value :  1.03544e-01
stdout No. of Data Rows : 60175
stdout sim_end = 1.200000000000e-01
stdout output_peak         =  5.01096e+00 at=  3.14743e-02
stdout output_floor        =  3.83143e+00 at=  3.05846e-02
stdout settled_min         =  5.00079e+00 at=  1.20000e-01
stdout settled_max         =  5.00079e+00 at=  1.05000e-01
stdout step_min            =  3.83143e+00 at=  3.05846e-02
stdout step_max            =  5.01096e+00 at=  3.14743e-02
stdout input_min           =  1.05928e+01 at=  1.11832e-01
stdout inductor_average_peak=  8.20281e-01 at=  3.06703e-02
stdout inductor_average_min=  -3.08791e-319 at=  1.94792e-03
stdout shunt_current_peak  =  8.04587e-01 at=  3.06703e-02
stdout shunt_current_min   =  -9.53137e-05 at=  2.00000e-06
stdout secondary_rms       =  6.96094e-02 from=  1.00000e-01 to=  1.20000e-01
