stdout Note: No compatibility mode selected!
stdout Circuit: jlc-3 u20 load_step; engineering averaged controller, not ti vendor model
stdout Doing analysis at TEMP = 27.000000 and TNOM = 27.000000
stdout Using KLU as Direct Linear Solver
stdout Operating point simulation skipped by 'uic',
stdout now using transient initial conditions.
 Reference value :  1.58956e-02
 Reference value :  3.45690e-02
 Reference value :  5.32770e-02
 Reference value :  7.19740e-02
 Reference value :  9.07300e-02
 Reference value :  1.09286e-01
stdout No. of Data Rows : 60202
stdout sim_end = 1.200000000000e-01
stdout output_peak         =  5.13343e+00 at=  5.50330e-02
stdout output_floor        =  0.00000e+00 at=  4.00000e-08
stdout settled_min         =  5.00109e+00 at=  1.20000e-01
stdout settled_max         =  5.00109e+00 at=  1.05000e-01
stdout step_min            =  4.86864e+00 at=  2.50330e-02
stdout step_max            =  5.13343e+00 at=  5.50330e-02
stdout input_min           =  1.05564e+01 at=  1.14166e-01
stdout inductor_average_peak=  3.25830e+00 at=  2.50730e-02
stdout inductor_average_min=  -1.09789e-18 at=  3.21273e-03
stdout shunt_current_peak  =  3.25031e+00 at=  2.50730e-02
stdout shunt_current_min   =  -7.80932e-21 at=  3.21211e-03
stdout secondary_rms       =  1.06177e-01 from=  1.00000e-01 to=  1.20000e-01
