stdout Note: No compatibility mode selected!
stdout Circuit: jlc-3 u20 loss_restart; engineering averaged controller, not ti vendor model
stdout Doing analysis at TEMP = 27.000000 and TNOM = 27.000000
stdout Using KLU as Direct Linear Solver
stdout Operating point simulation skipped by 'uic',
stdout now using transient initial conditions.
 Reference value :  6.91982e-03
 Reference value :  2.68761e-02
 Reference value :  4.69161e-02
 Reference value :  6.71138e-02
 Reference value :  8.70604e-02
 Reference value :  1.06794e-01
stdout No. of Data Rows : 60264
stdout sim_end = 1.200000000000e-01
stdout output_peak         =  5.00086e+00 at=  5.05721e-02
stdout output_floor        =  0.00000e+00 at=  4.00000e-08
stdout settled_min         =  5.00007e+00 at=  1.05002e-01
stdout settled_max         =  5.00021e+00 at=  1.20000e-01
stdout step_min            =  3.89805e-26 at=  6.49998e-02
stdout step_max            =  5.00086e+00 at=  5.05721e-02
stdout input_min           =  1.08721e+01 at=  1.13116e-01
stdout inductor_average_peak=  3.77096e+00 at=  3.13407e-03
stdout inductor_average_min=  -1.13434e-18 at=  2.66303e-03
stdout shunt_current_peak  =  3.75293e+00 at=  3.13407e-03
stdout shunt_current_min   =  -2.98397e-19 at=  2.66211e-03
stdout secondary_rms       =  3.07846e+00 from=  1.00000e-01 to=  1.20000e-01
