stdout Note: No compatibility mode selected!
stdout Circuit: jlc-3 u20 startup; engineering averaged controller, not ti vendor model
stdout Doing analysis at TEMP = 27.000000 and TNOM = 27.000000
stdout Using KLU as Direct Linear Solver
stdout Operating point simulation skipped by 'uic',
stdout now using transient initial conditions.
 Reference value :  2.00000e-08
 Reference value :  1.99296e-02
 Reference value :  4.19916e-02
 Reference value :  6.38636e-02
 Reference value :  8.59816e-02
 Reference value :  1.07288e-01
stdout No. of Data Rows : 60115
stdout sim_end = 1.200000000000e-01
stdout output_peak         =  5.00086e+00 at=  8.90776e-02
stdout output_floor        =  0.00000e+00 at=  4.00000e-08
stdout settled_min         =  5.00086e+00 at=  1.20000e-01
stdout settled_max         =  5.00086e+00 at=  1.19998e-01
stdout step_min            =  5.00075e+00 at=  2.40016e-02
stdout step_max            =  5.00086e+00 at=  6.49996e-02
stdout input_min           =  8.02520e+00 at=  1.12788e-01
stdout inductor_average_peak=  3.77096e+00 at=  3.68382e-03
stdout inductor_average_min=  -1.09789e-18 at=  3.21273e-03
stdout shunt_current_peak  =  3.75293e+00 at=  3.68382e-03
stdout shunt_current_min   =  -2.98512e-19 at=  3.21211e-03
stdout secondary_rms       =  3.48650e+00 from=  1.00000e-01 to=  1.20000e-01
