stdout Note: No compatibility mode selected!
stdout Circuit: jlc-3 u21 loss_restart; engineering averaged controller, not ti vendor model
stdout Doing analysis at TEMP = 27.000000 and TNOM = 27.000000
stdout Using KLU as Direct Linear Solver
stdout Operating point simulation skipped by 'uic',
stdout now using transient initial conditions.
 Reference value :  1.52971e-02
 Reference value :  3.56418e-02
 Reference value :  5.72673e-02
 Reference value :  7.87033e-02
 Reference value :  1.00405e-01
stdout No. of Data Rows : 60292
stdout sim_end = 1.200000000000e-01
stdout output_peak         =  1.23114e+01 at=  9.55332e-02
stdout output_floor        =  0.00000e+00 at=  2.00000e-08
stdout settled_min         =  1.20518e+01 at=  1.20000e-01
stdout settled_max         =  1.21452e+01 at=  1.05001e-01
stdout step_min            =  6.15495e-25 at=  6.49993e-02
stdout step_max            =  1.21220e+01 at=  2.40011e-02
stdout input_min           =  1.11960e+01 at=  1.10407e-01
stdout inductor_average_peak=  7.99201e+00 at=  9.04212e-02
stdout inductor_average_min=  -1.38257e-18 at=  3.59746e-03
stdout shunt_current_peak  =  1.49946e+00 at=  9.54972e-02
stdout shunt_current_min   =  -8.82346e-19 at=  8.68171e-02
stdout secondary_rms       =  9.69403e+00 from=  1.00000e-01 to=  1.20000e-01
