stdout Note: No compatibility mode selected!
stdout Circuit: jlc-3 u21 loss_restart; engineering averaged controller, not ti vendor model
stdout Doing analysis at TEMP = 27.000000 and TNOM = 27.000000
stdout Using KLU as Direct Linear Solver
stdout Operating point simulation skipped by 'uic',
stdout now using transient initial conditions.
 Reference value :  6.19908e-04
 Reference value :  2.27633e-02
 Reference value :  4.35480e-02
 Reference value :  6.22195e-02
 Reference value :  8.36395e-02
 Reference value :  1.04528e-01
stdout No. of Data Rows : 60311
stdout sim_end = 1.200000000000e-01
stdout output_peak         =  1.23119e+01 at=  9.48397e-02
stdout output_floor        =  -7.45798e-14 at=  8.61260e-02
stdout settled_min         =  1.20484e+01 at=  1.20000e-01
stdout settled_max         =  1.21375e+01 at=  1.05002e-01
stdout step_min            =  8.45231e-25 at=  6.49995e-02
stdout step_max            =  1.21162e+01 at=  2.40013e-02
stdout input_min           =  1.40082e+01 at=  1.10436e-01
stdout inductor_average_peak=  7.99201e+00 at=  8.97297e-02
stdout inductor_average_min=  -8.58206e-19 at=  2.89446e-03
stdout shunt_current_peak  =  1.49946e+00 at=  9.48057e-02
stdout shunt_current_min   =  -3.94916e-12 at=  8.61260e-02
stdout secondary_rms       =  1.15556e+01 from=  1.00000e-01 to=  1.20000e-01
