stdout Note: No compatibility mode selected!
stdout Circuit: jlc-3 u21 load_step; engineering averaged controller, not ti vendor model
stdout Doing analysis at TEMP = 27.000000 and TNOM = 27.000000
stdout Using KLU as Direct Linear Solver
stdout Operating point simulation skipped by 'uic',
stdout now using transient initial conditions.
 Reference value :  1.06516e-02
 Reference value :  2.91767e-02
 Reference value :  4.49867e-02
 Reference value :  6.34148e-02
 Reference value :  8.20788e-02
 Reference value :  1.00645e-01
 Reference value :  1.18909e-01
stdout No. of Data Rows : 60221
stdout sim_end = 1.200000000000e-01
stdout output_peak         =  1.22227e+01 at=  8.07356e-03
stdout output_floor        =  0.00000e+00 at=  2.00000e-08
stdout settled_min         =  1.20009e+01 at=  1.20000e-01
stdout settled_max         =  1.20019e+01 at=  1.05001e-01
stdout step_min            =  1.19887e+01 at=  2.50807e-02
stdout step_max            =  1.20647e+01 at=  5.50807e-02
stdout input_min           =  1.17005e+01 at=  1.10519e-01
stdout inductor_average_peak=  7.99201e+00 at=  7.20156e-03
stdout inductor_average_min=  -1.38257e-18 at=  3.59746e-03
stdout shunt_current_peak  =  1.48669e+00 at=  3.68828e-03
stdout shunt_current_min   =  -7.63431e-22 at=  3.59611e-03
stdout secondary_rms       =  8.27225e+00 from=  1.00000e-01 to=  1.20000e-01
