stdout Note: No compatibility mode selected!
stdout Circuit: jlc-3 u21 startup; engineering averaged controller, not ti vendor model
stdout Doing analysis at TEMP = 27.000000 and TNOM = 27.000000
stdout Using KLU as Direct Linear Solver
stdout Operating point simulation skipped by 'uic',
stdout now using transient initial conditions.
 Reference value :  1.80917e-02
 Reference value :  3.75557e-02
 Reference value :  5.66497e-02
 Reference value :  7.60537e-02
 Reference value :  9.54097e-02
 Reference value :  1.15364e-01
stdout No. of Data Rows : 60108
stdout sim_end = 1.200000000000e-01
stdout output_peak         =  1.23107e+01 at=  1.19877e-02
stdout output_floor        =  0.00000e+00 at=  2.00000e-08
stdout settled_min         =  1.20042e+01 at=  1.20000e-01
stdout settled_max         =  1.20044e+01 at=  1.05002e-01
stdout step_min            =  1.20102e+01 at=  6.49997e-02
stdout step_max            =  1.21213e+01 at=  2.40017e-02
stdout input_min           =  1.39122e+01 at=  1.12506e-01
stdout inductor_average_peak=  7.99201e+00 at=  6.87567e-03
stdout inductor_average_min=  -7.96750e-19 at=  3.27227e-03
stdout shunt_current_peak  =  1.49946e+00 at=  1.19517e-02
stdout shunt_current_min   =  -1.84624e-20 at=  3.27211e-03
stdout secondary_rms       =  1.13320e+01 from=  1.00000e-01 to=  1.20000e-01
