stdout Note: No compatibility mode selected!
stdout Circuit: jlc-3 u21 load_step; engineering averaged controller, not ti vendor model
stdout Doing analysis at TEMP = 27.000000 and TNOM = 27.000000
stdout Using KLU as Direct Linear Solver
stdout Operating point simulation skipped by 'uic',
stdout now using transient initial conditions.
 Reference value :  1.82876e-02
 Reference value :  3.78927e-02
 Reference value :  5.74160e-02
 Reference value :  7.73540e-02
 Reference value :  9.62220e-02
 Reference value :  1.15508e-01
stdout No. of Data Rows : 60144
stdout sim_end = 1.200000000000e-01
stdout output_peak         =  1.22355e+01 at=  7.36439e-03
stdout output_floor        =  0.00000e+00 at=  2.00000e-08
stdout settled_min         =  1.20042e+01 at=  1.20000e-01
stdout settled_max         =  1.20051e+01 at=  1.05002e-01
stdout step_min            =  1.19894e+01 at=  2.50807e-02
stdout step_max            =  1.20671e+01 at=  5.50807e-02
stdout input_min           =  1.44621e+01 at=  1.10520e-01
stdout inductor_average_peak=  7.99201e+00 at=  6.49639e-03
stdout inductor_average_min=  -8.58206e-19 at=  2.89446e-03
stdout shunt_current_peak  =  1.48682e+00 at=  2.98464e-03
stdout shunt_current_min   =  -7.63431e-22 at=  2.89410e-03
stdout secondary_rms       =  1.02083e+01 from=  1.00000e-01 to=  1.20000e-01
