stdout Note: No compatibility mode selected!
stdout Circuit: jlc-3 u21 load_step; engineering averaged controller, not ti vendor model
stdout Doing analysis at TEMP = 27.000000 and TNOM = 27.000000
stdout Using KLU as Direct Linear Solver
stdout Operating point simulation skipped by 'uic',
stdout now using transient initial conditions.
 Reference value :  1.18772e-02
 Reference value :  3.10503e-02
 Reference value :  5.07983e-02
 Reference value :  7.04004e-02
 Reference value :  9.10964e-02
 Reference value :  1.11804e-01
stdout No. of Data Rows : 60175
stdout sim_end = 1.200000000000e-01
stdout output_peak         =  1.22348e+01 at=  7.74225e-03
stdout output_floor        =  0.00000e+00 at=  2.00000e-08
stdout settled_min         =  1.20035e+01 at=  1.20000e-01
stdout settled_max         =  1.20044e+01 at=  1.05000e-01
stdout step_min            =  1.19901e+01 at=  2.50803e-02
stdout step_max            =  1.20666e+01 at=  5.50803e-02
stdout input_min           =  1.42445e+01 at=  1.12576e-01
stdout inductor_average_peak=  7.99201e+00 at=  7.53825e-03
stdout inductor_average_min=  -7.96750e-19 at=  3.27227e-03
stdout shunt_current_peak  =  1.48691e+00 at=  3.36225e-03
stdout shunt_current_min   =  -7.63431e-22 at=  3.27211e-03
stdout secondary_rms       =  1.05755e+01 from=  1.00000e-01 to=  1.20000e-01
