stdout Note: No compatibility mode selected!
stdout Circuit: jlc-3 u21 loss_restart; engineering averaged controller, not ti vendor model
stdout Doing analysis at TEMP = 27.000000 and TNOM = 27.000000
stdout Using KLU as Direct Linear Solver
stdout Operating point simulation skipped by 'uic',
stdout now using transient initial conditions.
 Reference value :  1.56028e-02
 Reference value :  3.52537e-02
 Reference value :  5.47239e-02
 Reference value :  7.51419e-02
 Reference value :  9.54538e-02
 Reference value :  1.15550e-01
stdout No. of Data Rows : 60399
stdout sim_end = 1.200000000000e-01
stdout output_peak         =  1.23327e+01 at=  1.01428e-01
stdout output_floor        =  -5.72869e-14 at=  9.27078e-02
stdout settled_min         =  1.20850e+01 at=  1.20000e-01
stdout settled_max         =  1.22451e+01 at=  1.05002e-01
stdout step_min            =  6.57664e-25 at=  6.49999e-02
stdout step_max            =  1.21265e+01 at=  2.40008e-02
stdout input_min           =  1.09903e+01 at=  1.12438e-01
stdout inductor_average_peak=  7.99201e+00 at=  8.84597e-02
stdout inductor_average_min=  -1.24197e-18 at=  4.02132e-03
stdout shunt_current_peak  =  1.49946e+00 at=  1.01384e-01
stdout shunt_current_min   =  -3.40327e-12 at=  9.27078e-02
stdout secondary_rms       =  1.01846e+01 from=  1.00000e-01 to=  1.20000e-01
