stdout Note: No compatibility mode selected!
stdout Circuit: jlc-3 u21 load_step; engineering averaged controller, not ti vendor model
stdout Doing analysis at TEMP = 27.000000 and TNOM = 27.000000
stdout Using KLU as Direct Linear Solver
stdout Operating point simulation skipped by 'uic',
stdout now using transient initial conditions.
 Reference value :  1.49272e-02
 Reference value :  3.46483e-02
 Reference value :  5.40543e-02
 Reference value :  7.37174e-02
 Reference value :  9.33394e-02
 Reference value :  1.12683e-01
stdout No. of Data Rows : 60152
stdout sim_end = 1.200000000000e-01
stdout output_peak         =  1.22273e+01 at=  8.49303e-03
stdout output_floor        =  0.00000e+00 at=  2.00000e-08
stdout settled_min         =  1.20014e+01 at=  1.20000e-01
stdout settled_max         =  1.20023e+01 at=  1.05001e-01
stdout step_min            =  1.19907e+01 at=  2.50803e-02
stdout step_max            =  1.20656e+01 at=  5.50803e-02
stdout input_min           =  1.15245e+01 at=  1.12577e-01
stdout inductor_average_peak=  7.99201e+00 at=  7.62503e-03
stdout inductor_average_min=  -1.24197e-18 at=  4.02132e-03
stdout shunt_current_peak  =  1.48666e+00 at=  4.11197e-03
stdout shunt_current_min   =  -7.63431e-22 at=  4.02011e-03
stdout secondary_rms       =  8.57288e+00 from=  1.00000e-01 to=  1.20000e-01
