stdout Note: No compatibility mode selected!
stdout Circuit: jlc-3 u21 prebiased; engineering averaged controller, not ti vendor model
stdout Doing analysis at TEMP = 27.000000 and TNOM = 27.000000
stdout Using KLU as Direct Linear Solver
stdout Operating point simulation skipped by 'uic',
stdout now using transient initial conditions.
 Reference value :  5.14792e-03
 Reference value :  2.47919e-02
 Reference value :  4.34859e-02
 Reference value :  6.24519e-02
 Reference value :  8.20559e-02
 Reference value :  1.01756e-01
stdout No. of Data Rows : 60149
stdout sim_end = 1.200000000000e-01
stdout output_peak         =  1.20573e+01 at=  3.16521e-02
stdout output_floor        =  1.08024e+01 at=  3.11392e-02
stdout settled_min         =  1.20021e+01 at=  1.20000e-01
stdout settled_max         =  1.20022e+01 at=  1.05002e-01
stdout step_min            =  1.08024e+01 at=  3.11392e-02
stdout step_max            =  1.20573e+01 at=  3.16521e-02
stdout input_min           =  1.44621e+01 at=  1.10520e-01
stdout inductor_average_peak=  4.22437e+00 at=  3.15081e-02
stdout inductor_average_min=  -3.08791e-319 at=  1.94792e-03
stdout shunt_current_peak  =  1.48693e+00 at=  3.12241e-02
stdout shunt_current_min   =  2.93530e-04 at=  2.00000e-06
stdout secondary_rms       =  1.02083e+01 from=  1.00000e-01 to=  1.20000e-01
