stdout Note: No compatibility mode selected!
stdout Circuit: jlc-3 u21 startup; engineering averaged controller, not ti vendor model
stdout Doing analysis at TEMP = 27.000000 and TNOM = 27.000000
stdout Using KLU as Direct Linear Solver
stdout Operating point simulation skipped by 'uic',
stdout now using transient initial conditions.
 Reference value :  1.53251e-02
 Reference value :  3.51611e-02
 Reference value :  5.46091e-02
 Reference value :  7.41331e-02
 Reference value :  9.41791e-02
 Reference value :  1.14001e-01
stdout No. of Data Rows : 60135
stdout sim_end = 1.200000000000e-01
stdout output_peak         =  1.23084e+01 at=  1.23111e-02
stdout output_floor        =  0.00000e+00 at=  2.00000e-08
stdout settled_min         =  1.19987e+01 at=  1.18773e-01
stdout settled_max         =  1.20023e+01 at=  1.11199e-01
stdout step_min            =  1.20073e+01 at=  6.04491e-02
stdout step_max            =  1.21220e+01 at=  2.40011e-02
stdout input_min           =  1.13089e+01 at=  1.18765e-01
stdout inductor_average_peak=  7.99201e+00 at=  1.19571e-02
stdout inductor_average_min=  -1.38257e-18 at=  3.59746e-03
stdout shunt_current_peak  =  1.49946e+00 at=  1.22751e-02
stdout shunt_current_min   =  -1.84760e-20 at=  3.59611e-03
stdout secondary_rms       =  9.21724e+00 from=  1.00000e-01 to=  1.20000e-01
