stdout Note: No compatibility mode selected!
stdout Circuit: jlc-3 u21 startup; engineering averaged controller, not ti vendor model
stdout Doing analysis at TEMP = 27.000000 and TNOM = 27.000000
stdout Using KLU as Direct Linear Solver
stdout Operating point simulation skipped by 'uic',
stdout now using transient initial conditions.
 Reference value :  2.00000e-08
 Reference value :  2.13028e-02
 Reference value :  4.17388e-02
 Reference value :  6.24988e-02
 Reference value :  8.28788e-02
 Reference value :  9.94268e-02
 Reference value :  1.18811e-01
stdout No. of Data Rows : 60066
stdout sim_end = 1.200000000000e-01
stdout output_peak         =  1.22941e+01 at=  1.27328e-02
stdout output_floor        =  0.00000e+00 at=  2.00000e-08
stdout settled_min         =  1.19984e+01 at=  1.12477e-01
stdout settled_max         =  1.20028e+01 at=  1.13533e-01
stdout step_min            =  1.20059e+01 at=  6.24868e-02
stdout step_max            =  1.21265e+01 at=  2.40008e-02
stdout input_min           =  1.11115e+01 at=  1.12469e-01
stdout inductor_average_peak=  7.99201e+00 at=  1.23808e-02
stdout inductor_average_min=  -1.24197e-18 at=  4.02132e-03
stdout shunt_current_peak  =  1.49946e+00 at=  1.26848e-02
stdout shunt_current_min   =  -1.84624e-20 at=  4.02011e-03
stdout secondary_rms       =  9.51384e+00 from=  1.00000e-01 to=  1.20000e-01
