stdout Note: No compatibility mode selected!
stdout Circuit: rom gi 3, ac relative phase 180; 18 #44 envelope
stdout Doing analysis at TEMP = 27.000000 and TNOM = 27.000000
stdout Using SPARSE 1.3 as Direct Linear Solver
stdout Initial Transient Solution
stdout --------------------------
stdout Node                                   Voltage
stdout ----                                   -------
stdout vcc                                          5
stdout ac0                                1.35936e-15
stdout ac                                 1.35936e-15
stdout acf                                1.35936e-15
stdout mt2                                1.35936e-15
stdout xs.th                                        0
stdout mt2i                               1.35936e-15
stdout on                                           0
stdout onr                                          0
stdout latch                                      4.5
stdout a                                      4.45186
stdout b                                      3.88619
stdout e                                      3.10346
stdout eg                                     3.10346
stdout g                                      1.24236
stdout bon#branch                                   0
stdout vmt#branch                                   0
stdout vg#branch                            0.0689299
stdout vl#branch                          -0.00120355
stdout vf106#branch                                 0
stdout vac#branch                         1.57772e-30
stdout vcc#branch                           -0.068115
 Reference value :  0.00000e+00
 Reference value :  2.36544e-02
 Reference value :  4.83564e-02
 Reference value :  7.13744e-02
 Reference value :  9.36664e-02
 Reference value :  1.16212e-01
 Reference value :  1.38494e-01
 Reference value :  1.61186e-01
 Reference value :  1.83652e-01
 Reference value :  2.06015e-01
 Reference value :  2.28345e-01
 Reference value :  2.50645e-01
 Reference value :  2.72854e-01
 Reference value :  2.95178e-01
 Reference value :  3.17510e-01
 Reference value :  3.41594e-01
 Reference value :  3.68960e-01
 Reference value :  3.96150e-01
 Reference value :  4.23854e-01
 Reference value :  4.51509e-01
 Reference value :  4.80557e-01
 Reference value :  5.12315e-01
stdout No. of Data Rows : 261097
stdout sim_end = 5.200000e-01
stdout peak_current        =  2.30288e+01 at=  2.81106e-03
stdout rms_current         =  4.55229e+00 from=  1.00000e-01 to=  5.00000e-01
stdout avg_power           =  4.43913e+00 from=  1.00000e-01 to=  5.00000e-01
stdout inrush_i2t          =  3.23839e+00 from=  0.00000e+00 to=  3.00000e-02
stdout tj = 1.115929e+02
