stdout Note: No compatibility mode selected!
stdout Circuit: four maximum sttng #906 flashers, hot-lamp switch-off, n1_l1u_clamp0
stdout Doing analysis at TEMP = 27.000000 and TNOM = 27.000000
stdout Using SPARSE 1.3 as Direct Linear Solver
stdout Initial Transient Solution
stdout --------------------------
stdout Node                                   Voltage
stdout ----                                   -------
stdout rail                                        30
stdout lp                                          30
stdout drain                                       30
stdout cmd                                          0
stdout a                                            0
stdout gate                                         0
stdout dq                                          30
stdout lwire#branch                       1.06047e-09
stdout vs#branch                          1.06047e-09
stdout vcmd#branch                                  0
stdout vrail#branch                      -1.06047e-09
stdout No. of Data Rows : 20092
stdout sim_end = 2.000000e-03
stdout vds_peak            =  3.06739e+01 at=  1.10200e-03
stdout vgs_peak            =  4.43787e+00 at=  1.10002e-03
stdout load_peak           =  1.66580e+00 at=  1.01455e-04
stdout e_turnoff           =  1.06448e-05 from=  1.09900e-03 to=  1.20000e-03
