stdout Note: No compatibility mode selected!
stdout Circuit: four maximum sttng #906 flashers, hot-lamp switch-off, n4_l10u_clamp0
stdout Doing analysis at TEMP = 27.000000 and TNOM = 27.000000
stdout Using SPARSE 1.3 as Direct Linear Solver
stdout Initial Transient Solution
stdout --------------------------
stdout Node                                   Voltage
stdout ----                                   -------
stdout rail                                        30
stdout lp                                          30
stdout drain                                       30
stdout cmd                                          0
stdout a                                            0
stdout gate                                         0
stdout dq                                          30
stdout lwire#branch                       1.06047e-09
stdout vs#branch                          1.06047e-09
stdout vcmd#branch                                  0
stdout vrail#branch                      -1.06047e-09
stdout No. of Data Rows : 20530
stdout sim_end = 2.000000e-03
stdout vds_peak            =  7.15194e+01 at=  1.10307e-03
stdout vgs_peak            =  4.43788e+00 at=  1.12373e-04
stdout load_peak           =  6.64828e+00 at=  1.10002e-03
stdout e_turnoff           =  2.88705e-04 from=  1.09900e-03 to=  1.20000e-03
