stdout Note: No compatibility mode selected!
stdout Circuit: bridge loss sensitivity: br1 stps20m100st to220 with individual boyd 577202b00000g sinks. other low-voltage bridges stps20m100sg d2pak. 50 c ambient. electrical winding/load assumptions remain to be measured. d2pak lumped temperatures are screening estimates; geometry thermal_mesh.py is the separate layout assessment.
stdout Doing analysis at TEMP = 27.000000 and TNOM = 27.000000
stdout Using KLU as Direct Linear Solver
stdout Operating point simulation skipped by 'uic',
stdout now using transient initial conditions.
 Reference value :  6.06655e-04
 Reference value :  3.31266e-03
 Reference value :  6.17066e-03
 Reference value :  9.04566e-03
 Reference value :  1.17867e-02
 Reference value :  1.46007e-02
 Reference value :  1.74407e-02
 Reference value :  2.02177e-02
 Reference value :  2.28877e-02
 Reference value :  2.55237e-02
 Reference value :  2.81857e-02
 Reference value :  3.08897e-02
 Reference value :  3.36567e-02
 Reference value :  3.62627e-02
 Reference value :  3.88627e-02
 Reference value :  4.15647e-02
 Reference value :  4.43607e-02
 Reference value :  4.71447e-02
 Reference value :  4.99337e-02
stdout No. of Data Rows : 50017
stdout sim_end = 5.000000e-02
stdout peak_5a             =  1.18032e+02 at=  1.00000e-08
stdout i2t_5a              =  8.72282e+00 from=  1.00000e-08 to=  5.00000e-02
stdout peak_20a            =  2.17967e+02 at=  1.00000e-08
stdout i2t_20a             =  2.68578e+01 from=  1.00000e-08 to=  5.00000e-02
stdout peak_12b            =  3.59998e+01 at=  1.00000e-08
stdout i2t_12b             =  3.02300e+00 from=  1.00000e-08 to=  5.00000e-02
stdout legpeak_5a_a        =  7.35303e+01 at=  1.08400e-08
stdout legi2t_5a_a         =  3.21908e+00 from=  1.00000e-08 to=  5.00000e-02
stdout legpeak_5a_b        =  4.44933e+01 at=  1.08400e-08
stdout legi2t_5a_b         =  1.01299e+00 from=  1.00000e-08 to=  5.00000e-02
stdout legpeak_20a_a       =  1.33555e+02 at=  1.08400e-08
stdout legi2t_20a_a        =  9.88944e+00 from=  1.00000e-08 to=  5.00000e-02
stdout legpeak_20a_b       =  8.44005e+01 at=  1.08400e-08
stdout legi2t_20a_b        =  3.68512e+00 from=  1.00000e-08 to=  5.00000e-02
stdout legpeak_12b_a       =  2.40237e+01 at=  1.08400e-08
stdout legi2t_12b_a        =  1.01015e+00 from=  1.00000e-08 to=  5.00000e-02
stdout legpeak_12b_b       =  1.19761e+01 at=  1.08400e-08
stdout legi2t_12b_b        =  1.91088e-01 from=  1.00000e-08 to=  5.00000e-02
