stdout Note: No compatibility mode selected!
stdout Circuit: bridge loss sensitivity: br1 stps20m100st to220 with individual boyd 577202b00000g sinks. other low-voltage bridges stps20m100sg d2pak. 50 c ambient. electrical winding/load assumptions remain to be measured. d2pak lumped temperatures are screening estimates; geometry thermal_mesh.py is the separate layout assessment.
stdout Doing analysis at TEMP = 27.000000 and TNOM = 27.000000
stdout Using KLU as Direct Linear Solver
stdout Operating point simulation skipped by 'uic',
stdout now using transient initial conditions.
 Reference value :  4.63713e-04
 Reference value :  2.07471e-03
 Reference value :  3.63671e-03
 Reference value :  5.27671e-03
 Reference value :  6.86871e-03
 Reference value :  8.47771e-03
 Reference value :  1.00747e-02
 Reference value :  1.16337e-02
 Reference value :  1.31297e-02
 Reference value :  1.46497e-02
 Reference value :  1.61387e-02
 Reference value :  1.76227e-02
 Reference value :  1.91837e-02
 Reference value :  2.07607e-02
 Reference value :  2.23247e-02
 Reference value :  2.41257e-02
 Reference value :  2.56097e-02
 Reference value :  2.71087e-02
 Reference value :  2.86577e-02
 Reference value :  3.01237e-02
 Reference value :  3.15917e-02
 Reference value :  3.30907e-02
 Reference value :  3.45527e-02
 Reference value :  3.60187e-02
 Reference value :  3.75107e-02
 Reference value :  3.90017e-02
 Reference value :  4.04967e-02
 Reference value :  4.19997e-02
 Reference value :  4.34897e-02
 Reference value :  4.49817e-02
 Reference value :  4.64947e-02
 Reference value :  4.79737e-02
 Reference value :  4.94557e-02
stdout No. of Data Rows : 50012
stdout sim_end = 5.000000e-02
stdout peak_5a             =  3.96781e+01 at=  2.22671e-03
stdout i2t_5a              =  4.87692e+00 from=  1.00000e-08 to=  5.00000e-02
stdout peak_20a            =  7.21386e+01 at=  2.17471e-03
stdout i2t_20a             =  1.41504e+01 from=  1.00000e-08 to=  5.00000e-02
stdout peak_12b            =  2.50306e+01 at=  3.34871e-03
stdout i2t_12b             =  2.79078e+00 from=  1.00000e-08 to=  5.00000e-02
stdout legpeak_5a_a        =  2.62667e+01 at=  2.22671e-03
stdout legi2t_5a_a         =  2.07940e+00 from=  1.00000e-08 to=  5.00000e-02
stdout legpeak_5a_b        =  1.34113e+01 at=  2.22671e-03
stdout legi2t_5a_b         =  4.71561e-01 from=  1.00000e-08 to=  5.00000e-02
stdout legpeak_20a_a       =  4.59124e+01 at=  2.17471e-03
stdout legi2t_20a_a        =  5.81656e+00 from=  1.00000e-08 to=  5.00000e-02
stdout legpeak_20a_b       =  2.62262e+01 at=  2.17471e-03
stdout legi2t_20a_b        =  1.76998e+00 from=  1.00000e-08 to=  5.00000e-02
stdout legpeak_12b_a       =  1.72822e+01 at=  3.34871e-03
stdout legi2t_12b_a        =  1.16777e+00 from=  1.00000e-08 to=  5.00000e-02
stdout legpeak_12b_b       =  7.74845e+00 at=  3.34871e-03
stdout legi2t_12b_b        =  1.93120e-01 from=  1.00000e-08 to=  5.00000e-02
