stdout Note: No compatibility mode selected!
stdout Circuit: bridge loss sensitivity: br1 stps20m100st to220 with individual boyd 577202b00000g sinks. other low-voltage bridges stps20m100sg d2pak. 50 c ambient. electrical winding/load assumptions remain to be measured. d2pak lumped temperatures are screening estimates; geometry thermal_mesh.py is the separate layout assessment.
stdout Doing analysis at TEMP = 27.000000 and TNOM = 27.000000
stdout Using KLU as Direct Linear Solver
stdout Operating point simulation skipped by 'uic',
stdout now using transient initial conditions.
 Reference value :  7.32655e-04
 Reference value :  3.39666e-03
 Reference value :  6.13266e-03
 Reference value :  8.95866e-03
 Reference value :  1.17617e-02
 Reference value :  1.45637e-02
 Reference value :  1.72877e-02
 Reference value :  1.99257e-02
 Reference value :  2.27147e-02
 Reference value :  2.54547e-02
 Reference value :  2.82477e-02
 Reference value :  3.10427e-02
 Reference value :  3.38067e-02
 Reference value :  3.65747e-02
 Reference value :  3.94907e-02
 Reference value :  4.23947e-02
 Reference value :  4.52127e-02
 Reference value :  4.81037e-02
stdout No. of Data Rows : 50017
stdout sim_end = 5.000000e-02
stdout peak_5a             =  1.18032e+02 at=  1.00000e-08
stdout i2t_5a              =  8.61783e+00 from=  1.00000e-08 to=  5.00000e-02
stdout peak_20a            =  2.17967e+02 at=  1.00000e-08
stdout i2t_20a             =  2.64344e+01 from=  1.00000e-08 to=  5.00000e-02
stdout peak_12b            =  3.59998e+01 at=  1.00000e-08
stdout i2t_12b             =  3.00073e+00 from=  1.00000e-08 to=  5.00000e-02
stdout legpeak_5a_a        =  7.35303e+01 at=  1.08400e-08
stdout legi2t_5a_a         =  3.12713e+00 from=  1.00000e-08 to=  5.00000e-02
stdout legpeak_5a_b        =  4.44933e+01 at=  1.08400e-08
stdout legi2t_5a_b         =  9.81252e-01 from=  1.00000e-08 to=  5.00000e-02
stdout legpeak_20a_a       =  1.33555e+02 at=  1.08400e-08
stdout legi2t_20a_a        =  9.54759e+00 from=  1.00000e-08 to=  5.00000e-02
stdout legpeak_20a_b       =  8.44005e+01 at=  1.08400e-08
stdout legi2t_20a_b        =  3.56337e+00 from=  1.00000e-08 to=  5.00000e-02
stdout legpeak_12b_a       =  2.40237e+01 at=  1.08400e-08
stdout legi2t_12b_a        =  9.56153e-01 from=  1.00000e-08 to=  5.00000e-02
stdout legpeak_12b_b       =  1.19761e+01 at=  1.08400e-08
stdout legi2t_12b_b        =  1.77353e-01 from=  1.00000e-08 to=  5.00000e-02
