stdout Note: No compatibility mode selected!
stdout Circuit: bridge loss sensitivity: br1 stps20m100st to220 with individual boyd 577202b00000g sinks. other low-voltage bridges stps20m100sg d2pak. 50 c ambient. electrical winding/load assumptions remain to be measured. d2pak lumped temperatures are screening estimates; geometry thermal_mesh.py is the separate layout assessment.
stdout Doing analysis at TEMP = 27.000000 and TNOM = 27.000000
stdout Using KLU as Direct Linear Solver
stdout Operating point simulation skipped by 'uic',
stdout now using transient initial conditions.
 Reference value :  7.01655e-04
 Reference value :  3.54866e-03
 Reference value :  6.49866e-03
 Reference value :  9.36266e-03
 Reference value :  1.22607e-02
 Reference value :  1.44207e-02
 Reference value :  1.60867e-02
 Reference value :  1.77547e-02
 Reference value :  1.94267e-02
 Reference value :  2.10847e-02
 Reference value :  2.27107e-02
 Reference value :  2.43517e-02
 Reference value :  2.59037e-02
 Reference value :  2.74167e-02
 Reference value :  2.90077e-02
 Reference value :  3.05177e-02
 Reference value :  3.20487e-02
 Reference value :  3.36687e-02
 Reference value :  3.52957e-02
 Reference value :  3.69217e-02
 Reference value :  3.85617e-02
 Reference value :  4.01937e-02
 Reference value :  4.18197e-02
 Reference value :  4.34407e-02
 Reference value :  4.49917e-02
 Reference value :  4.65207e-02
 Reference value :  4.80677e-02
 Reference value :  4.95887e-02
stdout No. of Data Rows : 50017
stdout sim_end = 5.000000e-02
stdout peak_5a             =  2.18101e+02 at=  1.00000e-08
stdout i2t_5a              =  1.59080e+01 from=  1.00000e-08 to=  5.00000e-02
stdout peak_20a            =  4.03255e+02 at=  1.00000e-08
stdout i2t_20a             =  5.12539e+01 from=  1.00000e-08 to=  5.00000e-02
stdout peak_12b            =  7.06539e+01 at=  1.00000e-08
stdout i2t_12b             =  6.13011e+00 from=  1.00000e-08 to=  5.00000e-02
stdout legpeak_5a_a        =  1.33633e+02 at=  1.08392e-08
stdout legi2t_5a_a         =  5.90326e+00 from=  1.00000e-08 to=  5.00000e-02
stdout legpeak_5a_b        =  8.44522e+01 at=  1.08392e-08
stdout legi2t_5a_b         =  2.13773e+00 from=  1.00000e-08 to=  5.00000e-02
stdout legpeak_20a_a       =  2.44752e+02 at=  1.08392e-08
stdout legi2t_20a_a        =  1.88386e+01 from=  1.00000e-08 to=  5.00000e-02
stdout legpeak_20a_b       =  1.58471e+02 at=  1.08392e-08
stdout legi2t_20a_b        =  7.56652e+00 from=  1.00000e-08 to=  5.00000e-02
stdout legpeak_12b_a       =  4.50158e+01 at=  1.08392e-08
stdout legi2t_12b_a        =  2.08803e+00 from=  1.00000e-08 to=  5.00000e-02
stdout legpeak_12b_b       =  2.56361e+01 at=  1.08392e-08
stdout legi2t_12b_b        =  5.73986e-01 from=  1.00000e-08 to=  5.00000e-02
