stdout Note: No compatibility mode selected!
stdout Circuit: rom raw-write replay channel 2; bus.csv
stdout Doing analysis at TEMP = 27.000000 and TNOM = 27.000000
stdout Using KLU as Direct Linear Solver
stdout Initial Transient Solution
stdout --------------------------
stdout Node                                   Voltage
stdout ----                                   -------
stdout rail                                        86
stdout cmd                                          0
stdout gateinput                                    0
stdout gate                                         0
stdout drain                                       86
stdout drainq                                      86
stdout coil                                        86
stdout diode                                       86
stdout lcoil#branch                      -1.17158e-09
stdout vdiode#branch                     -2.88952e-13
stdout vsense#branch                      1.17187e-09
stdout vcmd#branch                                  0
stdout vrail#branch                      -1.17159e-09
 Reference value :  3.45560e-02
stdout No. of Data Rows : 20440
stderr doAnalyses: TRAN:  Timestep too small; time = 0.203263, timestep = 3.03416e-17: trouble with node "gateinput"
stderr run simulation(s) aborted
stdout sim_end = 2.032629863472e-01
stdout vds_peak            =  8.74162e+01 at=  2.03262e-01
stdout vgs_peak            =  4.45458e+00 at=  2.00005e-01
stdout p_avg               =  2.99379e+00 from=  2.00000e-01 to=  2.03263e-01
stdout id_avg              =  3.87779e-02 from=  2.00000e-01 to=  2.03263e-01
stdout id_terminal_avg     =  4.74412e-02 from=  2.00000e-01 to=  2.03263e-01
stdout i_peak              =  1.45284e+01 at=  2.03251e-01
stdout coil_peak           =  1.45286e+01 at=  2.03251e-01
stdout tj_repeating = 2.356148560000e+02
