stdout Note: No compatibility mode selected!
stdout Circuit: rom raw-write replay channel 15; bus.csv
stdout Doing analysis at TEMP = 27.000000 and TNOM = 27.000000
stdout Using KLU as Direct Linear Solver
stdout Initial Transient Solution
stdout --------------------------
stdout Node                                   Voltage
stdout ----                                   -------
stdout rail                                        86
stdout cmd                                          0
stdout gateinput                                    0
stdout gate                                         0
stdout drain                                       86
stdout drainq                                      86
stdout coil                                        86
stdout diode                                       86
stdout lcoil#branch                      -1.17193e-09
stdout vdiode#branch                      6.05726e-14
stdout vsense#branch                      1.17187e-09
stdout vcmd#branch                                  0
stdout vrail#branch                      -1.17194e-09
 Reference value :  1.88736e-01
stdout No. of Data Rows : 40954
stderr doAnalyses: TRAN:  Timestep too small; time = 0.407424, timestep = 1.25e-17: trouble with node "gateinput"
stderr run simulation(s) aborted
stdout sim_end = 4.074244975284e-01
stdout vds_peak            =  8.72605e+01 at=  4.06493e-01
stdout vgs_peak            =  4.45076e+00 at=  2.00079e-01
stdout p_avg               =  2.74402e+00 from=  2.00000e-01 to=  4.07424e-01
stdout id_avg              =  3.82840e-02 from=  2.00000e-01 to=  4.07424e-01
stdout id_terminal_avg     =  3.83504e-02 from=  2.00000e-01 to=  4.07424e-01
stdout i_peak              =  9.36406e+03 at=  4.07424e-01
stdout coil_peak           =  9.92090e+00 at=  4.06480e-01
stdout tj_repeating = 2.201292400000e+02
